[WARNING STA-0502] report_checks -endpoint_count is deprecated. Use -endpoint_path_count instead.
Startpoint: rst (input port clocked by core_clk)
Endpoint: _359671_ (rising edge-triggered flip-flop clocked by core_clk)
Path Group: in2reg
Path Type: max

  Delay    Time   Description
---------------------------------------------------------
   0.00    0.00   clock core_clk (rise edge)
   0.00    0.00   clock network delay (propagated)
2400.00 2400.00 ^ input external delay
   0.00 2400.00 ^ rst (in)
  22.34 2422.34 ^ input102/Y (BUFx8_ASAP7_75t_R)
  22.94 2445.28 ^ wire5052/Y (BUFx16f_ASAP7_75t_R)
  91.69 2536.97 v _178843_/Y (INVx3_ASAP7_75t_R)
  38.09 2575.06 v load_slew5038/Y (BUFx16f_ASAP7_75t_R)
  71.87 2646.93 v _178985_/Y (AND2x6_ASAP7_75t_R)
  22.40 2669.33 v wire3269/Y (BUFx16f_ASAP7_75t_R)
  97.14 2766.47 v load_slew3267/Y (BUFx16f_ASAP7_75t_R)
  39.34 2805.81 v load_slew3266/Y (BUFx16f_ASAP7_75t_R)
  63.82 2869.62 v wire3264/Y (BUFx16f_ASAP7_75t_R)
 135.19 3004.82 v load_slew3262/Y (BUFx16f_ASAP7_75t_R)
  44.95 3049.77 v load_slew3261/Y (BUFx16f_ASAP7_75t_R)
 139.39 3189.16 v _179757_/Y (AND2x6_ASAP7_75t_R)
  43.74 3232.89 v load_slew2323/Y (BUFx16f_ASAP7_75t_R)
  39.77 3272.66 v load_slew2322/Y (BUFx16f_ASAP7_75t_R)
  61.10 3333.76 v load_slew2302/Y (BUFx16f_ASAP7_75t_R)
  60.63 3394.39 v load_slew2297/Y (BUFx16f_ASAP7_75t_R)
 107.64 3502.03 v load_slew2275/Y (BUFx16f_ASAP7_75t_R)
 116.53 3618.56 v load_slew2274/Y (BUFx16f_ASAP7_75t_R)
 182.18 3800.75 v _264182_/Y (AND3x4_ASAP7_75t_R)
  43.27 3844.02 v load_slew2166/Y (BUFx16f_ASAP7_75t_R)
  66.93 3910.95 v wire2165/Y (BUFx16f_ASAP7_75t_R)
  56.60 3967.55 v load_slew2164/Y (BUFx16f_ASAP7_75t_R)
  54.58 4022.12 v load_slew2163/Y (BUFx16f_ASAP7_75t_R)
  82.90 4105.02 ^ _264290_/Y (NOR2x1_ASAP7_75t_R)
  16.00 4121.02 ^ _264291_/Y (AO21x1_ASAP7_75t_R)
   0.08 4121.10 ^ _359671_/D (DFFHQNx1_ASAP7_75t_R)
        4121.10   data arrival time

12000.00 12000.00   clock core_clk (rise edge)
   0.00 12000.00   clock source latency
   0.00 12000.00 ^ clk (in)
  51.80 12051.80 ^ wire5520/Y (BUFx12_ASAP7_75t_R)
  51.41 12103.20 ^ clkbuf_0_clk/Y (BUFx24_ASAP7_75t_R)
  27.50 12130.70 ^ clkbuf_1_0_0_clk/Y (BUFx24_ASAP7_75t_R)
  31.43 12162.13 ^ clkbuf_2_0_0_clk/Y (BUFx24_ASAP7_75t_R)
  30.01 12192.14 ^ clkbuf_3_0_0_clk/Y (BUFx24_ASAP7_75t_R)
  30.16 12222.30 ^ clkbuf_4_1_0_clk/Y (BUFx24_ASAP7_75t_R)
  25.10 12247.40 ^ clkbuf_6_6_0_clk/Y (BUFx24_ASAP7_75t_R)
  22.01 12269.40 ^ clkbuf_7_13__f_clk/Y (BUFx24_ASAP7_75t_R)
  30.30 12299.70 ^ clkbuf_leaf_48_clk/Y (BUFx24_ASAP7_75t_R)
   2.08 12301.78 ^ _359671_/CLK (DFFHQNx1_ASAP7_75t_R)
 -50.00 12251.78   clock uncertainty
   0.00 12251.78   clock reconvergence pessimism
  -6.46 12245.33   library setup time
        12245.33   data required time
---------------------------------------------------------
        12245.33   data required time
        -4121.10   data arrival time
---------------------------------------------------------
        8124.23   slack (MET)


Startpoint: rst (input port clocked by core_clk)
Endpoint: _359671_ (rising edge-triggered flip-flop clocked by core_clk)
Path Group: in2reg
Path Type: max

  Delay    Time   Description
---------------------------------------------------------
   0.00    0.00   clock core_clk (rise edge)
   0.00    0.00   clock network delay (propagated)
2400.00 2400.00 ^ input external delay
   0.00 2400.00 ^ rst (in)
  22.34 2422.34 ^ input102/Y (BUFx8_ASAP7_75t_R)
  22.94 2445.28 ^ wire5052/Y (BUFx16f_ASAP7_75t_R)
  91.69 2536.97 v _178843_/Y (INVx3_ASAP7_75t_R)
  38.09 2575.06 v load_slew5038/Y (BUFx16f_ASAP7_75t_R)
  71.87 2646.93 v _178985_/Y (AND2x6_ASAP7_75t_R)
  22.40 2669.33 v wire3269/Y (BUFx16f_ASAP7_75t_R)
  97.14 2766.47 v load_slew3267/Y (BUFx16f_ASAP7_75t_R)
  39.34 2805.81 v load_slew3266/Y (BUFx16f_ASAP7_75t_R)
  63.82 2869.62 v wire3264/Y (BUFx16f_ASAP7_75t_R)
 135.19 3004.82 v load_slew3262/Y (BUFx16f_ASAP7_75t_R)
  44.95 3049.77 v load_slew3261/Y (BUFx16f_ASAP7_75t_R)
 139.39 3189.16 v _179757_/Y (AND2x6_ASAP7_75t_R)
  43.74 3232.89 v load_slew2323/Y (BUFx16f_ASAP7_75t_R)
  39.77 3272.66 v load_slew2322/Y (BUFx16f_ASAP7_75t_R)
  61.10 3333.76 v load_slew2302/Y (BUFx16f_ASAP7_75t_R)
  60.63 3394.39 v load_slew2297/Y (BUFx16f_ASAP7_75t_R)
 107.64 3502.03 v load_slew2275/Y (BUFx16f_ASAP7_75t_R)
 116.53 3618.56 v load_slew2274/Y (BUFx16f_ASAP7_75t_R)
 182.18 3800.75 v _264182_/Y (AND3x4_ASAP7_75t_R)
  43.27 3844.02 v load_slew2166/Y (BUFx16f_ASAP7_75t_R)
  66.93 3910.95 v wire2165/Y (BUFx16f_ASAP7_75t_R)
  56.60 3967.55 v load_slew2164/Y (BUFx16f_ASAP7_75t_R)
  54.58 4022.12 v load_slew2163/Y (BUFx16f_ASAP7_75t_R)
  82.90 4105.02 ^ _264290_/Y (NOR2x1_ASAP7_75t_R)
  16.00 4121.02 ^ _264291_/Y (AO21x1_ASAP7_75t_R)
   0.08 4121.10 ^ _359671_/D (DFFHQNx1_ASAP7_75t_R)
        4121.10   data arrival time

12000.00 12000.00   clock core_clk (rise edge)
   0.00 12000.00   clock source latency
   0.00 12000.00 ^ clk (in)
  51.80 12051.80 ^ wire5520/Y (BUFx12_ASAP7_75t_R)
  51.41 12103.20 ^ clkbuf_0_clk/Y (BUFx24_ASAP7_75t_R)
  27.50 12130.70 ^ clkbuf_1_0_0_clk/Y (BUFx24_ASAP7_75t_R)
  31.43 12162.13 ^ clkbuf_2_0_0_clk/Y (BUFx24_ASAP7_75t_R)
  30.01 12192.14 ^ clkbuf_3_0_0_clk/Y (BUFx24_ASAP7_75t_R)
  30.16 12222.30 ^ clkbuf_4_1_0_clk/Y (BUFx24_ASAP7_75t_R)
  25.10 12247.40 ^ clkbuf_6_6_0_clk/Y (BUFx24_ASAP7_75t_R)
  22.01 12269.40 ^ clkbuf_7_13__f_clk/Y (BUFx24_ASAP7_75t_R)
  30.30 12299.70 ^ clkbuf_leaf_48_clk/Y (BUFx24_ASAP7_75t_R)
   2.08 12301.78 ^ _359671_/CLK (DFFHQNx1_ASAP7_75t_R)
 -50.00 12251.78   clock uncertainty
   0.00 12251.78   clock reconvergence pessimism
  -6.46 12245.33   library setup time
        12245.33   data required time
---------------------------------------------------------
        12245.33   data required time
        -4121.10   data arrival time
---------------------------------------------------------
        8124.23   slack (MET)


Startpoint: rst (input port clocked by core_clk)
Endpoint: _359671_ (rising edge-triggered flip-flop clocked by core_clk)
Path Group: in2reg
Path Type: max

  Delay    Time   Description
---------------------------------------------------------
   0.00    0.00   clock core_clk (rise edge)
   0.00    0.00   clock network delay (propagated)
2400.00 2400.00 ^ input external delay
   0.00 2400.00 ^ rst (in)
  22.34 2422.34 ^ input102/Y (BUFx8_ASAP7_75t_R)
  22.94 2445.28 ^ wire5052/Y (BUFx16f_ASAP7_75t_R)
  91.69 2536.97 v _178843_/Y (INVx3_ASAP7_75t_R)
  38.09 2575.06 v load_slew5038/Y (BUFx16f_ASAP7_75t_R)
  71.87 2646.93 v _178985_/Y (AND2x6_ASAP7_75t_R)
  22.40 2669.33 v wire3269/Y (BUFx16f_ASAP7_75t_R)
  97.14 2766.47 v load_slew3267/Y (BUFx16f_ASAP7_75t_R)
  39.34 2805.81 v load_slew3266/Y (BUFx16f_ASAP7_75t_R)
  63.82 2869.62 v wire3264/Y (BUFx16f_ASAP7_75t_R)
 135.19 3004.82 v load_slew3262/Y (BUFx16f_ASAP7_75t_R)
  44.95 3049.77 v load_slew3261/Y (BUFx16f_ASAP7_75t_R)
 139.39 3189.16 v _179757_/Y (AND2x6_ASAP7_75t_R)
  43.74 3232.89 v load_slew2323/Y (BUFx16f_ASAP7_75t_R)
  39.77 3272.66 v load_slew2322/Y (BUFx16f_ASAP7_75t_R)
  61.10 3333.76 v load_slew2302/Y (BUFx16f_ASAP7_75t_R)
  60.63 3394.39 v load_slew2297/Y (BUFx16f_ASAP7_75t_R)
 107.64 3502.03 v load_slew2275/Y (BUFx16f_ASAP7_75t_R)
 116.53 3618.56 v load_slew2274/Y (BUFx16f_ASAP7_75t_R)
 182.18 3800.75 v _264182_/Y (AND3x4_ASAP7_75t_R)
  43.27 3844.02 v load_slew2166/Y (BUFx16f_ASAP7_75t_R)
  66.93 3910.95 v wire2165/Y (BUFx16f_ASAP7_75t_R)
  56.60 3967.55 v load_slew2164/Y (BUFx16f_ASAP7_75t_R)
  54.58 4022.12 v load_slew2163/Y (BUFx16f_ASAP7_75t_R)
  82.90 4105.02 ^ _264290_/Y (NOR2x1_ASAP7_75t_R)
  15.96 4120.98 ^ _264291_/Y (AO21x1_ASAP7_75t_R)
   0.08 4121.06 ^ _359671_/D (DFFHQNx1_ASAP7_75t_R)
        4121.06   data arrival time

12000.00 12000.00   clock core_clk (rise edge)
   0.00 12000.00   clock source latency
   0.00 12000.00 ^ clk (in)
  51.80 12051.80 ^ wire5520/Y (BUFx12_ASAP7_75t_R)
  51.41 12103.20 ^ clkbuf_0_clk/Y (BUFx24_ASAP7_75t_R)
  27.50 12130.70 ^ clkbuf_1_0_0_clk/Y (BUFx24_ASAP7_75t_R)
  31.43 12162.13 ^ clkbuf_2_0_0_clk/Y (BUFx24_ASAP7_75t_R)
  30.01 12192.14 ^ clkbuf_3_0_0_clk/Y (BUFx24_ASAP7_75t_R)
  30.16 12222.30 ^ clkbuf_4_1_0_clk/Y (BUFx24_ASAP7_75t_R)
  25.10 12247.40 ^ clkbuf_6_6_0_clk/Y (BUFx24_ASAP7_75t_R)
  22.01 12269.40 ^ clkbuf_7_13__f_clk/Y (BUFx24_ASAP7_75t_R)
  30.30 12299.70 ^ clkbuf_leaf_48_clk/Y (BUFx24_ASAP7_75t_R)
   2.08 12301.78 ^ _359671_/CLK (DFFHQNx1_ASAP7_75t_R)
 -50.00 12251.78   clock uncertainty
   0.00 12251.78   clock reconvergence pessimism
  -6.46 12245.33   library setup time
        12245.33   data required time
---------------------------------------------------------
        12245.33   data required time
        -4121.06   data arrival time
---------------------------------------------------------
        8124.27   slack (MET)


Startpoint: rst (input port clocked by core_clk)
Endpoint: _359676_ (rising edge-triggered flip-flop clocked by core_clk)
Path Group: in2reg
Path Type: max

  Delay    Time   Description
---------------------------------------------------------
   0.00    0.00   clock core_clk (rise edge)
   0.00    0.00   clock network delay (propagated)
2400.00 2400.00 ^ input external delay
   0.00 2400.00 ^ rst (in)
  22.34 2422.34 ^ input102/Y (BUFx8_ASAP7_75t_R)
  22.94 2445.28 ^ wire5052/Y (BUFx16f_ASAP7_75t_R)
  91.69 2536.97 v _178843_/Y (INVx3_ASAP7_75t_R)
  38.09 2575.06 v load_slew5038/Y (BUFx16f_ASAP7_75t_R)
  71.87 2646.93 v _178985_/Y (AND2x6_ASAP7_75t_R)
  22.40 2669.33 v wire3269/Y (BUFx16f_ASAP7_75t_R)
  97.14 2766.47 v load_slew3267/Y (BUFx16f_ASAP7_75t_R)
  39.34 2805.81 v load_slew3266/Y (BUFx16f_ASAP7_75t_R)
  63.82 2869.62 v wire3264/Y (BUFx16f_ASAP7_75t_R)
 135.19 3004.82 v load_slew3262/Y (BUFx16f_ASAP7_75t_R)
  44.95 3049.77 v load_slew3261/Y (BUFx16f_ASAP7_75t_R)
 139.39 3189.16 v _179757_/Y (AND2x6_ASAP7_75t_R)
  43.74 3232.89 v load_slew2323/Y (BUFx16f_ASAP7_75t_R)
  39.77 3272.66 v load_slew2322/Y (BUFx16f_ASAP7_75t_R)
  61.10 3333.76 v load_slew2302/Y (BUFx16f_ASAP7_75t_R)
  60.63 3394.39 v load_slew2297/Y (BUFx16f_ASAP7_75t_R)
 107.64 3502.03 v load_slew2275/Y (BUFx16f_ASAP7_75t_R)
 116.53 3618.56 v load_slew2274/Y (BUFx16f_ASAP7_75t_R)
 182.18 3800.75 v _264182_/Y (AND3x4_ASAP7_75t_R)
  43.27 3844.02 v load_slew2166/Y (BUFx16f_ASAP7_75t_R)
  66.93 3910.95 v wire2165/Y (BUFx16f_ASAP7_75t_R)
  56.60 3967.55 v load_slew2164/Y (BUFx16f_ASAP7_75t_R)
  54.58 4022.12 v load_slew2163/Y (BUFx16f_ASAP7_75t_R)
  82.41 4104.53 ^ _264278_/Y (NOR2x1_ASAP7_75t_R)
  16.14 4120.67 ^ _264279_/Y (AO21x1_ASAP7_75t_R)
   0.11 4120.78 ^ _359676_/D (DFFHQNx1_ASAP7_75t_R)
        4120.78   data arrival time

12000.00 12000.00   clock core_clk (rise edge)
   0.00 12000.00   clock source latency
   0.00 12000.00 ^ clk (in)
  51.80 12051.80 ^ wire5520/Y (BUFx12_ASAP7_75t_R)
  51.41 12103.20 ^ clkbuf_0_clk/Y (BUFx24_ASAP7_75t_R)
  27.50 12130.70 ^ clkbuf_1_0_0_clk/Y (BUFx24_ASAP7_75t_R)
  31.43 12162.13 ^ clkbuf_2_0_0_clk/Y (BUFx24_ASAP7_75t_R)
  30.01 12192.14 ^ clkbuf_3_0_0_clk/Y (BUFx24_ASAP7_75t_R)
  30.16 12222.30 ^ clkbuf_4_1_0_clk/Y (BUFx24_ASAP7_75t_R)
  25.10 12247.40 ^ clkbuf_6_6_0_clk/Y (BUFx24_ASAP7_75t_R)
  22.01 12269.40 ^ clkbuf_7_13__f_clk/Y (BUFx24_ASAP7_75t_R)
  31.40 12300.81 ^ clkbuf_leaf_49_clk/Y (BUFx24_ASAP7_75t_R)
   1.37 12302.18 ^ _359676_/CLK (DFFHQNx1_ASAP7_75t_R)
 -50.00 12252.18   clock uncertainty
   0.00 12252.18   clock reconvergence pessimism
  -6.75 12245.43   library setup time
        12245.43   data required time
---------------------------------------------------------
        12245.43   data required time
        -4120.78   data arrival time
---------------------------------------------------------
        8124.66   slack (MET)


Startpoint: rst (input port clocked by core_clk)
Endpoint: _359676_ (rising edge-triggered flip-flop clocked by core_clk)
Path Group: in2reg
Path Type: max

  Delay    Time   Description
---------------------------------------------------------
   0.00    0.00   clock core_clk (rise edge)
   0.00    0.00   clock network delay (propagated)
2400.00 2400.00 ^ input external delay
   0.00 2400.00 ^ rst (in)
  22.34 2422.34 ^ input102/Y (BUFx8_ASAP7_75t_R)
  22.94 2445.28 ^ wire5052/Y (BUFx16f_ASAP7_75t_R)
  91.69 2536.97 v _178843_/Y (INVx3_ASAP7_75t_R)
  38.09 2575.06 v load_slew5038/Y (BUFx16f_ASAP7_75t_R)
  71.87 2646.93 v _178985_/Y (AND2x6_ASAP7_75t_R)
  22.40 2669.33 v wire3269/Y (BUFx16f_ASAP7_75t_R)
  97.14 2766.47 v load_slew3267/Y (BUFx16f_ASAP7_75t_R)
  39.34 2805.81 v load_slew3266/Y (BUFx16f_ASAP7_75t_R)
  63.82 2869.62 v wire3264/Y (BUFx16f_ASAP7_75t_R)
 135.19 3004.82 v load_slew3262/Y (BUFx16f_ASAP7_75t_R)
  44.95 3049.77 v load_slew3261/Y (BUFx16f_ASAP7_75t_R)
 139.39 3189.16 v _179757_/Y (AND2x6_ASAP7_75t_R)
  43.74 3232.89 v load_slew2323/Y (BUFx16f_ASAP7_75t_R)
  39.77 3272.66 v load_slew2322/Y (BUFx16f_ASAP7_75t_R)
  61.10 3333.76 v load_slew2302/Y (BUFx16f_ASAP7_75t_R)
  60.63 3394.39 v load_slew2297/Y (BUFx16f_ASAP7_75t_R)
 107.64 3502.03 v load_slew2275/Y (BUFx16f_ASAP7_75t_R)
 116.53 3618.56 v load_slew2274/Y (BUFx16f_ASAP7_75t_R)
 182.18 3800.75 v _264182_/Y (AND3x4_ASAP7_75t_R)
  43.27 3844.02 v load_slew2166/Y (BUFx16f_ASAP7_75t_R)
  66.93 3910.95 v wire2165/Y (BUFx16f_ASAP7_75t_R)
  56.60 3967.55 v load_slew2164/Y (BUFx16f_ASAP7_75t_R)
  54.58 4022.12 v load_slew2163/Y (BUFx16f_ASAP7_75t_R)
  82.41 4104.53 ^ _264278_/Y (NOR2x1_ASAP7_75t_R)
  16.14 4120.67 ^ _264279_/Y (AO21x1_ASAP7_75t_R)
   0.11 4120.78 ^ _359676_/D (DFFHQNx1_ASAP7_75t_R)
        4120.78   data arrival time

12000.00 12000.00   clock core_clk (rise edge)
   0.00 12000.00   clock source latency
   0.00 12000.00 ^ clk (in)
  51.80 12051.80 ^ wire5520/Y (BUFx12_ASAP7_75t_R)
  51.41 12103.20 ^ clkbuf_0_clk/Y (BUFx24_ASAP7_75t_R)
  27.50 12130.70 ^ clkbuf_1_0_0_clk/Y (BUFx24_ASAP7_75t_R)
  31.43 12162.13 ^ clkbuf_2_0_0_clk/Y (BUFx24_ASAP7_75t_R)
  30.01 12192.14 ^ clkbuf_3_0_0_clk/Y (BUFx24_ASAP7_75t_R)
  30.16 12222.30 ^ clkbuf_4_1_0_clk/Y (BUFx24_ASAP7_75t_R)
  25.10 12247.40 ^ clkbuf_6_6_0_clk/Y (BUFx24_ASAP7_75t_R)
  22.01 12269.40 ^ clkbuf_7_13__f_clk/Y (BUFx24_ASAP7_75t_R)
  31.40 12300.81 ^ clkbuf_leaf_49_clk/Y (BUFx24_ASAP7_75t_R)
   1.37 12302.18 ^ _359676_/CLK (DFFHQNx1_ASAP7_75t_R)
 -50.00 12252.18   clock uncertainty
   0.00 12252.18   clock reconvergence pessimism
  -6.75 12245.43   library setup time
        12245.43   data required time
---------------------------------------------------------
        12245.43   data required time
        -4120.78   data arrival time
---------------------------------------------------------
        8124.66   slack (MET)


Startpoint: rst (input port clocked by core_clk)
Endpoint: _359676_ (rising edge-triggered flip-flop clocked by core_clk)
Path Group: in2reg
Path Type: max

  Delay    Time   Description
---------------------------------------------------------
   0.00    0.00   clock core_clk (rise edge)
   0.00    0.00   clock network delay (propagated)
2400.00 2400.00 ^ input external delay
   0.00 2400.00 ^ rst (in)
  22.34 2422.34 ^ input102/Y (BUFx8_ASAP7_75t_R)
  22.94 2445.28 ^ wire5052/Y (BUFx16f_ASAP7_75t_R)
  91.69 2536.97 v _178843_/Y (INVx3_ASAP7_75t_R)
  38.09 2575.06 v load_slew5038/Y (BUFx16f_ASAP7_75t_R)
  71.87 2646.93 v _178985_/Y (AND2x6_ASAP7_75t_R)
  22.40 2669.33 v wire3269/Y (BUFx16f_ASAP7_75t_R)
  97.14 2766.47 v load_slew3267/Y (BUFx16f_ASAP7_75t_R)
  39.34 2805.81 v load_slew3266/Y (BUFx16f_ASAP7_75t_R)
  63.82 2869.62 v wire3264/Y (BUFx16f_ASAP7_75t_R)
 135.19 3004.82 v load_slew3262/Y (BUFx16f_ASAP7_75t_R)
  44.95 3049.77 v load_slew3261/Y (BUFx16f_ASAP7_75t_R)
 139.39 3189.16 v _179757_/Y (AND2x6_ASAP7_75t_R)
  43.74 3232.89 v load_slew2323/Y (BUFx16f_ASAP7_75t_R)
  39.77 3272.66 v load_slew2322/Y (BUFx16f_ASAP7_75t_R)
  61.10 3333.76 v load_slew2302/Y (BUFx16f_ASAP7_75t_R)
  60.63 3394.39 v load_slew2297/Y (BUFx16f_ASAP7_75t_R)
 107.64 3502.03 v load_slew2275/Y (BUFx16f_ASAP7_75t_R)
 116.53 3618.56 v load_slew2274/Y (BUFx16f_ASAP7_75t_R)
 182.18 3800.75 v _264182_/Y (AND3x4_ASAP7_75t_R)
  43.27 3844.02 v load_slew2166/Y (BUFx16f_ASAP7_75t_R)
  66.93 3910.95 v wire2165/Y (BUFx16f_ASAP7_75t_R)
  56.60 3967.55 v load_slew2164/Y (BUFx16f_ASAP7_75t_R)
  54.58 4022.12 v load_slew2163/Y (BUFx16f_ASAP7_75t_R)
  82.41 4104.53 ^ _264278_/Y (NOR2x1_ASAP7_75t_R)
  16.09 4120.62 ^ _264279_/Y (AO21x1_ASAP7_75t_R)
   0.11 4120.73 ^ _359676_/D (DFFHQNx1_ASAP7_75t_R)
        4120.73   data arrival time

12000.00 12000.00   clock core_clk (rise edge)
   0.00 12000.00   clock source latency
   0.00 12000.00 ^ clk (in)
  51.80 12051.80 ^ wire5520/Y (BUFx12_ASAP7_75t_R)
  51.41 12103.20 ^ clkbuf_0_clk/Y (BUFx24_ASAP7_75t_R)
  27.50 12130.70 ^ clkbuf_1_0_0_clk/Y (BUFx24_ASAP7_75t_R)
  31.43 12162.13 ^ clkbuf_2_0_0_clk/Y (BUFx24_ASAP7_75t_R)
  30.01 12192.14 ^ clkbuf_3_0_0_clk/Y (BUFx24_ASAP7_75t_R)
  30.16 12222.30 ^ clkbuf_4_1_0_clk/Y (BUFx24_ASAP7_75t_R)
  25.10 12247.40 ^ clkbuf_6_6_0_clk/Y (BUFx24_ASAP7_75t_R)
  22.01 12269.40 ^ clkbuf_7_13__f_clk/Y (BUFx24_ASAP7_75t_R)
  31.40 12300.81 ^ clkbuf_leaf_49_clk/Y (BUFx24_ASAP7_75t_R)
   1.37 12302.18 ^ _359676_/CLK (DFFHQNx1_ASAP7_75t_R)
 -50.00 12252.18   clock uncertainty
   0.00 12252.18   clock reconvergence pessimism
  -6.75 12245.43   library setup time
        12245.43   data required time
---------------------------------------------------------
        12245.43   data required time
        -4120.73   data arrival time
---------------------------------------------------------
        8124.71   slack (MET)


Startpoint: rst (input port clocked by core_clk)
Endpoint: _359670_ (rising edge-triggered flip-flop clocked by core_clk)
Path Group: in2reg
Path Type: max

  Delay    Time   Description
---------------------------------------------------------
   0.00    0.00   clock core_clk (rise edge)
   0.00    0.00   clock network delay (propagated)
2400.00 2400.00 ^ input external delay
   0.00 2400.00 ^ rst (in)
  22.34 2422.34 ^ input102/Y (BUFx8_ASAP7_75t_R)
  22.94 2445.28 ^ wire5052/Y (BUFx16f_ASAP7_75t_R)
  91.69 2536.97 v _178843_/Y (INVx3_ASAP7_75t_R)
  38.09 2575.06 v load_slew5038/Y (BUFx16f_ASAP7_75t_R)
  71.87 2646.93 v _178985_/Y (AND2x6_ASAP7_75t_R)
  22.40 2669.33 v wire3269/Y (BUFx16f_ASAP7_75t_R)
  97.14 2766.47 v load_slew3267/Y (BUFx16f_ASAP7_75t_R)
  39.34 2805.81 v load_slew3266/Y (BUFx16f_ASAP7_75t_R)
  63.82 2869.62 v wire3264/Y (BUFx16f_ASAP7_75t_R)
 135.19 3004.82 v load_slew3262/Y (BUFx16f_ASAP7_75t_R)
  44.95 3049.77 v load_slew3261/Y (BUFx16f_ASAP7_75t_R)
 139.39 3189.16 v _179757_/Y (AND2x6_ASAP7_75t_R)
  43.74 3232.89 v load_slew2323/Y (BUFx16f_ASAP7_75t_R)
  39.77 3272.66 v load_slew2322/Y (BUFx16f_ASAP7_75t_R)
  61.10 3333.76 v load_slew2302/Y (BUFx16f_ASAP7_75t_R)
  60.63 3394.39 v load_slew2297/Y (BUFx16f_ASAP7_75t_R)
 107.64 3502.03 v load_slew2275/Y (BUFx16f_ASAP7_75t_R)
 116.53 3618.56 v load_slew2274/Y (BUFx16f_ASAP7_75t_R)
 182.18 3800.75 v _264182_/Y (AND3x4_ASAP7_75t_R)
  43.27 3844.02 v load_slew2166/Y (BUFx16f_ASAP7_75t_R)
  66.93 3910.95 v wire2165/Y (BUFx16f_ASAP7_75t_R)
  56.60 3967.55 v load_slew2164/Y (BUFx16f_ASAP7_75t_R)
  54.58 4022.12 v load_slew2163/Y (BUFx16f_ASAP7_75t_R)
  82.58 4104.70 ^ _264292_/Y (NOR2x1_ASAP7_75t_R)
  15.92 4120.62 ^ _264293_/Y (AO21x1_ASAP7_75t_R)
   0.08 4120.70 ^ _359670_/D (DFFHQNx1_ASAP7_75t_R)
        4120.70   data arrival time

12000.00 12000.00   clock core_clk (rise edge)
   0.00 12000.00   clock source latency
   0.00 12000.00 ^ clk (in)
  51.80 12051.80 ^ wire5520/Y (BUFx12_ASAP7_75t_R)
  51.41 12103.20 ^ clkbuf_0_clk/Y (BUFx24_ASAP7_75t_R)
  27.50 12130.70 ^ clkbuf_1_0_0_clk/Y (BUFx24_ASAP7_75t_R)
  31.43 12162.13 ^ clkbuf_2_0_0_clk/Y (BUFx24_ASAP7_75t_R)
  30.01 12192.14 ^ clkbuf_3_0_0_clk/Y (BUFx24_ASAP7_75t_R)
  30.16 12222.30 ^ clkbuf_4_1_0_clk/Y (BUFx24_ASAP7_75t_R)
  25.10 12247.40 ^ clkbuf_6_6_0_clk/Y (BUFx24_ASAP7_75t_R)
  22.01 12269.40 ^ clkbuf_7_13__f_clk/Y (BUFx24_ASAP7_75t_R)
  29.00 12298.41 ^ clkbuf_leaf_47_clk/Y (BUFx24_ASAP7_75t_R)
   3.51 12301.92 ^ _359670_/CLK (DFFHQNx1_ASAP7_75t_R)
 -50.00 12251.92   clock uncertainty
   0.00 12251.92   clock reconvergence pessimism
  -6.18 12245.74   library setup time
        12245.74   data required time
---------------------------------------------------------
        12245.74   data required time
        -4120.70   data arrival time
---------------------------------------------------------
        8125.04   slack (MET)


Startpoint: rst (input port clocked by core_clk)
Endpoint: _359670_ (rising edge-triggered flip-flop clocked by core_clk)
Path Group: in2reg
Path Type: max

  Delay    Time   Description
---------------------------------------------------------
   0.00    0.00   clock core_clk (rise edge)
   0.00    0.00   clock network delay (propagated)
2400.00 2400.00 ^ input external delay
   0.00 2400.00 ^ rst (in)
  22.34 2422.34 ^ input102/Y (BUFx8_ASAP7_75t_R)
  22.94 2445.28 ^ wire5052/Y (BUFx16f_ASAP7_75t_R)
  91.69 2536.97 v _178843_/Y (INVx3_ASAP7_75t_R)
  38.09 2575.06 v load_slew5038/Y (BUFx16f_ASAP7_75t_R)
  71.87 2646.93 v _178985_/Y (AND2x6_ASAP7_75t_R)
  22.40 2669.33 v wire3269/Y (BUFx16f_ASAP7_75t_R)
  97.14 2766.47 v load_slew3267/Y (BUFx16f_ASAP7_75t_R)
  39.34 2805.81 v load_slew3266/Y (BUFx16f_ASAP7_75t_R)
  63.82 2869.62 v wire3264/Y (BUFx16f_ASAP7_75t_R)
 135.19 3004.82 v load_slew3262/Y (BUFx16f_ASAP7_75t_R)
  44.95 3049.77 v load_slew3261/Y (BUFx16f_ASAP7_75t_R)
 139.39 3189.16 v _179757_/Y (AND2x6_ASAP7_75t_R)
  43.74 3232.89 v load_slew2323/Y (BUFx16f_ASAP7_75t_R)
  39.77 3272.66 v load_slew2322/Y (BUFx16f_ASAP7_75t_R)
  61.10 3333.76 v load_slew2302/Y (BUFx16f_ASAP7_75t_R)
  60.63 3394.39 v load_slew2297/Y (BUFx16f_ASAP7_75t_R)
 107.64 3502.03 v load_slew2275/Y (BUFx16f_ASAP7_75t_R)
 116.53 3618.56 v load_slew2274/Y (BUFx16f_ASAP7_75t_R)
 182.18 3800.75 v _264182_/Y (AND3x4_ASAP7_75t_R)
  43.27 3844.02 v load_slew2166/Y (BUFx16f_ASAP7_75t_R)
  66.93 3910.95 v wire2165/Y (BUFx16f_ASAP7_75t_R)
  56.60 3967.55 v load_slew2164/Y (BUFx16f_ASAP7_75t_R)
  54.58 4022.12 v load_slew2163/Y (BUFx16f_ASAP7_75t_R)
  82.58 4104.70 ^ _264292_/Y (NOR2x1_ASAP7_75t_R)
  15.92 4120.62 ^ _264293_/Y (AO21x1_ASAP7_75t_R)
   0.08 4120.70 ^ _359670_/D (DFFHQNx1_ASAP7_75t_R)
        4120.70   data arrival time

12000.00 12000.00   clock core_clk (rise edge)
   0.00 12000.00   clock source latency
   0.00 12000.00 ^ clk (in)
  51.80 12051.80 ^ wire5520/Y (BUFx12_ASAP7_75t_R)
  51.41 12103.20 ^ clkbuf_0_clk/Y (BUFx24_ASAP7_75t_R)
  27.50 12130.70 ^ clkbuf_1_0_0_clk/Y (BUFx24_ASAP7_75t_R)
  31.43 12162.13 ^ clkbuf_2_0_0_clk/Y (BUFx24_ASAP7_75t_R)
  30.01 12192.14 ^ clkbuf_3_0_0_clk/Y (BUFx24_ASAP7_75t_R)
  30.16 12222.30 ^ clkbuf_4_1_0_clk/Y (BUFx24_ASAP7_75t_R)
  25.10 12247.40 ^ clkbuf_6_6_0_clk/Y (BUFx24_ASAP7_75t_R)
  22.01 12269.40 ^ clkbuf_7_13__f_clk/Y (BUFx24_ASAP7_75t_R)
  29.00 12298.41 ^ clkbuf_leaf_47_clk/Y (BUFx24_ASAP7_75t_R)
   3.51 12301.92 ^ _359670_/CLK (DFFHQNx1_ASAP7_75t_R)
 -50.00 12251.92   clock uncertainty
   0.00 12251.92   clock reconvergence pessimism
  -6.18 12245.74   library setup time
        12245.74   data required time
---------------------------------------------------------
        12245.74   data required time
        -4120.70   data arrival time
---------------------------------------------------------
        8125.04   slack (MET)


Startpoint: rst (input port clocked by core_clk)
Endpoint: _359671_ (rising edge-triggered flip-flop clocked by core_clk)
Path Group: in2reg
Path Type: max

  Delay    Time   Description
---------------------------------------------------------
   0.00    0.00   clock core_clk (rise edge)
   0.00    0.00   clock network delay (propagated)
2400.00 2400.00 ^ input external delay
   0.00 2400.00 ^ rst (in)
  22.34 2422.34 ^ input102/Y (BUFx8_ASAP7_75t_R)
  22.94 2445.28 ^ wire5052/Y (BUFx16f_ASAP7_75t_R)
  91.69 2536.97 v _178843_/Y (INVx3_ASAP7_75t_R)
  38.09 2575.06 v load_slew5038/Y (BUFx16f_ASAP7_75t_R)
  71.87 2646.93 v _178985_/Y (AND2x6_ASAP7_75t_R)
  22.40 2669.33 v wire3269/Y (BUFx16f_ASAP7_75t_R)
  97.14 2766.47 v load_slew3267/Y (BUFx16f_ASAP7_75t_R)
  39.34 2805.81 v load_slew3266/Y (BUFx16f_ASAP7_75t_R)
  63.82 2869.62 v wire3264/Y (BUFx16f_ASAP7_75t_R)
 135.19 3004.82 v load_slew3262/Y (BUFx16f_ASAP7_75t_R)
  44.95 3049.77 v load_slew3261/Y (BUFx16f_ASAP7_75t_R)
 139.39 3189.16 v _179757_/Y (AND2x6_ASAP7_75t_R)
  43.74 3232.89 v load_slew2323/Y (BUFx16f_ASAP7_75t_R)
  39.77 3272.66 v load_slew2322/Y (BUFx16f_ASAP7_75t_R)
  61.10 3333.76 v load_slew2302/Y (BUFx16f_ASAP7_75t_R)
  60.63 3394.39 v load_slew2297/Y (BUFx16f_ASAP7_75t_R)
 107.64 3502.03 v load_slew2275/Y (BUFx16f_ASAP7_75t_R)
 116.53 3618.56 v load_slew2274/Y (BUFx16f_ASAP7_75t_R)
 182.18 3800.75 v _264182_/Y (AND3x4_ASAP7_75t_R)
  43.27 3844.02 v load_slew2166/Y (BUFx16f_ASAP7_75t_R)
  66.93 3910.95 v wire2165/Y (BUFx16f_ASAP7_75t_R)
  56.60 3967.55 v load_slew2164/Y (BUFx16f_ASAP7_75t_R)
  54.58 4022.12 v load_slew2163/Y (BUFx16f_ASAP7_75t_R)
  82.90 4105.02 ^ _264290_/Y (NOR2x1_ASAP7_75t_R)
  15.20 4120.22 ^ _264291_/Y (AO21x1_ASAP7_75t_R)
   0.08 4120.30 ^ _359671_/D (DFFHQNx1_ASAP7_75t_R)
        4120.30   data arrival time

12000.00 12000.00   clock core_clk (rise edge)
   0.00 12000.00   clock source latency
   0.00 12000.00 ^ clk (in)
  51.80 12051.80 ^ wire5520/Y (BUFx12_ASAP7_75t_R)
  51.41 12103.20 ^ clkbuf_0_clk/Y (BUFx24_ASAP7_75t_R)
  27.50 12130.70 ^ clkbuf_1_0_0_clk/Y (BUFx24_ASAP7_75t_R)
  31.43 12162.13 ^ clkbuf_2_0_0_clk/Y (BUFx24_ASAP7_75t_R)
  30.01 12192.14 ^ clkbuf_3_0_0_clk/Y (BUFx24_ASAP7_75t_R)
  30.16 12222.30 ^ clkbuf_4_1_0_clk/Y (BUFx24_ASAP7_75t_R)
  25.10 12247.40 ^ clkbuf_6_6_0_clk/Y (BUFx24_ASAP7_75t_R)
  22.01 12269.40 ^ clkbuf_7_13__f_clk/Y (BUFx24_ASAP7_75t_R)
  30.30 12299.70 ^ clkbuf_leaf_48_clk/Y (BUFx24_ASAP7_75t_R)
   2.08 12301.78 ^ _359671_/CLK (DFFHQNx1_ASAP7_75t_R)
 -50.00 12251.78   clock uncertainty
   0.00 12251.78   clock reconvergence pessimism
  -6.46 12245.33   library setup time
        12245.33   data required time
---------------------------------------------------------
        12245.33   data required time
        -4120.30   data arrival time
---------------------------------------------------------
        8125.03   slack (MET)


Startpoint: rst (input port clocked by core_clk)
Endpoint: _359670_ (rising edge-triggered flip-flop clocked by core_clk)
Path Group: in2reg
Path Type: max

  Delay    Time   Description
---------------------------------------------------------
   0.00    0.00   clock core_clk (rise edge)
   0.00    0.00   clock network delay (propagated)
2400.00 2400.00 ^ input external delay
   0.00 2400.00 ^ rst (in)
  22.34 2422.34 ^ input102/Y (BUFx8_ASAP7_75t_R)
  22.94 2445.28 ^ wire5052/Y (BUFx16f_ASAP7_75t_R)
  91.69 2536.97 v _178843_/Y (INVx3_ASAP7_75t_R)
  38.09 2575.06 v load_slew5038/Y (BUFx16f_ASAP7_75t_R)
  71.87 2646.93 v _178985_/Y (AND2x6_ASAP7_75t_R)
  22.40 2669.33 v wire3269/Y (BUFx16f_ASAP7_75t_R)
  97.14 2766.47 v load_slew3267/Y (BUFx16f_ASAP7_75t_R)
  39.34 2805.81 v load_slew3266/Y (BUFx16f_ASAP7_75t_R)
  63.82 2869.62 v wire3264/Y (BUFx16f_ASAP7_75t_R)
 135.19 3004.82 v load_slew3262/Y (BUFx16f_ASAP7_75t_R)
  44.95 3049.77 v load_slew3261/Y (BUFx16f_ASAP7_75t_R)
 139.39 3189.16 v _179757_/Y (AND2x6_ASAP7_75t_R)
  43.74 3232.89 v load_slew2323/Y (BUFx16f_ASAP7_75t_R)
  39.77 3272.66 v load_slew2322/Y (BUFx16f_ASAP7_75t_R)
  61.10 3333.76 v load_slew2302/Y (BUFx16f_ASAP7_75t_R)
  60.63 3394.39 v load_slew2297/Y (BUFx16f_ASAP7_75t_R)
 107.64 3502.03 v load_slew2275/Y (BUFx16f_ASAP7_75t_R)
 116.53 3618.56 v load_slew2274/Y (BUFx16f_ASAP7_75t_R)
 182.18 3800.75 v _264182_/Y (AND3x4_ASAP7_75t_R)
  43.27 3844.02 v load_slew2166/Y (BUFx16f_ASAP7_75t_R)
  66.93 3910.95 v wire2165/Y (BUFx16f_ASAP7_75t_R)
  56.60 3967.55 v load_slew2164/Y (BUFx16f_ASAP7_75t_R)
  54.58 4022.12 v load_slew2163/Y (BUFx16f_ASAP7_75t_R)
  82.58 4104.70 ^ _264292_/Y (NOR2x1_ASAP7_75t_R)
  15.88 4120.58 ^ _264293_/Y (AO21x1_ASAP7_75t_R)
   0.08 4120.66 ^ _359670_/D (DFFHQNx1_ASAP7_75t_R)
        4120.66   data arrival time

12000.00 12000.00   clock core_clk (rise edge)
   0.00 12000.00   clock source latency
   0.00 12000.00 ^ clk (in)
  51.80 12051.80 ^ wire5520/Y (BUFx12_ASAP7_75t_R)
  51.41 12103.20 ^ clkbuf_0_clk/Y (BUFx24_ASAP7_75t_R)
  27.50 12130.70 ^ clkbuf_1_0_0_clk/Y (BUFx24_ASAP7_75t_R)
  31.43 12162.13 ^ clkbuf_2_0_0_clk/Y (BUFx24_ASAP7_75t_R)
  30.01 12192.14 ^ clkbuf_3_0_0_clk/Y (BUFx24_ASAP7_75t_R)
  30.16 12222.30 ^ clkbuf_4_1_0_clk/Y (BUFx24_ASAP7_75t_R)
  25.10 12247.40 ^ clkbuf_6_6_0_clk/Y (BUFx24_ASAP7_75t_R)
  22.01 12269.40 ^ clkbuf_7_13__f_clk/Y (BUFx24_ASAP7_75t_R)
  29.00 12298.41 ^ clkbuf_leaf_47_clk/Y (BUFx24_ASAP7_75t_R)
   3.51 12301.92 ^ _359670_/CLK (DFFHQNx1_ASAP7_75t_R)
 -50.00 12251.92   clock uncertainty
   0.00 12251.92   clock reconvergence pessimism
  -6.18 12245.74   library setup time
        12245.74   data required time
---------------------------------------------------------
        12245.74   data required time
        -4120.66   data arrival time
---------------------------------------------------------
        8125.08   slack (MET)


