Startpoint: dmem_rsp_valid (input port clocked by core_clk)
Endpoint: _308000_ (rising edge-triggered flip-flop clocked by core_clk)
Path Group: in2reg
Path Type: max

  Delay    Time   Description
---------------------------------------------------------
   0.00    0.00   clock core_clk (rise edge)
   0.00    0.00   clock network delay (propagated)
1100.00 1100.00 ^ input external delay
   0.00 1100.00 ^ dmem_rsp_valid (in)
  27.63 1127.63 ^ input70/Y (BUFx2_ASAP7_75t_R)
  26.44 1154.08 v _150454_/Y (INVx1_ASAP7_75t_R)
  34.05 1188.13 v _150455_/Y (OR3x1_ASAP7_75t_R)
  35.06 1223.18 v _150468_/Y (OR5x1_ASAP7_75t_R)
  14.62 1237.81 v _150505_/Y (AND3x1_ASAP7_75t_R)
  17.42 1255.23 ^ _150506_/Y (AOI21x1_ASAP7_75t_R)
  58.90 1314.13 ^ _150592_/Y (OA21x2_ASAP7_75t_R)
 108.41 1422.54 v _152311_/Y (INVx1_ASAP7_75t_R)
  69.59 1492.13 v _281980_/Y (OR3x1_ASAP7_75t_R)
  26.12 1518.25 v _281981_/Y (OR2x2_ASAP7_75t_R)
  34.98 1553.23 v _281982_/Y (OR3x1_ASAP7_75t_R)
  36.93 1590.16 v _281983_/Y (OR3x1_ASAP7_75t_R)
  35.17 1625.34 v _281984_/Y (OR3x1_ASAP7_75t_R)
  35.62 1660.95 v _281985_/Y (OR3x1_ASAP7_75t_R)
  35.48 1696.43 v _281986_/Y (OR3x1_ASAP7_75t_R)
  33.48 1729.91 v _281987_/Y (OR3x1_ASAP7_75t_R)
  33.71 1763.62 v _281988_/Y (OR3x1_ASAP7_75t_R)
  33.88 1797.50 v _281989_/Y (OR3x1_ASAP7_75t_R)
  30.14 1827.64 v _281990_/Y (OR3x1_ASAP7_75t_R)
  24.83 1852.47 v _281991_/Y (OR2x2_ASAP7_75t_R)
  32.21 1884.68 v _281992_/Y (OR3x1_ASAP7_75t_R)
  39.25 1923.93 v _281993_/Y (OR3x1_ASAP7_75t_R)
  41.10 1965.03 v _282033_/Y (OR4x1_ASAP7_75t_R)
  33.81 1998.84 v _282050_/Y (OR3x1_ASAP7_75t_R)
  34.27 2033.11 v _282072_/Y (OR3x1_ASAP7_75t_R)
  36.60 2069.71 v _282091_/Y (OR3x1_ASAP7_75t_R)
  36.82 2106.53 v _282110_/Y (OR3x1_ASAP7_75t_R)
  36.04 2142.57 v _282130_/Y (OR3x1_ASAP7_75t_R)
  34.43 2177.00 v _282151_/Y (OR3x1_ASAP7_75t_R)
  33.13 2210.13 v _282168_/Y (OR3x1_ASAP7_75t_R)
  33.39 2243.52 v _282186_/Y (OR3x1_ASAP7_75t_R)
  33.68 2277.20 v _282204_/Y (OR3x1_ASAP7_75t_R)
  33.99 2311.19 v _282221_/Y (OR3x1_ASAP7_75t_R)
  34.97 2346.16 v _282239_/Y (OR3x1_ASAP7_75t_R)
  34.17 2380.32 v _282256_/Y (OR3x1_ASAP7_75t_R)
  34.13 2414.46 v _282273_/Y (OR3x1_ASAP7_75t_R)
  31.74 2446.19 v _282291_/Y (OR3x1_ASAP7_75t_R)
  21.92 2468.11 v _282304_/Y (OR2x2_ASAP7_75t_R)
  24.18 2492.29 ^ _282305_/Y (XOR2x2_ASAP7_75t_R)
  13.05 2505.34 ^ _282311_/Y (AO21x1_ASAP7_75t_R)
  15.33 2520.67 ^ _282312_/Y (AND2x2_ASAP7_75t_R)
   0.08 2520.75 ^ _308000_/D (DFFHQNx1_ASAP7_75t_R)
        2520.75   data arrival time

5500.00 5500.00   clock core_clk (rise edge)
   0.00 5500.00   clock source latency
   0.00 5500.00 ^ clk (in)
  43.78 5543.78 ^ wire4945/Y (BUFx10_ASAP7_75t_R)
  44.99 5588.77 ^ clkbuf_0_clk/Y (BUFx24_ASAP7_75t_R)
  27.72 5616.49 ^ clkbuf_1_0_0_clk/Y (BUFx24_ASAP7_75t_R)
  27.24 5643.73 ^ clkbuf_2_0_0_clk/Y (BUFx24_ASAP7_75t_R)
  24.81 5668.54 ^ clkbuf_3_0_0_clk/Y (BUFx24_ASAP7_75t_R)
  28.23 5696.77 ^ clkbuf_4_1_0_clk/Y (BUFx24_ASAP7_75t_R)
  24.41 5721.18 ^ clkbuf_6_6_0_clk/Y (BUFx24_ASAP7_75t_R)
  21.03 5742.20 ^ clkbuf_7_13__f_clk/Y (BUFx24_ASAP7_75t_R)
  27.04 5769.24 ^ clkbuf_leaf_861_clk/Y (BUFx24_ASAP7_75t_R)
   2.28 5771.51 ^ _308000_/CLK (DFFHQNx1_ASAP7_75t_R)
 -50.00 5721.51   clock uncertainty
   0.00 5721.51   clock reconvergence pessimism
  -5.41 5716.10   library setup time
        5716.10   data required time
---------------------------------------------------------
        5716.10   data required time
        -2520.75   data arrival time
---------------------------------------------------------
        3195.35   slack (MET)


Startpoint: rst (input port clocked by core_clk)
Endpoint: _301091_ (rising edge-triggered flip-flop clocked by core_clk)
Path Group: in2reg
Path Type: max

  Delay    Time   Description
---------------------------------------------------------
   0.00    0.00   clock core_clk (rise edge)
   0.00    0.00   clock network delay (propagated)
1100.00 1100.00 ^ input external delay
   0.00 1100.00 ^ rst (in)
  34.21 1134.21 ^ input106/Y (BUFx8_ASAP7_75t_R)
  32.01 1166.22 v _151342_/Y (INVx3_ASAP7_75t_R)
  26.42 1192.65 v load_slew4515/Y (BUFx16f_ASAP7_75t_R)
  28.05 1220.69 v load_slew4436/Y (BUFx16f_ASAP7_75t_R)
  62.48 1283.18 v load_slew4430/Y (BUFx16f_ASAP7_75t_R)
  59.79 1342.96 v _151458_/Y (AND2x6_ASAP7_75t_R)
  63.47 1406.43 v wire3415/Y (BUFx16f_ASAP7_75t_R)
  65.43 1471.86 v load_slew3414/Y (BUFx16f_ASAP7_75t_R)
  77.43 1549.29 v wire3413/Y (BUFx16f_ASAP7_75t_R)
  94.25 1643.54 v wire3412/Y (BUFx16f_ASAP7_75t_R)
  48.01 1691.55 v _152190_/Y (AND2x6_ASAP7_75t_R)
  48.87 1740.42 v wire2322/Y (BUFx16f_ASAP7_75t_R)
  42.41 1782.82 v load_slew2321/Y (BUFx16f_ASAP7_75t_R)
  73.31 1856.13 v wire2320/Y (BUFx24_ASAP7_75t_R)
  77.25 1933.38 v wire2319/Y (BUFx16f_ASAP7_75t_R)
  86.55 2019.93 v wire2318/Y (BUFx16f_ASAP7_75t_R)
  66.95 2086.88 v load_slew2317/Y (BUFx16f_ASAP7_75t_R)
 129.66 2216.54 v _230389_/Y (AND3x4_ASAP7_75t_R)
  36.70 2253.25 v wire2092/Y (BUFx16f_ASAP7_75t_R)
  78.11 2331.36 v load_slew2091/Y (BUFx16f_ASAP7_75t_R)
  46.12 2377.47 v wire2090/Y (BUFx16f_ASAP7_75t_R)
  51.63 2429.11 v wire2089/Y (BUFx16f_ASAP7_75t_R)
  80.60 2509.70 ^ _230394_/Y (NAND2x1_ASAP7_75t_R)
  13.13 2522.83 v _230634_/Y (OAI21x1_ASAP7_75t_R)
   0.05 2522.88 v _301091_/D (DFFHQNx1_ASAP7_75t_R)
        2522.88   data arrival time

5500.00 5500.00   clock core_clk (rise edge)
   0.00 5500.00   clock source latency
   0.00 5500.00 ^ clk (in)
  43.78 5543.78 ^ wire4945/Y (BUFx10_ASAP7_75t_R)
  44.99 5588.77 ^ clkbuf_0_clk/Y (BUFx24_ASAP7_75t_R)
  27.72 5616.49 ^ clkbuf_1_0_0_clk/Y (BUFx24_ASAP7_75t_R)
  27.24 5643.73 ^ clkbuf_2_0_0_clk/Y (BUFx24_ASAP7_75t_R)
  24.81 5668.54 ^ clkbuf_3_0_0_clk/Y (BUFx24_ASAP7_75t_R)
  28.23 5696.77 ^ clkbuf_4_1_0_clk/Y (BUFx24_ASAP7_75t_R)
  25.69 5722.46 ^ clkbuf_6_4_0_clk/Y (BUFx24_ASAP7_75t_R)
  21.04 5743.49 ^ clkbuf_7_9__f_clk/Y (BUFx24_ASAP7_75t_R)
  26.02 5769.52 ^ clkbuf_leaf_923_clk/Y (BUFx24_ASAP7_75t_R)
   1.51 5771.03 ^ _301091_/CLK (DFFHQNx1_ASAP7_75t_R)
 -50.00 5721.03   clock uncertainty
   0.00 5721.03   clock reconvergence pessimism
  -2.13 5718.90   library setup time
        5718.90   data required time
---------------------------------------------------------
        5718.90   data required time
        -2522.88   data arrival time
---------------------------------------------------------
        3196.02   slack (MET)


Startpoint: rst (input port clocked by core_clk)
Endpoint: _301198_ (rising edge-triggered flip-flop clocked by core_clk)
Path Group: in2reg
Path Type: max

  Delay    Time   Description
---------------------------------------------------------
   0.00    0.00   clock core_clk (rise edge)
   0.00    0.00   clock network delay (propagated)
1100.00 1100.00 ^ input external delay
   0.00 1100.00 ^ rst (in)
  34.21 1134.21 ^ input106/Y (BUFx8_ASAP7_75t_R)
  32.01 1166.22 v _151342_/Y (INVx3_ASAP7_75t_R)
  26.42 1192.65 v load_slew4515/Y (BUFx16f_ASAP7_75t_R)
  28.05 1220.69 v load_slew4436/Y (BUFx16f_ASAP7_75t_R)
  62.48 1283.18 v load_slew4430/Y (BUFx16f_ASAP7_75t_R)
  59.79 1342.96 v _151458_/Y (AND2x6_ASAP7_75t_R)
  63.47 1406.43 v wire3415/Y (BUFx16f_ASAP7_75t_R)
  65.43 1471.86 v load_slew3414/Y (BUFx16f_ASAP7_75t_R)
  77.43 1549.29 v wire3413/Y (BUFx16f_ASAP7_75t_R)
  94.25 1643.54 v wire3412/Y (BUFx16f_ASAP7_75t_R)
  48.01 1691.55 v _152190_/Y (AND2x6_ASAP7_75t_R)
  48.87 1740.42 v wire2322/Y (BUFx16f_ASAP7_75t_R)
  42.41 1782.82 v load_slew2321/Y (BUFx16f_ASAP7_75t_R)
  73.31 1856.13 v wire2320/Y (BUFx24_ASAP7_75t_R)
  77.25 1933.38 v wire2319/Y (BUFx16f_ASAP7_75t_R)
  86.55 2019.93 v wire2318/Y (BUFx16f_ASAP7_75t_R)
  66.95 2086.88 v load_slew2317/Y (BUFx16f_ASAP7_75t_R)
 129.66 2216.54 v _230389_/Y (AND3x4_ASAP7_75t_R)
  36.70 2253.25 v wire2092/Y (BUFx16f_ASAP7_75t_R)
  78.11 2331.36 v load_slew2091/Y (BUFx16f_ASAP7_75t_R)
  46.12 2377.47 v wire2090/Y (BUFx16f_ASAP7_75t_R)
  51.63 2429.11 v wire2089/Y (BUFx16f_ASAP7_75t_R)
  80.60 2509.70 ^ _230394_/Y (NAND2x1_ASAP7_75t_R)
  12.69 2522.39 v _230395_/Y (OAI21x1_ASAP7_75t_R)
   0.03 2522.43 v _301198_/D (DFFHQNx1_ASAP7_75t_R)
        2522.43   data arrival time

5500.00 5500.00   clock core_clk (rise edge)
   0.00 5500.00   clock source latency
   0.00 5500.00 ^ clk (in)
  43.78 5543.78 ^ wire4945/Y (BUFx10_ASAP7_75t_R)
  44.99 5588.77 ^ clkbuf_0_clk/Y (BUFx24_ASAP7_75t_R)
  27.72 5616.49 ^ clkbuf_1_0_0_clk/Y (BUFx24_ASAP7_75t_R)
  27.24 5643.73 ^ clkbuf_2_0_0_clk/Y (BUFx24_ASAP7_75t_R)
  24.81 5668.54 ^ clkbuf_3_0_0_clk/Y (BUFx24_ASAP7_75t_R)
  28.23 5696.77 ^ clkbuf_4_1_0_clk/Y (BUFx24_ASAP7_75t_R)
  25.32 5722.09 ^ clkbuf_6_5_0_clk/Y (BUFx24_ASAP7_75t_R)
  20.39 5742.48 ^ clkbuf_7_11__f_clk/Y (BUFx24_ASAP7_75t_R)
  28.45 5770.93 ^ clkbuf_leaf_890_clk/Y (BUFx24_ASAP7_75t_R)
   1.13 5772.06 ^ _301198_/CLK (DFFHQNx1_ASAP7_75t_R)
 -50.00 5722.06   clock uncertainty
   0.00 5722.06   clock reconvergence pessimism
  -2.28 5719.78   library setup time
        5719.78   data required time
---------------------------------------------------------
        5719.78   data required time
        -2522.43   data arrival time
---------------------------------------------------------
        3197.35   slack (MET)


Startpoint: rst (input port clocked by core_clk)
Endpoint: _300674_ (rising edge-triggered flip-flop clocked by core_clk)
Path Group: in2reg
Path Type: max

  Delay    Time   Description
---------------------------------------------------------
   0.00    0.00   clock core_clk (rise edge)
   0.00    0.00   clock network delay (propagated)
1100.00 1100.00 ^ input external delay
   0.00 1100.00 ^ rst (in)
  34.21 1134.21 ^ input106/Y (BUFx8_ASAP7_75t_R)
  32.01 1166.22 v _151342_/Y (INVx3_ASAP7_75t_R)
  26.42 1192.65 v load_slew4515/Y (BUFx16f_ASAP7_75t_R)
  28.05 1220.69 v load_slew4436/Y (BUFx16f_ASAP7_75t_R)
  62.48 1283.18 v load_slew4430/Y (BUFx16f_ASAP7_75t_R)
  59.79 1342.96 v _151458_/Y (AND2x6_ASAP7_75t_R)
  63.47 1406.43 v wire3415/Y (BUFx16f_ASAP7_75t_R)
  65.43 1471.86 v load_slew3414/Y (BUFx16f_ASAP7_75t_R)
  77.43 1549.29 v wire3413/Y (BUFx16f_ASAP7_75t_R)
  94.25 1643.54 v wire3412/Y (BUFx16f_ASAP7_75t_R)
  48.01 1691.55 v _152190_/Y (AND2x6_ASAP7_75t_R)
  48.87 1740.42 v wire2322/Y (BUFx16f_ASAP7_75t_R)
  42.41 1782.82 v load_slew2321/Y (BUFx16f_ASAP7_75t_R)
  73.31 1856.13 v wire2320/Y (BUFx24_ASAP7_75t_R)
  77.25 1933.38 v wire2319/Y (BUFx16f_ASAP7_75t_R)
  86.55 2019.93 v wire2318/Y (BUFx16f_ASAP7_75t_R)
  66.95 2086.88 v load_slew2317/Y (BUFx16f_ASAP7_75t_R)
 139.74 2226.62 v _228797_/Y (AND3x4_ASAP7_75t_R)
  75.76 2302.38 v load_slew2108/Y (BUFx16f_ASAP7_75t_R)
  60.93 2363.31 v load_slew2107/Y (BUFx16f_ASAP7_75t_R)
  59.63 2422.95 v load_slew2106/Y (BUFx16f_ASAP7_75t_R)
  78.87 2501.82 ^ _228802_/Y (NAND2x1_ASAP7_75t_R)
  13.20 2515.02 v _229388_/Y (OAI21x1_ASAP7_75t_R)
   0.05 2515.07 v _300674_/D (DFFHQNx1_ASAP7_75t_R)
        2515.07   data arrival time

5500.00 5500.00   clock core_clk (rise edge)
   0.00 5500.00   clock source latency
   0.00 5500.00 ^ clk (in)
  43.78 5543.78 ^ wire4945/Y (BUFx10_ASAP7_75t_R)
  44.99 5588.77 ^ clkbuf_0_clk/Y (BUFx24_ASAP7_75t_R)
  27.72 5616.49 ^ clkbuf_1_0_0_clk/Y (BUFx24_ASAP7_75t_R)
  27.24 5643.73 ^ clkbuf_2_0_0_clk/Y (BUFx24_ASAP7_75t_R)
  24.81 5668.54 ^ clkbuf_3_0_0_clk/Y (BUFx24_ASAP7_75t_R)
  28.23 5696.77 ^ clkbuf_4_1_0_clk/Y (BUFx24_ASAP7_75t_R)
  25.69 5722.46 ^ clkbuf_6_4_0_clk/Y (BUFx24_ASAP7_75t_R)
  21.04 5743.49 ^ clkbuf_7_9__f_clk/Y (BUFx24_ASAP7_75t_R)
  26.02 5769.52 ^ clkbuf_leaf_923_clk/Y (BUFx24_ASAP7_75t_R)
   2.62 5772.14 ^ _300674_/CLK (DFFHQNx1_ASAP7_75t_R)
 -50.00 5722.14   clock uncertainty
   0.00 5722.14   clock reconvergence pessimism
  -1.72 5720.42   library setup time
        5720.42   data required time
---------------------------------------------------------
        5720.42   data required time
        -2515.07   data arrival time
---------------------------------------------------------
        3205.35   slack (MET)


Startpoint: rst (input port clocked by core_clk)
Endpoint: _300781_ (rising edge-triggered flip-flop clocked by core_clk)
Path Group: in2reg
Path Type: max

  Delay    Time   Description
---------------------------------------------------------
   0.00    0.00   clock core_clk (rise edge)
   0.00    0.00   clock network delay (propagated)
1100.00 1100.00 ^ input external delay
   0.00 1100.00 ^ rst (in)
  34.21 1134.21 ^ input106/Y (BUFx8_ASAP7_75t_R)
  32.01 1166.22 v _151342_/Y (INVx3_ASAP7_75t_R)
  26.42 1192.65 v load_slew4515/Y (BUFx16f_ASAP7_75t_R)
  28.05 1220.69 v load_slew4436/Y (BUFx16f_ASAP7_75t_R)
  62.48 1283.18 v load_slew4430/Y (BUFx16f_ASAP7_75t_R)
  59.79 1342.96 v _151458_/Y (AND2x6_ASAP7_75t_R)
  63.47 1406.43 v wire3415/Y (BUFx16f_ASAP7_75t_R)
  65.43 1471.86 v load_slew3414/Y (BUFx16f_ASAP7_75t_R)
  77.43 1549.29 v wire3413/Y (BUFx16f_ASAP7_75t_R)
  94.25 1643.54 v wire3412/Y (BUFx16f_ASAP7_75t_R)
  48.01 1691.55 v _152190_/Y (AND2x6_ASAP7_75t_R)
  48.87 1740.42 v wire2322/Y (BUFx16f_ASAP7_75t_R)
  42.41 1782.82 v load_slew2321/Y (BUFx16f_ASAP7_75t_R)
  73.31 1856.13 v wire2320/Y (BUFx24_ASAP7_75t_R)
  77.25 1933.38 v wire2319/Y (BUFx16f_ASAP7_75t_R)
  86.55 2019.93 v wire2318/Y (BUFx16f_ASAP7_75t_R)
  66.95 2086.88 v load_slew2317/Y (BUFx16f_ASAP7_75t_R)
 139.74 2226.62 v _228797_/Y (AND3x4_ASAP7_75t_R)
  75.76 2302.38 v load_slew2108/Y (BUFx16f_ASAP7_75t_R)
  60.93 2363.31 v load_slew2107/Y (BUFx16f_ASAP7_75t_R)
  59.63 2422.95 v load_slew2106/Y (BUFx16f_ASAP7_75t_R)
  78.87 2501.82 ^ _228802_/Y (NAND2x1_ASAP7_75t_R)
  13.17 2514.99 v _228803_/Y (OAI21x1_ASAP7_75t_R)
   0.05 2515.04 v _300781_/D (DFFHQNx1_ASAP7_75t_R)
        2515.04   data arrival time

5500.00 5500.00   clock core_clk (rise edge)
   0.00 5500.00   clock source latency
   0.00 5500.00 ^ clk (in)
  43.78 5543.78 ^ wire4945/Y (BUFx10_ASAP7_75t_R)
  44.99 5588.77 ^ clkbuf_0_clk/Y (BUFx24_ASAP7_75t_R)
  27.72 5616.49 ^ clkbuf_1_0_0_clk/Y (BUFx24_ASAP7_75t_R)
  27.24 5643.73 ^ clkbuf_2_0_0_clk/Y (BUFx24_ASAP7_75t_R)
  24.81 5668.54 ^ clkbuf_3_0_0_clk/Y (BUFx24_ASAP7_75t_R)
  28.23 5696.77 ^ clkbuf_4_1_0_clk/Y (BUFx24_ASAP7_75t_R)
  25.69 5722.46 ^ clkbuf_6_4_0_clk/Y (BUFx24_ASAP7_75t_R)
  21.04 5743.49 ^ clkbuf_7_9__f_clk/Y (BUFx24_ASAP7_75t_R)
  26.02 5769.52 ^ clkbuf_leaf_923_clk/Y (BUFx24_ASAP7_75t_R)
   2.69 5772.21 ^ _300781_/CLK (DFFHQNx1_ASAP7_75t_R)
 -50.00 5722.21   clock uncertainty
   0.00 5722.21   clock reconvergence pessimism
  -1.71 5720.50   library setup time
        5720.50   data required time
---------------------------------------------------------
        5720.50   data required time
        -2515.04   data arrival time
---------------------------------------------------------
        3205.45   slack (MET)


Startpoint: rst (input port clocked by core_clk)
Endpoint: _301090_ (rising edge-triggered flip-flop clocked by core_clk)
Path Group: in2reg
Path Type: max

  Delay    Time   Description
---------------------------------------------------------
   0.00    0.00   clock core_clk (rise edge)
   0.00    0.00   clock network delay (propagated)
1100.00 1100.00 ^ input external delay
   0.00 1100.00 ^ rst (in)
  34.21 1134.21 ^ input106/Y (BUFx8_ASAP7_75t_R)
  32.01 1166.22 v _151342_/Y (INVx3_ASAP7_75t_R)
  26.42 1192.65 v load_slew4515/Y (BUFx16f_ASAP7_75t_R)
  28.05 1220.69 v load_slew4436/Y (BUFx16f_ASAP7_75t_R)
  62.48 1283.18 v load_slew4430/Y (BUFx16f_ASAP7_75t_R)
  59.79 1342.96 v _151458_/Y (AND2x6_ASAP7_75t_R)
  63.47 1406.43 v wire3415/Y (BUFx16f_ASAP7_75t_R)
  65.43 1471.86 v load_slew3414/Y (BUFx16f_ASAP7_75t_R)
  77.43 1549.29 v wire3413/Y (BUFx16f_ASAP7_75t_R)
  94.25 1643.54 v wire3412/Y (BUFx16f_ASAP7_75t_R)
  48.01 1691.55 v _152190_/Y (AND2x6_ASAP7_75t_R)
  48.87 1740.42 v wire2322/Y (BUFx16f_ASAP7_75t_R)
  42.41 1782.82 v load_slew2321/Y (BUFx16f_ASAP7_75t_R)
  73.31 1856.13 v wire2320/Y (BUFx24_ASAP7_75t_R)
  77.25 1933.38 v wire2319/Y (BUFx16f_ASAP7_75t_R)
  86.55 2019.93 v wire2318/Y (BUFx16f_ASAP7_75t_R)
  66.95 2086.88 v load_slew2317/Y (BUFx16f_ASAP7_75t_R)
 129.66 2216.54 v _230389_/Y (AND3x4_ASAP7_75t_R)
  36.70 2253.25 v wire2092/Y (BUFx16f_ASAP7_75t_R)
  78.11 2331.36 v load_slew2091/Y (BUFx16f_ASAP7_75t_R)
  46.12 2377.47 v wire2090/Y (BUFx16f_ASAP7_75t_R)
  51.63 2429.11 v wire2089/Y (BUFx16f_ASAP7_75t_R)
  70.08 2499.19 ^ _230398_/Y (NAND2x1_ASAP7_75t_R)
  13.28 2512.47 v _230635_/Y (OAI21x1_ASAP7_75t_R)
   0.07 2512.54 v _301090_/D (DFFHQNx1_ASAP7_75t_R)
        2512.54   data arrival time

5500.00 5500.00   clock core_clk (rise edge)
   0.00 5500.00   clock source latency
   0.00 5500.00 ^ clk (in)
  43.78 5543.78 ^ wire4945/Y (BUFx10_ASAP7_75t_R)
  44.99 5588.77 ^ clkbuf_0_clk/Y (BUFx24_ASAP7_75t_R)
  27.72 5616.49 ^ clkbuf_1_0_0_clk/Y (BUFx24_ASAP7_75t_R)
  27.24 5643.73 ^ clkbuf_2_0_0_clk/Y (BUFx24_ASAP7_75t_R)
  24.81 5668.54 ^ clkbuf_3_0_0_clk/Y (BUFx24_ASAP7_75t_R)
  28.23 5696.77 ^ clkbuf_4_1_0_clk/Y (BUFx24_ASAP7_75t_R)
  25.69 5722.46 ^ clkbuf_6_4_0_clk/Y (BUFx24_ASAP7_75t_R)
  21.04 5743.49 ^ clkbuf_7_9__f_clk/Y (BUFx24_ASAP7_75t_R)
  25.23 5768.72 ^ clkbuf_leaf_924_clk/Y (BUFx24_ASAP7_75t_R)
   1.45 5770.17 ^ _301090_/CLK (DFFHQNx1_ASAP7_75t_R)
 -50.00 5720.17   clock uncertainty
   0.00 5720.17   clock reconvergence pessimism
  -1.92 5718.25   library setup time
        5718.25   data required time
---------------------------------------------------------
        5718.25   data required time
        -2512.54   data arrival time
---------------------------------------------------------
        3205.71   slack (MET)


Startpoint: rst (input port clocked by core_clk)
Endpoint: _301197_ (rising edge-triggered flip-flop clocked by core_clk)
Path Group: in2reg
Path Type: max

  Delay    Time   Description
---------------------------------------------------------
   0.00    0.00   clock core_clk (rise edge)
   0.00    0.00   clock network delay (propagated)
1100.00 1100.00 ^ input external delay
   0.00 1100.00 ^ rst (in)
  34.21 1134.21 ^ input106/Y (BUFx8_ASAP7_75t_R)
  32.01 1166.22 v _151342_/Y (INVx3_ASAP7_75t_R)
  26.42 1192.65 v load_slew4515/Y (BUFx16f_ASAP7_75t_R)
  28.05 1220.69 v load_slew4436/Y (BUFx16f_ASAP7_75t_R)
  62.48 1283.18 v load_slew4430/Y (BUFx16f_ASAP7_75t_R)
  59.79 1342.96 v _151458_/Y (AND2x6_ASAP7_75t_R)
  63.47 1406.43 v wire3415/Y (BUFx16f_ASAP7_75t_R)
  65.43 1471.86 v load_slew3414/Y (BUFx16f_ASAP7_75t_R)
  77.43 1549.29 v wire3413/Y (BUFx16f_ASAP7_75t_R)
  94.25 1643.54 v wire3412/Y (BUFx16f_ASAP7_75t_R)
  48.01 1691.55 v _152190_/Y (AND2x6_ASAP7_75t_R)
  48.87 1740.42 v wire2322/Y (BUFx16f_ASAP7_75t_R)
  42.41 1782.82 v load_slew2321/Y (BUFx16f_ASAP7_75t_R)
  73.31 1856.13 v wire2320/Y (BUFx24_ASAP7_75t_R)
  77.25 1933.38 v wire2319/Y (BUFx16f_ASAP7_75t_R)
  86.55 2019.93 v wire2318/Y (BUFx16f_ASAP7_75t_R)
  66.95 2086.88 v load_slew2317/Y (BUFx16f_ASAP7_75t_R)
 129.66 2216.54 v _230389_/Y (AND3x4_ASAP7_75t_R)
  36.70 2253.25 v wire2092/Y (BUFx16f_ASAP7_75t_R)
  78.11 2331.36 v load_slew2091/Y (BUFx16f_ASAP7_75t_R)
  46.12 2377.47 v wire2090/Y (BUFx16f_ASAP7_75t_R)
  51.63 2429.11 v wire2089/Y (BUFx16f_ASAP7_75t_R)
  70.08 2499.19 ^ _230398_/Y (NAND2x1_ASAP7_75t_R)
  12.87 2512.06 v _230399_/Y (OAI21x1_ASAP7_75t_R)
   0.05 2512.11 v _301197_/D (DFFHQNx1_ASAP7_75t_R)
        2512.11   data arrival time

5500.00 5500.00   clock core_clk (rise edge)
   0.00 5500.00   clock source latency
   0.00 5500.00 ^ clk (in)
  43.78 5543.78 ^ wire4945/Y (BUFx10_ASAP7_75t_R)
  44.99 5588.77 ^ clkbuf_0_clk/Y (BUFx24_ASAP7_75t_R)
  27.72 5616.49 ^ clkbuf_1_0_0_clk/Y (BUFx24_ASAP7_75t_R)
  27.24 5643.73 ^ clkbuf_2_0_0_clk/Y (BUFx24_ASAP7_75t_R)
  24.81 5668.54 ^ clkbuf_3_0_0_clk/Y (BUFx24_ASAP7_75t_R)
  28.23 5696.77 ^ clkbuf_4_1_0_clk/Y (BUFx24_ASAP7_75t_R)
  25.69 5722.46 ^ clkbuf_6_4_0_clk/Y (BUFx24_ASAP7_75t_R)
  21.04 5743.49 ^ clkbuf_7_9__f_clk/Y (BUFx24_ASAP7_75t_R)
  25.23 5768.72 ^ clkbuf_leaf_924_clk/Y (BUFx24_ASAP7_75t_R)
   1.77 5770.49 ^ _301197_/CLK (DFFHQNx1_ASAP7_75t_R)
 -50.00 5720.49   clock uncertainty
   0.00 5720.49   clock reconvergence pessimism
  -1.71 5718.78   library setup time
        5718.78   data required time
---------------------------------------------------------
        5718.78   data required time
        -2512.11   data arrival time
---------------------------------------------------------
        3206.67   slack (MET)


Startpoint: rst (input port clocked by core_clk)
Endpoint: _301109_ (rising edge-triggered flip-flop clocked by core_clk)
Path Group: in2reg
Path Type: max

  Delay    Time   Description
---------------------------------------------------------
   0.00    0.00   clock core_clk (rise edge)
   0.00    0.00   clock network delay (propagated)
1100.00 1100.00 ^ input external delay
   0.00 1100.00 ^ rst (in)
  34.21 1134.21 ^ input106/Y (BUFx8_ASAP7_75t_R)
  32.01 1166.22 v _151342_/Y (INVx3_ASAP7_75t_R)
  26.42 1192.65 v load_slew4515/Y (BUFx16f_ASAP7_75t_R)
  28.05 1220.69 v load_slew4436/Y (BUFx16f_ASAP7_75t_R)
  62.48 1283.18 v load_slew4430/Y (BUFx16f_ASAP7_75t_R)
  59.79 1342.96 v _151458_/Y (AND2x6_ASAP7_75t_R)
  63.47 1406.43 v wire3415/Y (BUFx16f_ASAP7_75t_R)
  65.43 1471.86 v load_slew3414/Y (BUFx16f_ASAP7_75t_R)
  77.43 1549.29 v wire3413/Y (BUFx16f_ASAP7_75t_R)
  94.25 1643.54 v wire3412/Y (BUFx16f_ASAP7_75t_R)
  48.01 1691.55 v _152190_/Y (AND2x6_ASAP7_75t_R)
  48.87 1740.42 v wire2322/Y (BUFx16f_ASAP7_75t_R)
  42.41 1782.82 v load_slew2321/Y (BUFx16f_ASAP7_75t_R)
  73.31 1856.13 v wire2320/Y (BUFx24_ASAP7_75t_R)
  77.25 1933.38 v wire2319/Y (BUFx16f_ASAP7_75t_R)
  86.55 2019.93 v wire2318/Y (BUFx16f_ASAP7_75t_R)
  66.95 2086.88 v load_slew2317/Y (BUFx16f_ASAP7_75t_R)
 129.66 2216.54 v _230389_/Y (AND3x4_ASAP7_75t_R)
  36.70 2253.25 v wire2092/Y (BUFx16f_ASAP7_75t_R)
  78.11 2331.36 v load_slew2091/Y (BUFx16f_ASAP7_75t_R)
  46.12 2377.47 v wire2090/Y (BUFx16f_ASAP7_75t_R)
  51.63 2429.11 v wire2089/Y (BUFx16f_ASAP7_75t_R)
  59.42 2488.53 ^ _230587_/Y (NOR2x1_ASAP7_75t_R)
  15.97 2504.50 ^ _230588_/Y (AO21x1_ASAP7_75t_R)
   0.11 2504.61 ^ _301109_/D (DFFHQNx1_ASAP7_75t_R)
        2504.61   data arrival time

5500.00 5500.00   clock core_clk (rise edge)
   0.00 5500.00   clock source latency
   0.00 5500.00 ^ clk (in)
  43.78 5543.78 ^ wire4945/Y (BUFx10_ASAP7_75t_R)
  44.99 5588.77 ^ clkbuf_0_clk/Y (BUFx24_ASAP7_75t_R)
  27.72 5616.49 ^ clkbuf_1_0_0_clk/Y (BUFx24_ASAP7_75t_R)
  27.24 5643.73 ^ clkbuf_2_0_0_clk/Y (BUFx24_ASAP7_75t_R)
  24.81 5668.54 ^ clkbuf_3_0_0_clk/Y (BUFx24_ASAP7_75t_R)
  28.23 5696.77 ^ clkbuf_4_1_0_clk/Y (BUFx24_ASAP7_75t_R)
  25.69 5722.46 ^ clkbuf_6_4_0_clk/Y (BUFx24_ASAP7_75t_R)
  21.02 5743.48 ^ clkbuf_7_8__f_clk/Y (BUFx24_ASAP7_75t_R)
  25.03 5768.51 ^ clkbuf_leaf_927_clk/Y (BUFx24_ASAP7_75t_R)
   0.66 5769.17 ^ _301109_/CLK (DFFHQNx1_ASAP7_75t_R)
 -50.00 5719.17   clock uncertainty
   0.00 5719.17   clock reconvergence pessimism
  -6.65 5712.52   library setup time
        5712.52   data required time
---------------------------------------------------------
        5712.52   data required time
        -2504.61   data arrival time
---------------------------------------------------------
        3207.91   slack (MET)


Startpoint: rst (input port clocked by core_clk)
Endpoint: _301106_ (rising edge-triggered flip-flop clocked by core_clk)
Path Group: in2reg
Path Type: max

  Delay    Time   Description
---------------------------------------------------------
   0.00    0.00   clock core_clk (rise edge)
   0.00    0.00   clock network delay (propagated)
1100.00 1100.00 ^ input external delay
   0.00 1100.00 ^ rst (in)
  34.21 1134.21 ^ input106/Y (BUFx8_ASAP7_75t_R)
  32.01 1166.22 v _151342_/Y (INVx3_ASAP7_75t_R)
  26.42 1192.65 v load_slew4515/Y (BUFx16f_ASAP7_75t_R)
  28.05 1220.69 v load_slew4436/Y (BUFx16f_ASAP7_75t_R)
  62.48 1283.18 v load_slew4430/Y (BUFx16f_ASAP7_75t_R)
  59.79 1342.96 v _151458_/Y (AND2x6_ASAP7_75t_R)
  63.47 1406.43 v wire3415/Y (BUFx16f_ASAP7_75t_R)
  65.43 1471.86 v load_slew3414/Y (BUFx16f_ASAP7_75t_R)
  77.43 1549.29 v wire3413/Y (BUFx16f_ASAP7_75t_R)
  94.25 1643.54 v wire3412/Y (BUFx16f_ASAP7_75t_R)
  48.01 1691.55 v _152190_/Y (AND2x6_ASAP7_75t_R)
  48.87 1740.42 v wire2322/Y (BUFx16f_ASAP7_75t_R)
  42.41 1782.82 v load_slew2321/Y (BUFx16f_ASAP7_75t_R)
  73.31 1856.13 v wire2320/Y (BUFx24_ASAP7_75t_R)
  77.25 1933.38 v wire2319/Y (BUFx16f_ASAP7_75t_R)
  86.55 2019.93 v wire2318/Y (BUFx16f_ASAP7_75t_R)
  66.95 2086.88 v load_slew2317/Y (BUFx16f_ASAP7_75t_R)
 129.66 2216.54 v _230389_/Y (AND3x4_ASAP7_75t_R)
  36.70 2253.25 v wire2092/Y (BUFx16f_ASAP7_75t_R)
  78.11 2331.36 v load_slew2091/Y (BUFx16f_ASAP7_75t_R)
  46.12 2377.47 v wire2090/Y (BUFx16f_ASAP7_75t_R)
  51.63 2429.11 v wire2089/Y (BUFx16f_ASAP7_75t_R)
  61.11 2490.22 ^ _230593_/Y (NOR2x1_ASAP7_75t_R)
  15.37 2505.59 ^ _230594_/Y (AO21x1_ASAP7_75t_R)
   0.05 2505.64 ^ _301106_/D (DFFHQNx1_ASAP7_75t_R)
        2505.64   data arrival time

5500.00 5500.00   clock core_clk (rise edge)
   0.00 5500.00   clock source latency
   0.00 5500.00 ^ clk (in)
  43.78 5543.78 ^ wire4945/Y (BUFx10_ASAP7_75t_R)
  44.99 5588.77 ^ clkbuf_0_clk/Y (BUFx24_ASAP7_75t_R)
  27.72 5616.49 ^ clkbuf_1_0_0_clk/Y (BUFx24_ASAP7_75t_R)
  27.24 5643.73 ^ clkbuf_2_0_0_clk/Y (BUFx24_ASAP7_75t_R)
  24.81 5668.54 ^ clkbuf_3_0_0_clk/Y (BUFx24_ASAP7_75t_R)
  28.23 5696.77 ^ clkbuf_4_1_0_clk/Y (BUFx24_ASAP7_75t_R)
  25.69 5722.46 ^ clkbuf_6_4_0_clk/Y (BUFx24_ASAP7_75t_R)
  21.04 5743.49 ^ clkbuf_7_9__f_clk/Y (BUFx24_ASAP7_75t_R)
  26.57 5770.06 ^ clkbuf_leaf_910_clk/Y (BUFx24_ASAP7_75t_R)
   0.94 5771.00 ^ _301106_/CLK (DFFHQNx1_ASAP7_75t_R)
 -50.00 5721.00   clock uncertainty
   0.00 5721.00   clock reconvergence pessimism
  -6.27 5714.73   library setup time
        5714.73   data required time
---------------------------------------------------------
        5714.73   data required time
        -2505.64   data arrival time
---------------------------------------------------------
        3209.09   slack (MET)


Startpoint: rst (input port clocked by core_clk)
Endpoint: _300780_ (rising edge-triggered flip-flop clocked by core_clk)
Path Group: in2reg
Path Type: max

  Delay    Time   Description
---------------------------------------------------------
   0.00    0.00   clock core_clk (rise edge)
   0.00    0.00   clock network delay (propagated)
1100.00 1100.00 ^ input external delay
   0.00 1100.00 ^ rst (in)
  34.21 1134.21 ^ input106/Y (BUFx8_ASAP7_75t_R)
  32.01 1166.22 v _151342_/Y (INVx3_ASAP7_75t_R)
  26.42 1192.65 v load_slew4515/Y (BUFx16f_ASAP7_75t_R)
  28.05 1220.69 v load_slew4436/Y (BUFx16f_ASAP7_75t_R)
  62.48 1283.18 v load_slew4430/Y (BUFx16f_ASAP7_75t_R)
  59.79 1342.96 v _151458_/Y (AND2x6_ASAP7_75t_R)
  63.47 1406.43 v wire3415/Y (BUFx16f_ASAP7_75t_R)
  65.43 1471.86 v load_slew3414/Y (BUFx16f_ASAP7_75t_R)
  77.43 1549.29 v wire3413/Y (BUFx16f_ASAP7_75t_R)
  94.25 1643.54 v wire3412/Y (BUFx16f_ASAP7_75t_R)
  48.01 1691.55 v _152190_/Y (AND2x6_ASAP7_75t_R)
  48.87 1740.42 v wire2322/Y (BUFx16f_ASAP7_75t_R)
  42.41 1782.82 v load_slew2321/Y (BUFx16f_ASAP7_75t_R)
  73.31 1856.13 v wire2320/Y (BUFx24_ASAP7_75t_R)
  77.25 1933.38 v wire2319/Y (BUFx16f_ASAP7_75t_R)
  86.55 2019.93 v wire2318/Y (BUFx16f_ASAP7_75t_R)
  66.95 2086.88 v load_slew2317/Y (BUFx16f_ASAP7_75t_R)
 139.74 2226.62 v _228797_/Y (AND3x4_ASAP7_75t_R)
  75.76 2302.38 v load_slew2108/Y (BUFx16f_ASAP7_75t_R)
  60.93 2363.31 v load_slew2107/Y (BUFx16f_ASAP7_75t_R)
  59.63 2422.95 v load_slew2106/Y (BUFx16f_ASAP7_75t_R)
  72.28 2495.23 ^ _228806_/Y (NAND2x1_ASAP7_75t_R)
  12.79 2508.02 v _228807_/Y (OAI21x1_ASAP7_75t_R)
   0.07 2508.09 v _300780_/D (DFFHQNx1_ASAP7_75t_R)
        2508.09   data arrival time

5500.00 5500.00   clock core_clk (rise edge)
   0.00 5500.00   clock source latency
   0.00 5500.00 ^ clk (in)
  43.78 5543.78 ^ wire4945/Y (BUFx10_ASAP7_75t_R)
  44.99 5588.77 ^ clkbuf_0_clk/Y (BUFx24_ASAP7_75t_R)
  27.72 5616.49 ^ clkbuf_1_0_0_clk/Y (BUFx24_ASAP7_75t_R)
  27.24 5643.73 ^ clkbuf_2_0_0_clk/Y (BUFx24_ASAP7_75t_R)
  24.81 5668.54 ^ clkbuf_3_0_0_clk/Y (BUFx24_ASAP7_75t_R)
  28.23 5696.77 ^ clkbuf_4_1_0_clk/Y (BUFx24_ASAP7_75t_R)
  25.69 5722.46 ^ clkbuf_6_4_0_clk/Y (BUFx24_ASAP7_75t_R)
  21.04 5743.49 ^ clkbuf_7_9__f_clk/Y (BUFx24_ASAP7_75t_R)
  25.52 5769.02 ^ clkbuf_leaf_925_clk/Y (BUFx24_ASAP7_75t_R)
   2.07 5771.09 ^ _300780_/CLK (DFFHQNx1_ASAP7_75t_R)
 -50.00 5721.09   clock uncertainty
   0.00 5721.09   clock reconvergence pessimism
  -1.71 5719.38   library setup time
        5719.38   data required time
---------------------------------------------------------
        5719.38   data required time
        -2508.09   data arrival time
---------------------------------------------------------
        3211.29   slack (MET)


