[WARNING STA-0502] report_checks -endpoint_count is deprecated. Use -endpoint_path_count instead.
Startpoint: dmem_rsp_valid (input port clocked by core_clk)
Endpoint: _337831_ (rising edge-triggered flip-flop clocked by core_clk)
Path Group: in2reg
Path Type: max

  Delay    Time   Description
---------------------------------------------------------
   0.00    0.00   clock core_clk (rise edge)
   0.00    0.00   clock network delay (propagated)
2400.00 2400.00 v input external delay
   0.00 2400.00 v dmem_rsp_valid (in)
  26.43 2426.43 v input70/Y (BUFx2_ASAP7_75t_R)
  12.68 2439.11 ^ _167216_/Y (INVx1_ASAP7_75t_R)
  15.74 2454.85 ^ _167218_/Y (OR4x1_ASAP7_75t_R)
  13.61 2468.47 ^ _167221_/Y (OR4x1_ASAP7_75t_R)
  24.35 2492.81 ^ _167253_/Y (AND3x1_ASAP7_75t_R)
  18.00 2510.81 v _167254_/Y (INVx1_ASAP7_75t_R)
  60.73 2571.55 v _167255_/Y (AO22x1_ASAP7_75t_R)
 127.94 2699.48 v _170735_/Y (AO21x1_ASAP7_75t_R)
 117.07 2816.56 ^ _171503_/Y (NAND2x2_ASAP7_75t_R)
  34.33 2850.89 ^ load_slew2237/Y (BUFx16f_ASAP7_75t_R)
  42.99 2893.88 ^ wire2227/Y (BUFx16f_ASAP7_75t_R)
  76.22 2970.10 ^ _172793_/Y (AND2x2_ASAP7_75t_R)
  66.24 3036.34 ^ _175790_/Y (AND2x4_ASAP7_75t_R)
  33.85 3070.19 ^ load_slew1293/Y (BUFx16f_ASAP7_75t_R)
 121.48 3191.67 ^ _242852_/Y (AO221x1_ASAP7_75t_R)
 117.13 3308.80 ^ _242854_/Y (AND2x2_ASAP7_75t_R)
 154.09 3462.89 ^ _242855_/Y (AND3x1_ASAP7_75t_R)
  30.89 3493.78 v _242983_/Y (NAND2x1_ASAP7_75t_R)
  17.79 3511.57 ^ _242984_/Y (INVx1_ASAP7_75t_R)
  31.38 3542.95 ^ _242985_/Y (AND3x1_ASAP7_75t_R)
  32.96 3575.92 ^ _242986_/Y (AND3x1_ASAP7_75t_R)
  29.42 3605.34 ^ _242987_/Y (AND3x1_ASAP7_75t_R)
  24.56 3629.90 ^ _242988_/Y (AND2x2_ASAP7_75t_R)
  32.45 3662.34 ^ _242989_/Y (AND3x1_ASAP7_75t_R)
  32.54 3694.88 ^ _242990_/Y (AND3x1_ASAP7_75t_R)
  26.31 3721.20 ^ _243005_/Y (AND3x1_ASAP7_75t_R)
  22.06 3743.26 ^ _243006_/Y (AND2x2_ASAP7_75t_R)
  27.96 3771.22 ^ _243014_/Y (AND3x1_ASAP7_75t_R)
  34.56 3805.78 ^ _243044_/Y (AND4x1_ASAP7_75t_R)
  25.49 3831.27 ^ _243052_/Y (AND3x1_ASAP7_75t_R)
  17.87 3849.13 ^ _243196_/Y (AND2x2_ASAP7_75t_R)
  21.37 3870.50 ^ _243197_/Y (XNOR2x2_ASAP7_75t_R)
  14.68 3885.18 ^ _243200_/Y (AO21x1_ASAP7_75t_R)
   7.41 3892.59 v _243201_/Y (NAND2x1_ASAP7_75t_R)
   9.53 3902.12 ^ _243203_/Y (NAND2x1_ASAP7_75t_R)
  34.85 3936.97 ^ _243204_/Y (AND4x2_ASAP7_75t_R)
  22.13 3959.10 ^ wire569/Y (BUFx16f_ASAP7_75t_R)
  56.83 4015.92 ^ wire568/Y (BUFx16f_ASAP7_75t_R)
  56.40 4072.32 ^ load_slew567/Y (BUFx16f_ASAP7_75t_R)
  35.33 4107.66 ^ _248226_/Y (OA21x2_ASAP7_75t_R)
   0.08 4107.73 ^ _337831_/D (DFFHQNx1_ASAP7_75t_R)
        4107.73   data arrival time

12000.00 12000.00   clock core_clk (rise edge)
   0.00 12000.00   clock source latency
   0.00 12000.00 ^ clk (in)
  50.14 12050.14 ^ wire5603/Y (BUFx12_ASAP7_75t_R)
  49.80 12099.94 ^ clkbuf_0_clk/Y (BUFx24_ASAP7_75t_R)
  27.55 12127.48 ^ clkbuf_1_0_0_clk/Y (BUFx24_ASAP7_75t_R)
  29.09 12156.57 ^ clkbuf_2_0_0_clk/Y (BUFx24_ASAP7_75t_R)
  29.14 12185.71 ^ clkbuf_3_0_0_clk/Y (BUFx24_ASAP7_75t_R)
  27.92 12213.63 ^ clkbuf_4_0_0_clk/Y (BUFx24_ASAP7_75t_R)
  27.10 12240.72 ^ clkbuf_6_2_0_clk/Y (BUFx24_ASAP7_75t_R)
  21.81 12262.53 ^ clkbuf_7_4__f_clk/Y (BUFx24_ASAP7_75t_R)
  30.68 12293.22 ^ clkbuf_leaf_900_clk/Y (BUFx24_ASAP7_75t_R)
   1.09 12294.30 ^ _337831_/CLK (DFFHQNx1_ASAP7_75t_R)
 -50.00 12244.30   clock uncertainty
   0.00 12244.30   clock reconvergence pessimism
  -5.63 12238.68   library setup time
        12238.68   data required time
---------------------------------------------------------
        12238.68   data required time
        -4107.73   data arrival time
---------------------------------------------------------
        8130.95   slack (MET)


Startpoint: dmem_rsp_valid (input port clocked by core_clk)
Endpoint: _337831_ (rising edge-triggered flip-flop clocked by core_clk)
Path Group: in2reg
Path Type: max

  Delay    Time   Description
---------------------------------------------------------
   0.00    0.00   clock core_clk (rise edge)
   0.00    0.00   clock network delay (propagated)
2400.00 2400.00 v input external delay
   0.00 2400.00 v dmem_rsp_valid (in)
  26.43 2426.43 v input70/Y (BUFx2_ASAP7_75t_R)
  12.68 2439.11 ^ _167216_/Y (INVx1_ASAP7_75t_R)
  15.74 2454.85 ^ _167218_/Y (OR4x1_ASAP7_75t_R)
  13.61 2468.47 ^ _167221_/Y (OR4x1_ASAP7_75t_R)
  24.35 2492.81 ^ _167253_/Y (AND3x1_ASAP7_75t_R)
  18.00 2510.81 v _167254_/Y (INVx1_ASAP7_75t_R)
  60.73 2571.55 v _167255_/Y (AO22x1_ASAP7_75t_R)
 127.94 2699.48 v _170735_/Y (AO21x1_ASAP7_75t_R)
 117.07 2816.56 ^ _171503_/Y (NAND2x2_ASAP7_75t_R)
  34.33 2850.89 ^ load_slew2237/Y (BUFx16f_ASAP7_75t_R)
  42.99 2893.88 ^ wire2227/Y (BUFx16f_ASAP7_75t_R)
  76.22 2970.10 ^ _172793_/Y (AND2x2_ASAP7_75t_R)
  66.24 3036.34 ^ _175790_/Y (AND2x4_ASAP7_75t_R)
  33.85 3070.19 ^ load_slew1293/Y (BUFx16f_ASAP7_75t_R)
 121.48 3191.67 ^ _242852_/Y (AO221x1_ASAP7_75t_R)
 117.13 3308.80 ^ _242854_/Y (AND2x2_ASAP7_75t_R)
 154.09 3462.89 ^ _242855_/Y (AND3x1_ASAP7_75t_R)
  30.89 3493.78 v _242983_/Y (NAND2x1_ASAP7_75t_R)
  17.79 3511.57 ^ _242984_/Y (INVx1_ASAP7_75t_R)
  31.38 3542.95 ^ _242985_/Y (AND3x1_ASAP7_75t_R)
  32.96 3575.92 ^ _242986_/Y (AND3x1_ASAP7_75t_R)
  29.42 3605.34 ^ _242987_/Y (AND3x1_ASAP7_75t_R)
  24.56 3629.90 ^ _242988_/Y (AND2x2_ASAP7_75t_R)
  32.45 3662.34 ^ _242989_/Y (AND3x1_ASAP7_75t_R)
  32.54 3694.88 ^ _242990_/Y (AND3x1_ASAP7_75t_R)
  26.31 3721.20 ^ _243005_/Y (AND3x1_ASAP7_75t_R)
  22.06 3743.26 ^ _243006_/Y (AND2x2_ASAP7_75t_R)
  27.96 3771.22 ^ _243014_/Y (AND3x1_ASAP7_75t_R)
  34.56 3805.78 ^ _243044_/Y (AND4x1_ASAP7_75t_R)
  25.49 3831.27 ^ _243052_/Y (AND3x1_ASAP7_75t_R)
  17.87 3849.13 ^ _243196_/Y (AND2x2_ASAP7_75t_R)
  21.37 3870.50 ^ _243197_/Y (XNOR2x2_ASAP7_75t_R)
  14.68 3885.18 ^ _243200_/Y (AO21x1_ASAP7_75t_R)
   7.41 3892.59 v _243201_/Y (NAND2x1_ASAP7_75t_R)
   9.53 3902.12 ^ _243203_/Y (NAND2x1_ASAP7_75t_R)
  34.85 3936.97 ^ _243204_/Y (AND4x2_ASAP7_75t_R)
  22.13 3959.10 ^ wire569/Y (BUFx16f_ASAP7_75t_R)
  56.83 4015.92 ^ wire568/Y (BUFx16f_ASAP7_75t_R)
  56.40 4072.32 ^ load_slew567/Y (BUFx16f_ASAP7_75t_R)
  35.33 4107.66 ^ _248226_/Y (OA21x2_ASAP7_75t_R)
   0.08 4107.73 ^ _337831_/D (DFFHQNx1_ASAP7_75t_R)
        4107.73   data arrival time

12000.00 12000.00   clock core_clk (rise edge)
   0.00 12000.00   clock source latency
   0.00 12000.00 ^ clk (in)
  50.14 12050.14 ^ wire5603/Y (BUFx12_ASAP7_75t_R)
  49.80 12099.94 ^ clkbuf_0_clk/Y (BUFx24_ASAP7_75t_R)
  27.55 12127.48 ^ clkbuf_1_0_0_clk/Y (BUFx24_ASAP7_75t_R)
  29.09 12156.57 ^ clkbuf_2_0_0_clk/Y (BUFx24_ASAP7_75t_R)
  29.14 12185.71 ^ clkbuf_3_0_0_clk/Y (BUFx24_ASAP7_75t_R)
  27.92 12213.63 ^ clkbuf_4_0_0_clk/Y (BUFx24_ASAP7_75t_R)
  27.10 12240.72 ^ clkbuf_6_2_0_clk/Y (BUFx24_ASAP7_75t_R)
  21.81 12262.53 ^ clkbuf_7_4__f_clk/Y (BUFx24_ASAP7_75t_R)
  30.68 12293.22 ^ clkbuf_leaf_900_clk/Y (BUFx24_ASAP7_75t_R)
   1.09 12294.30 ^ _337831_/CLK (DFFHQNx1_ASAP7_75t_R)
 -50.00 12244.30   clock uncertainty
   0.00 12244.30   clock reconvergence pessimism
  -5.63 12238.68   library setup time
        12238.68   data required time
---------------------------------------------------------
        12238.68   data required time
        -4107.73   data arrival time
---------------------------------------------------------
        8130.95   slack (MET)


Startpoint: dmem_rsp_valid (input port clocked by core_clk)
Endpoint: _337831_ (rising edge-triggered flip-flop clocked by core_clk)
Path Group: in2reg
Path Type: max

  Delay    Time   Description
---------------------------------------------------------
   0.00    0.00   clock core_clk (rise edge)
   0.00    0.00   clock network delay (propagated)
2400.00 2400.00 v input external delay
   0.00 2400.00 v dmem_rsp_valid (in)
  26.43 2426.43 v input70/Y (BUFx2_ASAP7_75t_R)
  12.68 2439.11 ^ _167216_/Y (INVx1_ASAP7_75t_R)
  15.74 2454.85 ^ _167218_/Y (OR4x1_ASAP7_75t_R)
  13.61 2468.47 ^ _167221_/Y (OR4x1_ASAP7_75t_R)
  24.35 2492.81 ^ _167253_/Y (AND3x1_ASAP7_75t_R)
  18.00 2510.81 v _167254_/Y (INVx1_ASAP7_75t_R)
  60.73 2571.55 v _167255_/Y (AO22x1_ASAP7_75t_R)
 127.94 2699.48 v _170735_/Y (AO21x1_ASAP7_75t_R)
 117.07 2816.56 ^ _171503_/Y (NAND2x2_ASAP7_75t_R)
  34.33 2850.89 ^ load_slew2237/Y (BUFx16f_ASAP7_75t_R)
  42.99 2893.88 ^ wire2227/Y (BUFx16f_ASAP7_75t_R)
  76.22 2970.10 ^ _172793_/Y (AND2x2_ASAP7_75t_R)
  66.24 3036.34 ^ _175790_/Y (AND2x4_ASAP7_75t_R)
  33.85 3070.19 ^ load_slew1293/Y (BUFx16f_ASAP7_75t_R)
 121.48 3191.67 ^ _242852_/Y (AO221x1_ASAP7_75t_R)
 117.13 3308.80 ^ _242854_/Y (AND2x2_ASAP7_75t_R)
 154.09 3462.89 ^ _242855_/Y (AND3x1_ASAP7_75t_R)
  30.89 3493.78 v _242983_/Y (NAND2x1_ASAP7_75t_R)
  17.79 3511.57 ^ _242984_/Y (INVx1_ASAP7_75t_R)
  31.38 3542.95 ^ _242985_/Y (AND3x1_ASAP7_75t_R)
  32.96 3575.92 ^ _242986_/Y (AND3x1_ASAP7_75t_R)
  29.42 3605.34 ^ _242987_/Y (AND3x1_ASAP7_75t_R)
  24.56 3629.90 ^ _242988_/Y (AND2x2_ASAP7_75t_R)
  32.45 3662.34 ^ _242989_/Y (AND3x1_ASAP7_75t_R)
  32.54 3694.88 ^ _242990_/Y (AND3x1_ASAP7_75t_R)
  26.31 3721.20 ^ _243005_/Y (AND3x1_ASAP7_75t_R)
  22.06 3743.26 ^ _243006_/Y (AND2x2_ASAP7_75t_R)
  27.96 3771.22 ^ _243014_/Y (AND3x1_ASAP7_75t_R)
  34.56 3805.78 ^ _243044_/Y (AND4x1_ASAP7_75t_R)
  25.49 3831.27 ^ _243052_/Y (AND3x1_ASAP7_75t_R)
  17.87 3849.13 ^ _243196_/Y (AND2x2_ASAP7_75t_R)
  21.37 3870.50 ^ _243197_/Y (XNOR2x2_ASAP7_75t_R)
  14.68 3885.18 ^ _243200_/Y (AO21x1_ASAP7_75t_R)
   7.41 3892.59 v _243201_/Y (NAND2x1_ASAP7_75t_R)
   9.53 3902.12 ^ _243203_/Y (NAND2x1_ASAP7_75t_R)
  34.85 3936.97 ^ _243204_/Y (AND4x2_ASAP7_75t_R)
  22.13 3959.10 ^ wire569/Y (BUFx16f_ASAP7_75t_R)
  56.83 4015.92 ^ wire568/Y (BUFx16f_ASAP7_75t_R)
  56.40 4072.32 ^ load_slew567/Y (BUFx16f_ASAP7_75t_R)
  35.33 4107.66 ^ _248226_/Y (OA21x2_ASAP7_75t_R)
   0.08 4107.73 ^ _337831_/D (DFFHQNx1_ASAP7_75t_R)
        4107.73   data arrival time

12000.00 12000.00   clock core_clk (rise edge)
   0.00 12000.00   clock source latency
   0.00 12000.00 ^ clk (in)
  50.14 12050.14 ^ wire5603/Y (BUFx12_ASAP7_75t_R)
  49.80 12099.94 ^ clkbuf_0_clk/Y (BUFx24_ASAP7_75t_R)
  27.55 12127.48 ^ clkbuf_1_0_0_clk/Y (BUFx24_ASAP7_75t_R)
  29.09 12156.57 ^ clkbuf_2_0_0_clk/Y (BUFx24_ASAP7_75t_R)
  29.14 12185.71 ^ clkbuf_3_0_0_clk/Y (BUFx24_ASAP7_75t_R)
  27.92 12213.63 ^ clkbuf_4_0_0_clk/Y (BUFx24_ASAP7_75t_R)
  27.10 12240.72 ^ clkbuf_6_2_0_clk/Y (BUFx24_ASAP7_75t_R)
  21.81 12262.53 ^ clkbuf_7_4__f_clk/Y (BUFx24_ASAP7_75t_R)
  30.68 12293.22 ^ clkbuf_leaf_900_clk/Y (BUFx24_ASAP7_75t_R)
   1.09 12294.30 ^ _337831_/CLK (DFFHQNx1_ASAP7_75t_R)
 -50.00 12244.30   clock uncertainty
   0.00 12244.30   clock reconvergence pessimism
  -5.63 12238.68   library setup time
        12238.68   data required time
---------------------------------------------------------
        12238.68   data required time
        -4107.73   data arrival time
---------------------------------------------------------
        8130.95   slack (MET)


Startpoint: dmem_rsp_valid (input port clocked by core_clk)
Endpoint: _337831_ (rising edge-triggered flip-flop clocked by core_clk)
Path Group: in2reg
Path Type: max

  Delay    Time   Description
---------------------------------------------------------
   0.00    0.00   clock core_clk (rise edge)
   0.00    0.00   clock network delay (propagated)
2400.00 2400.00 v input external delay
   0.00 2400.00 v dmem_rsp_valid (in)
  26.43 2426.43 v input70/Y (BUFx2_ASAP7_75t_R)
  12.68 2439.11 ^ _167216_/Y (INVx1_ASAP7_75t_R)
  15.74 2454.85 ^ _167218_/Y (OR4x1_ASAP7_75t_R)
  13.61 2468.47 ^ _167221_/Y (OR4x1_ASAP7_75t_R)
  24.35 2492.81 ^ _167253_/Y (AND3x1_ASAP7_75t_R)
  18.00 2510.81 v _167254_/Y (INVx1_ASAP7_75t_R)
  60.73 2571.55 v _167255_/Y (AO22x1_ASAP7_75t_R)
 127.94 2699.48 v _170735_/Y (AO21x1_ASAP7_75t_R)
 117.07 2816.56 ^ _171503_/Y (NAND2x2_ASAP7_75t_R)
  34.33 2850.89 ^ load_slew2237/Y (BUFx16f_ASAP7_75t_R)
  42.99 2893.88 ^ wire2227/Y (BUFx16f_ASAP7_75t_R)
  76.22 2970.10 ^ _172793_/Y (AND2x2_ASAP7_75t_R)
  66.24 3036.34 ^ _175790_/Y (AND2x4_ASAP7_75t_R)
  33.85 3070.19 ^ load_slew1293/Y (BUFx16f_ASAP7_75t_R)
 121.48 3191.67 ^ _242852_/Y (AO221x1_ASAP7_75t_R)
 117.13 3308.80 ^ _242854_/Y (AND2x2_ASAP7_75t_R)
 154.09 3462.89 ^ _242855_/Y (AND3x1_ASAP7_75t_R)
  30.89 3493.78 v _242983_/Y (NAND2x1_ASAP7_75t_R)
  17.79 3511.57 ^ _242984_/Y (INVx1_ASAP7_75t_R)
  31.38 3542.95 ^ _242985_/Y (AND3x1_ASAP7_75t_R)
  32.96 3575.92 ^ _242986_/Y (AND3x1_ASAP7_75t_R)
  29.42 3605.34 ^ _242987_/Y (AND3x1_ASAP7_75t_R)
  24.56 3629.90 ^ _242988_/Y (AND2x2_ASAP7_75t_R)
  32.45 3662.34 ^ _242989_/Y (AND3x1_ASAP7_75t_R)
  32.54 3694.88 ^ _242990_/Y (AND3x1_ASAP7_75t_R)
  26.31 3721.20 ^ _243005_/Y (AND3x1_ASAP7_75t_R)
  22.06 3743.26 ^ _243006_/Y (AND2x2_ASAP7_75t_R)
  27.96 3771.22 ^ _243014_/Y (AND3x1_ASAP7_75t_R)
  34.56 3805.78 ^ _243044_/Y (AND4x1_ASAP7_75t_R)
  25.49 3831.27 ^ _243052_/Y (AND3x1_ASAP7_75t_R)
  17.87 3849.13 ^ _243196_/Y (AND2x2_ASAP7_75t_R)
  21.37 3870.50 ^ _243197_/Y (XNOR2x2_ASAP7_75t_R)
  14.68 3885.18 ^ _243200_/Y (AO21x1_ASAP7_75t_R)
   7.41 3892.59 v _243201_/Y (NAND2x1_ASAP7_75t_R)
   9.53 3902.12 ^ _243203_/Y (NAND2x1_ASAP7_75t_R)
  34.85 3936.97 ^ _243204_/Y (AND4x2_ASAP7_75t_R)
  22.13 3959.10 ^ wire569/Y (BUFx16f_ASAP7_75t_R)
  56.83 4015.92 ^ wire568/Y (BUFx16f_ASAP7_75t_R)
  56.40 4072.32 ^ load_slew567/Y (BUFx16f_ASAP7_75t_R)
  35.33 4107.66 ^ _248226_/Y (OA21x2_ASAP7_75t_R)
   0.08 4107.73 ^ _337831_/D (DFFHQNx1_ASAP7_75t_R)
        4107.73   data arrival time

12000.00 12000.00   clock core_clk (rise edge)
   0.00 12000.00   clock source latency
   0.00 12000.00 ^ clk (in)
  50.14 12050.14 ^ wire5603/Y (BUFx12_ASAP7_75t_R)
  49.80 12099.94 ^ clkbuf_0_clk/Y (BUFx24_ASAP7_75t_R)
  27.55 12127.48 ^ clkbuf_1_0_0_clk/Y (BUFx24_ASAP7_75t_R)
  29.09 12156.57 ^ clkbuf_2_0_0_clk/Y (BUFx24_ASAP7_75t_R)
  29.14 12185.71 ^ clkbuf_3_0_0_clk/Y (BUFx24_ASAP7_75t_R)
  27.92 12213.63 ^ clkbuf_4_0_0_clk/Y (BUFx24_ASAP7_75t_R)
  27.10 12240.72 ^ clkbuf_6_2_0_clk/Y (BUFx24_ASAP7_75t_R)
  21.81 12262.53 ^ clkbuf_7_4__f_clk/Y (BUFx24_ASAP7_75t_R)
  30.68 12293.22 ^ clkbuf_leaf_900_clk/Y (BUFx24_ASAP7_75t_R)
   1.09 12294.30 ^ _337831_/CLK (DFFHQNx1_ASAP7_75t_R)
 -50.00 12244.30   clock uncertainty
   0.00 12244.30   clock reconvergence pessimism
  -5.63 12238.68   library setup time
        12238.68   data required time
---------------------------------------------------------
        12238.68   data required time
        -4107.73   data arrival time
---------------------------------------------------------
        8130.95   slack (MET)


Startpoint: dmem_rsp_valid (input port clocked by core_clk)
Endpoint: _337831_ (rising edge-triggered flip-flop clocked by core_clk)
Path Group: in2reg
Path Type: max

  Delay    Time   Description
---------------------------------------------------------
   0.00    0.00   clock core_clk (rise edge)
   0.00    0.00   clock network delay (propagated)
2400.00 2400.00 v input external delay
   0.00 2400.00 v dmem_rsp_valid (in)
  26.43 2426.43 v input70/Y (BUFx2_ASAP7_75t_R)
  12.68 2439.11 ^ _167216_/Y (INVx1_ASAP7_75t_R)
  15.74 2454.85 ^ _167218_/Y (OR4x1_ASAP7_75t_R)
  13.61 2468.47 ^ _167221_/Y (OR4x1_ASAP7_75t_R)
  24.35 2492.81 ^ _167253_/Y (AND3x1_ASAP7_75t_R)
  18.00 2510.81 v _167254_/Y (INVx1_ASAP7_75t_R)
  60.73 2571.55 v _167255_/Y (AO22x1_ASAP7_75t_R)
 127.94 2699.48 v _170735_/Y (AO21x1_ASAP7_75t_R)
 117.07 2816.56 ^ _171503_/Y (NAND2x2_ASAP7_75t_R)
  34.33 2850.89 ^ load_slew2237/Y (BUFx16f_ASAP7_75t_R)
  42.99 2893.88 ^ wire2227/Y (BUFx16f_ASAP7_75t_R)
  76.22 2970.10 ^ _172793_/Y (AND2x2_ASAP7_75t_R)
  66.24 3036.34 ^ _175790_/Y (AND2x4_ASAP7_75t_R)
  33.85 3070.19 ^ load_slew1293/Y (BUFx16f_ASAP7_75t_R)
 121.27 3191.46 ^ _242852_/Y (AO221x1_ASAP7_75t_R)
 117.13 3308.59 ^ _242854_/Y (AND2x2_ASAP7_75t_R)
 154.09 3462.68 ^ _242855_/Y (AND3x1_ASAP7_75t_R)
  30.89 3493.57 v _242983_/Y (NAND2x1_ASAP7_75t_R)
  17.79 3511.36 ^ _242984_/Y (INVx1_ASAP7_75t_R)
  31.38 3542.75 ^ _242985_/Y (AND3x1_ASAP7_75t_R)
  32.96 3575.71 ^ _242986_/Y (AND3x1_ASAP7_75t_R)
  29.42 3605.13 ^ _242987_/Y (AND3x1_ASAP7_75t_R)
  24.56 3629.69 ^ _242988_/Y (AND2x2_ASAP7_75t_R)
  32.45 3662.14 ^ _242989_/Y (AND3x1_ASAP7_75t_R)
  32.54 3694.68 ^ _242990_/Y (AND3x1_ASAP7_75t_R)
  26.31 3720.99 ^ _243005_/Y (AND3x1_ASAP7_75t_R)
  22.06 3743.05 ^ _243006_/Y (AND2x2_ASAP7_75t_R)
  27.96 3771.01 ^ _243014_/Y (AND3x1_ASAP7_75t_R)
  34.56 3805.57 ^ _243044_/Y (AND4x1_ASAP7_75t_R)
  25.49 3831.06 ^ _243052_/Y (AND3x1_ASAP7_75t_R)
  17.87 3848.93 ^ _243196_/Y (AND2x2_ASAP7_75t_R)
  21.37 3870.30 ^ _243197_/Y (XNOR2x2_ASAP7_75t_R)
  14.68 3884.98 ^ _243200_/Y (AO21x1_ASAP7_75t_R)
   7.41 3892.38 v _243201_/Y (NAND2x1_ASAP7_75t_R)
   9.53 3901.92 ^ _243203_/Y (NAND2x1_ASAP7_75t_R)
  34.85 3936.76 ^ _243204_/Y (AND4x2_ASAP7_75t_R)
  22.13 3958.89 ^ wire569/Y (BUFx16f_ASAP7_75t_R)
  56.83 4015.72 ^ wire568/Y (BUFx16f_ASAP7_75t_R)
  56.40 4072.12 ^ load_slew567/Y (BUFx16f_ASAP7_75t_R)
  35.33 4107.45 ^ _248226_/Y (OA21x2_ASAP7_75t_R)
   0.08 4107.53 ^ _337831_/D (DFFHQNx1_ASAP7_75t_R)
        4107.53   data arrival time

12000.00 12000.00   clock core_clk (rise edge)
   0.00 12000.00   clock source latency
   0.00 12000.00 ^ clk (in)
  50.14 12050.14 ^ wire5603/Y (BUFx12_ASAP7_75t_R)
  49.80 12099.94 ^ clkbuf_0_clk/Y (BUFx24_ASAP7_75t_R)
  27.55 12127.48 ^ clkbuf_1_0_0_clk/Y (BUFx24_ASAP7_75t_R)
  29.09 12156.57 ^ clkbuf_2_0_0_clk/Y (BUFx24_ASAP7_75t_R)
  29.14 12185.71 ^ clkbuf_3_0_0_clk/Y (BUFx24_ASAP7_75t_R)
  27.92 12213.63 ^ clkbuf_4_0_0_clk/Y (BUFx24_ASAP7_75t_R)
  27.10 12240.72 ^ clkbuf_6_2_0_clk/Y (BUFx24_ASAP7_75t_R)
  21.81 12262.53 ^ clkbuf_7_4__f_clk/Y (BUFx24_ASAP7_75t_R)
  30.68 12293.22 ^ clkbuf_leaf_900_clk/Y (BUFx24_ASAP7_75t_R)
   1.09 12294.30 ^ _337831_/CLK (DFFHQNx1_ASAP7_75t_R)
 -50.00 12244.30   clock uncertainty
   0.00 12244.30   clock reconvergence pessimism
  -5.63 12238.68   library setup time
        12238.68   data required time
---------------------------------------------------------
        12238.68   data required time
        -4107.53   data arrival time
---------------------------------------------------------
        8131.15   slack (MET)


Startpoint: dmem_rsp_valid (input port clocked by core_clk)
Endpoint: _337831_ (rising edge-triggered flip-flop clocked by core_clk)
Path Group: in2reg
Path Type: max

  Delay    Time   Description
---------------------------------------------------------
   0.00    0.00   clock core_clk (rise edge)
   0.00    0.00   clock network delay (propagated)
2400.00 2400.00 v input external delay
   0.00 2400.00 v dmem_rsp_valid (in)
  26.43 2426.43 v input70/Y (BUFx2_ASAP7_75t_R)
  12.68 2439.11 ^ _167216_/Y (INVx1_ASAP7_75t_R)
  15.74 2454.85 ^ _167218_/Y (OR4x1_ASAP7_75t_R)
  13.61 2468.47 ^ _167221_/Y (OR4x1_ASAP7_75t_R)
  24.35 2492.81 ^ _167253_/Y (AND3x1_ASAP7_75t_R)
  18.00 2510.81 v _167254_/Y (INVx1_ASAP7_75t_R)
  60.73 2571.55 v _167255_/Y (AO22x1_ASAP7_75t_R)
 127.94 2699.48 v _170735_/Y (AO21x1_ASAP7_75t_R)
 117.07 2816.56 ^ _171503_/Y (NAND2x2_ASAP7_75t_R)
  34.33 2850.89 ^ load_slew2237/Y (BUFx16f_ASAP7_75t_R)
  42.99 2893.88 ^ wire2227/Y (BUFx16f_ASAP7_75t_R)
  76.22 2970.10 ^ _172793_/Y (AND2x2_ASAP7_75t_R)
  66.24 3036.34 ^ _175790_/Y (AND2x4_ASAP7_75t_R)
  33.85 3070.19 ^ load_slew1293/Y (BUFx16f_ASAP7_75t_R)
 121.27 3191.46 ^ _242852_/Y (AO221x1_ASAP7_75t_R)
 117.13 3308.59 ^ _242854_/Y (AND2x2_ASAP7_75t_R)
 154.09 3462.68 ^ _242855_/Y (AND3x1_ASAP7_75t_R)
  30.89 3493.57 v _242983_/Y (NAND2x1_ASAP7_75t_R)
  17.79 3511.36 ^ _242984_/Y (INVx1_ASAP7_75t_R)
  31.38 3542.75 ^ _242985_/Y (AND3x1_ASAP7_75t_R)
  32.96 3575.71 ^ _242986_/Y (AND3x1_ASAP7_75t_R)
  29.42 3605.13 ^ _242987_/Y (AND3x1_ASAP7_75t_R)
  24.56 3629.69 ^ _242988_/Y (AND2x2_ASAP7_75t_R)
  32.45 3662.14 ^ _242989_/Y (AND3x1_ASAP7_75t_R)
  32.54 3694.68 ^ _242990_/Y (AND3x1_ASAP7_75t_R)
  26.31 3720.99 ^ _243005_/Y (AND3x1_ASAP7_75t_R)
  22.06 3743.05 ^ _243006_/Y (AND2x2_ASAP7_75t_R)
  27.96 3771.01 ^ _243014_/Y (AND3x1_ASAP7_75t_R)
  34.56 3805.57 ^ _243044_/Y (AND4x1_ASAP7_75t_R)
  25.49 3831.06 ^ _243052_/Y (AND3x1_ASAP7_75t_R)
  17.87 3848.93 ^ _243196_/Y (AND2x2_ASAP7_75t_R)
  21.37 3870.30 ^ _243197_/Y (XNOR2x2_ASAP7_75t_R)
  14.68 3884.98 ^ _243200_/Y (AO21x1_ASAP7_75t_R)
   7.41 3892.38 v _243201_/Y (NAND2x1_ASAP7_75t_R)
   9.53 3901.92 ^ _243203_/Y (NAND2x1_ASAP7_75t_R)
  34.85 3936.76 ^ _243204_/Y (AND4x2_ASAP7_75t_R)
  22.13 3958.89 ^ wire569/Y (BUFx16f_ASAP7_75t_R)
  56.83 4015.72 ^ wire568/Y (BUFx16f_ASAP7_75t_R)
  56.40 4072.12 ^ load_slew567/Y (BUFx16f_ASAP7_75t_R)
  35.33 4107.45 ^ _248226_/Y (OA21x2_ASAP7_75t_R)
   0.08 4107.53 ^ _337831_/D (DFFHQNx1_ASAP7_75t_R)
        4107.53   data arrival time

12000.00 12000.00   clock core_clk (rise edge)
   0.00 12000.00   clock source latency
   0.00 12000.00 ^ clk (in)
  50.14 12050.14 ^ wire5603/Y (BUFx12_ASAP7_75t_R)
  49.80 12099.94 ^ clkbuf_0_clk/Y (BUFx24_ASAP7_75t_R)
  27.55 12127.48 ^ clkbuf_1_0_0_clk/Y (BUFx24_ASAP7_75t_R)
  29.09 12156.57 ^ clkbuf_2_0_0_clk/Y (BUFx24_ASAP7_75t_R)
  29.14 12185.71 ^ clkbuf_3_0_0_clk/Y (BUFx24_ASAP7_75t_R)
  27.92 12213.63 ^ clkbuf_4_0_0_clk/Y (BUFx24_ASAP7_75t_R)
  27.10 12240.72 ^ clkbuf_6_2_0_clk/Y (BUFx24_ASAP7_75t_R)
  21.81 12262.53 ^ clkbuf_7_4__f_clk/Y (BUFx24_ASAP7_75t_R)
  30.68 12293.22 ^ clkbuf_leaf_900_clk/Y (BUFx24_ASAP7_75t_R)
   1.09 12294.30 ^ _337831_/CLK (DFFHQNx1_ASAP7_75t_R)
 -50.00 12244.30   clock uncertainty
   0.00 12244.30   clock reconvergence pessimism
  -5.63 12238.68   library setup time
        12238.68   data required time
---------------------------------------------------------
        12238.68   data required time
        -4107.53   data arrival time
---------------------------------------------------------
        8131.15   slack (MET)


Startpoint: dmem_rsp_valid (input port clocked by core_clk)
Endpoint: _337831_ (rising edge-triggered flip-flop clocked by core_clk)
Path Group: in2reg
Path Type: max

  Delay    Time   Description
---------------------------------------------------------
   0.00    0.00   clock core_clk (rise edge)
   0.00    0.00   clock network delay (propagated)
2400.00 2400.00 v input external delay
   0.00 2400.00 v dmem_rsp_valid (in)
  26.43 2426.43 v input70/Y (BUFx2_ASAP7_75t_R)
  12.68 2439.11 ^ _167216_/Y (INVx1_ASAP7_75t_R)
  15.74 2454.85 ^ _167218_/Y (OR4x1_ASAP7_75t_R)
  13.61 2468.47 ^ _167221_/Y (OR4x1_ASAP7_75t_R)
  24.35 2492.81 ^ _167253_/Y (AND3x1_ASAP7_75t_R)
  18.00 2510.81 v _167254_/Y (INVx1_ASAP7_75t_R)
  59.21 2570.03 v _167255_/Y (AO22x1_ASAP7_75t_R)
 127.94 2697.96 v _170735_/Y (AO21x1_ASAP7_75t_R)
 117.07 2815.03 ^ _171503_/Y (NAND2x2_ASAP7_75t_R)
  34.33 2849.36 ^ load_slew2237/Y (BUFx16f_ASAP7_75t_R)
  42.99 2892.35 ^ wire2227/Y (BUFx16f_ASAP7_75t_R)
  76.22 2968.57 ^ _172793_/Y (AND2x2_ASAP7_75t_R)
  66.24 3034.81 ^ _175790_/Y (AND2x4_ASAP7_75t_R)
  33.85 3068.67 ^ load_slew1293/Y (BUFx16f_ASAP7_75t_R)
 121.48 3190.15 ^ _242852_/Y (AO221x1_ASAP7_75t_R)
 117.13 3307.28 ^ _242854_/Y (AND2x2_ASAP7_75t_R)
 154.09 3461.36 ^ _242855_/Y (AND3x1_ASAP7_75t_R)
  30.89 3492.25 v _242983_/Y (NAND2x1_ASAP7_75t_R)
  17.79 3510.05 ^ _242984_/Y (INVx1_ASAP7_75t_R)
  31.38 3541.43 ^ _242985_/Y (AND3x1_ASAP7_75t_R)
  32.96 3574.39 ^ _242986_/Y (AND3x1_ASAP7_75t_R)
  29.42 3603.81 ^ _242987_/Y (AND3x1_ASAP7_75t_R)
  24.56 3628.37 ^ _242988_/Y (AND2x2_ASAP7_75t_R)
  32.45 3660.82 ^ _242989_/Y (AND3x1_ASAP7_75t_R)
  32.54 3693.36 ^ _242990_/Y (AND3x1_ASAP7_75t_R)
  26.31 3719.67 ^ _243005_/Y (AND3x1_ASAP7_75t_R)
  22.06 3741.73 ^ _243006_/Y (AND2x2_ASAP7_75t_R)
  27.96 3769.70 ^ _243014_/Y (AND3x1_ASAP7_75t_R)
  34.56 3804.26 ^ _243044_/Y (AND4x1_ASAP7_75t_R)
  25.49 3829.74 ^ _243052_/Y (AND3x1_ASAP7_75t_R)
  17.87 3847.61 ^ _243196_/Y (AND2x2_ASAP7_75t_R)
  21.37 3868.98 ^ _243197_/Y (XNOR2x2_ASAP7_75t_R)
  14.68 3883.66 ^ _243200_/Y (AO21x1_ASAP7_75t_R)
   7.41 3891.06 v _243201_/Y (NAND2x1_ASAP7_75t_R)
   9.53 3900.60 ^ _243203_/Y (NAND2x1_ASAP7_75t_R)
  34.85 3935.44 ^ _243204_/Y (AND4x2_ASAP7_75t_R)
  22.13 3957.58 ^ wire569/Y (BUFx16f_ASAP7_75t_R)
  56.83 4014.40 ^ wire568/Y (BUFx16f_ASAP7_75t_R)
  56.40 4070.80 ^ load_slew567/Y (BUFx16f_ASAP7_75t_R)
  35.33 4106.13 ^ _248226_/Y (OA21x2_ASAP7_75t_R)
   0.08 4106.21 ^ _337831_/D (DFFHQNx1_ASAP7_75t_R)
        4106.21   data arrival time

12000.00 12000.00   clock core_clk (rise edge)
   0.00 12000.00   clock source latency
   0.00 12000.00 ^ clk (in)
  50.14 12050.14 ^ wire5603/Y (BUFx12_ASAP7_75t_R)
  49.80 12099.94 ^ clkbuf_0_clk/Y (BUFx24_ASAP7_75t_R)
  27.55 12127.48 ^ clkbuf_1_0_0_clk/Y (BUFx24_ASAP7_75t_R)
  29.09 12156.57 ^ clkbuf_2_0_0_clk/Y (BUFx24_ASAP7_75t_R)
  29.14 12185.71 ^ clkbuf_3_0_0_clk/Y (BUFx24_ASAP7_75t_R)
  27.92 12213.63 ^ clkbuf_4_0_0_clk/Y (BUFx24_ASAP7_75t_R)
  27.10 12240.72 ^ clkbuf_6_2_0_clk/Y (BUFx24_ASAP7_75t_R)
  21.81 12262.53 ^ clkbuf_7_4__f_clk/Y (BUFx24_ASAP7_75t_R)
  30.68 12293.22 ^ clkbuf_leaf_900_clk/Y (BUFx24_ASAP7_75t_R)
   1.09 12294.30 ^ _337831_/CLK (DFFHQNx1_ASAP7_75t_R)
 -50.00 12244.30   clock uncertainty
   0.00 12244.30   clock reconvergence pessimism
  -5.63 12238.68   library setup time
        12238.68   data required time
---------------------------------------------------------
        12238.68   data required time
        -4106.21   data arrival time
---------------------------------------------------------
        8132.47   slack (MET)


Startpoint: dmem_rsp_valid (input port clocked by core_clk)
Endpoint: _337831_ (rising edge-triggered flip-flop clocked by core_clk)
Path Group: in2reg
Path Type: max

  Delay    Time   Description
---------------------------------------------------------
   0.00    0.00   clock core_clk (rise edge)
   0.00    0.00   clock network delay (propagated)
2400.00 2400.00 v input external delay
   0.00 2400.00 v dmem_rsp_valid (in)
  26.43 2426.43 v input70/Y (BUFx2_ASAP7_75t_R)
  12.68 2439.11 ^ _167216_/Y (INVx1_ASAP7_75t_R)
  15.74 2454.85 ^ _167218_/Y (OR4x1_ASAP7_75t_R)
  13.61 2468.47 ^ _167221_/Y (OR4x1_ASAP7_75t_R)
  24.35 2492.81 ^ _167253_/Y (AND3x1_ASAP7_75t_R)
  18.00 2510.81 v _167254_/Y (INVx1_ASAP7_75t_R)
  59.21 2570.03 v _167255_/Y (AO22x1_ASAP7_75t_R)
 127.94 2697.96 v _170735_/Y (AO21x1_ASAP7_75t_R)
 117.07 2815.03 ^ _171503_/Y (NAND2x2_ASAP7_75t_R)
  34.33 2849.36 ^ load_slew2237/Y (BUFx16f_ASAP7_75t_R)
  42.99 2892.35 ^ wire2227/Y (BUFx16f_ASAP7_75t_R)
  76.22 2968.57 ^ _172793_/Y (AND2x2_ASAP7_75t_R)
  66.24 3034.81 ^ _175790_/Y (AND2x4_ASAP7_75t_R)
  33.85 3068.67 ^ load_slew1293/Y (BUFx16f_ASAP7_75t_R)
 121.48 3190.15 ^ _242852_/Y (AO221x1_ASAP7_75t_R)
 117.13 3307.28 ^ _242854_/Y (AND2x2_ASAP7_75t_R)
 154.09 3461.36 ^ _242855_/Y (AND3x1_ASAP7_75t_R)
  30.89 3492.25 v _242983_/Y (NAND2x1_ASAP7_75t_R)
  17.79 3510.05 ^ _242984_/Y (INVx1_ASAP7_75t_R)
  31.38 3541.43 ^ _242985_/Y (AND3x1_ASAP7_75t_R)
  32.96 3574.39 ^ _242986_/Y (AND3x1_ASAP7_75t_R)
  29.42 3603.81 ^ _242987_/Y (AND3x1_ASAP7_75t_R)
  24.56 3628.37 ^ _242988_/Y (AND2x2_ASAP7_75t_R)
  32.45 3660.82 ^ _242989_/Y (AND3x1_ASAP7_75t_R)
  32.54 3693.36 ^ _242990_/Y (AND3x1_ASAP7_75t_R)
  26.31 3719.67 ^ _243005_/Y (AND3x1_ASAP7_75t_R)
  22.06 3741.73 ^ _243006_/Y (AND2x2_ASAP7_75t_R)
  27.96 3769.70 ^ _243014_/Y (AND3x1_ASAP7_75t_R)
  34.56 3804.26 ^ _243044_/Y (AND4x1_ASAP7_75t_R)
  25.49 3829.74 ^ _243052_/Y (AND3x1_ASAP7_75t_R)
  17.87 3847.61 ^ _243196_/Y (AND2x2_ASAP7_75t_R)
  21.37 3868.98 ^ _243197_/Y (XNOR2x2_ASAP7_75t_R)
  14.68 3883.66 ^ _243200_/Y (AO21x1_ASAP7_75t_R)
   7.41 3891.06 v _243201_/Y (NAND2x1_ASAP7_75t_R)
   9.53 3900.60 ^ _243203_/Y (NAND2x1_ASAP7_75t_R)
  34.85 3935.44 ^ _243204_/Y (AND4x2_ASAP7_75t_R)
  22.13 3957.58 ^ wire569/Y (BUFx16f_ASAP7_75t_R)
  56.83 4014.40 ^ wire568/Y (BUFx16f_ASAP7_75t_R)
  56.40 4070.80 ^ load_slew567/Y (BUFx16f_ASAP7_75t_R)
  35.33 4106.13 ^ _248226_/Y (OA21x2_ASAP7_75t_R)
   0.08 4106.21 ^ _337831_/D (DFFHQNx1_ASAP7_75t_R)
        4106.21   data arrival time

12000.00 12000.00   clock core_clk (rise edge)
   0.00 12000.00   clock source latency
   0.00 12000.00 ^ clk (in)
  50.14 12050.14 ^ wire5603/Y (BUFx12_ASAP7_75t_R)
  49.80 12099.94 ^ clkbuf_0_clk/Y (BUFx24_ASAP7_75t_R)
  27.55 12127.48 ^ clkbuf_1_0_0_clk/Y (BUFx24_ASAP7_75t_R)
  29.09 12156.57 ^ clkbuf_2_0_0_clk/Y (BUFx24_ASAP7_75t_R)
  29.14 12185.71 ^ clkbuf_3_0_0_clk/Y (BUFx24_ASAP7_75t_R)
  27.92 12213.63 ^ clkbuf_4_0_0_clk/Y (BUFx24_ASAP7_75t_R)
  27.10 12240.72 ^ clkbuf_6_2_0_clk/Y (BUFx24_ASAP7_75t_R)
  21.81 12262.53 ^ clkbuf_7_4__f_clk/Y (BUFx24_ASAP7_75t_R)
  30.68 12293.22 ^ clkbuf_leaf_900_clk/Y (BUFx24_ASAP7_75t_R)
   1.09 12294.30 ^ _337831_/CLK (DFFHQNx1_ASAP7_75t_R)
 -50.00 12244.30   clock uncertainty
   0.00 12244.30   clock reconvergence pessimism
  -5.63 12238.68   library setup time
        12238.68   data required time
---------------------------------------------------------
        12238.68   data required time
        -4106.21   data arrival time
---------------------------------------------------------
        8132.47   slack (MET)


Startpoint: dmem_rsp_valid (input port clocked by core_clk)
Endpoint: _337831_ (rising edge-triggered flip-flop clocked by core_clk)
Path Group: in2reg
Path Type: max

  Delay    Time   Description
---------------------------------------------------------
   0.00    0.00   clock core_clk (rise edge)
   0.00    0.00   clock network delay (propagated)
2400.00 2400.00 v input external delay
   0.00 2400.00 v dmem_rsp_valid (in)
  26.43 2426.43 v input70/Y (BUFx2_ASAP7_75t_R)
  12.68 2439.11 ^ _167216_/Y (INVx1_ASAP7_75t_R)
  15.74 2454.85 ^ _167218_/Y (OR4x1_ASAP7_75t_R)
  13.61 2468.47 ^ _167221_/Y (OR4x1_ASAP7_75t_R)
  24.35 2492.81 ^ _167253_/Y (AND3x1_ASAP7_75t_R)
  18.00 2510.81 v _167254_/Y (INVx1_ASAP7_75t_R)
  59.21 2570.03 v _167255_/Y (AO22x1_ASAP7_75t_R)
 127.94 2697.96 v _170735_/Y (AO21x1_ASAP7_75t_R)
 117.07 2815.03 ^ _171503_/Y (NAND2x2_ASAP7_75t_R)
  34.33 2849.36 ^ load_slew2237/Y (BUFx16f_ASAP7_75t_R)
  42.99 2892.35 ^ wire2227/Y (BUFx16f_ASAP7_75t_R)
  76.22 2968.57 ^ _172793_/Y (AND2x2_ASAP7_75t_R)
  66.24 3034.81 ^ _175790_/Y (AND2x4_ASAP7_75t_R)
  33.85 3068.67 ^ load_slew1293/Y (BUFx16f_ASAP7_75t_R)
 121.27 3189.94 ^ _242852_/Y (AO221x1_ASAP7_75t_R)
 117.13 3307.07 ^ _242854_/Y (AND2x2_ASAP7_75t_R)
 154.09 3461.16 ^ _242855_/Y (AND3x1_ASAP7_75t_R)
  30.89 3492.05 v _242983_/Y (NAND2x1_ASAP7_75t_R)
  17.79 3509.84 ^ _242984_/Y (INVx1_ASAP7_75t_R)
  31.38 3541.23 ^ _242985_/Y (AND3x1_ASAP7_75t_R)
  32.96 3574.19 ^ _242986_/Y (AND3x1_ASAP7_75t_R)
  29.42 3603.61 ^ _242987_/Y (AND3x1_ASAP7_75t_R)
  24.56 3628.17 ^ _242988_/Y (AND2x2_ASAP7_75t_R)
  32.45 3660.61 ^ _242989_/Y (AND3x1_ASAP7_75t_R)
  32.54 3693.15 ^ _242990_/Y (AND3x1_ASAP7_75t_R)
  26.31 3719.47 ^ _243005_/Y (AND3x1_ASAP7_75t_R)
  22.06 3741.53 ^ _243006_/Y (AND2x2_ASAP7_75t_R)
  27.96 3769.49 ^ _243014_/Y (AND3x1_ASAP7_75t_R)
  34.56 3804.05 ^ _243044_/Y (AND4x1_ASAP7_75t_R)
  25.49 3829.54 ^ _243052_/Y (AND3x1_ASAP7_75t_R)
  17.87 3847.41 ^ _243196_/Y (AND2x2_ASAP7_75t_R)
  21.37 3868.78 ^ _243197_/Y (XNOR2x2_ASAP7_75t_R)
  14.68 3883.45 ^ _243200_/Y (AO21x1_ASAP7_75t_R)
   7.41 3890.86 v _243201_/Y (NAND2x1_ASAP7_75t_R)
   9.53 3900.39 ^ _243203_/Y (NAND2x1_ASAP7_75t_R)
  34.85 3935.24 ^ _243204_/Y (AND4x2_ASAP7_75t_R)
  22.13 3957.37 ^ wire569/Y (BUFx16f_ASAP7_75t_R)
  56.83 4014.20 ^ wire568/Y (BUFx16f_ASAP7_75t_R)
  56.40 4070.59 ^ load_slew567/Y (BUFx16f_ASAP7_75t_R)
  35.33 4105.93 ^ _248226_/Y (OA21x2_ASAP7_75t_R)
   0.08 4106.00 ^ _337831_/D (DFFHQNx1_ASAP7_75t_R)
        4106.00   data arrival time

12000.00 12000.00   clock core_clk (rise edge)
   0.00 12000.00   clock source latency
   0.00 12000.00 ^ clk (in)
  50.14 12050.14 ^ wire5603/Y (BUFx12_ASAP7_75t_R)
  49.80 12099.94 ^ clkbuf_0_clk/Y (BUFx24_ASAP7_75t_R)
  27.55 12127.48 ^ clkbuf_1_0_0_clk/Y (BUFx24_ASAP7_75t_R)
  29.09 12156.57 ^ clkbuf_2_0_0_clk/Y (BUFx24_ASAP7_75t_R)
  29.14 12185.71 ^ clkbuf_3_0_0_clk/Y (BUFx24_ASAP7_75t_R)
  27.92 12213.63 ^ clkbuf_4_0_0_clk/Y (BUFx24_ASAP7_75t_R)
  27.10 12240.72 ^ clkbuf_6_2_0_clk/Y (BUFx24_ASAP7_75t_R)
  21.81 12262.53 ^ clkbuf_7_4__f_clk/Y (BUFx24_ASAP7_75t_R)
  30.68 12293.22 ^ clkbuf_leaf_900_clk/Y (BUFx24_ASAP7_75t_R)
   1.09 12294.30 ^ _337831_/CLK (DFFHQNx1_ASAP7_75t_R)
 -50.00 12244.30   clock uncertainty
   0.00 12244.30   clock reconvergence pessimism
  -5.63 12238.68   library setup time
        12238.68   data required time
---------------------------------------------------------
        12238.68   data required time
        -4106.00   data arrival time
---------------------------------------------------------
        8132.67   slack (MET)


Startpoint: dmem_rsp_valid (input port clocked by core_clk)
Endpoint: _337831_ (rising edge-triggered flip-flop clocked by core_clk)
Path Group: in2reg
Path Type: max

  Delay    Time   Description
---------------------------------------------------------
   0.00    0.00   clock core_clk (rise edge)
   0.00    0.00   clock network delay (propagated)
2400.00 2400.00 v input external delay
   0.00 2400.00 v dmem_rsp_valid (in)
  26.43 2426.43 v input70/Y (BUFx2_ASAP7_75t_R)
  12.68 2439.11 ^ _167216_/Y (INVx1_ASAP7_75t_R)
  15.74 2454.85 ^ _167218_/Y (OR4x1_ASAP7_75t_R)
  13.61 2468.47 ^ _167221_/Y (OR4x1_ASAP7_75t_R)
  24.35 2492.81 ^ _167253_/Y (AND3x1_ASAP7_75t_R)
  18.00 2510.81 v _167254_/Y (INVx1_ASAP7_75t_R)
  60.73 2571.55 v _167255_/Y (AO22x1_ASAP7_75t_R)
 127.94 2699.48 v _170735_/Y (AO21x1_ASAP7_75t_R)
 117.07 2816.56 ^ _171503_/Y (NAND2x2_ASAP7_75t_R)
  34.33 2850.89 ^ load_slew2237/Y (BUFx16f_ASAP7_75t_R)
  42.99 2893.88 ^ wire2227/Y (BUFx16f_ASAP7_75t_R)
  76.22 2970.10 ^ _172793_/Y (AND2x2_ASAP7_75t_R)
  66.24 3036.34 ^ _175790_/Y (AND2x4_ASAP7_75t_R)
  33.85 3070.19 ^ load_slew1293/Y (BUFx16f_ASAP7_75t_R)
 119.61 3189.80 ^ _242852_/Y (AO221x1_ASAP7_75t_R)
 117.13 3306.93 ^ _242854_/Y (AND2x2_ASAP7_75t_R)
 154.09 3461.02 ^ _242855_/Y (AND3x1_ASAP7_75t_R)
  30.89 3491.91 v _242983_/Y (NAND2x1_ASAP7_75t_R)
  17.79 3509.70 ^ _242984_/Y (INVx1_ASAP7_75t_R)
  31.38 3541.09 ^ _242985_/Y (AND3x1_ASAP7_75t_R)
  32.96 3574.05 ^ _242986_/Y (AND3x1_ASAP7_75t_R)
  29.42 3603.47 ^ _242987_/Y (AND3x1_ASAP7_75t_R)
  24.56 3628.03 ^ _242988_/Y (AND2x2_ASAP7_75t_R)
  32.45 3660.48 ^ _242989_/Y (AND3x1_ASAP7_75t_R)
  32.54 3693.02 ^ _242990_/Y (AND3x1_ASAP7_75t_R)
  26.31 3719.33 ^ _243005_/Y (AND3x1_ASAP7_75t_R)
  22.06 3741.39 ^ _243006_/Y (AND2x2_ASAP7_75t_R)
  27.96 3769.35 ^ _243014_/Y (AND3x1_ASAP7_75t_R)
  34.56 3803.91 ^ _243044_/Y (AND4x1_ASAP7_75t_R)
  25.49 3829.40 ^ _243052_/Y (AND3x1_ASAP7_75t_R)
  17.87 3847.27 ^ _243196_/Y (AND2x2_ASAP7_75t_R)
  21.37 3868.64 ^ _243197_/Y (XNOR2x2_ASAP7_75t_R)
  14.68 3883.31 ^ _243200_/Y (AO21x1_ASAP7_75t_R)
   7.41 3890.72 v _243201_/Y (NAND2x1_ASAP7_75t_R)
   9.53 3900.25 ^ _243203_/Y (NAND2x1_ASAP7_75t_R)
  34.85 3935.10 ^ _243204_/Y (AND4x2_ASAP7_75t_R)
  22.13 3957.23 ^ wire569/Y (BUFx16f_ASAP7_75t_R)
  56.83 4014.06 ^ wire568/Y (BUFx16f_ASAP7_75t_R)
  56.40 4070.45 ^ load_slew567/Y (BUFx16f_ASAP7_75t_R)
  35.33 4105.79 ^ _248226_/Y (OA21x2_ASAP7_75t_R)
   0.08 4105.86 ^ _337831_/D (DFFHQNx1_ASAP7_75t_R)
        4105.86   data arrival time

12000.00 12000.00   clock core_clk (rise edge)
   0.00 12000.00   clock source latency
   0.00 12000.00 ^ clk (in)
  50.14 12050.14 ^ wire5603/Y (BUFx12_ASAP7_75t_R)
  49.80 12099.94 ^ clkbuf_0_clk/Y (BUFx24_ASAP7_75t_R)
  27.55 12127.48 ^ clkbuf_1_0_0_clk/Y (BUFx24_ASAP7_75t_R)
  29.09 12156.57 ^ clkbuf_2_0_0_clk/Y (BUFx24_ASAP7_75t_R)
  29.14 12185.71 ^ clkbuf_3_0_0_clk/Y (BUFx24_ASAP7_75t_R)
  27.92 12213.63 ^ clkbuf_4_0_0_clk/Y (BUFx24_ASAP7_75t_R)
  27.10 12240.72 ^ clkbuf_6_2_0_clk/Y (BUFx24_ASAP7_75t_R)
  21.81 12262.53 ^ clkbuf_7_4__f_clk/Y (BUFx24_ASAP7_75t_R)
  30.68 12293.22 ^ clkbuf_leaf_900_clk/Y (BUFx24_ASAP7_75t_R)
   1.09 12294.30 ^ _337831_/CLK (DFFHQNx1_ASAP7_75t_R)
 -50.00 12244.30   clock uncertainty
   0.00 12244.30   clock reconvergence pessimism
  -5.63 12238.68   library setup time
        12238.68   data required time
---------------------------------------------------------
        12238.68   data required time
        -4105.86   data arrival time
---------------------------------------------------------
        8132.81   slack (MET)


