
==========================================================================
floorplan final report_tns
--------------------------------------------------------------------------
tns max -137571104.00

==========================================================================
floorplan final report_wns
--------------------------------------------------------------------------
wns max -14878.53

==========================================================================
floorplan final report_worst_slack
--------------------------------------------------------------------------
worst slack max -14878.53

==========================================================================
floorplan final report_clock_min_period
--------------------------------------------------------------------------
core_clk period_min = 19878.53 fmax = 50.31

==========================================================================
floorplan final report_checks -path_delay min
--------------------------------------------------------------------------
Startpoint: rst (input port clocked by core_clk)
Endpoint: dmem_req_wen (output port clocked by core_clk)
Path Group: in2out
Path Type: min

Fanout     Cap    Slew   Delay    Time   Description
-----------------------------------------------------------------------------
                  0.00    0.00    0.00   clock core_clk (rise edge)
                          0.00    0.00   clock network delay (ideal)
                       1000.00 1000.00 ^ input external delay
  1904 1701.33   20.00    0.00 1000.00 ^ rst (in)
                                         rst (net)
                 20.00    0.00 1000.00 ^ _167892_/A (NOR2x1_ASAP7_75t_R)
    88   41.75  207.47  107.20 1107.20 v _167892_/Y (NOR2x1_ASAP7_75t_R)
                                         dmem_req_wen (net)
                207.47    0.00 1107.20 v dmem_req_wen (out)
                               1107.20   data arrival time

                  0.00    0.00    0.00   clock core_clk (rise edge)
                          0.00    0.00   clock network delay (ideal)
                         25.00   25.00   clock uncertainty
                          0.00   25.00   clock reconvergence pessimism
                       -1000.00 -975.00   output external delay
                               -975.00   data required time
-----------------------------------------------------------------------------
                               -975.00   data required time
                               -1107.20   data arrival time
-----------------------------------------------------------------------------
                               2082.20   slack (MET)


Startpoint: rst (input port clocked by core_clk)
Endpoint: _301766_ (rising edge-triggered flip-flop clocked by core_clk)
Path Group: in2reg
Path Type: min

Fanout     Cap    Slew   Delay    Time   Description
-----------------------------------------------------------------------------
                  0.00    0.00    0.00   clock core_clk (rise edge)
                          0.00    0.00   clock network delay (ideal)
                       1000.00 1000.00 ^ input external delay
  1904 1701.33   20.00    0.00 1000.00 ^ rst (in)
                                         rst (net)
                 20.00    0.00 1000.00 ^ _244259_/A1 (OAI21x1_ASAP7_75t_R)
     1    0.55    8.25    7.10 1007.10 v _244259_/Y (OAI21x1_ASAP7_75t_R)
                                         u_frontend._328667_ (net)
                  8.25    0.00 1007.10 v _301766_/D (DFFHQNx1_ASAP7_75t_R)
                               1007.10   data arrival time

                  0.00    0.00    0.00   clock core_clk (rise edge)
                          0.00    0.00   clock network delay (ideal)
                         25.00   25.00   clock uncertainty
                          0.00   25.00   clock reconvergence pessimism
                                 25.00 ^ _301766_/CLK (DFFHQNx1_ASAP7_75t_R)
                          8.44   33.44   library hold time
                                 33.44   data required time
-----------------------------------------------------------------------------
                                 33.44   data required time
                               -1007.10   data arrival time
-----------------------------------------------------------------------------
                                973.66   slack (MET)


Startpoint: _318601_ (rising edge-triggered flip-flop clocked by core_clk)
Endpoint: commit_trace[0] (output port clocked by core_clk)
Path Group: reg2out
Path Type: min

Fanout     Cap    Slew   Delay    Time   Description
-----------------------------------------------------------------------------
                  0.00    0.00    0.00   clock core_clk (rise edge)
                          0.00    0.00   clock network delay (ideal)
                  0.00    0.00    0.00 ^ _318601_/CLK (DFFHQNx1_ASAP7_75t_R)
     1    0.51   11.59   29.66   29.66 v _318601_/QN (DFFHQNx1_ASAP7_75t_R)
                                         _000694_ (net)
                 11.59    0.00   29.66 v _152852_/A (INVx1_ASAP7_75t_R)
     1    2.00   14.77   10.74   40.40 ^ _152852_/Y (INVx1_ASAP7_75t_R)
                                         u_rob.commit_trace[0] (net)
                 14.77    0.00   40.40 ^ commit_trace[0] (out)
                                 40.40   data arrival time

                  0.00    0.00    0.00   clock core_clk (rise edge)
                          0.00    0.00   clock network delay (ideal)
                         25.00   25.00   clock uncertainty
                          0.00   25.00   clock reconvergence pessimism
                       -1000.00 -975.00   output external delay
                               -975.00   data required time
-----------------------------------------------------------------------------
                               -975.00   data required time
                                -40.40   data arrival time
-----------------------------------------------------------------------------
                               1015.40   slack (MET)


Startpoint: _307744_ (rising edge-triggered flip-flop clocked by core_clk)
Endpoint: _307744_ (rising edge-triggered flip-flop clocked by core_clk)
Path Group: reg2reg
Path Type: min

Fanout     Cap    Slew   Delay    Time   Description
-----------------------------------------------------------------------------
                  0.00    0.00    0.00   clock core_clk (rise edge)
                          0.00    0.00   clock network delay (ideal)
                  0.00    0.00    0.00 ^ _307744_/CLK (DFFHQNx1_ASAP7_75t_R)
     2    0.98   14.36   33.42   33.42 ^ _307744_/QN (DFFHQNx1_ASAP7_75t_R)
                                         _017271_ (net)
                 14.36    0.00   33.42 ^ _282716_/B (NOR2x1_ASAP7_75t_R)
     1    0.55    7.30    7.30   40.72 v _282716_/Y (NOR2x1_ASAP7_75t_R)
                                         u_csr._0005_[31] (net)
                  7.30    0.00   40.72 v _307744_/D (DFFHQNx1_ASAP7_75t_R)
                                 40.72   data arrival time

                  0.00    0.00    0.00   clock core_clk (rise edge)
                          0.00    0.00   clock network delay (ideal)
                         25.00   25.00   clock uncertainty
                          0.00   25.00   clock reconvergence pessimism
                                 25.00 ^ _307744_/CLK (DFFHQNx1_ASAP7_75t_R)
                          8.53   33.53   library hold time
                                 33.53   data required time
-----------------------------------------------------------------------------
                                 33.53   data required time
                                -40.72   data arrival time
-----------------------------------------------------------------------------
                                  7.19   slack (MET)



==========================================================================
floorplan final report_checks -path_delay max
--------------------------------------------------------------------------
Startpoint: rst (input port clocked by core_clk)
Endpoint: imem_req_valid (output port clocked by core_clk)
Path Group: in2out
Path Type: max

Fanout     Cap    Slew   Delay    Time   Description
-----------------------------------------------------------------------------
                  0.00    0.00    0.00   clock core_clk (rise edge)
                          0.00    0.00   clock network delay (ideal)
                       1000.00 1000.00 ^ input external delay
  1904 2157.53   20.00    0.00 1000.00 ^ rst (in)
                                         rst (net)
                 20.00    0.00 1000.00 ^ _151342_/A (INVx1_ASAP7_75t_R)
  4764 2702.13 13147.96 6240.87 7240.87 v _151342_/Y (INVx1_ASAP7_75t_R)
                                         _096745_ (net)
               13147.96    0.00 7240.87 v _227188_/C (OA211x2_ASAP7_75t_R)
     1    0.44  303.59 2164.26 9405.13 v _227188_/Y (OA211x2_ASAP7_75t_R)
                                         _031133_ (net)
                303.59    0.00 9405.13 v _227189_/C (OA211x2_ASAP7_75t_R)
    31   16.88   54.30  117.35 9522.48 v _227189_/Y (OA211x2_ASAP7_75t_R)
                                         imem_req_valid (net)
                 54.30    0.00 9522.48 v imem_req_valid (out)
                               9522.48   data arrival time

                  0.00 5000.00 5000.00   clock core_clk (rise edge)
                          0.00 5000.00   clock network delay (ideal)
                        -50.00 4950.00   clock uncertainty
                          0.00 4950.00   clock reconvergence pessimism
                       -1000.00 3950.00   output external delay
                               3950.00   data required time
-----------------------------------------------------------------------------
                               3950.00   data required time
                               -9522.48   data arrival time
-----------------------------------------------------------------------------
                               -5572.48   slack (VIOLATED)


Startpoint: rst (input port clocked by core_clk)
Endpoint: _309673_ (rising edge-triggered flip-flop clocked by core_clk)
Path Group: in2reg
Path Type: max

Fanout     Cap    Slew   Delay    Time   Description
-----------------------------------------------------------------------------
                  0.00    0.00    0.00   clock core_clk (rise edge)
                          0.00    0.00   clock network delay (ideal)
                       1000.00 1000.00 v input external delay
  1904 2142.82   20.00    0.00 1000.00 v rst (in)
                                         rst (net)
                 20.00    0.00 1000.00 v _151342_/A (INVx1_ASAP7_75t_R)
  4764 2747.59 16225.23 7199.87 8199.87 ^ _151342_/Y (INVx1_ASAP7_75t_R)
                                         _096745_ (net)
               16225.23    0.00 8199.87 ^ _151458_/A (AND2x2_ASAP7_75t_R)
   695  422.66 1599.24 1086.30 9286.17 ^ _151458_/Y (AND2x2_ASAP7_75t_R)
                                         _096860_ (net)
               1599.24    0.00 9286.17 ^ _159520_/B (NAND2x1_ASAP7_75t_R)
  1057 1003.65 5295.96 8348.14 17634.30 v _159520_/Y (NAND2x1_ASAP7_75t_R)
                                         _104483_ (net)
               5295.96    0.00 17634.30 v _212629_/A (NOR3x1_ASAP7_75t_R)
   124   60.29 1467.21 1965.43 19599.73 ^ _212629_/Y (NOR3x1_ASAP7_75t_R)
                                         _019003_ (net)
               1467.21    0.00 19599.73 ^ _213021_/B (AND5x1_ASAP7_75t_R)
     1    0.52   34.48  128.98 19728.71 ^ _213021_/Y (AND5x1_ASAP7_75t_R)
                                         _019213_ (net)
                 34.48    0.00 19728.71 ^ _213025_/B (AND5x1_ASAP7_75t_R)
     1    0.57   12.13   31.72 19760.43 ^ _213025_/Y (AND5x1_ASAP7_75t_R)
                                         _019217_ (net)
                 12.13    0.00 19760.43 ^ _213038_/B1 (AO221x1_ASAP7_75t_R)
     1    0.63    9.27   18.58 19779.01 ^ _213038_/Y (AO221x1_ASAP7_75t_R)
                                         _019230_ (net)
                  9.27    0.00 19779.01 ^ _213040_/A2 (AO21x1_ASAP7_75t_R)
     1    0.44    6.70   12.70 19791.71 ^ _213040_/Y (AO21x1_ASAP7_75t_R)
                                         _019232_ (net)
                  6.70    0.00 19791.71 ^ _213041_/B2 (AO32x1_ASAP7_75t_R)
     1    0.62  111.30   16.59 19808.31 ^ _213041_/Y (AO32x1_ASAP7_75t_R)
                                         u_int_iq._00011_[0] (net)
                111.30    0.00 19808.31 ^ _309673_/D (DFFHQNx1_ASAP7_75t_R)
                               19808.31   data arrival time

                  0.00 5000.00 5000.00   clock core_clk (rise edge)
                          0.00 5000.00   clock network delay (ideal)
                        -50.00 4950.00   clock uncertainty
                          0.00 4950.00   clock reconvergence pessimism
                               4950.00 ^ _309673_/CLK (DFFHQNx1_ASAP7_75t_R)
                        -20.22 4929.78   library setup time
                               4929.78   data required time
-----------------------------------------------------------------------------
                               4929.78   data required time
                               -19808.31   data arrival time
-----------------------------------------------------------------------------
                               -14878.53   slack (VIOLATED)


Startpoint: _308209_ (rising edge-triggered flip-flop clocked by core_clk)
Endpoint: dmem_req_addr[11] (output port clocked by core_clk)
Path Group: reg2out
Path Type: max

Fanout     Cap    Slew   Delay    Time   Description
-----------------------------------------------------------------------------
                  0.00    0.00    0.00   clock core_clk (rise edge)
                          0.00    0.00   clock network delay (ideal)
                  0.00    0.00    0.00 ^ _308209_/CLK (DFFHQNx1_ASAP7_75t_R)
   266  241.30 1410.11  667.75  667.75 ^ _308209_/QN (DFFHQNx1_ASAP7_75t_R)
                                         u_lsu._004001_[1] (net)
               1410.11    0.00  667.75 ^ _153613_/A (INVx1_ASAP7_75t_R)
    96   78.80  652.57  786.39 1454.15 v _153613_/Y (INVx1_ASAP7_75t_R)
                                         _098578_ (net)
                652.57    0.00 1454.15 v _153614_/B (OA21x2_ASAP7_75t_R)
     2    1.54   22.03   75.62 1529.77 v _153614_/Y (OA21x2_ASAP7_75t_R)
                                         _098579_ (net)
                 22.03    0.00 1529.77 v _153616_/B1 (AOI22x1_ASAP7_75t_R)
   107   70.86  425.55  191.18 1720.95 ^ _153616_/Y (AOI22x1_ASAP7_75t_R)
                                         _098581_ (net)
                425.55    0.00 1720.95 ^ _153658_/A (NAND2x1_ASAP7_75t_R)
   116   86.77  425.08  281.83 2002.78 v _153658_/Y (NAND2x1_ASAP7_75t_R)
                                         _098623_ (net)
                425.08    0.00 2002.78 v _154873_/A (OR3x2_ASAP7_75t_R)
     8    4.59   26.53   89.56 2092.33 v _154873_/Y (OR3x2_ASAP7_75t_R)
                                         _099838_ (net)
                 26.53    0.00 2092.33 v _154878_/C (OR5x1_ASAP7_75t_R)
     3    1.67   16.62   37.57 2129.90 v _154878_/Y (OR5x1_ASAP7_75t_R)
                                         _099843_ (net)
                 16.62    0.00 2129.90 v _154879_/D (OR4x1_ASAP7_75t_R)
    31   21.31  107.93   79.80 2209.70 v _154879_/Y (OR4x1_ASAP7_75t_R)
                                         _099844_ (net)
                107.93    0.00 2209.70 v _155908_/E (OR5x1_ASAP7_75t_R)
     1    0.51   11.12   39.70 2249.40 v _155908_/Y (OR5x1_ASAP7_75t_R)
                                         _100873_ (net)
                 11.12    0.00 2249.40 v _155917_/C (AND5x1_ASAP7_75t_R)
     3    2.30   14.51   21.36 2270.76 v _155917_/Y (AND5x1_ASAP7_75t_R)
                                         _100882_ (net)
                 14.51    0.00 2270.76 v _155927_/A2 (OA21x2_ASAP7_75t_R)
     9    6.39   20.09   26.99 2297.75 v _155927_/Y (OA21x2_ASAP7_75t_R)
                                         _100892_ (net)
                 20.09    0.00 2297.75 v _155935_/C (OR4x1_ASAP7_75t_R)
    10    7.49   42.36   47.42 2345.17 v _155935_/Y (OR4x1_ASAP7_75t_R)
                                         _100900_ (net)
                 42.36    0.00 2345.17 v _155942_/A1 (AO21x2_ASAP7_75t_R)
     6    5.46   18.54   33.97 2379.14 v _155942_/Y (AO21x2_ASAP7_75t_R)
                                         _100907_ (net)
                 18.54    0.00 2379.14 v _155963_/A2 (AOI211x1_ASAP7_75t_R)
     3    3.33   38.34   22.03 2401.17 ^ _155963_/Y (AOI211x1_ASAP7_75t_R)
                                         _100928_ (net)
                 38.34    0.00 2401.17 ^ _155998_/B (XNOR2x2_ASAP7_75t_R)
     3    2.61   12.06   32.19 2433.35 v _155998_/Y (XNOR2x2_ASAP7_75t_R)
                                         _100963_ (net)
                 12.06    0.00 2433.35 v _156116_/C (OR3x1_ASAP7_75t_R)
     2    1.11   10.50   22.38 2455.73 v _156116_/Y (OR3x1_ASAP7_75t_R)
                                         _101081_ (net)
                 10.50    0.00 2455.73 v _156123_/A3 (AO33x2_ASAP7_75t_R)
     5    3.96   17.47   36.72 2492.46 v _156123_/Y (AO33x2_ASAP7_75t_R)
                                         _101088_ (net)
                 17.47    0.00 2492.46 v _156140_/A (NAND2x1_ASAP7_75t_R)
    12    9.48   61.76   35.42 2527.87 ^ _156140_/Y (NAND2x1_ASAP7_75t_R)
                                         _101105_ (net)
                 61.76    0.00 2527.87 ^ _156253_/B2 (AO221x1_ASAP7_75t_R)
    33   21.77  131.89   81.99 2609.86 ^ _156253_/Y (AO221x1_ASAP7_75t_R)
                                         _101218_ (net)
                131.89    0.00 2609.86 ^ _156290_/B (AND2x2_ASAP7_75t_R)
     5    5.28   21.82   36.84 2646.70 ^ _156290_/Y (AND2x2_ASAP7_75t_R)
                                         _101255_ (net)
                 21.82    0.00 2646.70 ^ _156294_/A2 (AO221x1_ASAP7_75t_R)
     2    1.29   13.33   24.96 2671.66 ^ _156294_/Y (AO221x1_ASAP7_75t_R)
                                         _101259_ (net)
                 13.33    0.00 2671.66 ^ _156340_/A (AND4x1_ASAP7_75t_R)
     2    1.13   12.90   22.70 2694.36 ^ _156340_/Y (AND4x1_ASAP7_75t_R)
                                         _101305_ (net)
                 12.90    0.00 2694.36 ^ _156391_/D (AND5x1_ASAP7_75t_R)
     1    1.30   15.64   31.74 2726.11 ^ _156391_/Y (AND5x1_ASAP7_75t_R)
                                         _101356_ (net)
                 15.64    0.00 2726.11 ^ _156392_/C (NOR3x1_ASAP7_75t_R)
     3    2.25   20.78   16.62 2742.72 v _156392_/Y (NOR3x1_ASAP7_75t_R)
                                         _101357_ (net)
                 20.78    0.00 2742.72 v _156393_/B2 (AOI22x1_ASAP7_75t_R)
     6    4.73   37.24   22.94 2765.66 ^ _156393_/Y (AOI22x1_ASAP7_75t_R)
                                         _101358_ (net)
                 37.24    0.00 2765.66 ^ _156410_/B (NAND2x1_ASAP7_75t_R)
    21   13.31   64.84   40.56 2806.22 v _156410_/Y (NAND2x1_ASAP7_75t_R)
                                         _101375_ (net)
                 64.84    0.00 2806.22 v _156421_/A3 (AO33x2_ASAP7_75t_R)
    13   11.47   43.28   59.72 2865.94 v _156421_/Y (AO33x2_ASAP7_75t_R)
                                         _101386_ (net)
                 43.28    0.00 2865.94 v _156422_/B1 (AOI22x1_ASAP7_75t_R)
     1    0.61   20.08   15.72 2881.66 ^ _156422_/Y (AOI22x1_ASAP7_75t_R)
                                         _101387_ (net)
                 20.08    0.00 2881.66 ^ _156464_/A1 (OA21x2_ASAP7_75t_R)
     3    2.39   11.61   21.76 2903.42 ^ _156464_/Y (OA21x2_ASAP7_75t_R)
                                         _101429_ (net)
                 11.61    0.00 2903.42 ^ _156517_/A1 (OAI21x1_ASAP7_75t_R)
     9    7.04   35.79   19.92 2923.34 v _156517_/Y (OAI21x1_ASAP7_75t_R)
                                         _101482_ (net)
                 35.79    0.00 2923.34 v _156551_/A2 (AO21x1_ASAP7_75t_R)
     3    2.15   14.57   24.53 2947.87 v _156551_/Y (AO21x1_ASAP7_75t_R)
                                         _101516_ (net)
                 14.57    0.00 2947.87 v _156552_/C (OA211x2_ASAP7_75t_R)
    52   38.80  101.83   77.91 3025.79 v _156552_/Y (OA211x2_ASAP7_75t_R)
                                         _101517_ (net)
                101.83    0.00 3025.79 v _156663_/A (OR2x2_ASAP7_75t_R)
     2    1.59   10.56   30.68 3056.46 v _156663_/Y (OR2x2_ASAP7_75t_R)
                                         _101628_ (net)
                 10.56    0.00 3056.46 v _156683_/A3 (AO32x1_ASAP7_75t_R)
     4    3.91   23.71   32.32 3088.78 v _156683_/Y (AO32x1_ASAP7_75t_R)
                                         _101648_ (net)
                 23.71    0.00 3088.78 v _156783_/A (OR3x4_ASAP7_75t_R)
     1    0.61   10.91   35.04 3123.82 v _156783_/Y (OR3x4_ASAP7_75t_R)
                                         _101748_ (net)
                 10.91    0.00 3123.82 v _156801_/C (OR4x1_ASAP7_75t_R)
     1    0.59    9.25   25.56 3149.38 v _156801_/Y (OR4x1_ASAP7_75t_R)
                                         _101766_ (net)
                  9.25    0.00 3149.38 v _156804_/B2 (OA33x2_ASAP7_75t_R)
     3    2.15   14.20   28.20 3177.57 v _156804_/Y (OA33x2_ASAP7_75t_R)
                                         _101769_ (net)
                 14.20    0.00 3177.57 v _156882_/A2 (AO32x1_ASAP7_75t_R)
    21   15.12   77.45   57.99 3235.56 v _156882_/Y (AO32x1_ASAP7_75t_R)
                                         _101847_ (net)
                 77.45    0.00 3235.56 v _156995_/B (OR2x2_ASAP7_75t_R)
     1    0.47    8.10   29.53 3265.09 v _156995_/Y (OR2x2_ASAP7_75t_R)
                                         _101960_ (net)
                  8.10    0.00 3265.09 v _157002_/A2 (AO32x1_ASAP7_75t_R)
     5    5.97   33.15   35.17 3300.26 v _157002_/Y (AO32x1_ASAP7_75t_R)
                                         _101967_ (net)
                 33.15    0.00 3300.26 v _157004_/B (XNOR2x2_ASAP7_75t_R)
     2    1.85   10.82   27.40 3327.66 ^ _157004_/Y (XNOR2x2_ASAP7_75t_R)
                                         _101969_ (net)
                 10.82    0.00 3327.66 ^ _157005_/C (NOR3x1_ASAP7_75t_R)
     1    0.99   14.03   11.91 3339.57 v _157005_/Y (NOR3x1_ASAP7_75t_R)
                                         _101970_ (net)
                 14.03    0.00 3339.57 v _157006_/E (AND5x2_ASAP7_75t_R)
     7    5.95   19.13   29.90 3369.47 v _157006_/Y (AND5x2_ASAP7_75t_R)
                                         _101971_ (net)
                 19.13    0.00 3369.47 v _157078_/C (OR3x1_ASAP7_75t_R)
     3    1.91   14.53   26.12 3395.59 v _157078_/Y (OR3x1_ASAP7_75t_R)
                                         _102043_ (net)
                 14.53    0.00 3395.59 v _157141_/B3 (OA33x2_ASAP7_75t_R)
    29   19.13   55.12   54.00 3449.59 v _157141_/Y (OA33x2_ASAP7_75t_R)
                                         _102106_ (net)
                 55.12    0.00 3449.59 v _157144_/B (OR2x2_ASAP7_75t_R)
     1    0.63    7.64   26.32 3475.91 v _157144_/Y (OR2x2_ASAP7_75t_R)
                                         _102109_ (net)
                  7.64    0.00 3475.91 v _157145_/A2 (AO21x1_ASAP7_75t_R)
     5    3.47   20.68   21.60 3497.52 v _157145_/Y (AO21x1_ASAP7_75t_R)
                                         _102110_ (net)
                 20.68    0.00 3497.52 v _157196_/A2 (AO32x1_ASAP7_75t_R)
     1    0.43    7.48   22.86 3520.38 v _157196_/Y (AO32x1_ASAP7_75t_R)
                                         _102161_ (net)
                  7.48    0.00 3520.38 v _157198_/B1 (AO22x1_ASAP7_75t_R)
     3    2.72   17.69   24.52 3544.90 v _157198_/Y (AO22x1_ASAP7_75t_R)
                                         _102163_ (net)
                 17.69    0.00 3544.90 v _157222_/A2 (AO21x1_ASAP7_75t_R)
     3    1.83   12.57   20.10 3565.00 v _157222_/Y (AO21x1_ASAP7_75t_R)
                                         _102187_ (net)
                 12.57    0.00 3565.00 v _157223_/C (OR3x1_ASAP7_75t_R)
     4    3.30   20.92   28.98 3593.98 v _157223_/Y (OR3x1_ASAP7_75t_R)
                                         _102188_ (net)
                 20.92    0.00 3593.98 v _157312_/A2 (AO21x1_ASAP7_75t_R)
    11    8.08   42.06   35.98 3629.96 v _157312_/Y (AO21x1_ASAP7_75t_R)
                                         _102277_ (net)
                 42.06    0.00 3629.96 v _157373_/B1 (AO222x2_ASAP7_75t_R)
     5    4.15   19.88   42.86 3672.82 v _157373_/Y (AO222x2_ASAP7_75t_R)
                                         _102338_ (net)
                 19.88    0.00 3672.82 v _157377_/A1 (AO21x1_ASAP7_75t_R)
     2    1.71   12.29   21.52 3694.33 v _157377_/Y (AO21x1_ASAP7_75t_R)
                                         _102342_ (net)
                 12.29    0.00 3694.33 v _157378_/B2 (AOI22x1_ASAP7_75t_R)
     4    2.94   26.26   16.37 3710.71 ^ _157378_/Y (AOI22x1_ASAP7_75t_R)
                                         _102343_ (net)
                 26.26    0.00 3710.71 ^ _157445_/B (AND5x1_ASAP7_75t_R)
     4    3.24   26.84   37.64 3748.34 ^ _157445_/Y (AND5x1_ASAP7_75t_R)
                                         _102410_ (net)
                 26.84    0.00 3748.34 ^ _157473_/A2 (AOI21x1_ASAP7_75t_R)
     5    3.59   22.80   15.80 3764.14 v _157473_/Y (AOI21x1_ASAP7_75t_R)
                                         _102438_ (net)
                 22.80    0.00 3764.14 v _157475_/C (OR4x2_ASAP7_75t_R)
     6    4.66   20.60   40.77 3804.91 v _157475_/Y (OR4x2_ASAP7_75t_R)
                                         _102440_ (net)
                 20.60    0.00 3804.91 v _157543_/A (AND2x4_ASAP7_75t_R)
     7    5.06   10.15   21.12 3826.03 v _157543_/Y (AND2x4_ASAP7_75t_R)
                                         _102508_ (net)
                 10.15    0.00 3826.03 v _157562_/A2 (AO33x2_ASAP7_75t_R)
    11    7.50   35.31   40.35 3866.39 v _157562_/Y (AO33x2_ASAP7_75t_R)
                                         _102527_ (net)
                 35.31    0.00 3866.39 v _157635_/B (XNOR2x2_ASAP7_75t_R)
     1    0.56    7.11   25.75 3892.14 ^ _157635_/Y (XNOR2x2_ASAP7_75t_R)
                                         _102600_ (net)
                  7.11    0.00 3892.14 ^ _157636_/E (AND5x1_ASAP7_75t_R)
     1    0.56   11.49   29.16 3921.31 ^ _157636_/Y (AND5x1_ASAP7_75t_R)
                                         _102601_ (net)
                 11.49    0.00 3921.31 ^ _157637_/E (AND5x1_ASAP7_75t_R)
     2    1.72   18.13   32.90 3954.20 ^ _157637_/Y (AND5x1_ASAP7_75t_R)
                                         _102602_ (net)
                 18.13    0.00 3954.20 ^ _157639_/A2 (AO21x1_ASAP7_75t_R)
     3    1.85   14.38   19.01 3973.22 ^ _157639_/Y (AO21x1_ASAP7_75t_R)
                                         _102604_ (net)
                 14.38    0.00 3973.22 ^ _157640_/C (OR3x2_ASAP7_75t_R)
    13    8.73   29.15   25.58 3998.79 ^ _157640_/Y (OR3x2_ASAP7_75t_R)
                                         _102605_ (net)
                 29.15    0.00 3998.79 ^ _157732_/A (NAND2x1_ASAP7_75t_R)
    15    8.90   48.18   27.06 4025.86 v _157732_/Y (NAND2x1_ASAP7_75t_R)
                                         _102697_ (net)
                 48.18    0.00 4025.86 v _157756_/A1 (AO21x1_ASAP7_75t_R)
     3    2.30   15.41   28.67 4054.53 v _157756_/Y (AO21x1_ASAP7_75t_R)
                                         _102721_ (net)
                 15.41    0.00 4054.53 v _157845_/A2 (OA21x2_ASAP7_75t_R)
     1    0.63    6.19   18.54 4073.07 v _157845_/Y (OA21x2_ASAP7_75t_R)
                                         _102810_ (net)
                  6.19    0.00 4073.07 v _157846_/D (OR4x1_ASAP7_75t_R)
     1    0.52    8.88   24.87 4097.94 v _157846_/Y (OR4x1_ASAP7_75t_R)
                                         _102811_ (net)
                  8.88    0.00 4097.94 v _157875_/C (OR5x1_ASAP7_75t_R)
     2    1.64   16.35   34.37 4132.31 v _157875_/Y (OR5x1_ASAP7_75t_R)
                                         _102840_ (net)
                 16.35    0.00 4132.31 v _157900_/A (AND2x2_ASAP7_75t_R)
     4    2.64   10.22   20.48 4152.79 v _157900_/Y (AND2x2_ASAP7_75t_R)
                                         _102865_ (net)
                 10.22    0.00 4152.79 v _157921_/B2 (AO221x1_ASAP7_75t_R)
    29   20.78  104.36   70.30 4223.09 v _157921_/Y (AO221x1_ASAP7_75t_R)
                                         _102886_ (net)
                104.36    0.00 4223.09 v _157922_/C (AO221x1_ASAP7_75t_R)
     1    0.49    9.68   35.72 4258.80 v _157922_/Y (AO221x1_ASAP7_75t_R)
                                         _102887_ (net)
                  9.68    0.00 4258.80 v _157925_/B1 (AO32x2_ASAP7_75t_R)
     2    1.18   10.01   26.24 4285.05 v _157925_/Y (AO32x2_ASAP7_75t_R)
                                         _102890_ (net)
                 10.01    0.00 4285.05 v _157949_/A2 (OA211x2_ASAP7_75t_R)
     1    0.61    9.15   21.95 4307.00 v _157949_/Y (OA211x2_ASAP7_75t_R)
                                         _102914_ (net)
                  9.15    0.00 4307.00 v _157967_/B1 (AO222x2_ASAP7_75t_R)
     2    1.50   11.48   30.55 4337.55 v _157967_/Y (AO222x2_ASAP7_75t_R)
                                         _102932_ (net)
                 11.48    0.00 4337.55 v _158020_/A1 (AO221x1_ASAP7_75t_R)
     7    5.52   31.43   35.23 4372.77 v _158020_/Y (AO221x1_ASAP7_75t_R)
                                         _102985_ (net)
                 31.43    0.00 4372.77 v _158084_/A1 (AO211x2_ASAP7_75t_R)
     7    4.46   15.42   25.57 4398.34 v _158084_/Y (AO211x2_ASAP7_75t_R)
                                         _103049_ (net)
                 15.42    0.00 4398.34 v _158094_/A (AND2x2_ASAP7_75t_R)
    25   18.80   49.20   39.92 4438.27 v _158094_/Y (AND2x2_ASAP7_75t_R)
                                         _103059_ (net)
                 49.20    0.00 4438.27 v _158173_/A (OR3x2_ASAP7_75t_R)
     2    0.98    9.87   33.18 4471.44 v _158173_/Y (OR3x2_ASAP7_75t_R)
                                         _103138_ (net)
                  9.87    0.00 4471.44 v _158271_/A2 (AO221x1_ASAP7_75t_R)
     1    0.56    8.23   21.54 4492.99 v _158271_/Y (AO221x1_ASAP7_75t_R)
                                         _103236_ (net)
                  8.23    0.00 4492.99 v _158272_/E (OR5x1_ASAP7_75t_R)
     1    0.56   10.46   31.35 4524.34 v _158272_/Y (OR5x1_ASAP7_75t_R)
                                         _103237_ (net)
                 10.46    0.00 4524.34 v _158273_/E (OR5x1_ASAP7_75t_R)
     3    3.88   27.37   43.69 4568.03 v _158273_/Y (OR5x1_ASAP7_75t_R)
                                         _103238_ (net)
                 27.37    0.00 4568.03 v _158274_/B (NAND2x2_ASAP7_75t_R)
     5    3.44   17.92   15.45 4583.48 ^ _158274_/Y (NAND2x2_ASAP7_75t_R)
                                         _103239_ (net)
                 17.92    0.00 4583.48 ^ _158287_/A2 (OAI21x1_ASAP7_75t_R)
    21   14.26   68.48   35.87 4619.36 v _158287_/Y (OAI21x1_ASAP7_75t_R)
                                         _103252_ (net)
                 68.48    0.00 4619.36 v _158327_/B2 (AO221x2_ASAP7_75t_R)
     6    3.19   16.51   43.40 4662.75 v _158327_/Y (AO221x2_ASAP7_75t_R)
                                         _103292_ (net)
                 16.51    0.00 4662.75 v _158328_/B (AND2x2_ASAP7_75t_R)
     1    0.65    5.97   16.42 4679.17 v _158328_/Y (AND2x2_ASAP7_75t_R)
                                         _103293_ (net)
                  5.97    0.00 4679.17 v _158329_/C (OR3x1_ASAP7_75t_R)
     3    2.31   16.26   25.05 4704.23 v _158329_/Y (OR3x1_ASAP7_75t_R)
                                         _103294_ (net)
                 16.26    0.00 4704.23 v _158388_/A (OR5x1_ASAP7_75t_R)
     1    0.51   10.27   26.47 4730.70 v _158388_/Y (OR5x1_ASAP7_75t_R)
                                         _103353_ (net)
                 10.27    0.00 4730.70 v _158399_/A3 (AO33x2_ASAP7_75t_R)
     7    6.46   23.37   40.65 4771.35 v _158399_/Y (AO33x2_ASAP7_75t_R)
                                         _103364_ (net)
                 23.37    0.00 4771.35 v _158436_/A (AND2x2_ASAP7_75t_R)
     3    2.43    9.94   22.27 4793.62 v _158436_/Y (AND2x2_ASAP7_75t_R)
                                         _103401_ (net)
                  9.94    0.00 4793.62 v _158437_/C (OR3x1_ASAP7_75t_R)
    27   16.93   85.61   61.06 4854.69 v _158437_/Y (OR3x1_ASAP7_75t_R)
                                         _103402_ (net)
                 85.61    0.00 4854.69 v _158490_/B1 (AO32x1_ASAP7_75t_R)
     1    1.10   12.19   40.27 4894.95 v _158490_/Y (AO32x1_ASAP7_75t_R)
                                         _103455_ (net)
                 12.19    0.00 4894.95 v _158494_/B1 (AOI22x1_ASAP7_75t_R)
     3    2.26   28.34   15.08 4910.04 ^ _158494_/Y (AOI22x1_ASAP7_75t_R)
                                         _103459_ (net)
                 28.34    0.00 4910.04 ^ _158513_/B (XNOR2x2_ASAP7_75t_R)
     1    0.56    6.89   24.50 4934.54 ^ _158513_/Y (XNOR2x2_ASAP7_75t_R)
                                         _103478_ (net)
                  6.89    0.00 4934.54 ^ _158514_/E (AND5x1_ASAP7_75t_R)
     3    2.37   21.71   34.13 4968.67 ^ _158514_/Y (AND5x1_ASAP7_75t_R)
                                         _103479_ (net)
                 21.71    0.00 4968.67 ^ _158597_/B (AND4x1_ASAP7_75t_R)
     2    1.92   18.12   27.97 4996.64 ^ _158597_/Y (AND4x1_ASAP7_75t_R)
                                         _103562_ (net)
                 18.12    0.00 4996.64 ^ _158620_/B (AOI211x1_ASAP7_75t_R)
     2    1.64   30.30   12.63 5009.27 v _158620_/Y (AOI211x1_ASAP7_75t_R)
                                         _103585_ (net)
                 30.30    0.00 5009.27 v _158629_/C (AO221x2_ASAP7_75t_R)
    15   10.89   33.87   46.07 5055.34 v _158629_/Y (AO221x2_ASAP7_75t_R)
                                         _103594_ (net)
                 33.87    0.00 5055.34 v _158672_/A (NAND2x1_ASAP7_75t_R)
    23   13.86   89.04   52.76 5108.10 ^ _158672_/Y (NAND2x1_ASAP7_75t_R)
                                         _103637_ (net)
                 89.04    0.00 5108.10 ^ _158713_/A2 (OA21x2_ASAP7_75t_R)
     1    1.10    9.86   28.06 5136.16 ^ _158713_/Y (OA21x2_ASAP7_75t_R)
                                         _103678_ (net)
                  9.86    0.00 5136.16 ^ _158714_/B (NOR2x1_ASAP7_75t_R)
     6    5.22  112.69   18.06 5154.22 v _158714_/Y (NOR2x1_ASAP7_75t_R)
                                         _103679_ (net)
                112.69    0.00 5154.22 v _158750_/B (XNOR2x2_ASAP7_75t_R)
     1    0.63    8.71   34.94 5189.16 ^ _158750_/Y (XNOR2x2_ASAP7_75t_R)
                                         _103715_ (net)
                  8.71    0.00 5189.16 ^ _158751_/D (AND4x1_ASAP7_75t_R)
     1    1.38   14.37   24.64 5213.80 ^ _158751_/Y (AND4x1_ASAP7_75t_R)
                                         _103716_ (net)
                 14.37    0.00 5213.80 ^ _158756_/B (NAND3x1_ASAP7_75t_R)
     2    2.33   17.04   11.55 5225.34 v _158756_/Y (NAND3x1_ASAP7_75t_R)
                                         _103721_ (net)
                 17.04    0.00 5225.34 v _158757_/C (NAND3x1_ASAP7_75t_R)
     1    0.62   21.33   14.58 5239.92 ^ _158757_/Y (NAND3x1_ASAP7_75t_R)
                                         _103722_ (net)
                 21.33    0.00 5239.92 ^ _158758_/D (OR4x1_ASAP7_75t_R)
     2    1.68   12.83   18.34 5258.26 ^ _158758_/Y (OR4x1_ASAP7_75t_R)
                                         _103723_ (net)
                 12.83    0.00 5258.26 ^ _158764_/C (AND5x2_ASAP7_75t_R)
     4    2.37   14.95   30.60 5288.86 ^ _158764_/Y (AND5x2_ASAP7_75t_R)
                                         _103729_ (net)
                 14.95    0.00 5288.86 ^ _167893_/A1 (OA21x2_ASAP7_75t_R)
     3    2.28   11.24   20.14 5309.01 ^ _167893_/Y (OA21x2_ASAP7_75t_R)
                                         _111899_ (net)
                 11.24    0.00 5309.01 ^ _167894_/E (AND5x1_ASAP7_75t_R)
    21   11.07  142.45   58.70 5367.71 ^ _167894_/Y (AND5x1_ASAP7_75t_R)
                                         _111900_ (net)
                142.45    0.00 5367.71 ^ _171924_/B (AND2x2_ASAP7_75t_R)
    17   10.79   37.29   45.36 5413.08 ^ _171924_/Y (AND2x2_ASAP7_75t_R)
                                         _115788_ (net)
                 37.29    0.00 5413.08 ^ _172326_/A2 (AO21x1_ASAP7_75t_R)
     2    2.52   20.25   23.70 5436.77 ^ _172326_/Y (AO21x1_ASAP7_75t_R)
                                         u_lsu.dmem_req_addr[11] (net)
                 20.25    0.00 5436.77 ^ dmem_req_addr[11] (out)
                               5436.77   data arrival time

                  0.00 5000.00 5000.00   clock core_clk (rise edge)
                          0.00 5000.00   clock network delay (ideal)
                        -50.00 4950.00   clock uncertainty
                          0.00 4950.00   clock reconvergence pessimism
                       -1000.00 3950.00   output external delay
                               3950.00   data required time
-----------------------------------------------------------------------------
                               3950.00   data required time
                               -5436.77   data arrival time
-----------------------------------------------------------------------------
                               -1486.77   slack (VIOLATED)


Startpoint: _318947_ (rising edge-triggered flip-flop clocked by core_clk)
Endpoint: _309674_ (rising edge-triggered flip-flop clocked by core_clk)
Path Group: reg2reg
Path Type: max

Fanout     Cap    Slew   Delay    Time   Description
-----------------------------------------------------------------------------
                  0.00    0.00    0.00   clock core_clk (rise edge)
                          0.00    0.00   clock network delay (ideal)
                  0.00    0.00    0.00 ^ _318947_/CLK (DFFHQNx1_ASAP7_75t_R)
     8    6.01   43.40   50.79   50.79 ^ _318947_/QN (DFFHQNx1_ASAP7_75t_R)
                                         u_rob._01352_[2] (net)
                 43.40    0.00   50.79 ^ _149506_/A (INVx1_ASAP7_75t_R)
     4    2.94   24.02   19.34   70.13 v _149506_/Y (INVx1_ASAP7_75t_R)
                                         _095026_ (net)
                 24.02    0.00   70.13 v _149507_/A (AND2x2_ASAP7_75t_R)
    13    8.55   24.65   30.41  100.55 v _149507_/Y (AND2x2_ASAP7_75t_R)
                                         _095027_ (net)
                 24.65    0.00  100.55 v _149544_/A (NAND2x1_ASAP7_75t_R)
   203  223.82 1334.96  601.37  701.91 ^ _149544_/Y (NAND2x1_ASAP7_75t_R)
                                         _095064_ (net)
               1334.96    0.00  701.91 ^ _149993_/A2 (OA22x2_ASAP7_75t_R)
     1    0.63   31.33   91.55  793.46 ^ _149993_/Y (OA22x2_ASAP7_75t_R)
                                         _095513_ (net)
                 31.33    0.00  793.46 ^ _149994_/D (AND4x1_ASAP7_75t_R)
     1    0.63   10.23   23.63  817.09 ^ _149994_/Y (AND4x1_ASAP7_75t_R)
                                         _095514_ (net)
                 10.23    0.00  817.09 ^ _149995_/D (AND4x1_ASAP7_75t_R)
    16   16.23   99.94   66.21  883.30 ^ _149995_/Y (AND4x1_ASAP7_75t_R)
                                         _095515_ (net)
                 99.94    0.00  883.30 ^ _149997_/B (XNOR2x2_ASAP7_75t_R)
     1    0.63    8.34   33.78  917.08 v _149997_/Y (XNOR2x2_ASAP7_75t_R)
                                         _095517_ (net)
                  8.34    0.00  917.08 v _149998_/D (OR4x1_ASAP7_75t_R)
     1    0.63    9.44   25.65  942.73 v _149998_/Y (OR4x1_ASAP7_75t_R)
                                         _095518_ (net)
                  9.44    0.00  942.73 v _149999_/D (OR4x1_ASAP7_75t_R)
     1    0.63    9.44   25.83  968.55 v _149999_/Y (OR4x1_ASAP7_75t_R)
                                         _095519_ (net)
                  9.44    0.00  968.55 v _150000_/D (OR4x1_ASAP7_75t_R)
     2    1.78   16.00   30.17  998.72 v _150000_/Y (OR4x1_ASAP7_75t_R)
                                         _095520_ (net)
                 16.00    0.00  998.72 v _150031_/A (AND2x2_ASAP7_75t_R)
     3    2.14    9.04   19.58 1018.30 v _150031_/Y (AND2x2_ASAP7_75t_R)
                                         _095551_ (net)
                  9.04    0.00 1018.30 v _150448_/A1 (OA211x2_ASAP7_75t_R)
     1    0.65    9.25   21.65 1039.95 v _150448_/Y (OA211x2_ASAP7_75t_R)
                                         _095968_ (net)
                  9.25    0.00 1039.95 v _150449_/A2 (OA21x2_ASAP7_75t_R)
     1    0.65    6.18   16.74 1056.69 v _150449_/Y (OA21x2_ASAP7_75t_R)
                                         _095969_ (net)
                  6.18    0.00 1056.69 v _150450_/A2 (OA21x2_ASAP7_75t_R)
   127   82.46  206.94  113.73 1170.42 v _150450_/Y (OA21x2_ASAP7_75t_R)
                                         _095970_ (net)
                206.94    0.00 1170.42 v _150470_/B (OR2x2_ASAP7_75t_R)
   779  642.24 1593.63  794.61 1965.03 v _150470_/Y (OR2x2_ASAP7_75t_R)
                                         _095990_ (net)
               1593.63    0.00 1965.03 v _150496_/A (AND3x1_ASAP7_75t_R)
     1    0.61   31.49   91.33 2056.36 v _150496_/Y (AND3x1_ASAP7_75t_R)
                                         _096016_ (net)
                 31.49    0.00 2056.36 v _150504_/B (OR3x1_ASAP7_75t_R)
     1    0.63   15.17   24.18 2080.54 v _150504_/Y (OR3x1_ASAP7_75t_R)
                                         _096024_ (net)
                 15.17    0.00 2080.54 v _150505_/C (AND3x1_ASAP7_75t_R)
     1    1.24    8.69   16.01 2096.55 v _150505_/Y (AND3x1_ASAP7_75t_R)
                                         _096025_ (net)
                  8.69    0.00 2096.55 v _150506_/B (AOI21x1_ASAP7_75t_R)
     1    0.65   10.94    8.46 2105.01 ^ _150506_/Y (AOI21x1_ASAP7_75t_R)
                                         _096026_ (net)
                 10.94    0.00 2105.01 ^ _150592_/A2 (OA21x2_ASAP7_75t_R)
    28   20.65   64.83   43.87 2148.89 ^ _150592_/Y (OA21x2_ASAP7_75t_R)
                                         _096112_ (net)
                 64.83    0.00 2148.89 ^ _151473_/A (NAND2x1_ASAP7_75t_R)
   676  432.63 1915.59  887.70 3036.58 v _151473_/Y (NAND2x1_ASAP7_75t_R)
                                         _096873_ (net)
               1915.59    0.00 3036.58 v _159520_/A (NAND2x1_ASAP7_75t_R)
  1057  984.04 3801.69 8931.57 11968.15 ^ _159520_/Y (NAND2x1_ASAP7_75t_R)
                                         _104483_ (net)
               3801.69    0.00 11968.15 ^ _212629_/A (NOR3x1_ASAP7_75t_R)
   124   60.37 1073.10 1495.36 13463.51 v _212629_/Y (NOR3x1_ASAP7_75t_R)
                                         _019003_ (net)
               1073.10    0.00 13463.51 v _212989_/B (AND2x2_ASAP7_75t_R)
     3    1.49   29.98  122.30 13585.82 v _212989_/Y (AND2x2_ASAP7_75t_R)
                                         _019182_ (net)
                 29.98    0.00 13585.82 v _212990_/A3 (AO32x1_ASAP7_75t_R)
     1    0.55    9.69   26.89 13612.70 v _212990_/Y (AO32x1_ASAP7_75t_R)
                                         _019183_ (net)
                  9.69    0.00 13612.70 v _212991_/E (AND5x1_ASAP7_75t_R)
     1    0.61    6.45   18.51 13631.21 v _212991_/Y (AND5x1_ASAP7_75t_R)
                                         _019184_ (net)
                  6.45    0.00 13631.21 v _213001_/B (OR3x1_ASAP7_75t_R)
     1    0.63    8.11   19.22 13650.43 v _213001_/Y (OR3x1_ASAP7_75t_R)
                                         _019194_ (net)
                  8.11    0.00 13650.43 v _213003_/A2 (AO21x1_ASAP7_75t_R)
     1    0.43    6.40   13.52 13663.95 v _213003_/Y (AO21x1_ASAP7_75t_R)
                                         _019196_ (net)
                  6.40    0.00 13663.95 v _213005_/B1 (AO22x1_ASAP7_75t_R)
     1    0.58   13.78   17.82 13681.77 v _213005_/Y (AO22x1_ASAP7_75t_R)
                                         _019198_ (net)
                 13.78    0.00 13681.77 v _213006_/B (AND2x2_ASAP7_75t_R)
     1    0.62  100.31   15.50 13697.28 v _213006_/Y (AND2x2_ASAP7_75t_R)
                                         u_int_iq._00011_[1] (net)
                100.31    0.00 13697.28 v _309674_/D (DFFHQNx1_ASAP7_75t_R)
                               13697.28   data arrival time

                  0.00 5000.00 5000.00   clock core_clk (rise edge)
                          0.00 5000.00   clock network delay (ideal)
                        -50.00 4950.00   clock uncertainty
                          0.00 4950.00   clock reconvergence pessimism
                               4950.00 ^ _309674_/CLK (DFFHQNx1_ASAP7_75t_R)
                        -17.77 4932.23   library setup time
                               4932.23   data required time
-----------------------------------------------------------------------------
                               4932.23   data required time
                               -13697.28   data arrival time
-----------------------------------------------------------------------------
                               -8765.05   slack (VIOLATED)



==========================================================================
floorplan final report_checks -unconstrained
--------------------------------------------------------------------------
Startpoint: rst (input port clocked by core_clk)
Endpoint: imem_req_valid (output port clocked by core_clk)
Path Group: in2out
Path Type: max

Fanout     Cap    Slew   Delay    Time   Description
-----------------------------------------------------------------------------
                  0.00    0.00    0.00   clock core_clk (rise edge)
                          0.00    0.00   clock network delay (ideal)
                       1000.00 1000.00 ^ input external delay
  1904 2157.53   20.00    0.00 1000.00 ^ rst (in)
                                         rst (net)
                 20.00    0.00 1000.00 ^ _151342_/A (INVx1_ASAP7_75t_R)
  4764 2702.13 13147.96 6240.87 7240.87 v _151342_/Y (INVx1_ASAP7_75t_R)
                                         _096745_ (net)
               13147.96    0.00 7240.87 v _227188_/C (OA211x2_ASAP7_75t_R)
     1    0.44  303.59 2164.26 9405.13 v _227188_/Y (OA211x2_ASAP7_75t_R)
                                         _031133_ (net)
                303.59    0.00 9405.13 v _227189_/C (OA211x2_ASAP7_75t_R)
    31   16.88   54.30  117.35 9522.48 v _227189_/Y (OA211x2_ASAP7_75t_R)
                                         imem_req_valid (net)
                 54.30    0.00 9522.48 v imem_req_valid (out)
                               9522.48   data arrival time

                  0.00 5000.00 5000.00   clock core_clk (rise edge)
                          0.00 5000.00   clock network delay (ideal)
                        -50.00 4950.00   clock uncertainty
                          0.00 4950.00   clock reconvergence pessimism
                       -1000.00 3950.00   output external delay
                               3950.00   data required time
-----------------------------------------------------------------------------
                               3950.00   data required time
                               -9522.48   data arrival time
-----------------------------------------------------------------------------
                               -5572.48   slack (VIOLATED)


Startpoint: rst (input port clocked by core_clk)
Endpoint: _309673_ (rising edge-triggered flip-flop clocked by core_clk)
Path Group: in2reg
Path Type: max

Fanout     Cap    Slew   Delay    Time   Description
-----------------------------------------------------------------------------
                  0.00    0.00    0.00   clock core_clk (rise edge)
                          0.00    0.00   clock network delay (ideal)
                       1000.00 1000.00 v input external delay
  1904 2142.82   20.00    0.00 1000.00 v rst (in)
                                         rst (net)
                 20.00    0.00 1000.00 v _151342_/A (INVx1_ASAP7_75t_R)
  4764 2747.59 16225.23 7199.87 8199.87 ^ _151342_/Y (INVx1_ASAP7_75t_R)
                                         _096745_ (net)
               16225.23    0.00 8199.87 ^ _151458_/A (AND2x2_ASAP7_75t_R)
   695  422.66 1599.24 1086.30 9286.17 ^ _151458_/Y (AND2x2_ASAP7_75t_R)
                                         _096860_ (net)
               1599.24    0.00 9286.17 ^ _159520_/B (NAND2x1_ASAP7_75t_R)
  1057 1003.65 5295.96 8348.14 17634.30 v _159520_/Y (NAND2x1_ASAP7_75t_R)
                                         _104483_ (net)
               5295.96    0.00 17634.30 v _212629_/A (NOR3x1_ASAP7_75t_R)
   124   60.29 1467.21 1965.43 19599.73 ^ _212629_/Y (NOR3x1_ASAP7_75t_R)
                                         _019003_ (net)
               1467.21    0.00 19599.73 ^ _213021_/B (AND5x1_ASAP7_75t_R)
     1    0.52   34.48  128.98 19728.71 ^ _213021_/Y (AND5x1_ASAP7_75t_R)
                                         _019213_ (net)
                 34.48    0.00 19728.71 ^ _213025_/B (AND5x1_ASAP7_75t_R)
     1    0.57   12.13   31.72 19760.43 ^ _213025_/Y (AND5x1_ASAP7_75t_R)
                                         _019217_ (net)
                 12.13    0.00 19760.43 ^ _213038_/B1 (AO221x1_ASAP7_75t_R)
     1    0.63    9.27   18.58 19779.01 ^ _213038_/Y (AO221x1_ASAP7_75t_R)
                                         _019230_ (net)
                  9.27    0.00 19779.01 ^ _213040_/A2 (AO21x1_ASAP7_75t_R)
     1    0.44    6.70   12.70 19791.71 ^ _213040_/Y (AO21x1_ASAP7_75t_R)
                                         _019232_ (net)
                  6.70    0.00 19791.71 ^ _213041_/B2 (AO32x1_ASAP7_75t_R)
     1    0.62  111.30   16.59 19808.31 ^ _213041_/Y (AO32x1_ASAP7_75t_R)
                                         u_int_iq._00011_[0] (net)
                111.30    0.00 19808.31 ^ _309673_/D (DFFHQNx1_ASAP7_75t_R)
                               19808.31   data arrival time

                  0.00 5000.00 5000.00   clock core_clk (rise edge)
                          0.00 5000.00   clock network delay (ideal)
                        -50.00 4950.00   clock uncertainty
                          0.00 4950.00   clock reconvergence pessimism
                               4950.00 ^ _309673_/CLK (DFFHQNx1_ASAP7_75t_R)
                        -20.22 4929.78   library setup time
                               4929.78   data required time
-----------------------------------------------------------------------------
                               4929.78   data required time
                               -19808.31   data arrival time
-----------------------------------------------------------------------------
                               -14878.53   slack (VIOLATED)


Startpoint: _308209_ (rising edge-triggered flip-flop clocked by core_clk)
Endpoint: dmem_req_addr[11] (output port clocked by core_clk)
Path Group: reg2out
Path Type: max

Fanout     Cap    Slew   Delay    Time   Description
-----------------------------------------------------------------------------
                  0.00    0.00    0.00   clock core_clk (rise edge)
                          0.00    0.00   clock network delay (ideal)
                  0.00    0.00    0.00 ^ _308209_/CLK (DFFHQNx1_ASAP7_75t_R)
   266  241.30 1410.11  667.75  667.75 ^ _308209_/QN (DFFHQNx1_ASAP7_75t_R)
                                         u_lsu._004001_[1] (net)
               1410.11    0.00  667.75 ^ _153613_/A (INVx1_ASAP7_75t_R)
    96   78.80  652.57  786.39 1454.15 v _153613_/Y (INVx1_ASAP7_75t_R)
                                         _098578_ (net)
                652.57    0.00 1454.15 v _153614_/B (OA21x2_ASAP7_75t_R)
     2    1.54   22.03   75.62 1529.77 v _153614_/Y (OA21x2_ASAP7_75t_R)
                                         _098579_ (net)
                 22.03    0.00 1529.77 v _153616_/B1 (AOI22x1_ASAP7_75t_R)
   107   70.86  425.55  191.18 1720.95 ^ _153616_/Y (AOI22x1_ASAP7_75t_R)
                                         _098581_ (net)
                425.55    0.00 1720.95 ^ _153658_/A (NAND2x1_ASAP7_75t_R)
   116   86.77  425.08  281.83 2002.78 v _153658_/Y (NAND2x1_ASAP7_75t_R)
                                         _098623_ (net)
                425.08    0.00 2002.78 v _154873_/A (OR3x2_ASAP7_75t_R)
     8    4.59   26.53   89.56 2092.33 v _154873_/Y (OR3x2_ASAP7_75t_R)
                                         _099838_ (net)
                 26.53    0.00 2092.33 v _154878_/C (OR5x1_ASAP7_75t_R)
     3    1.67   16.62   37.57 2129.90 v _154878_/Y (OR5x1_ASAP7_75t_R)
                                         _099843_ (net)
                 16.62    0.00 2129.90 v _154879_/D (OR4x1_ASAP7_75t_R)
    31   21.31  107.93   79.80 2209.70 v _154879_/Y (OR4x1_ASAP7_75t_R)
                                         _099844_ (net)
                107.93    0.00 2209.70 v _155908_/E (OR5x1_ASAP7_75t_R)
     1    0.51   11.12   39.70 2249.40 v _155908_/Y (OR5x1_ASAP7_75t_R)
                                         _100873_ (net)
                 11.12    0.00 2249.40 v _155917_/C (AND5x1_ASAP7_75t_R)
     3    2.30   14.51   21.36 2270.76 v _155917_/Y (AND5x1_ASAP7_75t_R)
                                         _100882_ (net)
                 14.51    0.00 2270.76 v _155927_/A2 (OA21x2_ASAP7_75t_R)
     9    6.39   20.09   26.99 2297.75 v _155927_/Y (OA21x2_ASAP7_75t_R)
                                         _100892_ (net)
                 20.09    0.00 2297.75 v _155935_/C (OR4x1_ASAP7_75t_R)
    10    7.49   42.36   47.42 2345.17 v _155935_/Y (OR4x1_ASAP7_75t_R)
                                         _100900_ (net)
                 42.36    0.00 2345.17 v _155942_/A1 (AO21x2_ASAP7_75t_R)
     6    5.46   18.54   33.97 2379.14 v _155942_/Y (AO21x2_ASAP7_75t_R)
                                         _100907_ (net)
                 18.54    0.00 2379.14 v _155963_/A2 (AOI211x1_ASAP7_75t_R)
     3    3.33   38.34   22.03 2401.17 ^ _155963_/Y (AOI211x1_ASAP7_75t_R)
                                         _100928_ (net)
                 38.34    0.00 2401.17 ^ _155998_/B (XNOR2x2_ASAP7_75t_R)
     3    2.61   12.06   32.19 2433.35 v _155998_/Y (XNOR2x2_ASAP7_75t_R)
                                         _100963_ (net)
                 12.06    0.00 2433.35 v _156116_/C (OR3x1_ASAP7_75t_R)
     2    1.11   10.50   22.38 2455.73 v _156116_/Y (OR3x1_ASAP7_75t_R)
                                         _101081_ (net)
                 10.50    0.00 2455.73 v _156123_/A3 (AO33x2_ASAP7_75t_R)
     5    3.96   17.47   36.72 2492.46 v _156123_/Y (AO33x2_ASAP7_75t_R)
                                         _101088_ (net)
                 17.47    0.00 2492.46 v _156140_/A (NAND2x1_ASAP7_75t_R)
    12    9.48   61.76   35.42 2527.87 ^ _156140_/Y (NAND2x1_ASAP7_75t_R)
                                         _101105_ (net)
                 61.76    0.00 2527.87 ^ _156253_/B2 (AO221x1_ASAP7_75t_R)
    33   21.77  131.89   81.99 2609.86 ^ _156253_/Y (AO221x1_ASAP7_75t_R)
                                         _101218_ (net)
                131.89    0.00 2609.86 ^ _156290_/B (AND2x2_ASAP7_75t_R)
     5    5.28   21.82   36.84 2646.70 ^ _156290_/Y (AND2x2_ASAP7_75t_R)
                                         _101255_ (net)
                 21.82    0.00 2646.70 ^ _156294_/A2 (AO221x1_ASAP7_75t_R)
     2    1.29   13.33   24.96 2671.66 ^ _156294_/Y (AO221x1_ASAP7_75t_R)
                                         _101259_ (net)
                 13.33    0.00 2671.66 ^ _156340_/A (AND4x1_ASAP7_75t_R)
     2    1.13   12.90   22.70 2694.36 ^ _156340_/Y (AND4x1_ASAP7_75t_R)
                                         _101305_ (net)
                 12.90    0.00 2694.36 ^ _156391_/D (AND5x1_ASAP7_75t_R)
     1    1.30   15.64   31.74 2726.11 ^ _156391_/Y (AND5x1_ASAP7_75t_R)
                                         _101356_ (net)
                 15.64    0.00 2726.11 ^ _156392_/C (NOR3x1_ASAP7_75t_R)
     3    2.25   20.78   16.62 2742.72 v _156392_/Y (NOR3x1_ASAP7_75t_R)
                                         _101357_ (net)
                 20.78    0.00 2742.72 v _156393_/B2 (AOI22x1_ASAP7_75t_R)
     6    4.73   37.24   22.94 2765.66 ^ _156393_/Y (AOI22x1_ASAP7_75t_R)
                                         _101358_ (net)
                 37.24    0.00 2765.66 ^ _156410_/B (NAND2x1_ASAP7_75t_R)
    21   13.31   64.84   40.56 2806.22 v _156410_/Y (NAND2x1_ASAP7_75t_R)
                                         _101375_ (net)
                 64.84    0.00 2806.22 v _156421_/A3 (AO33x2_ASAP7_75t_R)
    13   11.47   43.28   59.72 2865.94 v _156421_/Y (AO33x2_ASAP7_75t_R)
                                         _101386_ (net)
                 43.28    0.00 2865.94 v _156422_/B1 (AOI22x1_ASAP7_75t_R)
     1    0.61   20.08   15.72 2881.66 ^ _156422_/Y (AOI22x1_ASAP7_75t_R)
                                         _101387_ (net)
                 20.08    0.00 2881.66 ^ _156464_/A1 (OA21x2_ASAP7_75t_R)
     3    2.39   11.61   21.76 2903.42 ^ _156464_/Y (OA21x2_ASAP7_75t_R)
                                         _101429_ (net)
                 11.61    0.00 2903.42 ^ _156517_/A1 (OAI21x1_ASAP7_75t_R)
     9    7.04   35.79   19.92 2923.34 v _156517_/Y (OAI21x1_ASAP7_75t_R)
                                         _101482_ (net)
                 35.79    0.00 2923.34 v _156551_/A2 (AO21x1_ASAP7_75t_R)
     3    2.15   14.57   24.53 2947.87 v _156551_/Y (AO21x1_ASAP7_75t_R)
                                         _101516_ (net)
                 14.57    0.00 2947.87 v _156552_/C (OA211x2_ASAP7_75t_R)
    52   38.80  101.83   77.91 3025.79 v _156552_/Y (OA211x2_ASAP7_75t_R)
                                         _101517_ (net)
                101.83    0.00 3025.79 v _156663_/A (OR2x2_ASAP7_75t_R)
     2    1.59   10.56   30.68 3056.46 v _156663_/Y (OR2x2_ASAP7_75t_R)
                                         _101628_ (net)
                 10.56    0.00 3056.46 v _156683_/A3 (AO32x1_ASAP7_75t_R)
     4    3.91   23.71   32.32 3088.78 v _156683_/Y (AO32x1_ASAP7_75t_R)
                                         _101648_ (net)
                 23.71    0.00 3088.78 v _156783_/A (OR3x4_ASAP7_75t_R)
     1    0.61   10.91   35.04 3123.82 v _156783_/Y (OR3x4_ASAP7_75t_R)
                                         _101748_ (net)
                 10.91    0.00 3123.82 v _156801_/C (OR4x1_ASAP7_75t_R)
     1    0.59    9.25   25.56 3149.38 v _156801_/Y (OR4x1_ASAP7_75t_R)
                                         _101766_ (net)
                  9.25    0.00 3149.38 v _156804_/B2 (OA33x2_ASAP7_75t_R)
     3    2.15   14.20   28.20 3177.57 v _156804_/Y (OA33x2_ASAP7_75t_R)
                                         _101769_ (net)
                 14.20    0.00 3177.57 v _156882_/A2 (AO32x1_ASAP7_75t_R)
    21   15.12   77.45   57.99 3235.56 v _156882_/Y (AO32x1_ASAP7_75t_R)
                                         _101847_ (net)
                 77.45    0.00 3235.56 v _156995_/B (OR2x2_ASAP7_75t_R)
     1    0.47    8.10   29.53 3265.09 v _156995_/Y (OR2x2_ASAP7_75t_R)
                                         _101960_ (net)
                  8.10    0.00 3265.09 v _157002_/A2 (AO32x1_ASAP7_75t_R)
     5    5.97   33.15   35.17 3300.26 v _157002_/Y (AO32x1_ASAP7_75t_R)
                                         _101967_ (net)
                 33.15    0.00 3300.26 v _157004_/B (XNOR2x2_ASAP7_75t_R)
     2    1.85   10.82   27.40 3327.66 ^ _157004_/Y (XNOR2x2_ASAP7_75t_R)
                                         _101969_ (net)
                 10.82    0.00 3327.66 ^ _157005_/C (NOR3x1_ASAP7_75t_R)
     1    0.99   14.03   11.91 3339.57 v _157005_/Y (NOR3x1_ASAP7_75t_R)
                                         _101970_ (net)
                 14.03    0.00 3339.57 v _157006_/E (AND5x2_ASAP7_75t_R)
     7    5.95   19.13   29.90 3369.47 v _157006_/Y (AND5x2_ASAP7_75t_R)
                                         _101971_ (net)
                 19.13    0.00 3369.47 v _157078_/C (OR3x1_ASAP7_75t_R)
     3    1.91   14.53   26.12 3395.59 v _157078_/Y (OR3x1_ASAP7_75t_R)
                                         _102043_ (net)
                 14.53    0.00 3395.59 v _157141_/B3 (OA33x2_ASAP7_75t_R)
    29   19.13   55.12   54.00 3449.59 v _157141_/Y (OA33x2_ASAP7_75t_R)
                                         _102106_ (net)
                 55.12    0.00 3449.59 v _157144_/B (OR2x2_ASAP7_75t_R)
     1    0.63    7.64   26.32 3475.91 v _157144_/Y (OR2x2_ASAP7_75t_R)
                                         _102109_ (net)
                  7.64    0.00 3475.91 v _157145_/A2 (AO21x1_ASAP7_75t_R)
     5    3.47   20.68   21.60 3497.52 v _157145_/Y (AO21x1_ASAP7_75t_R)
                                         _102110_ (net)
                 20.68    0.00 3497.52 v _157196_/A2 (AO32x1_ASAP7_75t_R)
     1    0.43    7.48   22.86 3520.38 v _157196_/Y (AO32x1_ASAP7_75t_R)
                                         _102161_ (net)
                  7.48    0.00 3520.38 v _157198_/B1 (AO22x1_ASAP7_75t_R)
     3    2.72   17.69   24.52 3544.90 v _157198_/Y (AO22x1_ASAP7_75t_R)
                                         _102163_ (net)
                 17.69    0.00 3544.90 v _157222_/A2 (AO21x1_ASAP7_75t_R)
     3    1.83   12.57   20.10 3565.00 v _157222_/Y (AO21x1_ASAP7_75t_R)
                                         _102187_ (net)
                 12.57    0.00 3565.00 v _157223_/C (OR3x1_ASAP7_75t_R)
     4    3.30   20.92   28.98 3593.98 v _157223_/Y (OR3x1_ASAP7_75t_R)
                                         _102188_ (net)
                 20.92    0.00 3593.98 v _157312_/A2 (AO21x1_ASAP7_75t_R)
    11    8.08   42.06   35.98 3629.96 v _157312_/Y (AO21x1_ASAP7_75t_R)
                                         _102277_ (net)
                 42.06    0.00 3629.96 v _157373_/B1 (AO222x2_ASAP7_75t_R)
     5    4.15   19.88   42.86 3672.82 v _157373_/Y (AO222x2_ASAP7_75t_R)
                                         _102338_ (net)
                 19.88    0.00 3672.82 v _157377_/A1 (AO21x1_ASAP7_75t_R)
     2    1.71   12.29   21.52 3694.33 v _157377_/Y (AO21x1_ASAP7_75t_R)
                                         _102342_ (net)
                 12.29    0.00 3694.33 v _157378_/B2 (AOI22x1_ASAP7_75t_R)
     4    2.94   26.26   16.37 3710.71 ^ _157378_/Y (AOI22x1_ASAP7_75t_R)
                                         _102343_ (net)
                 26.26    0.00 3710.71 ^ _157445_/B (AND5x1_ASAP7_75t_R)
     4    3.24   26.84   37.64 3748.34 ^ _157445_/Y (AND5x1_ASAP7_75t_R)
                                         _102410_ (net)
                 26.84    0.00 3748.34 ^ _157473_/A2 (AOI21x1_ASAP7_75t_R)
     5    3.59   22.80   15.80 3764.14 v _157473_/Y (AOI21x1_ASAP7_75t_R)
                                         _102438_ (net)
                 22.80    0.00 3764.14 v _157475_/C (OR4x2_ASAP7_75t_R)
     6    4.66   20.60   40.77 3804.91 v _157475_/Y (OR4x2_ASAP7_75t_R)
                                         _102440_ (net)
                 20.60    0.00 3804.91 v _157543_/A (AND2x4_ASAP7_75t_R)
     7    5.06   10.15   21.12 3826.03 v _157543_/Y (AND2x4_ASAP7_75t_R)
                                         _102508_ (net)
                 10.15    0.00 3826.03 v _157562_/A2 (AO33x2_ASAP7_75t_R)
    11    7.50   35.31   40.35 3866.39 v _157562_/Y (AO33x2_ASAP7_75t_R)
                                         _102527_ (net)
                 35.31    0.00 3866.39 v _157635_/B (XNOR2x2_ASAP7_75t_R)
     1    0.56    7.11   25.75 3892.14 ^ _157635_/Y (XNOR2x2_ASAP7_75t_R)
                                         _102600_ (net)
                  7.11    0.00 3892.14 ^ _157636_/E (AND5x1_ASAP7_75t_R)
     1    0.56   11.49   29.16 3921.31 ^ _157636_/Y (AND5x1_ASAP7_75t_R)
                                         _102601_ (net)
                 11.49    0.00 3921.31 ^ _157637_/E (AND5x1_ASAP7_75t_R)
     2    1.72   18.13   32.90 3954.20 ^ _157637_/Y (AND5x1_ASAP7_75t_R)
                                         _102602_ (net)
                 18.13    0.00 3954.20 ^ _157639_/A2 (AO21x1_ASAP7_75t_R)
     3    1.85   14.38   19.01 3973.22 ^ _157639_/Y (AO21x1_ASAP7_75t_R)
                                         _102604_ (net)
                 14.38    0.00 3973.22 ^ _157640_/C (OR3x2_ASAP7_75t_R)
    13    8.73   29.15   25.58 3998.79 ^ _157640_/Y (OR3x2_ASAP7_75t_R)
                                         _102605_ (net)
                 29.15    0.00 3998.79 ^ _157732_/A (NAND2x1_ASAP7_75t_R)
    15    8.90   48.18   27.06 4025.86 v _157732_/Y (NAND2x1_ASAP7_75t_R)
                                         _102697_ (net)
                 48.18    0.00 4025.86 v _157756_/A1 (AO21x1_ASAP7_75t_R)
     3    2.30   15.41   28.67 4054.53 v _157756_/Y (AO21x1_ASAP7_75t_R)
                                         _102721_ (net)
                 15.41    0.00 4054.53 v _157845_/A2 (OA21x2_ASAP7_75t_R)
     1    0.63    6.19   18.54 4073.07 v _157845_/Y (OA21x2_ASAP7_75t_R)
                                         _102810_ (net)
                  6.19    0.00 4073.07 v _157846_/D (OR4x1_ASAP7_75t_R)
     1    0.52    8.88   24.87 4097.94 v _157846_/Y (OR4x1_ASAP7_75t_R)
                                         _102811_ (net)
                  8.88    0.00 4097.94 v _157875_/C (OR5x1_ASAP7_75t_R)
     2    1.64   16.35   34.37 4132.31 v _157875_/Y (OR5x1_ASAP7_75t_R)
                                         _102840_ (net)
                 16.35    0.00 4132.31 v _157900_/A (AND2x2_ASAP7_75t_R)
     4    2.64   10.22   20.48 4152.79 v _157900_/Y (AND2x2_ASAP7_75t_R)
                                         _102865_ (net)
                 10.22    0.00 4152.79 v _157921_/B2 (AO221x1_ASAP7_75t_R)
    29   20.78  104.36   70.30 4223.09 v _157921_/Y (AO221x1_ASAP7_75t_R)
                                         _102886_ (net)
                104.36    0.00 4223.09 v _157922_/C (AO221x1_ASAP7_75t_R)
     1    0.49    9.68   35.72 4258.80 v _157922_/Y (AO221x1_ASAP7_75t_R)
                                         _102887_ (net)
                  9.68    0.00 4258.80 v _157925_/B1 (AO32x2_ASAP7_75t_R)
     2    1.18   10.01   26.24 4285.05 v _157925_/Y (AO32x2_ASAP7_75t_R)
                                         _102890_ (net)
                 10.01    0.00 4285.05 v _157949_/A2 (OA211x2_ASAP7_75t_R)
     1    0.61    9.15   21.95 4307.00 v _157949_/Y (OA211x2_ASAP7_75t_R)
                                         _102914_ (net)
                  9.15    0.00 4307.00 v _157967_/B1 (AO222x2_ASAP7_75t_R)
     2    1.50   11.48   30.55 4337.55 v _157967_/Y (AO222x2_ASAP7_75t_R)
                                         _102932_ (net)
                 11.48    0.00 4337.55 v _158020_/A1 (AO221x1_ASAP7_75t_R)
     7    5.52   31.43   35.23 4372.77 v _158020_/Y (AO221x1_ASAP7_75t_R)
                                         _102985_ (net)
                 31.43    0.00 4372.77 v _158084_/A1 (AO211x2_ASAP7_75t_R)
     7    4.46   15.42   25.57 4398.34 v _158084_/Y (AO211x2_ASAP7_75t_R)
                                         _103049_ (net)
                 15.42    0.00 4398.34 v _158094_/A (AND2x2_ASAP7_75t_R)
    25   18.80   49.20   39.92 4438.27 v _158094_/Y (AND2x2_ASAP7_75t_R)
                                         _103059_ (net)
                 49.20    0.00 4438.27 v _158173_/A (OR3x2_ASAP7_75t_R)
     2    0.98    9.87   33.18 4471.44 v _158173_/Y (OR3x2_ASAP7_75t_R)
                                         _103138_ (net)
                  9.87    0.00 4471.44 v _158271_/A2 (AO221x1_ASAP7_75t_R)
     1    0.56    8.23   21.54 4492.99 v _158271_/Y (AO221x1_ASAP7_75t_R)
                                         _103236_ (net)
                  8.23    0.00 4492.99 v _158272_/E (OR5x1_ASAP7_75t_R)
     1    0.56   10.46   31.35 4524.34 v _158272_/Y (OR5x1_ASAP7_75t_R)
                                         _103237_ (net)
                 10.46    0.00 4524.34 v _158273_/E (OR5x1_ASAP7_75t_R)
     3    3.88   27.37   43.69 4568.03 v _158273_/Y (OR5x1_ASAP7_75t_R)
                                         _103238_ (net)
                 27.37    0.00 4568.03 v _158274_/B (NAND2x2_ASAP7_75t_R)
     5    3.44   17.92   15.45 4583.48 ^ _158274_/Y (NAND2x2_ASAP7_75t_R)
                                         _103239_ (net)
                 17.92    0.00 4583.48 ^ _158287_/A2 (OAI21x1_ASAP7_75t_R)
    21   14.26   68.48   35.87 4619.36 v _158287_/Y (OAI21x1_ASAP7_75t_R)
                                         _103252_ (net)
                 68.48    0.00 4619.36 v _158327_/B2 (AO221x2_ASAP7_75t_R)
     6    3.19   16.51   43.40 4662.75 v _158327_/Y (AO221x2_ASAP7_75t_R)
                                         _103292_ (net)
                 16.51    0.00 4662.75 v _158328_/B (AND2x2_ASAP7_75t_R)
     1    0.65    5.97   16.42 4679.17 v _158328_/Y (AND2x2_ASAP7_75t_R)
                                         _103293_ (net)
                  5.97    0.00 4679.17 v _158329_/C (OR3x1_ASAP7_75t_R)
     3    2.31   16.26   25.05 4704.23 v _158329_/Y (OR3x1_ASAP7_75t_R)
                                         _103294_ (net)
                 16.26    0.00 4704.23 v _158388_/A (OR5x1_ASAP7_75t_R)
     1    0.51   10.27   26.47 4730.70 v _158388_/Y (OR5x1_ASAP7_75t_R)
                                         _103353_ (net)
                 10.27    0.00 4730.70 v _158399_/A3 (AO33x2_ASAP7_75t_R)
     7    6.46   23.37   40.65 4771.35 v _158399_/Y (AO33x2_ASAP7_75t_R)
                                         _103364_ (net)
                 23.37    0.00 4771.35 v _158436_/A (AND2x2_ASAP7_75t_R)
     3    2.43    9.94   22.27 4793.62 v _158436_/Y (AND2x2_ASAP7_75t_R)
                                         _103401_ (net)
                  9.94    0.00 4793.62 v _158437_/C (OR3x1_ASAP7_75t_R)
    27   16.93   85.61   61.06 4854.69 v _158437_/Y (OR3x1_ASAP7_75t_R)
                                         _103402_ (net)
                 85.61    0.00 4854.69 v _158490_/B1 (AO32x1_ASAP7_75t_R)
     1    1.10   12.19   40.27 4894.95 v _158490_/Y (AO32x1_ASAP7_75t_R)
                                         _103455_ (net)
                 12.19    0.00 4894.95 v _158494_/B1 (AOI22x1_ASAP7_75t_R)
     3    2.26   28.34   15.08 4910.04 ^ _158494_/Y (AOI22x1_ASAP7_75t_R)
                                         _103459_ (net)
                 28.34    0.00 4910.04 ^ _158513_/B (XNOR2x2_ASAP7_75t_R)
     1    0.56    6.89   24.50 4934.54 ^ _158513_/Y (XNOR2x2_ASAP7_75t_R)
                                         _103478_ (net)
                  6.89    0.00 4934.54 ^ _158514_/E (AND5x1_ASAP7_75t_R)
     3    2.37   21.71   34.13 4968.67 ^ _158514_/Y (AND5x1_ASAP7_75t_R)
                                         _103479_ (net)
                 21.71    0.00 4968.67 ^ _158597_/B (AND4x1_ASAP7_75t_R)
     2    1.92   18.12   27.97 4996.64 ^ _158597_/Y (AND4x1_ASAP7_75t_R)
                                         _103562_ (net)
                 18.12    0.00 4996.64 ^ _158620_/B (AOI211x1_ASAP7_75t_R)
     2    1.64   30.30   12.63 5009.27 v _158620_/Y (AOI211x1_ASAP7_75t_R)
                                         _103585_ (net)
                 30.30    0.00 5009.27 v _158629_/C (AO221x2_ASAP7_75t_R)
    15   10.89   33.87   46.07 5055.34 v _158629_/Y (AO221x2_ASAP7_75t_R)
                                         _103594_ (net)
                 33.87    0.00 5055.34 v _158672_/A (NAND2x1_ASAP7_75t_R)
    23   13.86   89.04   52.76 5108.10 ^ _158672_/Y (NAND2x1_ASAP7_75t_R)
                                         _103637_ (net)
                 89.04    0.00 5108.10 ^ _158713_/A2 (OA21x2_ASAP7_75t_R)
     1    1.10    9.86   28.06 5136.16 ^ _158713_/Y (OA21x2_ASAP7_75t_R)
                                         _103678_ (net)
                  9.86    0.00 5136.16 ^ _158714_/B (NOR2x1_ASAP7_75t_R)
     6    5.22  112.69   18.06 5154.22 v _158714_/Y (NOR2x1_ASAP7_75t_R)
                                         _103679_ (net)
                112.69    0.00 5154.22 v _158750_/B (XNOR2x2_ASAP7_75t_R)
     1    0.63    8.71   34.94 5189.16 ^ _158750_/Y (XNOR2x2_ASAP7_75t_R)
                                         _103715_ (net)
                  8.71    0.00 5189.16 ^ _158751_/D (AND4x1_ASAP7_75t_R)
     1    1.38   14.37   24.64 5213.80 ^ _158751_/Y (AND4x1_ASAP7_75t_R)
                                         _103716_ (net)
                 14.37    0.00 5213.80 ^ _158756_/B (NAND3x1_ASAP7_75t_R)
     2    2.33   17.04   11.55 5225.34 v _158756_/Y (NAND3x1_ASAP7_75t_R)
                                         _103721_ (net)
                 17.04    0.00 5225.34 v _158757_/C (NAND3x1_ASAP7_75t_R)
     1    0.62   21.33   14.58 5239.92 ^ _158757_/Y (NAND3x1_ASAP7_75t_R)
                                         _103722_ (net)
                 21.33    0.00 5239.92 ^ _158758_/D (OR4x1_ASAP7_75t_R)
     2    1.68   12.83   18.34 5258.26 ^ _158758_/Y (OR4x1_ASAP7_75t_R)
                                         _103723_ (net)
                 12.83    0.00 5258.26 ^ _158764_/C (AND5x2_ASAP7_75t_R)
     4    2.37   14.95   30.60 5288.86 ^ _158764_/Y (AND5x2_ASAP7_75t_R)
                                         _103729_ (net)
                 14.95    0.00 5288.86 ^ _167893_/A1 (OA21x2_ASAP7_75t_R)
     3    2.28   11.24   20.14 5309.01 ^ _167893_/Y (OA21x2_ASAP7_75t_R)
                                         _111899_ (net)
                 11.24    0.00 5309.01 ^ _167894_/E (AND5x1_ASAP7_75t_R)
    21   11.07  142.45   58.70 5367.71 ^ _167894_/Y (AND5x1_ASAP7_75t_R)
                                         _111900_ (net)
                142.45    0.00 5367.71 ^ _171924_/B (AND2x2_ASAP7_75t_R)
    17   10.79   37.29   45.36 5413.08 ^ _171924_/Y (AND2x2_ASAP7_75t_R)
                                         _115788_ (net)
                 37.29    0.00 5413.08 ^ _172326_/A2 (AO21x1_ASAP7_75t_R)
     2    2.52   20.25   23.70 5436.77 ^ _172326_/Y (AO21x1_ASAP7_75t_R)
                                         u_lsu.dmem_req_addr[11] (net)
                 20.25    0.00 5436.77 ^ dmem_req_addr[11] (out)
                               5436.77   data arrival time

                  0.00 5000.00 5000.00   clock core_clk (rise edge)
                          0.00 5000.00   clock network delay (ideal)
                        -50.00 4950.00   clock uncertainty
                          0.00 4950.00   clock reconvergence pessimism
                       -1000.00 3950.00   output external delay
                               3950.00   data required time
-----------------------------------------------------------------------------
                               3950.00   data required time
                               -5436.77   data arrival time
-----------------------------------------------------------------------------
                               -1486.77   slack (VIOLATED)


Startpoint: _318947_ (rising edge-triggered flip-flop clocked by core_clk)
Endpoint: _309674_ (rising edge-triggered flip-flop clocked by core_clk)
Path Group: reg2reg
Path Type: max

Fanout     Cap    Slew   Delay    Time   Description
-----------------------------------------------------------------------------
                  0.00    0.00    0.00   clock core_clk (rise edge)
                          0.00    0.00   clock network delay (ideal)
                  0.00    0.00    0.00 ^ _318947_/CLK (DFFHQNx1_ASAP7_75t_R)
     8    6.01   43.40   50.79   50.79 ^ _318947_/QN (DFFHQNx1_ASAP7_75t_R)
                                         u_rob._01352_[2] (net)
                 43.40    0.00   50.79 ^ _149506_/A (INVx1_ASAP7_75t_R)
     4    2.94   24.02   19.34   70.13 v _149506_/Y (INVx1_ASAP7_75t_R)
                                         _095026_ (net)
                 24.02    0.00   70.13 v _149507_/A (AND2x2_ASAP7_75t_R)
    13    8.55   24.65   30.41  100.55 v _149507_/Y (AND2x2_ASAP7_75t_R)
                                         _095027_ (net)
                 24.65    0.00  100.55 v _149544_/A (NAND2x1_ASAP7_75t_R)
   203  223.82 1334.96  601.37  701.91 ^ _149544_/Y (NAND2x1_ASAP7_75t_R)
                                         _095064_ (net)
               1334.96    0.00  701.91 ^ _149993_/A2 (OA22x2_ASAP7_75t_R)
     1    0.63   31.33   91.55  793.46 ^ _149993_/Y (OA22x2_ASAP7_75t_R)
                                         _095513_ (net)
                 31.33    0.00  793.46 ^ _149994_/D (AND4x1_ASAP7_75t_R)
     1    0.63   10.23   23.63  817.09 ^ _149994_/Y (AND4x1_ASAP7_75t_R)
                                         _095514_ (net)
                 10.23    0.00  817.09 ^ _149995_/D (AND4x1_ASAP7_75t_R)
    16   16.23   99.94   66.21  883.30 ^ _149995_/Y (AND4x1_ASAP7_75t_R)
                                         _095515_ (net)
                 99.94    0.00  883.30 ^ _149997_/B (XNOR2x2_ASAP7_75t_R)
     1    0.63    8.34   33.78  917.08 v _149997_/Y (XNOR2x2_ASAP7_75t_R)
                                         _095517_ (net)
                  8.34    0.00  917.08 v _149998_/D (OR4x1_ASAP7_75t_R)
     1    0.63    9.44   25.65  942.73 v _149998_/Y (OR4x1_ASAP7_75t_R)
                                         _095518_ (net)
                  9.44    0.00  942.73 v _149999_/D (OR4x1_ASAP7_75t_R)
     1    0.63    9.44   25.83  968.55 v _149999_/Y (OR4x1_ASAP7_75t_R)
                                         _095519_ (net)
                  9.44    0.00  968.55 v _150000_/D (OR4x1_ASAP7_75t_R)
     2    1.78   16.00   30.17  998.72 v _150000_/Y (OR4x1_ASAP7_75t_R)
                                         _095520_ (net)
                 16.00    0.00  998.72 v _150031_/A (AND2x2_ASAP7_75t_R)
     3    2.14    9.04   19.58 1018.30 v _150031_/Y (AND2x2_ASAP7_75t_R)
                                         _095551_ (net)
                  9.04    0.00 1018.30 v _150448_/A1 (OA211x2_ASAP7_75t_R)
     1    0.65    9.25   21.65 1039.95 v _150448_/Y (OA211x2_ASAP7_75t_R)
                                         _095968_ (net)
                  9.25    0.00 1039.95 v _150449_/A2 (OA21x2_ASAP7_75t_R)
     1    0.65    6.18   16.74 1056.69 v _150449_/Y (OA21x2_ASAP7_75t_R)
                                         _095969_ (net)
                  6.18    0.00 1056.69 v _150450_/A2 (OA21x2_ASAP7_75t_R)
   127   82.46  206.94  113.73 1170.42 v _150450_/Y (OA21x2_ASAP7_75t_R)
                                         _095970_ (net)
                206.94    0.00 1170.42 v _150470_/B (OR2x2_ASAP7_75t_R)
   779  642.24 1593.63  794.61 1965.03 v _150470_/Y (OR2x2_ASAP7_75t_R)
                                         _095990_ (net)
               1593.63    0.00 1965.03 v _150496_/A (AND3x1_ASAP7_75t_R)
     1    0.61   31.49   91.33 2056.36 v _150496_/Y (AND3x1_ASAP7_75t_R)
                                         _096016_ (net)
                 31.49    0.00 2056.36 v _150504_/B (OR3x1_ASAP7_75t_R)
     1    0.63   15.17   24.18 2080.54 v _150504_/Y (OR3x1_ASAP7_75t_R)
                                         _096024_ (net)
                 15.17    0.00 2080.54 v _150505_/C (AND3x1_ASAP7_75t_R)
     1    1.24    8.69   16.01 2096.55 v _150505_/Y (AND3x1_ASAP7_75t_R)
                                         _096025_ (net)
                  8.69    0.00 2096.55 v _150506_/B (AOI21x1_ASAP7_75t_R)
     1    0.65   10.94    8.46 2105.01 ^ _150506_/Y (AOI21x1_ASAP7_75t_R)
                                         _096026_ (net)
                 10.94    0.00 2105.01 ^ _150592_/A2 (OA21x2_ASAP7_75t_R)
    28   20.65   64.83   43.87 2148.89 ^ _150592_/Y (OA21x2_ASAP7_75t_R)
                                         _096112_ (net)
                 64.83    0.00 2148.89 ^ _151473_/A (NAND2x1_ASAP7_75t_R)
   676  432.63 1915.59  887.70 3036.58 v _151473_/Y (NAND2x1_ASAP7_75t_R)
                                         _096873_ (net)
               1915.59    0.00 3036.58 v _159520_/A (NAND2x1_ASAP7_75t_R)
  1057  984.04 3801.69 8931.57 11968.15 ^ _159520_/Y (NAND2x1_ASAP7_75t_R)
                                         _104483_ (net)
               3801.69    0.00 11968.15 ^ _212629_/A (NOR3x1_ASAP7_75t_R)
   124   60.37 1073.10 1495.36 13463.51 v _212629_/Y (NOR3x1_ASAP7_75t_R)
                                         _019003_ (net)
               1073.10    0.00 13463.51 v _212989_/B (AND2x2_ASAP7_75t_R)
     3    1.49   29.98  122.30 13585.82 v _212989_/Y (AND2x2_ASAP7_75t_R)
                                         _019182_ (net)
                 29.98    0.00 13585.82 v _212990_/A3 (AO32x1_ASAP7_75t_R)
     1    0.55    9.69   26.89 13612.70 v _212990_/Y (AO32x1_ASAP7_75t_R)
                                         _019183_ (net)
                  9.69    0.00 13612.70 v _212991_/E (AND5x1_ASAP7_75t_R)
     1    0.61    6.45   18.51 13631.21 v _212991_/Y (AND5x1_ASAP7_75t_R)
                                         _019184_ (net)
                  6.45    0.00 13631.21 v _213001_/B (OR3x1_ASAP7_75t_R)
     1    0.63    8.11   19.22 13650.43 v _213001_/Y (OR3x1_ASAP7_75t_R)
                                         _019194_ (net)
                  8.11    0.00 13650.43 v _213003_/A2 (AO21x1_ASAP7_75t_R)
     1    0.43    6.40   13.52 13663.95 v _213003_/Y (AO21x1_ASAP7_75t_R)
                                         _019196_ (net)
                  6.40    0.00 13663.95 v _213005_/B1 (AO22x1_ASAP7_75t_R)
     1    0.58   13.78   17.82 13681.77 v _213005_/Y (AO22x1_ASAP7_75t_R)
                                         _019198_ (net)
                 13.78    0.00 13681.77 v _213006_/B (AND2x2_ASAP7_75t_R)
     1    0.62  100.31   15.50 13697.28 v _213006_/Y (AND2x2_ASAP7_75t_R)
                                         u_int_iq._00011_[1] (net)
                100.31    0.00 13697.28 v _309674_/D (DFFHQNx1_ASAP7_75t_R)
                               13697.28   data arrival time

                  0.00 5000.00 5000.00   clock core_clk (rise edge)
                          0.00 5000.00   clock network delay (ideal)
                        -50.00 4950.00   clock uncertainty
                          0.00 4950.00   clock reconvergence pessimism
                               4950.00 ^ _309674_/CLK (DFFHQNx1_ASAP7_75t_R)
                        -17.77 4932.23   library setup time
                               4932.23   data required time
-----------------------------------------------------------------------------
                               4932.23   data required time
                               -13697.28   data arrival time
-----------------------------------------------------------------------------
                               -8765.05   slack (VIOLATED)



==========================================================================
floorplan final report_power
--------------------------------------------------------------------------
Group                  Internal  Switching    Leakage      Total
                          Power      Power      Power      Power (Watts)
----------------------------------------------------------------
Sequential             6.03e-03   1.38e-04   3.03e-06   6.18e-03  71.6%
Combinational          1.73e-03   7.05e-04   1.14e-05   2.45e-03  28.4%
Clock                  0.00e+00   0.00e+00   0.00e+00   0.00e+00   0.0%
Macro                  0.00e+00   0.00e+00   0.00e+00   0.00e+00   0.0%
Pad                    0.00e+00   0.00e+00   0.00e+00   0.00e+00   0.0%
----------------------------------------------------------------
Total                  7.77e-03   8.44e-04   1.44e-05   8.63e-03 100.0%
                          90.0%       9.8%       0.2%
