Startpoint: _308209_ (rising edge-triggered flip-flop clocked by core_clk)
Endpoint: dmem_req_addr[13] (output port clocked by core_clk)
Path Group: reg2out
Path Type: max

  Delay    Time   Description
---------------------------------------------------------
   0.00    0.00   clock core_clk (rise edge)
   0.00    0.00   clock source latency
   0.00    0.00 ^ clk (in)
  44.44   44.44 ^ wire4945/Y (BUFx10_ASAP7_75t_R)
  46.42   90.85 ^ clkbuf_0_clk/Y (BUFx24_ASAP7_75t_R)
  28.76  119.62 ^ clkbuf_1_0_0_clk/Y (BUFx24_ASAP7_75t_R)
  28.26  147.87 ^ clkbuf_2_1_0_clk/Y (BUFx24_ASAP7_75t_R)
  25.61  173.49 ^ clkbuf_3_2_0_clk/Y (BUFx24_ASAP7_75t_R)
  29.85  203.33 ^ clkbuf_4_4_0_clk/Y (BUFx24_ASAP7_75t_R)
  24.35  227.68 ^ clkbuf_6_19_0_clk/Y (BUFx24_ASAP7_75t_R)
  21.69  249.37 ^ clkbuf_7_38__f_clk/Y (BUFx24_ASAP7_75t_R)
  26.71  276.08 ^ clkbuf_leaf_778_clk/Y (BUFx24_ASAP7_75t_R)
   1.89  277.97 ^ _308209_/CLK (DFFHQNx3_ASAP7_75t_R)
  56.19  334.16 ^ _308209_/QN (DFFHQNx3_ASAP7_75t_R)
  26.21  360.37 ^ wire4778/Y (BUFx16f_ASAP7_75t_R)
  56.27  416.64 ^ wire4776/Y (BUFx16f_ASAP7_75t_R)
  30.08  446.72 ^ wire4775/Y (BUFx16f_ASAP7_75t_R)
  60.47  507.19 ^ load_slew4774/Y (BUFx16f_ASAP7_75t_R)
  95.85  603.03 ^ _153629_/Y (AND2x2_ASAP7_75t_R)
 145.04  748.08 v _153630_/Y (NAND2x1_ASAP7_75t_R)
  63.27  811.35 v _153631_/Y (OA21x2_ASAP7_75t_R)
 105.27  916.62 v _153633_/Y (AND3x1_ASAP7_75t_R)
  83.72 1000.34 v _154870_/Y (AO222x2_ASAP7_75t_R)
  46.64 1046.98 v _154873_/Y (OR3x2_ASAP7_75t_R)
  53.58 1100.56 v _154878_/Y (OR5x1_ASAP7_75t_R)
  97.46 1198.02 v _154879_/Y (OR4x1_ASAP7_75t_R)
  69.73 1267.75 v _155829_/Y (OR4x1_ASAP7_75t_R)
  24.44 1292.18 v _155944_/Y (AO221x1_ASAP7_75t_R)
  50.98 1343.16 v _155949_/Y (OR5x1_ASAP7_75t_R)
  33.14 1376.30 v _156013_/Y (AND2x2_ASAP7_75t_R)
  50.65 1426.95 ^ _156016_/Y (NAND3x1_ASAP7_75t_R)
  37.85 1464.80 v _156112_/Y (AOI221x1_ASAP7_75t_R)
  25.93 1490.73 v _156115_/Y (OA21x2_ASAP7_75t_R)
  21.72 1512.45 v _156116_/Y (OR3x1_ASAP7_75t_R)
  38.61 1551.06 v _156123_/Y (AO33x2_ASAP7_75t_R)
  41.48 1592.54 ^ _156140_/Y (NAND2x1_ASAP7_75t_R)
 111.61 1704.15 ^ _156253_/Y (AO221x1_ASAP7_75t_R)
  66.42 1770.57 v _156308_/Y (NAND2x2_ASAP7_75t_R)
  47.11 1817.68 v _156311_/Y (AO21x2_ASAP7_75t_R)
  22.77 1840.45 v _156314_/Y (OA21x2_ASAP7_75t_R)
  27.66 1868.12 v _156388_/Y (AO221x1_ASAP7_75t_R)
  22.59 1890.71 v _156389_/Y (OA21x2_ASAP7_75t_R)
  24.11 1914.83 ^ _156393_/Y (AOI22x1_ASAP7_75t_R)
  54.62 1969.45 v _156410_/Y (NAND2x1_ASAP7_75t_R)
  71.78 2041.23 v _156421_/Y (AO33x2_ASAP7_75t_R)
  31.36 2072.60 ^ _156522_/Y (XNOR2x2_ASAP7_75t_R)
  25.12 2097.72 ^ _156526_/Y (AND4x1_ASAP7_75t_R)
  19.12 2116.83 ^ _156550_/Y (AO21x1_ASAP7_75t_R)
  19.18 2136.01 ^ _156551_/Y (AO21x1_ASAP7_75t_R)
  82.99 2219.01 ^ _156552_/Y (OA211x2_ASAP7_75t_R)
  82.97 2301.97 v _156555_/Y (INVx1_ASAP7_75t_R)
  32.74 2334.71 ^ _156568_/Y (OAI21x1_ASAP7_75t_R)
  34.05 2368.77 v _156616_/Y (AOI221x1_ASAP7_75t_R)
  48.33 2417.09 v _156806_/Y (OA211x2_ASAP7_75t_R)
  13.56 2430.65 ^ _156807_/Y (NAND2x1_ASAP7_75t_R)
  71.41 2502.07 ^ _156882_/Y (AO32x1_ASAP7_75t_R)
  33.66 2535.72 ^ _156995_/Y (OR2x2_ASAP7_75t_R)
  39.31 2575.03 ^ _157002_/Y (AO32x1_ASAP7_75t_R)
  35.10 2610.13 ^ _157004_/Y (XNOR2x2_ASAP7_75t_R)
  14.25 2624.38 v _157005_/Y (NOR3x1_ASAP7_75t_R)
  32.56 2656.94 v _157006_/Y (AND5x2_ASAP7_75t_R)
  28.67 2685.61 v _157078_/Y (OR3x1_ASAP7_75t_R)
  58.66 2744.27 v _157141_/Y (OA33x2_ASAP7_75t_R)
  34.02 2778.29 v _157144_/Y (OR2x2_ASAP7_75t_R)
  24.44 2802.73 v _157145_/Y (AO21x1_ASAP7_75t_R)
  25.92 2828.65 v _157196_/Y (AO32x1_ASAP7_75t_R)
  26.75 2855.41 v _157198_/Y (AO22x1_ASAP7_75t_R)
  22.89 2878.30 v _157222_/Y (AO21x1_ASAP7_75t_R)
  30.77 2909.07 v _157223_/Y (OR3x1_ASAP7_75t_R)
  42.45 2951.52 v _157312_/Y (AO21x1_ASAP7_75t_R)
  57.75 3009.27 ^ _157343_/Y (NAND2x1_ASAP7_75t_R)
  43.30 3052.57 v _157440_/Y (AOI221x1_ASAP7_75t_R)
  30.71 3083.28 v _157456_/Y (OA222x2_ASAP7_75t_R)
  22.22 3105.50 v _157459_/Y (AND5x2_ASAP7_75t_R)
  20.82 3126.32 v _157472_/Y (OA31x2_ASAP7_75t_R)
  42.25 3168.58 v _157475_/Y (OR4x2_ASAP7_75t_R)
  64.50 3233.08 ^ _157478_/Y (NAND2x1_ASAP7_75t_R)
  19.40 3252.47 v _157479_/Y (NOR2x1_ASAP7_75t_R)
  25.13 3277.60 v _157485_/Y (OA21x2_ASAP7_75t_R)
  28.32 3305.92 v _157492_/Y (AO221x1_ASAP7_75t_R)
  26.02 3331.94 v _157649_/Y (OA21x2_ASAP7_75t_R)
  24.30 3356.24 v _157651_/Y (AO21x1_ASAP7_75t_R)
  41.83 3398.07 v _157652_/Y (AO22x1_ASAP7_75t_R)
  64.09 3462.16 ^ _157732_/Y (NAND2x1_ASAP7_75t_R)
  25.46 3487.62 ^ _157764_/Y (AO21x1_ASAP7_75t_R)
  24.35 3511.96 v _157767_/Y (AOI22x1_ASAP7_75t_R)
  35.07 3547.04 v _157790_/Y (OA21x2_ASAP7_75t_R)
  18.74 3565.78 ^ _157827_/Y (AOI211x1_ASAP7_75t_R)
  19.47 3585.25 v _157842_/Y (OAI21x1_ASAP7_75t_R)
  90.29 3675.54 v _157921_/Y (AO221x1_ASAP7_75t_R)
  46.51 3722.05 v _157922_/Y (AO221x1_ASAP7_75t_R)
  27.43 3749.48 v _157925_/Y (AO32x2_ASAP7_75t_R)
  22.56 3772.04 v _157949_/Y (OA211x2_ASAP7_75t_R)
  32.14 3804.17 v _157967_/Y (AO222x2_ASAP7_75t_R)
  38.20 3842.38 v _158020_/Y (AO221x1_ASAP7_75t_R)
  28.44 3870.82 v _158084_/Y (AO211x2_ASAP7_75t_R)
  42.92 3913.75 v _158094_/Y (AND2x2_ASAP7_75t_R)
  47.43 3961.18 v _158173_/Y (OR3x2_ASAP7_75t_R)
  22.66 3983.84 v _158271_/Y (AO221x1_ASAP7_75t_R)
  32.98 4016.82 v _158272_/Y (OR5x1_ASAP7_75t_R)
  46.35 4063.17 v _158273_/Y (OR5x1_ASAP7_75t_R)
  19.78 4082.95 ^ _158274_/Y (NAND2x2_ASAP7_75t_R)
  55.14 4138.09 v _158287_/Y (OAI21x1_ASAP7_75t_R)
  50.89 4188.97 v _158298_/Y (AND2x2_ASAP7_75t_R)
  35.83 4224.80 v _158304_/Y (OA211x2_ASAP7_75t_R)
  29.40 4254.20 v _158330_/Y (XNOR2x2_ASAP7_75t_R)
  29.49 4283.70 v _158388_/Y (OR5x1_ASAP7_75t_R)
  43.07 4326.76 v _158399_/Y (AO33x2_ASAP7_75t_R)
  25.52 4352.29 v _158436_/Y (AND2x2_ASAP7_75t_R)
  79.84 4432.12 v _158437_/Y (OR3x1_ASAP7_75t_R)
  69.36 4501.48 v _158474_/Y (AND2x2_ASAP7_75t_R)
  37.44 4538.93 ^ _158476_/Y (AOI22x1_ASAP7_75t_R)
  22.97 4561.89 ^ _158477_/Y (AND2x2_ASAP7_75t_R)
  15.93 4577.82 v _158496_/Y (AOI221x1_ASAP7_75t_R)
  32.93 4610.75 v _158497_/Y (MAJx2_ASAP7_75t_R)
  24.66 4635.41 v _158571_/Y (AO21x1_ASAP7_75t_R)
  46.94 4682.35 v _158629_/Y (AO221x2_ASAP7_75t_R)
  80.71 4763.07 ^ _158672_/Y (NAND2x1_ASAP7_75t_R)
  34.83 4797.90 ^ _158689_/Y (AND2x2_ASAP7_75t_R)
  22.56 4820.46 ^ _158690_/Y (OA21x2_ASAP7_75t_R)
  19.98 4840.43 ^ _158691_/Y (OR2x2_ASAP7_75t_R)
  22.78 4863.21 ^ _158702_/Y (AND3x1_ASAP7_75t_R)
  21.75 4884.96 ^ _158720_/Y (OA21x2_ASAP7_75t_R)
  24.37 4909.33 ^ _158743_/Y (OA31x2_ASAP7_75t_R)
  15.03 4924.36 ^ _158761_/Y (OR4x1_ASAP7_75t_R)
  47.73 4972.10 ^ _158764_/Y (AND5x2_ASAP7_75t_R)
  35.50 5007.60 ^ _167893_/Y (OA21x2_ASAP7_75t_R)
  88.95 5096.54 ^ _167894_/Y (AND5x1_ASAP7_75t_R)
  91.76 5188.30 ^ _171924_/Y (AND2x2_ASAP7_75t_R)
  59.81 5248.11 ^ _172383_/Y (AO21x1_ASAP7_75t_R)
  29.69 5277.80 ^ output145/Y (BUFx2_ASAP7_75t_R)
   0.39 5278.19 ^ dmem_req_addr[13] (out)
        5278.19   data arrival time

5000.00 5000.00   clock core_clk (rise edge)
   0.00 5000.00   clock network delay (propagated)
 -50.00 4950.00   clock uncertainty
   0.00 4950.00   clock reconvergence pessimism
-1000.00 3950.00   output external delay
        3950.00   data required time
---------------------------------------------------------
        3950.00   data required time
        -5278.19   data arrival time
---------------------------------------------------------
        -1328.19   slack (VIOLATED)


Startpoint: _308209_ (rising edge-triggered flip-flop clocked by core_clk)
Endpoint: dmem_req_addr[25] (output port clocked by core_clk)
Path Group: reg2out
Path Type: max

  Delay    Time   Description
---------------------------------------------------------
   0.00    0.00   clock core_clk (rise edge)
   0.00    0.00   clock source latency
   0.00    0.00 ^ clk (in)
  44.44   44.44 ^ wire4945/Y (BUFx10_ASAP7_75t_R)
  46.42   90.85 ^ clkbuf_0_clk/Y (BUFx24_ASAP7_75t_R)
  28.76  119.62 ^ clkbuf_1_0_0_clk/Y (BUFx24_ASAP7_75t_R)
  28.26  147.87 ^ clkbuf_2_1_0_clk/Y (BUFx24_ASAP7_75t_R)
  25.61  173.49 ^ clkbuf_3_2_0_clk/Y (BUFx24_ASAP7_75t_R)
  29.85  203.33 ^ clkbuf_4_4_0_clk/Y (BUFx24_ASAP7_75t_R)
  24.35  227.68 ^ clkbuf_6_19_0_clk/Y (BUFx24_ASAP7_75t_R)
  21.69  249.37 ^ clkbuf_7_38__f_clk/Y (BUFx24_ASAP7_75t_R)
  26.71  276.08 ^ clkbuf_leaf_778_clk/Y (BUFx24_ASAP7_75t_R)
   1.89  277.97 ^ _308209_/CLK (DFFHQNx3_ASAP7_75t_R)
  56.19  334.16 ^ _308209_/QN (DFFHQNx3_ASAP7_75t_R)
  26.21  360.37 ^ wire4778/Y (BUFx16f_ASAP7_75t_R)
  56.27  416.64 ^ wire4776/Y (BUFx16f_ASAP7_75t_R)
  30.08  446.72 ^ wire4775/Y (BUFx16f_ASAP7_75t_R)
  60.47  507.19 ^ load_slew4774/Y (BUFx16f_ASAP7_75t_R)
  95.85  603.03 ^ _153629_/Y (AND2x2_ASAP7_75t_R)
 145.04  748.08 v _153630_/Y (NAND2x1_ASAP7_75t_R)
  63.27  811.35 v _153631_/Y (OA21x2_ASAP7_75t_R)
 105.27  916.62 v _153633_/Y (AND3x1_ASAP7_75t_R)
  83.72 1000.34 v _154870_/Y (AO222x2_ASAP7_75t_R)
  46.64 1046.98 v _154873_/Y (OR3x2_ASAP7_75t_R)
  53.58 1100.56 v _154878_/Y (OR5x1_ASAP7_75t_R)
  97.46 1198.02 v _154879_/Y (OR4x1_ASAP7_75t_R)
  69.73 1267.75 v _155829_/Y (OR4x1_ASAP7_75t_R)
  24.44 1292.18 v _155944_/Y (AO221x1_ASAP7_75t_R)
  50.98 1343.16 v _155949_/Y (OR5x1_ASAP7_75t_R)
  33.14 1376.30 v _156013_/Y (AND2x2_ASAP7_75t_R)
  50.65 1426.95 ^ _156016_/Y (NAND3x1_ASAP7_75t_R)
  37.85 1464.80 v _156112_/Y (AOI221x1_ASAP7_75t_R)
  25.93 1490.73 v _156115_/Y (OA21x2_ASAP7_75t_R)
  21.72 1512.45 v _156116_/Y (OR3x1_ASAP7_75t_R)
  38.61 1551.06 v _156123_/Y (AO33x2_ASAP7_75t_R)
  41.48 1592.54 ^ _156140_/Y (NAND2x1_ASAP7_75t_R)
 111.61 1704.15 ^ _156253_/Y (AO221x1_ASAP7_75t_R)
  66.42 1770.57 v _156308_/Y (NAND2x2_ASAP7_75t_R)
  47.11 1817.68 v _156311_/Y (AO21x2_ASAP7_75t_R)
  22.77 1840.45 v _156314_/Y (OA21x2_ASAP7_75t_R)
  27.66 1868.12 v _156388_/Y (AO221x1_ASAP7_75t_R)
  22.59 1890.71 v _156389_/Y (OA21x2_ASAP7_75t_R)
  24.11 1914.83 ^ _156393_/Y (AOI22x1_ASAP7_75t_R)
  54.62 1969.45 v _156410_/Y (NAND2x1_ASAP7_75t_R)
  71.78 2041.23 v _156421_/Y (AO33x2_ASAP7_75t_R)
  31.36 2072.60 ^ _156522_/Y (XNOR2x2_ASAP7_75t_R)
  25.12 2097.72 ^ _156526_/Y (AND4x1_ASAP7_75t_R)
  19.12 2116.83 ^ _156550_/Y (AO21x1_ASAP7_75t_R)
  19.18 2136.01 ^ _156551_/Y (AO21x1_ASAP7_75t_R)
  82.99 2219.01 ^ _156552_/Y (OA211x2_ASAP7_75t_R)
  82.97 2301.97 v _156555_/Y (INVx1_ASAP7_75t_R)
  32.74 2334.71 ^ _156568_/Y (OAI21x1_ASAP7_75t_R)
  34.05 2368.77 v _156616_/Y (AOI221x1_ASAP7_75t_R)
  48.33 2417.09 v _156806_/Y (OA211x2_ASAP7_75t_R)
  13.56 2430.65 ^ _156807_/Y (NAND2x1_ASAP7_75t_R)
  71.41 2502.07 ^ _156882_/Y (AO32x1_ASAP7_75t_R)
  33.66 2535.72 ^ _156995_/Y (OR2x2_ASAP7_75t_R)
  39.31 2575.03 ^ _157002_/Y (AO32x1_ASAP7_75t_R)
  35.10 2610.13 ^ _157004_/Y (XNOR2x2_ASAP7_75t_R)
  14.25 2624.38 v _157005_/Y (NOR3x1_ASAP7_75t_R)
  32.56 2656.94 v _157006_/Y (AND5x2_ASAP7_75t_R)
  28.67 2685.61 v _157078_/Y (OR3x1_ASAP7_75t_R)
  58.66 2744.27 v _157141_/Y (OA33x2_ASAP7_75t_R)
  34.02 2778.29 v _157144_/Y (OR2x2_ASAP7_75t_R)
  24.44 2802.73 v _157145_/Y (AO21x1_ASAP7_75t_R)
  25.92 2828.65 v _157196_/Y (AO32x1_ASAP7_75t_R)
  26.75 2855.41 v _157198_/Y (AO22x1_ASAP7_75t_R)
  22.89 2878.30 v _157222_/Y (AO21x1_ASAP7_75t_R)
  30.77 2909.07 v _157223_/Y (OR3x1_ASAP7_75t_R)
  42.45 2951.52 v _157312_/Y (AO21x1_ASAP7_75t_R)
  57.75 3009.27 ^ _157343_/Y (NAND2x1_ASAP7_75t_R)
  43.30 3052.57 v _157440_/Y (AOI221x1_ASAP7_75t_R)
  30.71 3083.28 v _157456_/Y (OA222x2_ASAP7_75t_R)
  22.22 3105.50 v _157459_/Y (AND5x2_ASAP7_75t_R)
  20.82 3126.32 v _157472_/Y (OA31x2_ASAP7_75t_R)
  42.25 3168.58 v _157475_/Y (OR4x2_ASAP7_75t_R)
  64.50 3233.08 ^ _157478_/Y (NAND2x1_ASAP7_75t_R)
  19.40 3252.47 v _157479_/Y (NOR2x1_ASAP7_75t_R)
  25.13 3277.60 v _157485_/Y (OA21x2_ASAP7_75t_R)
  28.32 3305.92 v _157492_/Y (AO221x1_ASAP7_75t_R)
  26.02 3331.94 v _157649_/Y (OA21x2_ASAP7_75t_R)
  24.30 3356.24 v _157651_/Y (AO21x1_ASAP7_75t_R)
  41.83 3398.07 v _157652_/Y (AO22x1_ASAP7_75t_R)
  64.09 3462.16 ^ _157732_/Y (NAND2x1_ASAP7_75t_R)
  25.46 3487.62 ^ _157764_/Y (AO21x1_ASAP7_75t_R)
  24.35 3511.96 v _157767_/Y (AOI22x1_ASAP7_75t_R)
  35.07 3547.04 v _157790_/Y (OA21x2_ASAP7_75t_R)
  18.74 3565.78 ^ _157827_/Y (AOI211x1_ASAP7_75t_R)
  19.47 3585.25 v _157842_/Y (OAI21x1_ASAP7_75t_R)
  90.29 3675.54 v _157921_/Y (AO221x1_ASAP7_75t_R)
  46.51 3722.05 v _157922_/Y (AO221x1_ASAP7_75t_R)
  27.43 3749.48 v _157925_/Y (AO32x2_ASAP7_75t_R)
  22.56 3772.04 v _157949_/Y (OA211x2_ASAP7_75t_R)
  32.14 3804.17 v _157967_/Y (AO222x2_ASAP7_75t_R)
  38.20 3842.38 v _158020_/Y (AO221x1_ASAP7_75t_R)
  28.44 3870.82 v _158084_/Y (AO211x2_ASAP7_75t_R)
  42.92 3913.75 v _158094_/Y (AND2x2_ASAP7_75t_R)
  47.43 3961.18 v _158173_/Y (OR3x2_ASAP7_75t_R)
  22.66 3983.84 v _158271_/Y (AO221x1_ASAP7_75t_R)
  32.98 4016.82 v _158272_/Y (OR5x1_ASAP7_75t_R)
  46.35 4063.17 v _158273_/Y (OR5x1_ASAP7_75t_R)
  19.78 4082.95 ^ _158274_/Y (NAND2x2_ASAP7_75t_R)
  55.14 4138.09 v _158287_/Y (OAI21x1_ASAP7_75t_R)
  50.89 4188.97 v _158298_/Y (AND2x2_ASAP7_75t_R)
  35.83 4224.80 v _158304_/Y (OA211x2_ASAP7_75t_R)
  29.40 4254.20 v _158330_/Y (XNOR2x2_ASAP7_75t_R)
  29.49 4283.70 v _158388_/Y (OR5x1_ASAP7_75t_R)
  43.07 4326.76 v _158399_/Y (AO33x2_ASAP7_75t_R)
  25.52 4352.29 v _158436_/Y (AND2x2_ASAP7_75t_R)
  79.84 4432.12 v _158437_/Y (OR3x1_ASAP7_75t_R)
  69.36 4501.48 v _158474_/Y (AND2x2_ASAP7_75t_R)
  37.44 4538.93 ^ _158476_/Y (AOI22x1_ASAP7_75t_R)
  22.97 4561.89 ^ _158477_/Y (AND2x2_ASAP7_75t_R)
  15.93 4577.82 v _158496_/Y (AOI221x1_ASAP7_75t_R)
  32.93 4610.75 v _158497_/Y (MAJx2_ASAP7_75t_R)
  24.66 4635.41 v _158571_/Y (AO21x1_ASAP7_75t_R)
  46.94 4682.35 v _158629_/Y (AO221x2_ASAP7_75t_R)
  80.71 4763.07 ^ _158672_/Y (NAND2x1_ASAP7_75t_R)
  34.83 4797.90 ^ _158689_/Y (AND2x2_ASAP7_75t_R)
  22.56 4820.46 ^ _158690_/Y (OA21x2_ASAP7_75t_R)
  19.98 4840.43 ^ _158691_/Y (OR2x2_ASAP7_75t_R)
  22.78 4863.21 ^ _158702_/Y (AND3x1_ASAP7_75t_R)
  21.75 4884.96 ^ _158720_/Y (OA21x2_ASAP7_75t_R)
  24.37 4909.33 ^ _158743_/Y (OA31x2_ASAP7_75t_R)
  15.03 4924.36 ^ _158761_/Y (OR4x1_ASAP7_75t_R)
  47.73 4972.10 ^ _158764_/Y (AND5x2_ASAP7_75t_R)
  35.50 5007.60 ^ _167893_/Y (OA21x2_ASAP7_75t_R)
  88.95 5096.54 ^ _167894_/Y (AND5x1_ASAP7_75t_R)
  91.76 5188.30 ^ _171924_/Y (AND2x2_ASAP7_75t_R)
  54.30 5242.60 ^ _172716_/Y (AO21x1_ASAP7_75t_R)
  31.22 5273.82 ^ output157/Y (BUFx2_ASAP7_75t_R)
   0.33 5274.15 ^ dmem_req_addr[25] (out)
        5274.15   data arrival time

5000.00 5000.00   clock core_clk (rise edge)
   0.00 5000.00   clock network delay (propagated)
 -50.00 4950.00   clock uncertainty
   0.00 4950.00   clock reconvergence pessimism
-1000.00 3950.00   output external delay
        3950.00   data required time
---------------------------------------------------------
        3950.00   data required time
        -5274.15   data arrival time
---------------------------------------------------------
        -1324.15   slack (VIOLATED)


Startpoint: _308209_ (rising edge-triggered flip-flop clocked by core_clk)
Endpoint: dmem_req_addr[26] (output port clocked by core_clk)
Path Group: reg2out
Path Type: max

  Delay    Time   Description
---------------------------------------------------------
   0.00    0.00   clock core_clk (rise edge)
   0.00    0.00   clock source latency
   0.00    0.00 ^ clk (in)
  44.44   44.44 ^ wire4945/Y (BUFx10_ASAP7_75t_R)
  46.42   90.85 ^ clkbuf_0_clk/Y (BUFx24_ASAP7_75t_R)
  28.76  119.62 ^ clkbuf_1_0_0_clk/Y (BUFx24_ASAP7_75t_R)
  28.26  147.87 ^ clkbuf_2_1_0_clk/Y (BUFx24_ASAP7_75t_R)
  25.61  173.49 ^ clkbuf_3_2_0_clk/Y (BUFx24_ASAP7_75t_R)
  29.85  203.33 ^ clkbuf_4_4_0_clk/Y (BUFx24_ASAP7_75t_R)
  24.35  227.68 ^ clkbuf_6_19_0_clk/Y (BUFx24_ASAP7_75t_R)
  21.69  249.37 ^ clkbuf_7_38__f_clk/Y (BUFx24_ASAP7_75t_R)
  26.71  276.08 ^ clkbuf_leaf_778_clk/Y (BUFx24_ASAP7_75t_R)
   1.89  277.97 ^ _308209_/CLK (DFFHQNx3_ASAP7_75t_R)
  56.19  334.16 ^ _308209_/QN (DFFHQNx3_ASAP7_75t_R)
  26.21  360.37 ^ wire4778/Y (BUFx16f_ASAP7_75t_R)
  56.27  416.64 ^ wire4776/Y (BUFx16f_ASAP7_75t_R)
  30.08  446.72 ^ wire4775/Y (BUFx16f_ASAP7_75t_R)
  60.47  507.19 ^ load_slew4774/Y (BUFx16f_ASAP7_75t_R)
  95.85  603.03 ^ _153629_/Y (AND2x2_ASAP7_75t_R)
 145.04  748.08 v _153630_/Y (NAND2x1_ASAP7_75t_R)
  63.27  811.35 v _153631_/Y (OA21x2_ASAP7_75t_R)
 105.27  916.62 v _153633_/Y (AND3x1_ASAP7_75t_R)
  83.72 1000.34 v _154870_/Y (AO222x2_ASAP7_75t_R)
  46.64 1046.98 v _154873_/Y (OR3x2_ASAP7_75t_R)
  53.58 1100.56 v _154878_/Y (OR5x1_ASAP7_75t_R)
  97.46 1198.02 v _154879_/Y (OR4x1_ASAP7_75t_R)
  69.73 1267.75 v _155829_/Y (OR4x1_ASAP7_75t_R)
  24.44 1292.18 v _155944_/Y (AO221x1_ASAP7_75t_R)
  50.98 1343.16 v _155949_/Y (OR5x1_ASAP7_75t_R)
  33.14 1376.30 v _156013_/Y (AND2x2_ASAP7_75t_R)
  50.65 1426.95 ^ _156016_/Y (NAND3x1_ASAP7_75t_R)
  37.85 1464.80 v _156112_/Y (AOI221x1_ASAP7_75t_R)
  25.93 1490.73 v _156115_/Y (OA21x2_ASAP7_75t_R)
  21.72 1512.45 v _156116_/Y (OR3x1_ASAP7_75t_R)
  38.61 1551.06 v _156123_/Y (AO33x2_ASAP7_75t_R)
  41.48 1592.54 ^ _156140_/Y (NAND2x1_ASAP7_75t_R)
 111.61 1704.15 ^ _156253_/Y (AO221x1_ASAP7_75t_R)
  66.42 1770.57 v _156308_/Y (NAND2x2_ASAP7_75t_R)
  47.11 1817.68 v _156311_/Y (AO21x2_ASAP7_75t_R)
  22.77 1840.45 v _156314_/Y (OA21x2_ASAP7_75t_R)
  27.66 1868.12 v _156388_/Y (AO221x1_ASAP7_75t_R)
  22.59 1890.71 v _156389_/Y (OA21x2_ASAP7_75t_R)
  24.11 1914.83 ^ _156393_/Y (AOI22x1_ASAP7_75t_R)
  54.62 1969.45 v _156410_/Y (NAND2x1_ASAP7_75t_R)
  71.78 2041.23 v _156421_/Y (AO33x2_ASAP7_75t_R)
  31.36 2072.60 ^ _156522_/Y (XNOR2x2_ASAP7_75t_R)
  25.12 2097.72 ^ _156526_/Y (AND4x1_ASAP7_75t_R)
  19.12 2116.83 ^ _156550_/Y (AO21x1_ASAP7_75t_R)
  19.18 2136.01 ^ _156551_/Y (AO21x1_ASAP7_75t_R)
  82.99 2219.01 ^ _156552_/Y (OA211x2_ASAP7_75t_R)
  82.97 2301.97 v _156555_/Y (INVx1_ASAP7_75t_R)
  32.74 2334.71 ^ _156568_/Y (OAI21x1_ASAP7_75t_R)
  34.05 2368.77 v _156616_/Y (AOI221x1_ASAP7_75t_R)
  48.33 2417.09 v _156806_/Y (OA211x2_ASAP7_75t_R)
  13.56 2430.65 ^ _156807_/Y (NAND2x1_ASAP7_75t_R)
  71.41 2502.07 ^ _156882_/Y (AO32x1_ASAP7_75t_R)
  33.66 2535.72 ^ _156995_/Y (OR2x2_ASAP7_75t_R)
  39.31 2575.03 ^ _157002_/Y (AO32x1_ASAP7_75t_R)
  35.10 2610.13 ^ _157004_/Y (XNOR2x2_ASAP7_75t_R)
  14.25 2624.38 v _157005_/Y (NOR3x1_ASAP7_75t_R)
  32.56 2656.94 v _157006_/Y (AND5x2_ASAP7_75t_R)
  28.67 2685.61 v _157078_/Y (OR3x1_ASAP7_75t_R)
  58.66 2744.27 v _157141_/Y (OA33x2_ASAP7_75t_R)
  34.02 2778.29 v _157144_/Y (OR2x2_ASAP7_75t_R)
  24.44 2802.73 v _157145_/Y (AO21x1_ASAP7_75t_R)
  25.92 2828.65 v _157196_/Y (AO32x1_ASAP7_75t_R)
  26.75 2855.41 v _157198_/Y (AO22x1_ASAP7_75t_R)
  22.89 2878.30 v _157222_/Y (AO21x1_ASAP7_75t_R)
  30.77 2909.07 v _157223_/Y (OR3x1_ASAP7_75t_R)
  42.45 2951.52 v _157312_/Y (AO21x1_ASAP7_75t_R)
  57.75 3009.27 ^ _157343_/Y (NAND2x1_ASAP7_75t_R)
  43.30 3052.57 v _157440_/Y (AOI221x1_ASAP7_75t_R)
  30.71 3083.28 v _157456_/Y (OA222x2_ASAP7_75t_R)
  22.22 3105.50 v _157459_/Y (AND5x2_ASAP7_75t_R)
  20.82 3126.32 v _157472_/Y (OA31x2_ASAP7_75t_R)
  42.25 3168.58 v _157475_/Y (OR4x2_ASAP7_75t_R)
  64.50 3233.08 ^ _157478_/Y (NAND2x1_ASAP7_75t_R)
  19.40 3252.47 v _157479_/Y (NOR2x1_ASAP7_75t_R)
  25.13 3277.60 v _157485_/Y (OA21x2_ASAP7_75t_R)
  28.32 3305.92 v _157492_/Y (AO221x1_ASAP7_75t_R)
  26.02 3331.94 v _157649_/Y (OA21x2_ASAP7_75t_R)
  24.30 3356.24 v _157651_/Y (AO21x1_ASAP7_75t_R)
  41.83 3398.07 v _157652_/Y (AO22x1_ASAP7_75t_R)
  64.09 3462.16 ^ _157732_/Y (NAND2x1_ASAP7_75t_R)
  25.46 3487.62 ^ _157764_/Y (AO21x1_ASAP7_75t_R)
  24.35 3511.96 v _157767_/Y (AOI22x1_ASAP7_75t_R)
  35.07 3547.04 v _157790_/Y (OA21x2_ASAP7_75t_R)
  18.74 3565.78 ^ _157827_/Y (AOI211x1_ASAP7_75t_R)
  19.47 3585.25 v _157842_/Y (OAI21x1_ASAP7_75t_R)
  90.29 3675.54 v _157921_/Y (AO221x1_ASAP7_75t_R)
  46.51 3722.05 v _157922_/Y (AO221x1_ASAP7_75t_R)
  27.43 3749.48 v _157925_/Y (AO32x2_ASAP7_75t_R)
  22.56 3772.04 v _157949_/Y (OA211x2_ASAP7_75t_R)
  32.14 3804.17 v _157967_/Y (AO222x2_ASAP7_75t_R)
  38.20 3842.38 v _158020_/Y (AO221x1_ASAP7_75t_R)
  28.44 3870.82 v _158084_/Y (AO211x2_ASAP7_75t_R)
  42.92 3913.75 v _158094_/Y (AND2x2_ASAP7_75t_R)
  47.43 3961.18 v _158173_/Y (OR3x2_ASAP7_75t_R)
  22.66 3983.84 v _158271_/Y (AO221x1_ASAP7_75t_R)
  32.98 4016.82 v _158272_/Y (OR5x1_ASAP7_75t_R)
  46.35 4063.17 v _158273_/Y (OR5x1_ASAP7_75t_R)
  19.78 4082.95 ^ _158274_/Y (NAND2x2_ASAP7_75t_R)
  55.14 4138.09 v _158287_/Y (OAI21x1_ASAP7_75t_R)
  50.89 4188.97 v _158298_/Y (AND2x2_ASAP7_75t_R)
  35.83 4224.80 v _158304_/Y (OA211x2_ASAP7_75t_R)
  29.40 4254.20 v _158330_/Y (XNOR2x2_ASAP7_75t_R)
  29.49 4283.70 v _158388_/Y (OR5x1_ASAP7_75t_R)
  43.07 4326.76 v _158399_/Y (AO33x2_ASAP7_75t_R)
  25.52 4352.29 v _158436_/Y (AND2x2_ASAP7_75t_R)
  79.84 4432.12 v _158437_/Y (OR3x1_ASAP7_75t_R)
  69.36 4501.48 v _158474_/Y (AND2x2_ASAP7_75t_R)
  37.44 4538.93 ^ _158476_/Y (AOI22x1_ASAP7_75t_R)
  22.97 4561.89 ^ _158477_/Y (AND2x2_ASAP7_75t_R)
  15.93 4577.82 v _158496_/Y (AOI221x1_ASAP7_75t_R)
  32.93 4610.75 v _158497_/Y (MAJx2_ASAP7_75t_R)
  24.66 4635.41 v _158571_/Y (AO21x1_ASAP7_75t_R)
  46.94 4682.35 v _158629_/Y (AO221x2_ASAP7_75t_R)
  80.71 4763.07 ^ _158672_/Y (NAND2x1_ASAP7_75t_R)
  34.83 4797.90 ^ _158689_/Y (AND2x2_ASAP7_75t_R)
  22.56 4820.46 ^ _158690_/Y (OA21x2_ASAP7_75t_R)
  19.98 4840.43 ^ _158691_/Y (OR2x2_ASAP7_75t_R)
  22.78 4863.21 ^ _158702_/Y (AND3x1_ASAP7_75t_R)
  21.75 4884.96 ^ _158720_/Y (OA21x2_ASAP7_75t_R)
  24.37 4909.33 ^ _158743_/Y (OA31x2_ASAP7_75t_R)
  15.03 4924.36 ^ _158761_/Y (OR4x1_ASAP7_75t_R)
  47.73 4972.10 ^ _158764_/Y (AND5x2_ASAP7_75t_R)
  35.50 5007.60 ^ _167893_/Y (OA21x2_ASAP7_75t_R)
  88.95 5096.54 ^ _167894_/Y (AND5x1_ASAP7_75t_R)
  91.76 5188.30 ^ _171924_/Y (AND2x2_ASAP7_75t_R)
  53.09 5241.39 ^ _172744_/Y (AO21x1_ASAP7_75t_R)
  30.95 5272.34 ^ output158/Y (BUFx2_ASAP7_75t_R)
   0.38 5272.72 ^ dmem_req_addr[26] (out)
        5272.72   data arrival time

5000.00 5000.00   clock core_clk (rise edge)
   0.00 5000.00   clock network delay (propagated)
 -50.00 4950.00   clock uncertainty
   0.00 4950.00   clock reconvergence pessimism
-1000.00 3950.00   output external delay
        3950.00   data required time
---------------------------------------------------------
        3950.00   data required time
        -5272.72   data arrival time
---------------------------------------------------------
        -1322.72   slack (VIOLATED)


Startpoint: _308209_ (rising edge-triggered flip-flop clocked by core_clk)
Endpoint: dmem_req_addr[29] (output port clocked by core_clk)
Path Group: reg2out
Path Type: max

  Delay    Time   Description
---------------------------------------------------------
   0.00    0.00   clock core_clk (rise edge)
   0.00    0.00   clock source latency
   0.00    0.00 ^ clk (in)
  44.44   44.44 ^ wire4945/Y (BUFx10_ASAP7_75t_R)
  46.42   90.85 ^ clkbuf_0_clk/Y (BUFx24_ASAP7_75t_R)
  28.76  119.62 ^ clkbuf_1_0_0_clk/Y (BUFx24_ASAP7_75t_R)
  28.26  147.87 ^ clkbuf_2_1_0_clk/Y (BUFx24_ASAP7_75t_R)
  25.61  173.49 ^ clkbuf_3_2_0_clk/Y (BUFx24_ASAP7_75t_R)
  29.85  203.33 ^ clkbuf_4_4_0_clk/Y (BUFx24_ASAP7_75t_R)
  24.35  227.68 ^ clkbuf_6_19_0_clk/Y (BUFx24_ASAP7_75t_R)
  21.69  249.37 ^ clkbuf_7_38__f_clk/Y (BUFx24_ASAP7_75t_R)
  26.71  276.08 ^ clkbuf_leaf_778_clk/Y (BUFx24_ASAP7_75t_R)
   1.89  277.97 ^ _308209_/CLK (DFFHQNx3_ASAP7_75t_R)
  56.19  334.16 ^ _308209_/QN (DFFHQNx3_ASAP7_75t_R)
  26.21  360.37 ^ wire4778/Y (BUFx16f_ASAP7_75t_R)
  56.27  416.64 ^ wire4776/Y (BUFx16f_ASAP7_75t_R)
  30.08  446.72 ^ wire4775/Y (BUFx16f_ASAP7_75t_R)
  60.47  507.19 ^ load_slew4774/Y (BUFx16f_ASAP7_75t_R)
  95.85  603.03 ^ _153629_/Y (AND2x2_ASAP7_75t_R)
 145.04  748.08 v _153630_/Y (NAND2x1_ASAP7_75t_R)
  63.27  811.35 v _153631_/Y (OA21x2_ASAP7_75t_R)
 105.27  916.62 v _153633_/Y (AND3x1_ASAP7_75t_R)
  83.72 1000.34 v _154870_/Y (AO222x2_ASAP7_75t_R)
  46.64 1046.98 v _154873_/Y (OR3x2_ASAP7_75t_R)
  53.58 1100.56 v _154878_/Y (OR5x1_ASAP7_75t_R)
  97.46 1198.02 v _154879_/Y (OR4x1_ASAP7_75t_R)
  69.73 1267.75 v _155829_/Y (OR4x1_ASAP7_75t_R)
  24.44 1292.18 v _155944_/Y (AO221x1_ASAP7_75t_R)
  50.98 1343.16 v _155949_/Y (OR5x1_ASAP7_75t_R)
  33.14 1376.30 v _156013_/Y (AND2x2_ASAP7_75t_R)
  50.65 1426.95 ^ _156016_/Y (NAND3x1_ASAP7_75t_R)
  37.85 1464.80 v _156112_/Y (AOI221x1_ASAP7_75t_R)
  25.93 1490.73 v _156115_/Y (OA21x2_ASAP7_75t_R)
  21.72 1512.45 v _156116_/Y (OR3x1_ASAP7_75t_R)
  38.61 1551.06 v _156123_/Y (AO33x2_ASAP7_75t_R)
  41.48 1592.54 ^ _156140_/Y (NAND2x1_ASAP7_75t_R)
 111.61 1704.15 ^ _156253_/Y (AO221x1_ASAP7_75t_R)
  66.42 1770.57 v _156308_/Y (NAND2x2_ASAP7_75t_R)
  47.11 1817.68 v _156311_/Y (AO21x2_ASAP7_75t_R)
  22.77 1840.45 v _156314_/Y (OA21x2_ASAP7_75t_R)
  27.66 1868.12 v _156388_/Y (AO221x1_ASAP7_75t_R)
  22.59 1890.71 v _156389_/Y (OA21x2_ASAP7_75t_R)
  24.11 1914.83 ^ _156393_/Y (AOI22x1_ASAP7_75t_R)
  54.62 1969.45 v _156410_/Y (NAND2x1_ASAP7_75t_R)
  71.78 2041.23 v _156421_/Y (AO33x2_ASAP7_75t_R)
  31.36 2072.60 ^ _156522_/Y (XNOR2x2_ASAP7_75t_R)
  25.12 2097.72 ^ _156526_/Y (AND4x1_ASAP7_75t_R)
  19.12 2116.83 ^ _156550_/Y (AO21x1_ASAP7_75t_R)
  19.18 2136.01 ^ _156551_/Y (AO21x1_ASAP7_75t_R)
  82.99 2219.01 ^ _156552_/Y (OA211x2_ASAP7_75t_R)
  82.97 2301.97 v _156555_/Y (INVx1_ASAP7_75t_R)
  32.74 2334.71 ^ _156568_/Y (OAI21x1_ASAP7_75t_R)
  34.05 2368.77 v _156616_/Y (AOI221x1_ASAP7_75t_R)
  48.33 2417.09 v _156806_/Y (OA211x2_ASAP7_75t_R)
  13.56 2430.65 ^ _156807_/Y (NAND2x1_ASAP7_75t_R)
  71.41 2502.07 ^ _156882_/Y (AO32x1_ASAP7_75t_R)
  33.66 2535.72 ^ _156995_/Y (OR2x2_ASAP7_75t_R)
  39.31 2575.03 ^ _157002_/Y (AO32x1_ASAP7_75t_R)
  35.10 2610.13 ^ _157004_/Y (XNOR2x2_ASAP7_75t_R)
  14.25 2624.38 v _157005_/Y (NOR3x1_ASAP7_75t_R)
  32.56 2656.94 v _157006_/Y (AND5x2_ASAP7_75t_R)
  28.67 2685.61 v _157078_/Y (OR3x1_ASAP7_75t_R)
  58.66 2744.27 v _157141_/Y (OA33x2_ASAP7_75t_R)
  34.02 2778.29 v _157144_/Y (OR2x2_ASAP7_75t_R)
  24.44 2802.73 v _157145_/Y (AO21x1_ASAP7_75t_R)
  25.92 2828.65 v _157196_/Y (AO32x1_ASAP7_75t_R)
  26.75 2855.41 v _157198_/Y (AO22x1_ASAP7_75t_R)
  22.89 2878.30 v _157222_/Y (AO21x1_ASAP7_75t_R)
  30.77 2909.07 v _157223_/Y (OR3x1_ASAP7_75t_R)
  42.45 2951.52 v _157312_/Y (AO21x1_ASAP7_75t_R)
  57.75 3009.27 ^ _157343_/Y (NAND2x1_ASAP7_75t_R)
  43.30 3052.57 v _157440_/Y (AOI221x1_ASAP7_75t_R)
  30.71 3083.28 v _157456_/Y (OA222x2_ASAP7_75t_R)
  22.22 3105.50 v _157459_/Y (AND5x2_ASAP7_75t_R)
  20.82 3126.32 v _157472_/Y (OA31x2_ASAP7_75t_R)
  42.25 3168.58 v _157475_/Y (OR4x2_ASAP7_75t_R)
  64.50 3233.08 ^ _157478_/Y (NAND2x1_ASAP7_75t_R)
  19.40 3252.47 v _157479_/Y (NOR2x1_ASAP7_75t_R)
  25.13 3277.60 v _157485_/Y (OA21x2_ASAP7_75t_R)
  28.32 3305.92 v _157492_/Y (AO221x1_ASAP7_75t_R)
  26.02 3331.94 v _157649_/Y (OA21x2_ASAP7_75t_R)
  24.30 3356.24 v _157651_/Y (AO21x1_ASAP7_75t_R)
  41.83 3398.07 v _157652_/Y (AO22x1_ASAP7_75t_R)
  64.09 3462.16 ^ _157732_/Y (NAND2x1_ASAP7_75t_R)
  25.46 3487.62 ^ _157764_/Y (AO21x1_ASAP7_75t_R)
  24.35 3511.96 v _157767_/Y (AOI22x1_ASAP7_75t_R)
  35.07 3547.04 v _157790_/Y (OA21x2_ASAP7_75t_R)
  18.74 3565.78 ^ _157827_/Y (AOI211x1_ASAP7_75t_R)
  19.47 3585.25 v _157842_/Y (OAI21x1_ASAP7_75t_R)
  90.29 3675.54 v _157921_/Y (AO221x1_ASAP7_75t_R)
  46.51 3722.05 v _157922_/Y (AO221x1_ASAP7_75t_R)
  27.43 3749.48 v _157925_/Y (AO32x2_ASAP7_75t_R)
  22.56 3772.04 v _157949_/Y (OA211x2_ASAP7_75t_R)
  32.14 3804.17 v _157967_/Y (AO222x2_ASAP7_75t_R)
  38.20 3842.38 v _158020_/Y (AO221x1_ASAP7_75t_R)
  28.44 3870.82 v _158084_/Y (AO211x2_ASAP7_75t_R)
  42.92 3913.75 v _158094_/Y (AND2x2_ASAP7_75t_R)
  47.43 3961.18 v _158173_/Y (OR3x2_ASAP7_75t_R)
  22.66 3983.84 v _158271_/Y (AO221x1_ASAP7_75t_R)
  32.98 4016.82 v _158272_/Y (OR5x1_ASAP7_75t_R)
  46.35 4063.17 v _158273_/Y (OR5x1_ASAP7_75t_R)
  19.78 4082.95 ^ _158274_/Y (NAND2x2_ASAP7_75t_R)
  55.14 4138.09 v _158287_/Y (OAI21x1_ASAP7_75t_R)
  50.89 4188.97 v _158298_/Y (AND2x2_ASAP7_75t_R)
  35.83 4224.80 v _158304_/Y (OA211x2_ASAP7_75t_R)
  29.40 4254.20 v _158330_/Y (XNOR2x2_ASAP7_75t_R)
  29.49 4283.70 v _158388_/Y (OR5x1_ASAP7_75t_R)
  43.07 4326.76 v _158399_/Y (AO33x2_ASAP7_75t_R)
  25.52 4352.29 v _158436_/Y (AND2x2_ASAP7_75t_R)
  79.84 4432.12 v _158437_/Y (OR3x1_ASAP7_75t_R)
  69.36 4501.48 v _158474_/Y (AND2x2_ASAP7_75t_R)
  37.44 4538.93 ^ _158476_/Y (AOI22x1_ASAP7_75t_R)
  22.97 4561.89 ^ _158477_/Y (AND2x2_ASAP7_75t_R)
  15.93 4577.82 v _158496_/Y (AOI221x1_ASAP7_75t_R)
  32.93 4610.75 v _158497_/Y (MAJx2_ASAP7_75t_R)
  24.66 4635.41 v _158571_/Y (AO21x1_ASAP7_75t_R)
  46.94 4682.35 v _158629_/Y (AO221x2_ASAP7_75t_R)
  80.71 4763.07 ^ _158672_/Y (NAND2x1_ASAP7_75t_R)
  34.83 4797.90 ^ _158689_/Y (AND2x2_ASAP7_75t_R)
  22.56 4820.46 ^ _158690_/Y (OA21x2_ASAP7_75t_R)
  19.98 4840.43 ^ _158691_/Y (OR2x2_ASAP7_75t_R)
  22.78 4863.21 ^ _158702_/Y (AND3x1_ASAP7_75t_R)
  21.75 4884.96 ^ _158720_/Y (OA21x2_ASAP7_75t_R)
  24.37 4909.33 ^ _158743_/Y (OA31x2_ASAP7_75t_R)
  15.03 4924.36 ^ _158761_/Y (OR4x1_ASAP7_75t_R)
  47.73 4972.10 ^ _158764_/Y (AND5x2_ASAP7_75t_R)
  35.50 5007.60 ^ _167893_/Y (OA21x2_ASAP7_75t_R)
  88.95 5096.54 ^ _167894_/Y (AND5x1_ASAP7_75t_R)
  91.76 5188.30 ^ _171924_/Y (AND2x2_ASAP7_75t_R)
  54.03 5242.33 ^ _172827_/Y (AO21x1_ASAP7_75t_R)
  29.20 5271.53 ^ output161/Y (BUFx2_ASAP7_75t_R)
   0.34 5271.88 ^ dmem_req_addr[29] (out)
        5271.88   data arrival time

5000.00 5000.00   clock core_clk (rise edge)
   0.00 5000.00   clock network delay (propagated)
 -50.00 4950.00   clock uncertainty
   0.00 4950.00   clock reconvergence pessimism
-1000.00 3950.00   output external delay
        3950.00   data required time
---------------------------------------------------------
        3950.00   data required time
        -5271.88   data arrival time
---------------------------------------------------------
        -1321.88   slack (VIOLATED)


Startpoint: _308209_ (rising edge-triggered flip-flop clocked by core_clk)
Endpoint: dmem_req_addr[22] (output port clocked by core_clk)
Path Group: reg2out
Path Type: max

  Delay    Time   Description
---------------------------------------------------------
   0.00    0.00   clock core_clk (rise edge)
   0.00    0.00   clock source latency
   0.00    0.00 ^ clk (in)
  44.44   44.44 ^ wire4945/Y (BUFx10_ASAP7_75t_R)
  46.42   90.85 ^ clkbuf_0_clk/Y (BUFx24_ASAP7_75t_R)
  28.76  119.62 ^ clkbuf_1_0_0_clk/Y (BUFx24_ASAP7_75t_R)
  28.26  147.87 ^ clkbuf_2_1_0_clk/Y (BUFx24_ASAP7_75t_R)
  25.61  173.49 ^ clkbuf_3_2_0_clk/Y (BUFx24_ASAP7_75t_R)
  29.85  203.33 ^ clkbuf_4_4_0_clk/Y (BUFx24_ASAP7_75t_R)
  24.35  227.68 ^ clkbuf_6_19_0_clk/Y (BUFx24_ASAP7_75t_R)
  21.69  249.37 ^ clkbuf_7_38__f_clk/Y (BUFx24_ASAP7_75t_R)
  26.71  276.08 ^ clkbuf_leaf_778_clk/Y (BUFx24_ASAP7_75t_R)
   1.89  277.97 ^ _308209_/CLK (DFFHQNx3_ASAP7_75t_R)
  56.19  334.16 ^ _308209_/QN (DFFHQNx3_ASAP7_75t_R)
  26.21  360.37 ^ wire4778/Y (BUFx16f_ASAP7_75t_R)
  56.27  416.64 ^ wire4776/Y (BUFx16f_ASAP7_75t_R)
  30.08  446.72 ^ wire4775/Y (BUFx16f_ASAP7_75t_R)
  60.47  507.19 ^ load_slew4774/Y (BUFx16f_ASAP7_75t_R)
  95.85  603.03 ^ _153629_/Y (AND2x2_ASAP7_75t_R)
 145.04  748.08 v _153630_/Y (NAND2x1_ASAP7_75t_R)
  63.27  811.35 v _153631_/Y (OA21x2_ASAP7_75t_R)
 105.27  916.62 v _153633_/Y (AND3x1_ASAP7_75t_R)
  83.72 1000.34 v _154870_/Y (AO222x2_ASAP7_75t_R)
  46.64 1046.98 v _154873_/Y (OR3x2_ASAP7_75t_R)
  53.58 1100.56 v _154878_/Y (OR5x1_ASAP7_75t_R)
  97.46 1198.02 v _154879_/Y (OR4x1_ASAP7_75t_R)
  69.73 1267.75 v _155829_/Y (OR4x1_ASAP7_75t_R)
  24.44 1292.18 v _155944_/Y (AO221x1_ASAP7_75t_R)
  50.98 1343.16 v _155949_/Y (OR5x1_ASAP7_75t_R)
  33.14 1376.30 v _156013_/Y (AND2x2_ASAP7_75t_R)
  50.65 1426.95 ^ _156016_/Y (NAND3x1_ASAP7_75t_R)
  37.85 1464.80 v _156112_/Y (AOI221x1_ASAP7_75t_R)
  25.93 1490.73 v _156115_/Y (OA21x2_ASAP7_75t_R)
  21.72 1512.45 v _156116_/Y (OR3x1_ASAP7_75t_R)
  38.61 1551.06 v _156123_/Y (AO33x2_ASAP7_75t_R)
  41.48 1592.54 ^ _156140_/Y (NAND2x1_ASAP7_75t_R)
 111.61 1704.15 ^ _156253_/Y (AO221x1_ASAP7_75t_R)
  66.42 1770.57 v _156308_/Y (NAND2x2_ASAP7_75t_R)
  47.11 1817.68 v _156311_/Y (AO21x2_ASAP7_75t_R)
  22.77 1840.45 v _156314_/Y (OA21x2_ASAP7_75t_R)
  27.66 1868.12 v _156388_/Y (AO221x1_ASAP7_75t_R)
  22.59 1890.71 v _156389_/Y (OA21x2_ASAP7_75t_R)
  24.11 1914.83 ^ _156393_/Y (AOI22x1_ASAP7_75t_R)
  54.62 1969.45 v _156410_/Y (NAND2x1_ASAP7_75t_R)
  71.78 2041.23 v _156421_/Y (AO33x2_ASAP7_75t_R)
  31.36 2072.60 ^ _156522_/Y (XNOR2x2_ASAP7_75t_R)
  25.12 2097.72 ^ _156526_/Y (AND4x1_ASAP7_75t_R)
  19.12 2116.83 ^ _156550_/Y (AO21x1_ASAP7_75t_R)
  19.18 2136.01 ^ _156551_/Y (AO21x1_ASAP7_75t_R)
  82.99 2219.01 ^ _156552_/Y (OA211x2_ASAP7_75t_R)
  82.97 2301.97 v _156555_/Y (INVx1_ASAP7_75t_R)
  32.74 2334.71 ^ _156568_/Y (OAI21x1_ASAP7_75t_R)
  34.05 2368.77 v _156616_/Y (AOI221x1_ASAP7_75t_R)
  48.33 2417.09 v _156806_/Y (OA211x2_ASAP7_75t_R)
  13.56 2430.65 ^ _156807_/Y (NAND2x1_ASAP7_75t_R)
  71.41 2502.07 ^ _156882_/Y (AO32x1_ASAP7_75t_R)
  33.66 2535.72 ^ _156995_/Y (OR2x2_ASAP7_75t_R)
  39.31 2575.03 ^ _157002_/Y (AO32x1_ASAP7_75t_R)
  35.10 2610.13 ^ _157004_/Y (XNOR2x2_ASAP7_75t_R)
  14.25 2624.38 v _157005_/Y (NOR3x1_ASAP7_75t_R)
  32.56 2656.94 v _157006_/Y (AND5x2_ASAP7_75t_R)
  28.67 2685.61 v _157078_/Y (OR3x1_ASAP7_75t_R)
  58.66 2744.27 v _157141_/Y (OA33x2_ASAP7_75t_R)
  34.02 2778.29 v _157144_/Y (OR2x2_ASAP7_75t_R)
  24.44 2802.73 v _157145_/Y (AO21x1_ASAP7_75t_R)
  25.92 2828.65 v _157196_/Y (AO32x1_ASAP7_75t_R)
  26.75 2855.41 v _157198_/Y (AO22x1_ASAP7_75t_R)
  22.89 2878.30 v _157222_/Y (AO21x1_ASAP7_75t_R)
  30.77 2909.07 v _157223_/Y (OR3x1_ASAP7_75t_R)
  42.45 2951.52 v _157312_/Y (AO21x1_ASAP7_75t_R)
  57.75 3009.27 ^ _157343_/Y (NAND2x1_ASAP7_75t_R)
  43.30 3052.57 v _157440_/Y (AOI221x1_ASAP7_75t_R)
  30.71 3083.28 v _157456_/Y (OA222x2_ASAP7_75t_R)
  22.22 3105.50 v _157459_/Y (AND5x2_ASAP7_75t_R)
  20.82 3126.32 v _157472_/Y (OA31x2_ASAP7_75t_R)
  42.25 3168.58 v _157475_/Y (OR4x2_ASAP7_75t_R)
  64.50 3233.08 ^ _157478_/Y (NAND2x1_ASAP7_75t_R)
  19.40 3252.47 v _157479_/Y (NOR2x1_ASAP7_75t_R)
  25.13 3277.60 v _157485_/Y (OA21x2_ASAP7_75t_R)
  28.32 3305.92 v _157492_/Y (AO221x1_ASAP7_75t_R)
  26.02 3331.94 v _157649_/Y (OA21x2_ASAP7_75t_R)
  24.30 3356.24 v _157651_/Y (AO21x1_ASAP7_75t_R)
  41.83 3398.07 v _157652_/Y (AO22x1_ASAP7_75t_R)
  64.09 3462.16 ^ _157732_/Y (NAND2x1_ASAP7_75t_R)
  25.46 3487.62 ^ _157764_/Y (AO21x1_ASAP7_75t_R)
  24.35 3511.96 v _157767_/Y (AOI22x1_ASAP7_75t_R)
  35.07 3547.04 v _157790_/Y (OA21x2_ASAP7_75t_R)
  18.74 3565.78 ^ _157827_/Y (AOI211x1_ASAP7_75t_R)
  19.47 3585.25 v _157842_/Y (OAI21x1_ASAP7_75t_R)
  90.29 3675.54 v _157921_/Y (AO221x1_ASAP7_75t_R)
  46.51 3722.05 v _157922_/Y (AO221x1_ASAP7_75t_R)
  27.43 3749.48 v _157925_/Y (AO32x2_ASAP7_75t_R)
  22.56 3772.04 v _157949_/Y (OA211x2_ASAP7_75t_R)
  32.14 3804.17 v _157967_/Y (AO222x2_ASAP7_75t_R)
  38.20 3842.38 v _158020_/Y (AO221x1_ASAP7_75t_R)
  28.44 3870.82 v _158084_/Y (AO211x2_ASAP7_75t_R)
  42.92 3913.75 v _158094_/Y (AND2x2_ASAP7_75t_R)
  47.43 3961.18 v _158173_/Y (OR3x2_ASAP7_75t_R)
  22.66 3983.84 v _158271_/Y (AO221x1_ASAP7_75t_R)
  32.98 4016.82 v _158272_/Y (OR5x1_ASAP7_75t_R)
  46.35 4063.17 v _158273_/Y (OR5x1_ASAP7_75t_R)
  19.78 4082.95 ^ _158274_/Y (NAND2x2_ASAP7_75t_R)
  55.14 4138.09 v _158287_/Y (OAI21x1_ASAP7_75t_R)
  50.89 4188.97 v _158298_/Y (AND2x2_ASAP7_75t_R)
  35.83 4224.80 v _158304_/Y (OA211x2_ASAP7_75t_R)
  29.40 4254.20 v _158330_/Y (XNOR2x2_ASAP7_75t_R)
  29.49 4283.70 v _158388_/Y (OR5x1_ASAP7_75t_R)
  43.07 4326.76 v _158399_/Y (AO33x2_ASAP7_75t_R)
  25.52 4352.29 v _158436_/Y (AND2x2_ASAP7_75t_R)
  79.84 4432.12 v _158437_/Y (OR3x1_ASAP7_75t_R)
  69.36 4501.48 v _158474_/Y (AND2x2_ASAP7_75t_R)
  37.44 4538.93 ^ _158476_/Y (AOI22x1_ASAP7_75t_R)
  22.97 4561.89 ^ _158477_/Y (AND2x2_ASAP7_75t_R)
  15.93 4577.82 v _158496_/Y (AOI221x1_ASAP7_75t_R)
  32.93 4610.75 v _158497_/Y (MAJx2_ASAP7_75t_R)
  24.66 4635.41 v _158571_/Y (AO21x1_ASAP7_75t_R)
  46.94 4682.35 v _158629_/Y (AO221x2_ASAP7_75t_R)
  80.71 4763.07 ^ _158672_/Y (NAND2x1_ASAP7_75t_R)
  34.83 4797.90 ^ _158689_/Y (AND2x2_ASAP7_75t_R)
  22.56 4820.46 ^ _158690_/Y (OA21x2_ASAP7_75t_R)
  19.98 4840.43 ^ _158691_/Y (OR2x2_ASAP7_75t_R)
  22.78 4863.21 ^ _158702_/Y (AND3x1_ASAP7_75t_R)
  21.75 4884.96 ^ _158720_/Y (OA21x2_ASAP7_75t_R)
  24.37 4909.33 ^ _158743_/Y (OA31x2_ASAP7_75t_R)
  15.03 4924.36 ^ _158761_/Y (OR4x1_ASAP7_75t_R)
  47.73 4972.10 ^ _158764_/Y (AND5x2_ASAP7_75t_R)
  35.50 5007.60 ^ _167893_/Y (OA21x2_ASAP7_75t_R)
  88.95 5096.54 ^ _167894_/Y (AND5x1_ASAP7_75t_R)
  91.76 5188.30 ^ _171924_/Y (AND2x2_ASAP7_75t_R)
  52.32 5240.63 ^ _172634_/Y (AO21x1_ASAP7_75t_R)
  29.08 5269.70 ^ output154/Y (BUFx2_ASAP7_75t_R)
   0.37 5270.07 ^ dmem_req_addr[22] (out)
        5270.07   data arrival time

5000.00 5000.00   clock core_clk (rise edge)
   0.00 5000.00   clock network delay (propagated)
 -50.00 4950.00   clock uncertainty
   0.00 4950.00   clock reconvergence pessimism
-1000.00 3950.00   output external delay
        3950.00   data required time
---------------------------------------------------------
        3950.00   data required time
        -5270.07   data arrival time
---------------------------------------------------------
        -1320.07   slack (VIOLATED)


Startpoint: _308209_ (rising edge-triggered flip-flop clocked by core_clk)
Endpoint: dmem_req_addr[20] (output port clocked by core_clk)
Path Group: reg2out
Path Type: max

  Delay    Time   Description
---------------------------------------------------------
   0.00    0.00   clock core_clk (rise edge)
   0.00    0.00   clock source latency
   0.00    0.00 ^ clk (in)
  44.44   44.44 ^ wire4945/Y (BUFx10_ASAP7_75t_R)
  46.42   90.85 ^ clkbuf_0_clk/Y (BUFx24_ASAP7_75t_R)
  28.76  119.62 ^ clkbuf_1_0_0_clk/Y (BUFx24_ASAP7_75t_R)
  28.26  147.87 ^ clkbuf_2_1_0_clk/Y (BUFx24_ASAP7_75t_R)
  25.61  173.49 ^ clkbuf_3_2_0_clk/Y (BUFx24_ASAP7_75t_R)
  29.85  203.33 ^ clkbuf_4_4_0_clk/Y (BUFx24_ASAP7_75t_R)
  24.35  227.68 ^ clkbuf_6_19_0_clk/Y (BUFx24_ASAP7_75t_R)
  21.69  249.37 ^ clkbuf_7_38__f_clk/Y (BUFx24_ASAP7_75t_R)
  26.71  276.08 ^ clkbuf_leaf_778_clk/Y (BUFx24_ASAP7_75t_R)
   1.89  277.97 ^ _308209_/CLK (DFFHQNx3_ASAP7_75t_R)
  56.19  334.16 ^ _308209_/QN (DFFHQNx3_ASAP7_75t_R)
  26.21  360.37 ^ wire4778/Y (BUFx16f_ASAP7_75t_R)
  56.27  416.64 ^ wire4776/Y (BUFx16f_ASAP7_75t_R)
  30.08  446.72 ^ wire4775/Y (BUFx16f_ASAP7_75t_R)
  60.47  507.19 ^ load_slew4774/Y (BUFx16f_ASAP7_75t_R)
  95.85  603.03 ^ _153629_/Y (AND2x2_ASAP7_75t_R)
 145.04  748.08 v _153630_/Y (NAND2x1_ASAP7_75t_R)
  63.27  811.35 v _153631_/Y (OA21x2_ASAP7_75t_R)
 105.27  916.62 v _153633_/Y (AND3x1_ASAP7_75t_R)
  83.72 1000.34 v _154870_/Y (AO222x2_ASAP7_75t_R)
  46.64 1046.98 v _154873_/Y (OR3x2_ASAP7_75t_R)
  53.58 1100.56 v _154878_/Y (OR5x1_ASAP7_75t_R)
  97.46 1198.02 v _154879_/Y (OR4x1_ASAP7_75t_R)
  69.73 1267.75 v _155829_/Y (OR4x1_ASAP7_75t_R)
  24.44 1292.18 v _155944_/Y (AO221x1_ASAP7_75t_R)
  50.98 1343.16 v _155949_/Y (OR5x1_ASAP7_75t_R)
  33.14 1376.30 v _156013_/Y (AND2x2_ASAP7_75t_R)
  50.65 1426.95 ^ _156016_/Y (NAND3x1_ASAP7_75t_R)
  37.85 1464.80 v _156112_/Y (AOI221x1_ASAP7_75t_R)
  25.93 1490.73 v _156115_/Y (OA21x2_ASAP7_75t_R)
  21.72 1512.45 v _156116_/Y (OR3x1_ASAP7_75t_R)
  38.61 1551.06 v _156123_/Y (AO33x2_ASAP7_75t_R)
  41.48 1592.54 ^ _156140_/Y (NAND2x1_ASAP7_75t_R)
 111.61 1704.15 ^ _156253_/Y (AO221x1_ASAP7_75t_R)
  66.42 1770.57 v _156308_/Y (NAND2x2_ASAP7_75t_R)
  47.11 1817.68 v _156311_/Y (AO21x2_ASAP7_75t_R)
  22.77 1840.45 v _156314_/Y (OA21x2_ASAP7_75t_R)
  27.66 1868.12 v _156388_/Y (AO221x1_ASAP7_75t_R)
  22.59 1890.71 v _156389_/Y (OA21x2_ASAP7_75t_R)
  24.11 1914.83 ^ _156393_/Y (AOI22x1_ASAP7_75t_R)
  54.62 1969.45 v _156410_/Y (NAND2x1_ASAP7_75t_R)
  71.78 2041.23 v _156421_/Y (AO33x2_ASAP7_75t_R)
  31.36 2072.60 ^ _156522_/Y (XNOR2x2_ASAP7_75t_R)
  25.12 2097.72 ^ _156526_/Y (AND4x1_ASAP7_75t_R)
  19.12 2116.83 ^ _156550_/Y (AO21x1_ASAP7_75t_R)
  19.18 2136.01 ^ _156551_/Y (AO21x1_ASAP7_75t_R)
  82.99 2219.01 ^ _156552_/Y (OA211x2_ASAP7_75t_R)
  82.97 2301.97 v _156555_/Y (INVx1_ASAP7_75t_R)
  32.74 2334.71 ^ _156568_/Y (OAI21x1_ASAP7_75t_R)
  34.05 2368.77 v _156616_/Y (AOI221x1_ASAP7_75t_R)
  48.33 2417.09 v _156806_/Y (OA211x2_ASAP7_75t_R)
  13.56 2430.65 ^ _156807_/Y (NAND2x1_ASAP7_75t_R)
  71.41 2502.07 ^ _156882_/Y (AO32x1_ASAP7_75t_R)
  33.66 2535.72 ^ _156995_/Y (OR2x2_ASAP7_75t_R)
  39.31 2575.03 ^ _157002_/Y (AO32x1_ASAP7_75t_R)
  35.10 2610.13 ^ _157004_/Y (XNOR2x2_ASAP7_75t_R)
  14.25 2624.38 v _157005_/Y (NOR3x1_ASAP7_75t_R)
  32.56 2656.94 v _157006_/Y (AND5x2_ASAP7_75t_R)
  28.67 2685.61 v _157078_/Y (OR3x1_ASAP7_75t_R)
  58.66 2744.27 v _157141_/Y (OA33x2_ASAP7_75t_R)
  34.02 2778.29 v _157144_/Y (OR2x2_ASAP7_75t_R)
  24.44 2802.73 v _157145_/Y (AO21x1_ASAP7_75t_R)
  25.92 2828.65 v _157196_/Y (AO32x1_ASAP7_75t_R)
  26.75 2855.41 v _157198_/Y (AO22x1_ASAP7_75t_R)
  22.89 2878.30 v _157222_/Y (AO21x1_ASAP7_75t_R)
  30.77 2909.07 v _157223_/Y (OR3x1_ASAP7_75t_R)
  42.45 2951.52 v _157312_/Y (AO21x1_ASAP7_75t_R)
  57.75 3009.27 ^ _157343_/Y (NAND2x1_ASAP7_75t_R)
  43.30 3052.57 v _157440_/Y (AOI221x1_ASAP7_75t_R)
  30.71 3083.28 v _157456_/Y (OA222x2_ASAP7_75t_R)
  22.22 3105.50 v _157459_/Y (AND5x2_ASAP7_75t_R)
  20.82 3126.32 v _157472_/Y (OA31x2_ASAP7_75t_R)
  42.25 3168.58 v _157475_/Y (OR4x2_ASAP7_75t_R)
  64.50 3233.08 ^ _157478_/Y (NAND2x1_ASAP7_75t_R)
  19.40 3252.47 v _157479_/Y (NOR2x1_ASAP7_75t_R)
  25.13 3277.60 v _157485_/Y (OA21x2_ASAP7_75t_R)
  28.32 3305.92 v _157492_/Y (AO221x1_ASAP7_75t_R)
  26.02 3331.94 v _157649_/Y (OA21x2_ASAP7_75t_R)
  24.30 3356.24 v _157651_/Y (AO21x1_ASAP7_75t_R)
  41.83 3398.07 v _157652_/Y (AO22x1_ASAP7_75t_R)
  64.09 3462.16 ^ _157732_/Y (NAND2x1_ASAP7_75t_R)
  25.46 3487.62 ^ _157764_/Y (AO21x1_ASAP7_75t_R)
  24.35 3511.96 v _157767_/Y (AOI22x1_ASAP7_75t_R)
  35.07 3547.04 v _157790_/Y (OA21x2_ASAP7_75t_R)
  18.74 3565.78 ^ _157827_/Y (AOI211x1_ASAP7_75t_R)
  19.47 3585.25 v _157842_/Y (OAI21x1_ASAP7_75t_R)
  90.29 3675.54 v _157921_/Y (AO221x1_ASAP7_75t_R)
  46.51 3722.05 v _157922_/Y (AO221x1_ASAP7_75t_R)
  27.43 3749.48 v _157925_/Y (AO32x2_ASAP7_75t_R)
  22.56 3772.04 v _157949_/Y (OA211x2_ASAP7_75t_R)
  32.14 3804.17 v _157967_/Y (AO222x2_ASAP7_75t_R)
  38.20 3842.38 v _158020_/Y (AO221x1_ASAP7_75t_R)
  28.44 3870.82 v _158084_/Y (AO211x2_ASAP7_75t_R)
  42.92 3913.75 v _158094_/Y (AND2x2_ASAP7_75t_R)
  47.43 3961.18 v _158173_/Y (OR3x2_ASAP7_75t_R)
  22.66 3983.84 v _158271_/Y (AO221x1_ASAP7_75t_R)
  32.98 4016.82 v _158272_/Y (OR5x1_ASAP7_75t_R)
  46.35 4063.17 v _158273_/Y (OR5x1_ASAP7_75t_R)
  19.78 4082.95 ^ _158274_/Y (NAND2x2_ASAP7_75t_R)
  55.14 4138.09 v _158287_/Y (OAI21x1_ASAP7_75t_R)
  50.89 4188.97 v _158298_/Y (AND2x2_ASAP7_75t_R)
  35.83 4224.80 v _158304_/Y (OA211x2_ASAP7_75t_R)
  29.40 4254.20 v _158330_/Y (XNOR2x2_ASAP7_75t_R)
  29.49 4283.70 v _158388_/Y (OR5x1_ASAP7_75t_R)
  43.07 4326.76 v _158399_/Y (AO33x2_ASAP7_75t_R)
  25.52 4352.29 v _158436_/Y (AND2x2_ASAP7_75t_R)
  79.84 4432.12 v _158437_/Y (OR3x1_ASAP7_75t_R)
  69.36 4501.48 v _158474_/Y (AND2x2_ASAP7_75t_R)
  37.44 4538.93 ^ _158476_/Y (AOI22x1_ASAP7_75t_R)
  22.97 4561.89 ^ _158477_/Y (AND2x2_ASAP7_75t_R)
  15.93 4577.82 v _158496_/Y (AOI221x1_ASAP7_75t_R)
  32.93 4610.75 v _158497_/Y (MAJx2_ASAP7_75t_R)
  24.66 4635.41 v _158571_/Y (AO21x1_ASAP7_75t_R)
  46.94 4682.35 v _158629_/Y (AO221x2_ASAP7_75t_R)
  80.71 4763.07 ^ _158672_/Y (NAND2x1_ASAP7_75t_R)
  34.83 4797.90 ^ _158689_/Y (AND2x2_ASAP7_75t_R)
  22.56 4820.46 ^ _158690_/Y (OA21x2_ASAP7_75t_R)
  19.98 4840.43 ^ _158691_/Y (OR2x2_ASAP7_75t_R)
  22.78 4863.21 ^ _158702_/Y (AND3x1_ASAP7_75t_R)
  21.75 4884.96 ^ _158720_/Y (OA21x2_ASAP7_75t_R)
  24.37 4909.33 ^ _158743_/Y (OA31x2_ASAP7_75t_R)
  15.03 4924.36 ^ _158761_/Y (OR4x1_ASAP7_75t_R)
  47.73 4972.10 ^ _158764_/Y (AND5x2_ASAP7_75t_R)
  35.50 5007.60 ^ _167893_/Y (OA21x2_ASAP7_75t_R)
  88.95 5096.54 ^ _167894_/Y (AND5x1_ASAP7_75t_R)
  91.76 5188.30 ^ _171924_/Y (AND2x2_ASAP7_75t_R)
  54.99 5243.29 ^ _172580_/Y (AO21x1_ASAP7_75t_R)
  26.43 5269.72 ^ output152/Y (BUFx2_ASAP7_75t_R)
   0.29 5270.01 ^ dmem_req_addr[20] (out)
        5270.01   data arrival time

5000.00 5000.00   clock core_clk (rise edge)
   0.00 5000.00   clock network delay (propagated)
 -50.00 4950.00   clock uncertainty
   0.00 4950.00   clock reconvergence pessimism
-1000.00 3950.00   output external delay
        3950.00   data required time
---------------------------------------------------------
        3950.00   data required time
        -5270.01   data arrival time
---------------------------------------------------------
        -1320.01   slack (VIOLATED)


Startpoint: _308209_ (rising edge-triggered flip-flop clocked by core_clk)
Endpoint: dmem_req_addr[28] (output port clocked by core_clk)
Path Group: reg2out
Path Type: max

  Delay    Time   Description
---------------------------------------------------------
   0.00    0.00   clock core_clk (rise edge)
   0.00    0.00   clock source latency
   0.00    0.00 ^ clk (in)
  44.44   44.44 ^ wire4945/Y (BUFx10_ASAP7_75t_R)
  46.42   90.85 ^ clkbuf_0_clk/Y (BUFx24_ASAP7_75t_R)
  28.76  119.62 ^ clkbuf_1_0_0_clk/Y (BUFx24_ASAP7_75t_R)
  28.26  147.87 ^ clkbuf_2_1_0_clk/Y (BUFx24_ASAP7_75t_R)
  25.61  173.49 ^ clkbuf_3_2_0_clk/Y (BUFx24_ASAP7_75t_R)
  29.85  203.33 ^ clkbuf_4_4_0_clk/Y (BUFx24_ASAP7_75t_R)
  24.35  227.68 ^ clkbuf_6_19_0_clk/Y (BUFx24_ASAP7_75t_R)
  21.69  249.37 ^ clkbuf_7_38__f_clk/Y (BUFx24_ASAP7_75t_R)
  26.71  276.08 ^ clkbuf_leaf_778_clk/Y (BUFx24_ASAP7_75t_R)
   1.89  277.97 ^ _308209_/CLK (DFFHQNx3_ASAP7_75t_R)
  56.19  334.16 ^ _308209_/QN (DFFHQNx3_ASAP7_75t_R)
  26.21  360.37 ^ wire4778/Y (BUFx16f_ASAP7_75t_R)
  56.27  416.64 ^ wire4776/Y (BUFx16f_ASAP7_75t_R)
  30.08  446.72 ^ wire4775/Y (BUFx16f_ASAP7_75t_R)
  60.47  507.19 ^ load_slew4774/Y (BUFx16f_ASAP7_75t_R)
  95.85  603.03 ^ _153629_/Y (AND2x2_ASAP7_75t_R)
 145.04  748.08 v _153630_/Y (NAND2x1_ASAP7_75t_R)
  63.27  811.35 v _153631_/Y (OA21x2_ASAP7_75t_R)
 105.27  916.62 v _153633_/Y (AND3x1_ASAP7_75t_R)
  83.72 1000.34 v _154870_/Y (AO222x2_ASAP7_75t_R)
  46.64 1046.98 v _154873_/Y (OR3x2_ASAP7_75t_R)
  53.58 1100.56 v _154878_/Y (OR5x1_ASAP7_75t_R)
  97.46 1198.02 v _154879_/Y (OR4x1_ASAP7_75t_R)
  69.73 1267.75 v _155829_/Y (OR4x1_ASAP7_75t_R)
  24.44 1292.18 v _155944_/Y (AO221x1_ASAP7_75t_R)
  50.98 1343.16 v _155949_/Y (OR5x1_ASAP7_75t_R)
  33.14 1376.30 v _156013_/Y (AND2x2_ASAP7_75t_R)
  50.65 1426.95 ^ _156016_/Y (NAND3x1_ASAP7_75t_R)
  37.85 1464.80 v _156112_/Y (AOI221x1_ASAP7_75t_R)
  25.93 1490.73 v _156115_/Y (OA21x2_ASAP7_75t_R)
  21.72 1512.45 v _156116_/Y (OR3x1_ASAP7_75t_R)
  38.61 1551.06 v _156123_/Y (AO33x2_ASAP7_75t_R)
  41.48 1592.54 ^ _156140_/Y (NAND2x1_ASAP7_75t_R)
 111.61 1704.15 ^ _156253_/Y (AO221x1_ASAP7_75t_R)
  66.42 1770.57 v _156308_/Y (NAND2x2_ASAP7_75t_R)
  47.11 1817.68 v _156311_/Y (AO21x2_ASAP7_75t_R)
  22.77 1840.45 v _156314_/Y (OA21x2_ASAP7_75t_R)
  27.66 1868.12 v _156388_/Y (AO221x1_ASAP7_75t_R)
  22.59 1890.71 v _156389_/Y (OA21x2_ASAP7_75t_R)
  24.11 1914.83 ^ _156393_/Y (AOI22x1_ASAP7_75t_R)
  54.62 1969.45 v _156410_/Y (NAND2x1_ASAP7_75t_R)
  71.78 2041.23 v _156421_/Y (AO33x2_ASAP7_75t_R)
  31.36 2072.60 ^ _156522_/Y (XNOR2x2_ASAP7_75t_R)
  25.12 2097.72 ^ _156526_/Y (AND4x1_ASAP7_75t_R)
  19.12 2116.83 ^ _156550_/Y (AO21x1_ASAP7_75t_R)
  19.18 2136.01 ^ _156551_/Y (AO21x1_ASAP7_75t_R)
  82.99 2219.01 ^ _156552_/Y (OA211x2_ASAP7_75t_R)
  82.97 2301.97 v _156555_/Y (INVx1_ASAP7_75t_R)
  32.74 2334.71 ^ _156568_/Y (OAI21x1_ASAP7_75t_R)
  34.05 2368.77 v _156616_/Y (AOI221x1_ASAP7_75t_R)
  48.33 2417.09 v _156806_/Y (OA211x2_ASAP7_75t_R)
  13.56 2430.65 ^ _156807_/Y (NAND2x1_ASAP7_75t_R)
  71.41 2502.07 ^ _156882_/Y (AO32x1_ASAP7_75t_R)
  33.66 2535.72 ^ _156995_/Y (OR2x2_ASAP7_75t_R)
  39.31 2575.03 ^ _157002_/Y (AO32x1_ASAP7_75t_R)
  35.10 2610.13 ^ _157004_/Y (XNOR2x2_ASAP7_75t_R)
  14.25 2624.38 v _157005_/Y (NOR3x1_ASAP7_75t_R)
  32.56 2656.94 v _157006_/Y (AND5x2_ASAP7_75t_R)
  28.67 2685.61 v _157078_/Y (OR3x1_ASAP7_75t_R)
  58.66 2744.27 v _157141_/Y (OA33x2_ASAP7_75t_R)
  34.02 2778.29 v _157144_/Y (OR2x2_ASAP7_75t_R)
  24.44 2802.73 v _157145_/Y (AO21x1_ASAP7_75t_R)
  25.92 2828.65 v _157196_/Y (AO32x1_ASAP7_75t_R)
  26.75 2855.41 v _157198_/Y (AO22x1_ASAP7_75t_R)
  22.89 2878.30 v _157222_/Y (AO21x1_ASAP7_75t_R)
  30.77 2909.07 v _157223_/Y (OR3x1_ASAP7_75t_R)
  42.45 2951.52 v _157312_/Y (AO21x1_ASAP7_75t_R)
  57.75 3009.27 ^ _157343_/Y (NAND2x1_ASAP7_75t_R)
  43.30 3052.57 v _157440_/Y (AOI221x1_ASAP7_75t_R)
  30.71 3083.28 v _157456_/Y (OA222x2_ASAP7_75t_R)
  22.22 3105.50 v _157459_/Y (AND5x2_ASAP7_75t_R)
  20.82 3126.32 v _157472_/Y (OA31x2_ASAP7_75t_R)
  42.25 3168.58 v _157475_/Y (OR4x2_ASAP7_75t_R)
  64.50 3233.08 ^ _157478_/Y (NAND2x1_ASAP7_75t_R)
  19.40 3252.47 v _157479_/Y (NOR2x1_ASAP7_75t_R)
  25.13 3277.60 v _157485_/Y (OA21x2_ASAP7_75t_R)
  28.32 3305.92 v _157492_/Y (AO221x1_ASAP7_75t_R)
  26.02 3331.94 v _157649_/Y (OA21x2_ASAP7_75t_R)
  24.30 3356.24 v _157651_/Y (AO21x1_ASAP7_75t_R)
  41.83 3398.07 v _157652_/Y (AO22x1_ASAP7_75t_R)
  64.09 3462.16 ^ _157732_/Y (NAND2x1_ASAP7_75t_R)
  25.46 3487.62 ^ _157764_/Y (AO21x1_ASAP7_75t_R)
  24.35 3511.96 v _157767_/Y (AOI22x1_ASAP7_75t_R)
  35.07 3547.04 v _157790_/Y (OA21x2_ASAP7_75t_R)
  18.74 3565.78 ^ _157827_/Y (AOI211x1_ASAP7_75t_R)
  19.47 3585.25 v _157842_/Y (OAI21x1_ASAP7_75t_R)
  90.29 3675.54 v _157921_/Y (AO221x1_ASAP7_75t_R)
  46.51 3722.05 v _157922_/Y (AO221x1_ASAP7_75t_R)
  27.43 3749.48 v _157925_/Y (AO32x2_ASAP7_75t_R)
  22.56 3772.04 v _157949_/Y (OA211x2_ASAP7_75t_R)
  32.14 3804.17 v _157967_/Y (AO222x2_ASAP7_75t_R)
  38.20 3842.38 v _158020_/Y (AO221x1_ASAP7_75t_R)
  28.44 3870.82 v _158084_/Y (AO211x2_ASAP7_75t_R)
  42.92 3913.75 v _158094_/Y (AND2x2_ASAP7_75t_R)
  47.43 3961.18 v _158173_/Y (OR3x2_ASAP7_75t_R)
  22.66 3983.84 v _158271_/Y (AO221x1_ASAP7_75t_R)
  32.98 4016.82 v _158272_/Y (OR5x1_ASAP7_75t_R)
  46.35 4063.17 v _158273_/Y (OR5x1_ASAP7_75t_R)
  19.78 4082.95 ^ _158274_/Y (NAND2x2_ASAP7_75t_R)
  55.14 4138.09 v _158287_/Y (OAI21x1_ASAP7_75t_R)
  50.89 4188.97 v _158298_/Y (AND2x2_ASAP7_75t_R)
  35.83 4224.80 v _158304_/Y (OA211x2_ASAP7_75t_R)
  29.40 4254.20 v _158330_/Y (XNOR2x2_ASAP7_75t_R)
  29.49 4283.70 v _158388_/Y (OR5x1_ASAP7_75t_R)
  43.07 4326.76 v _158399_/Y (AO33x2_ASAP7_75t_R)
  25.52 4352.29 v _158436_/Y (AND2x2_ASAP7_75t_R)
  79.84 4432.12 v _158437_/Y (OR3x1_ASAP7_75t_R)
  69.36 4501.48 v _158474_/Y (AND2x2_ASAP7_75t_R)
  37.44 4538.93 ^ _158476_/Y (AOI22x1_ASAP7_75t_R)
  22.97 4561.89 ^ _158477_/Y (AND2x2_ASAP7_75t_R)
  15.93 4577.82 v _158496_/Y (AOI221x1_ASAP7_75t_R)
  32.93 4610.75 v _158497_/Y (MAJx2_ASAP7_75t_R)
  24.66 4635.41 v _158571_/Y (AO21x1_ASAP7_75t_R)
  46.94 4682.35 v _158629_/Y (AO221x2_ASAP7_75t_R)
  80.71 4763.07 ^ _158672_/Y (NAND2x1_ASAP7_75t_R)
  34.83 4797.90 ^ _158689_/Y (AND2x2_ASAP7_75t_R)
  22.56 4820.46 ^ _158690_/Y (OA21x2_ASAP7_75t_R)
  19.98 4840.43 ^ _158691_/Y (OR2x2_ASAP7_75t_R)
  22.78 4863.21 ^ _158702_/Y (AND3x1_ASAP7_75t_R)
  21.75 4884.96 ^ _158720_/Y (OA21x2_ASAP7_75t_R)
  24.37 4909.33 ^ _158743_/Y (OA31x2_ASAP7_75t_R)
  15.03 4924.36 ^ _158761_/Y (OR4x1_ASAP7_75t_R)
  47.73 4972.10 ^ _158764_/Y (AND5x2_ASAP7_75t_R)
  35.50 5007.60 ^ _167893_/Y (OA21x2_ASAP7_75t_R)
  88.95 5096.54 ^ _167894_/Y (AND5x1_ASAP7_75t_R)
  91.76 5188.30 ^ _171924_/Y (AND2x2_ASAP7_75t_R)
  53.34 5241.65 ^ _172799_/Y (AO21x1_ASAP7_75t_R)
  27.86 5269.51 ^ output160/Y (BUFx2_ASAP7_75t_R)
   0.33 5269.83 ^ dmem_req_addr[28] (out)
        5269.83   data arrival time

5000.00 5000.00   clock core_clk (rise edge)
   0.00 5000.00   clock network delay (propagated)
 -50.00 4950.00   clock uncertainty
   0.00 4950.00   clock reconvergence pessimism
-1000.00 3950.00   output external delay
        3950.00   data required time
---------------------------------------------------------
        3950.00   data required time
        -5269.83   data arrival time
---------------------------------------------------------
        -1319.83   slack (VIOLATED)


Startpoint: _308209_ (rising edge-triggered flip-flop clocked by core_clk)
Endpoint: dmem_req_addr[3] (output port clocked by core_clk)
Path Group: reg2out
Path Type: max

  Delay    Time   Description
---------------------------------------------------------
   0.00    0.00   clock core_clk (rise edge)
   0.00    0.00   clock source latency
   0.00    0.00 ^ clk (in)
  44.44   44.44 ^ wire4945/Y (BUFx10_ASAP7_75t_R)
  46.42   90.85 ^ clkbuf_0_clk/Y (BUFx24_ASAP7_75t_R)
  28.76  119.62 ^ clkbuf_1_0_0_clk/Y (BUFx24_ASAP7_75t_R)
  28.26  147.87 ^ clkbuf_2_1_0_clk/Y (BUFx24_ASAP7_75t_R)
  25.61  173.49 ^ clkbuf_3_2_0_clk/Y (BUFx24_ASAP7_75t_R)
  29.85  203.33 ^ clkbuf_4_4_0_clk/Y (BUFx24_ASAP7_75t_R)
  24.35  227.68 ^ clkbuf_6_19_0_clk/Y (BUFx24_ASAP7_75t_R)
  21.69  249.37 ^ clkbuf_7_38__f_clk/Y (BUFx24_ASAP7_75t_R)
  26.71  276.08 ^ clkbuf_leaf_778_clk/Y (BUFx24_ASAP7_75t_R)
   1.89  277.97 ^ _308209_/CLK (DFFHQNx3_ASAP7_75t_R)
  56.19  334.16 ^ _308209_/QN (DFFHQNx3_ASAP7_75t_R)
  26.21  360.37 ^ wire4778/Y (BUFx16f_ASAP7_75t_R)
  56.27  416.64 ^ wire4776/Y (BUFx16f_ASAP7_75t_R)
  30.08  446.72 ^ wire4775/Y (BUFx16f_ASAP7_75t_R)
  60.47  507.19 ^ load_slew4774/Y (BUFx16f_ASAP7_75t_R)
  95.85  603.03 ^ _153629_/Y (AND2x2_ASAP7_75t_R)
 145.04  748.08 v _153630_/Y (NAND2x1_ASAP7_75t_R)
  63.27  811.35 v _153631_/Y (OA21x2_ASAP7_75t_R)
 105.27  916.62 v _153633_/Y (AND3x1_ASAP7_75t_R)
  83.72 1000.34 v _154870_/Y (AO222x2_ASAP7_75t_R)
  46.64 1046.98 v _154873_/Y (OR3x2_ASAP7_75t_R)
  53.58 1100.56 v _154878_/Y (OR5x1_ASAP7_75t_R)
  97.46 1198.02 v _154879_/Y (OR4x1_ASAP7_75t_R)
  69.73 1267.75 v _155829_/Y (OR4x1_ASAP7_75t_R)
  24.44 1292.18 v _155944_/Y (AO221x1_ASAP7_75t_R)
  50.98 1343.16 v _155949_/Y (OR5x1_ASAP7_75t_R)
  33.14 1376.30 v _156013_/Y (AND2x2_ASAP7_75t_R)
  50.65 1426.95 ^ _156016_/Y (NAND3x1_ASAP7_75t_R)
  37.85 1464.80 v _156112_/Y (AOI221x1_ASAP7_75t_R)
  25.93 1490.73 v _156115_/Y (OA21x2_ASAP7_75t_R)
  21.72 1512.45 v _156116_/Y (OR3x1_ASAP7_75t_R)
  38.61 1551.06 v _156123_/Y (AO33x2_ASAP7_75t_R)
  41.48 1592.54 ^ _156140_/Y (NAND2x1_ASAP7_75t_R)
 111.61 1704.15 ^ _156253_/Y (AO221x1_ASAP7_75t_R)
  66.42 1770.57 v _156308_/Y (NAND2x2_ASAP7_75t_R)
  47.11 1817.68 v _156311_/Y (AO21x2_ASAP7_75t_R)
  22.77 1840.45 v _156314_/Y (OA21x2_ASAP7_75t_R)
  27.66 1868.12 v _156388_/Y (AO221x1_ASAP7_75t_R)
  22.59 1890.71 v _156389_/Y (OA21x2_ASAP7_75t_R)
  24.11 1914.83 ^ _156393_/Y (AOI22x1_ASAP7_75t_R)
  54.62 1969.45 v _156410_/Y (NAND2x1_ASAP7_75t_R)
  71.78 2041.23 v _156421_/Y (AO33x2_ASAP7_75t_R)
  31.36 2072.60 ^ _156522_/Y (XNOR2x2_ASAP7_75t_R)
  25.12 2097.72 ^ _156526_/Y (AND4x1_ASAP7_75t_R)
  19.12 2116.83 ^ _156550_/Y (AO21x1_ASAP7_75t_R)
  19.18 2136.01 ^ _156551_/Y (AO21x1_ASAP7_75t_R)
  82.99 2219.01 ^ _156552_/Y (OA211x2_ASAP7_75t_R)
  82.97 2301.97 v _156555_/Y (INVx1_ASAP7_75t_R)
  32.74 2334.71 ^ _156568_/Y (OAI21x1_ASAP7_75t_R)
  34.05 2368.77 v _156616_/Y (AOI221x1_ASAP7_75t_R)
  48.33 2417.09 v _156806_/Y (OA211x2_ASAP7_75t_R)
  13.56 2430.65 ^ _156807_/Y (NAND2x1_ASAP7_75t_R)
  71.41 2502.07 ^ _156882_/Y (AO32x1_ASAP7_75t_R)
  33.66 2535.72 ^ _156995_/Y (OR2x2_ASAP7_75t_R)
  39.31 2575.03 ^ _157002_/Y (AO32x1_ASAP7_75t_R)
  35.10 2610.13 ^ _157004_/Y (XNOR2x2_ASAP7_75t_R)
  14.25 2624.38 v _157005_/Y (NOR3x1_ASAP7_75t_R)
  32.56 2656.94 v _157006_/Y (AND5x2_ASAP7_75t_R)
  28.67 2685.61 v _157078_/Y (OR3x1_ASAP7_75t_R)
  58.66 2744.27 v _157141_/Y (OA33x2_ASAP7_75t_R)
  34.02 2778.29 v _157144_/Y (OR2x2_ASAP7_75t_R)
  24.44 2802.73 v _157145_/Y (AO21x1_ASAP7_75t_R)
  25.92 2828.65 v _157196_/Y (AO32x1_ASAP7_75t_R)
  26.75 2855.41 v _157198_/Y (AO22x1_ASAP7_75t_R)
  22.89 2878.30 v _157222_/Y (AO21x1_ASAP7_75t_R)
  30.77 2909.07 v _157223_/Y (OR3x1_ASAP7_75t_R)
  42.45 2951.52 v _157312_/Y (AO21x1_ASAP7_75t_R)
  57.75 3009.27 ^ _157343_/Y (NAND2x1_ASAP7_75t_R)
  43.30 3052.57 v _157440_/Y (AOI221x1_ASAP7_75t_R)
  30.71 3083.28 v _157456_/Y (OA222x2_ASAP7_75t_R)
  22.22 3105.50 v _157459_/Y (AND5x2_ASAP7_75t_R)
  20.82 3126.32 v _157472_/Y (OA31x2_ASAP7_75t_R)
  42.25 3168.58 v _157475_/Y (OR4x2_ASAP7_75t_R)
  64.50 3233.08 ^ _157478_/Y (NAND2x1_ASAP7_75t_R)
  19.40 3252.47 v _157479_/Y (NOR2x1_ASAP7_75t_R)
  25.13 3277.60 v _157485_/Y (OA21x2_ASAP7_75t_R)
  28.32 3305.92 v _157492_/Y (AO221x1_ASAP7_75t_R)
  26.02 3331.94 v _157649_/Y (OA21x2_ASAP7_75t_R)
  24.30 3356.24 v _157651_/Y (AO21x1_ASAP7_75t_R)
  41.83 3398.07 v _157652_/Y (AO22x1_ASAP7_75t_R)
  64.09 3462.16 ^ _157732_/Y (NAND2x1_ASAP7_75t_R)
  25.46 3487.62 ^ _157764_/Y (AO21x1_ASAP7_75t_R)
  24.35 3511.96 v _157767_/Y (AOI22x1_ASAP7_75t_R)
  35.07 3547.04 v _157790_/Y (OA21x2_ASAP7_75t_R)
  18.74 3565.78 ^ _157827_/Y (AOI211x1_ASAP7_75t_R)
  19.47 3585.25 v _157842_/Y (OAI21x1_ASAP7_75t_R)
  90.29 3675.54 v _157921_/Y (AO221x1_ASAP7_75t_R)
  46.51 3722.05 v _157922_/Y (AO221x1_ASAP7_75t_R)
  27.43 3749.48 v _157925_/Y (AO32x2_ASAP7_75t_R)
  22.56 3772.04 v _157949_/Y (OA211x2_ASAP7_75t_R)
  32.14 3804.17 v _157967_/Y (AO222x2_ASAP7_75t_R)
  38.20 3842.38 v _158020_/Y (AO221x1_ASAP7_75t_R)
  28.44 3870.82 v _158084_/Y (AO211x2_ASAP7_75t_R)
  42.92 3913.75 v _158094_/Y (AND2x2_ASAP7_75t_R)
  47.43 3961.18 v _158173_/Y (OR3x2_ASAP7_75t_R)
  22.66 3983.84 v _158271_/Y (AO221x1_ASAP7_75t_R)
  32.98 4016.82 v _158272_/Y (OR5x1_ASAP7_75t_R)
  46.35 4063.17 v _158273_/Y (OR5x1_ASAP7_75t_R)
  19.78 4082.95 ^ _158274_/Y (NAND2x2_ASAP7_75t_R)
  55.14 4138.09 v _158287_/Y (OAI21x1_ASAP7_75t_R)
  50.89 4188.97 v _158298_/Y (AND2x2_ASAP7_75t_R)
  35.83 4224.80 v _158304_/Y (OA211x2_ASAP7_75t_R)
  29.40 4254.20 v _158330_/Y (XNOR2x2_ASAP7_75t_R)
  29.49 4283.70 v _158388_/Y (OR5x1_ASAP7_75t_R)
  43.07 4326.76 v _158399_/Y (AO33x2_ASAP7_75t_R)
  25.52 4352.29 v _158436_/Y (AND2x2_ASAP7_75t_R)
  79.84 4432.12 v _158437_/Y (OR3x1_ASAP7_75t_R)
  69.36 4501.48 v _158474_/Y (AND2x2_ASAP7_75t_R)
  37.44 4538.93 ^ _158476_/Y (AOI22x1_ASAP7_75t_R)
  22.97 4561.89 ^ _158477_/Y (AND2x2_ASAP7_75t_R)
  15.93 4577.82 v _158496_/Y (AOI221x1_ASAP7_75t_R)
  32.93 4610.75 v _158497_/Y (MAJx2_ASAP7_75t_R)
  24.66 4635.41 v _158571_/Y (AO21x1_ASAP7_75t_R)
  46.94 4682.35 v _158629_/Y (AO221x2_ASAP7_75t_R)
  80.71 4763.07 ^ _158672_/Y (NAND2x1_ASAP7_75t_R)
  34.83 4797.90 ^ _158689_/Y (AND2x2_ASAP7_75t_R)
  22.56 4820.46 ^ _158690_/Y (OA21x2_ASAP7_75t_R)
  19.98 4840.43 ^ _158691_/Y (OR2x2_ASAP7_75t_R)
  22.78 4863.21 ^ _158702_/Y (AND3x1_ASAP7_75t_R)
  21.75 4884.96 ^ _158720_/Y (OA21x2_ASAP7_75t_R)
  24.37 4909.33 ^ _158743_/Y (OA31x2_ASAP7_75t_R)
  15.03 4924.36 ^ _158761_/Y (OR4x1_ASAP7_75t_R)
  47.73 4972.10 ^ _158764_/Y (AND5x2_ASAP7_75t_R)
  35.50 5007.60 ^ _167893_/Y (OA21x2_ASAP7_75t_R)
  88.95 5096.54 ^ _167894_/Y (AND5x1_ASAP7_75t_R)
  91.76 5188.30 ^ _171924_/Y (AND2x2_ASAP7_75t_R)
  55.26 5243.57 ^ _172077_/Y (AO21x1_ASAP7_75t_R)
  25.51 5269.08 ^ output165/Y (BUFx2_ASAP7_75t_R)
   0.39 5269.47 ^ dmem_req_addr[3] (out)
        5269.47   data arrival time

5000.00 5000.00   clock core_clk (rise edge)
   0.00 5000.00   clock network delay (propagated)
 -50.00 4950.00   clock uncertainty
   0.00 4950.00   clock reconvergence pessimism
-1000.00 3950.00   output external delay
        3950.00   data required time
---------------------------------------------------------
        3950.00   data required time
        -5269.47   data arrival time
---------------------------------------------------------
        -1319.47   slack (VIOLATED)


Startpoint: _308209_ (rising edge-triggered flip-flop clocked by core_clk)
Endpoint: dmem_req_addr[27] (output port clocked by core_clk)
Path Group: reg2out
Path Type: max

  Delay    Time   Description
---------------------------------------------------------
   0.00    0.00   clock core_clk (rise edge)
   0.00    0.00   clock source latency
   0.00    0.00 ^ clk (in)
  44.44   44.44 ^ wire4945/Y (BUFx10_ASAP7_75t_R)
  46.42   90.85 ^ clkbuf_0_clk/Y (BUFx24_ASAP7_75t_R)
  28.76  119.62 ^ clkbuf_1_0_0_clk/Y (BUFx24_ASAP7_75t_R)
  28.26  147.87 ^ clkbuf_2_1_0_clk/Y (BUFx24_ASAP7_75t_R)
  25.61  173.49 ^ clkbuf_3_2_0_clk/Y (BUFx24_ASAP7_75t_R)
  29.85  203.33 ^ clkbuf_4_4_0_clk/Y (BUFx24_ASAP7_75t_R)
  24.35  227.68 ^ clkbuf_6_19_0_clk/Y (BUFx24_ASAP7_75t_R)
  21.69  249.37 ^ clkbuf_7_38__f_clk/Y (BUFx24_ASAP7_75t_R)
  26.71  276.08 ^ clkbuf_leaf_778_clk/Y (BUFx24_ASAP7_75t_R)
   1.89  277.97 ^ _308209_/CLK (DFFHQNx3_ASAP7_75t_R)
  56.19  334.16 ^ _308209_/QN (DFFHQNx3_ASAP7_75t_R)
  26.21  360.37 ^ wire4778/Y (BUFx16f_ASAP7_75t_R)
  56.27  416.64 ^ wire4776/Y (BUFx16f_ASAP7_75t_R)
  30.08  446.72 ^ wire4775/Y (BUFx16f_ASAP7_75t_R)
  60.47  507.19 ^ load_slew4774/Y (BUFx16f_ASAP7_75t_R)
  95.85  603.03 ^ _153629_/Y (AND2x2_ASAP7_75t_R)
 145.04  748.08 v _153630_/Y (NAND2x1_ASAP7_75t_R)
  63.27  811.35 v _153631_/Y (OA21x2_ASAP7_75t_R)
 105.27  916.62 v _153633_/Y (AND3x1_ASAP7_75t_R)
  83.72 1000.34 v _154870_/Y (AO222x2_ASAP7_75t_R)
  46.64 1046.98 v _154873_/Y (OR3x2_ASAP7_75t_R)
  53.58 1100.56 v _154878_/Y (OR5x1_ASAP7_75t_R)
  97.46 1198.02 v _154879_/Y (OR4x1_ASAP7_75t_R)
  69.73 1267.75 v _155829_/Y (OR4x1_ASAP7_75t_R)
  24.44 1292.18 v _155944_/Y (AO221x1_ASAP7_75t_R)
  50.98 1343.16 v _155949_/Y (OR5x1_ASAP7_75t_R)
  33.14 1376.30 v _156013_/Y (AND2x2_ASAP7_75t_R)
  50.65 1426.95 ^ _156016_/Y (NAND3x1_ASAP7_75t_R)
  37.85 1464.80 v _156112_/Y (AOI221x1_ASAP7_75t_R)
  25.93 1490.73 v _156115_/Y (OA21x2_ASAP7_75t_R)
  21.72 1512.45 v _156116_/Y (OR3x1_ASAP7_75t_R)
  38.61 1551.06 v _156123_/Y (AO33x2_ASAP7_75t_R)
  41.48 1592.54 ^ _156140_/Y (NAND2x1_ASAP7_75t_R)
 111.61 1704.15 ^ _156253_/Y (AO221x1_ASAP7_75t_R)
  66.42 1770.57 v _156308_/Y (NAND2x2_ASAP7_75t_R)
  47.11 1817.68 v _156311_/Y (AO21x2_ASAP7_75t_R)
  22.77 1840.45 v _156314_/Y (OA21x2_ASAP7_75t_R)
  27.66 1868.12 v _156388_/Y (AO221x1_ASAP7_75t_R)
  22.59 1890.71 v _156389_/Y (OA21x2_ASAP7_75t_R)
  24.11 1914.83 ^ _156393_/Y (AOI22x1_ASAP7_75t_R)
  54.62 1969.45 v _156410_/Y (NAND2x1_ASAP7_75t_R)
  71.78 2041.23 v _156421_/Y (AO33x2_ASAP7_75t_R)
  31.36 2072.60 ^ _156522_/Y (XNOR2x2_ASAP7_75t_R)
  25.12 2097.72 ^ _156526_/Y (AND4x1_ASAP7_75t_R)
  19.12 2116.83 ^ _156550_/Y (AO21x1_ASAP7_75t_R)
  19.18 2136.01 ^ _156551_/Y (AO21x1_ASAP7_75t_R)
  82.99 2219.01 ^ _156552_/Y (OA211x2_ASAP7_75t_R)
  82.97 2301.97 v _156555_/Y (INVx1_ASAP7_75t_R)
  32.74 2334.71 ^ _156568_/Y (OAI21x1_ASAP7_75t_R)
  34.05 2368.77 v _156616_/Y (AOI221x1_ASAP7_75t_R)
  48.33 2417.09 v _156806_/Y (OA211x2_ASAP7_75t_R)
  13.56 2430.65 ^ _156807_/Y (NAND2x1_ASAP7_75t_R)
  71.41 2502.07 ^ _156882_/Y (AO32x1_ASAP7_75t_R)
  33.66 2535.72 ^ _156995_/Y (OR2x2_ASAP7_75t_R)
  39.31 2575.03 ^ _157002_/Y (AO32x1_ASAP7_75t_R)
  35.10 2610.13 ^ _157004_/Y (XNOR2x2_ASAP7_75t_R)
  14.25 2624.38 v _157005_/Y (NOR3x1_ASAP7_75t_R)
  32.56 2656.94 v _157006_/Y (AND5x2_ASAP7_75t_R)
  28.67 2685.61 v _157078_/Y (OR3x1_ASAP7_75t_R)
  58.66 2744.27 v _157141_/Y (OA33x2_ASAP7_75t_R)
  34.02 2778.29 v _157144_/Y (OR2x2_ASAP7_75t_R)
  24.44 2802.73 v _157145_/Y (AO21x1_ASAP7_75t_R)
  25.92 2828.65 v _157196_/Y (AO32x1_ASAP7_75t_R)
  26.75 2855.41 v _157198_/Y (AO22x1_ASAP7_75t_R)
  22.89 2878.30 v _157222_/Y (AO21x1_ASAP7_75t_R)
  30.77 2909.07 v _157223_/Y (OR3x1_ASAP7_75t_R)
  42.45 2951.52 v _157312_/Y (AO21x1_ASAP7_75t_R)
  57.75 3009.27 ^ _157343_/Y (NAND2x1_ASAP7_75t_R)
  43.30 3052.57 v _157440_/Y (AOI221x1_ASAP7_75t_R)
  30.71 3083.28 v _157456_/Y (OA222x2_ASAP7_75t_R)
  22.22 3105.50 v _157459_/Y (AND5x2_ASAP7_75t_R)
  20.82 3126.32 v _157472_/Y (OA31x2_ASAP7_75t_R)
  42.25 3168.58 v _157475_/Y (OR4x2_ASAP7_75t_R)
  64.50 3233.08 ^ _157478_/Y (NAND2x1_ASAP7_75t_R)
  19.40 3252.47 v _157479_/Y (NOR2x1_ASAP7_75t_R)
  25.13 3277.60 v _157485_/Y (OA21x2_ASAP7_75t_R)
  28.32 3305.92 v _157492_/Y (AO221x1_ASAP7_75t_R)
  26.02 3331.94 v _157649_/Y (OA21x2_ASAP7_75t_R)
  24.30 3356.24 v _157651_/Y (AO21x1_ASAP7_75t_R)
  41.83 3398.07 v _157652_/Y (AO22x1_ASAP7_75t_R)
  64.09 3462.16 ^ _157732_/Y (NAND2x1_ASAP7_75t_R)
  25.46 3487.62 ^ _157764_/Y (AO21x1_ASAP7_75t_R)
  24.35 3511.96 v _157767_/Y (AOI22x1_ASAP7_75t_R)
  35.07 3547.04 v _157790_/Y (OA21x2_ASAP7_75t_R)
  18.74 3565.78 ^ _157827_/Y (AOI211x1_ASAP7_75t_R)
  19.47 3585.25 v _157842_/Y (OAI21x1_ASAP7_75t_R)
  90.29 3675.54 v _157921_/Y (AO221x1_ASAP7_75t_R)
  46.51 3722.05 v _157922_/Y (AO221x1_ASAP7_75t_R)
  27.43 3749.48 v _157925_/Y (AO32x2_ASAP7_75t_R)
  22.56 3772.04 v _157949_/Y (OA211x2_ASAP7_75t_R)
  32.14 3804.17 v _157967_/Y (AO222x2_ASAP7_75t_R)
  38.20 3842.38 v _158020_/Y (AO221x1_ASAP7_75t_R)
  28.44 3870.82 v _158084_/Y (AO211x2_ASAP7_75t_R)
  42.92 3913.75 v _158094_/Y (AND2x2_ASAP7_75t_R)
  47.43 3961.18 v _158173_/Y (OR3x2_ASAP7_75t_R)
  22.66 3983.84 v _158271_/Y (AO221x1_ASAP7_75t_R)
  32.98 4016.82 v _158272_/Y (OR5x1_ASAP7_75t_R)
  46.35 4063.17 v _158273_/Y (OR5x1_ASAP7_75t_R)
  19.78 4082.95 ^ _158274_/Y (NAND2x2_ASAP7_75t_R)
  55.14 4138.09 v _158287_/Y (OAI21x1_ASAP7_75t_R)
  50.89 4188.97 v _158298_/Y (AND2x2_ASAP7_75t_R)
  35.83 4224.80 v _158304_/Y (OA211x2_ASAP7_75t_R)
  29.40 4254.20 v _158330_/Y (XNOR2x2_ASAP7_75t_R)
  29.49 4283.70 v _158388_/Y (OR5x1_ASAP7_75t_R)
  43.07 4326.76 v _158399_/Y (AO33x2_ASAP7_75t_R)
  25.52 4352.29 v _158436_/Y (AND2x2_ASAP7_75t_R)
  79.84 4432.12 v _158437_/Y (OR3x1_ASAP7_75t_R)
  69.36 4501.48 v _158474_/Y (AND2x2_ASAP7_75t_R)
  37.44 4538.93 ^ _158476_/Y (AOI22x1_ASAP7_75t_R)
  22.97 4561.89 ^ _158477_/Y (AND2x2_ASAP7_75t_R)
  15.93 4577.82 v _158496_/Y (AOI221x1_ASAP7_75t_R)
  32.93 4610.75 v _158497_/Y (MAJx2_ASAP7_75t_R)
  24.66 4635.41 v _158571_/Y (AO21x1_ASAP7_75t_R)
  46.94 4682.35 v _158629_/Y (AO221x2_ASAP7_75t_R)
  80.71 4763.07 ^ _158672_/Y (NAND2x1_ASAP7_75t_R)
  34.83 4797.90 ^ _158689_/Y (AND2x2_ASAP7_75t_R)
  22.56 4820.46 ^ _158690_/Y (OA21x2_ASAP7_75t_R)
  19.98 4840.43 ^ _158691_/Y (OR2x2_ASAP7_75t_R)
  22.78 4863.21 ^ _158702_/Y (AND3x1_ASAP7_75t_R)
  21.75 4884.96 ^ _158720_/Y (OA21x2_ASAP7_75t_R)
  24.37 4909.33 ^ _158743_/Y (OA31x2_ASAP7_75t_R)
  15.03 4924.36 ^ _158761_/Y (OR4x1_ASAP7_75t_R)
  47.73 4972.10 ^ _158764_/Y (AND5x2_ASAP7_75t_R)
  35.50 5007.60 ^ _167893_/Y (OA21x2_ASAP7_75t_R)
  88.95 5096.54 ^ _167894_/Y (AND5x1_ASAP7_75t_R)
  91.76 5188.30 ^ _171924_/Y (AND2x2_ASAP7_75t_R)
  50.56 5238.86 ^ _172771_/Y (AO21x1_ASAP7_75t_R)
  27.24 5266.10 ^ output159/Y (BUFx2_ASAP7_75t_R)
   0.34 5266.44 ^ dmem_req_addr[27] (out)
        5266.44   data arrival time

5000.00 5000.00   clock core_clk (rise edge)
   0.00 5000.00   clock network delay (propagated)
 -50.00 4950.00   clock uncertainty
   0.00 4950.00   clock reconvergence pessimism
-1000.00 3950.00   output external delay
        3950.00   data required time
---------------------------------------------------------
        3950.00   data required time
        -5266.44   data arrival time
---------------------------------------------------------
        -1316.44   slack (VIOLATED)


Startpoint: _308209_ (rising edge-triggered flip-flop clocked by core_clk)
Endpoint: dmem_req_addr[11] (output port clocked by core_clk)
Path Group: reg2out
Path Type: max

  Delay    Time   Description
---------------------------------------------------------
   0.00    0.00   clock core_clk (rise edge)
   0.00    0.00   clock source latency
   0.00    0.00 ^ clk (in)
  44.44   44.44 ^ wire4945/Y (BUFx10_ASAP7_75t_R)
  46.42   90.85 ^ clkbuf_0_clk/Y (BUFx24_ASAP7_75t_R)
  28.76  119.62 ^ clkbuf_1_0_0_clk/Y (BUFx24_ASAP7_75t_R)
  28.26  147.87 ^ clkbuf_2_1_0_clk/Y (BUFx24_ASAP7_75t_R)
  25.61  173.49 ^ clkbuf_3_2_0_clk/Y (BUFx24_ASAP7_75t_R)
  29.85  203.33 ^ clkbuf_4_4_0_clk/Y (BUFx24_ASAP7_75t_R)
  24.35  227.68 ^ clkbuf_6_19_0_clk/Y (BUFx24_ASAP7_75t_R)
  21.69  249.37 ^ clkbuf_7_38__f_clk/Y (BUFx24_ASAP7_75t_R)
  26.71  276.08 ^ clkbuf_leaf_778_clk/Y (BUFx24_ASAP7_75t_R)
   1.89  277.97 ^ _308209_/CLK (DFFHQNx3_ASAP7_75t_R)
  56.19  334.16 ^ _308209_/QN (DFFHQNx3_ASAP7_75t_R)
  26.21  360.37 ^ wire4778/Y (BUFx16f_ASAP7_75t_R)
  56.27  416.64 ^ wire4776/Y (BUFx16f_ASAP7_75t_R)
  30.08  446.72 ^ wire4775/Y (BUFx16f_ASAP7_75t_R)
  60.47  507.19 ^ load_slew4774/Y (BUFx16f_ASAP7_75t_R)
  95.85  603.03 ^ _153629_/Y (AND2x2_ASAP7_75t_R)
 145.04  748.08 v _153630_/Y (NAND2x1_ASAP7_75t_R)
  63.27  811.35 v _153631_/Y (OA21x2_ASAP7_75t_R)
 105.27  916.62 v _153633_/Y (AND3x1_ASAP7_75t_R)
  83.72 1000.34 v _154870_/Y (AO222x2_ASAP7_75t_R)
  46.64 1046.98 v _154873_/Y (OR3x2_ASAP7_75t_R)
  53.58 1100.56 v _154878_/Y (OR5x1_ASAP7_75t_R)
  97.46 1198.02 v _154879_/Y (OR4x1_ASAP7_75t_R)
  69.73 1267.75 v _155829_/Y (OR4x1_ASAP7_75t_R)
  24.44 1292.18 v _155944_/Y (AO221x1_ASAP7_75t_R)
  50.98 1343.16 v _155949_/Y (OR5x1_ASAP7_75t_R)
  33.14 1376.30 v _156013_/Y (AND2x2_ASAP7_75t_R)
  50.65 1426.95 ^ _156016_/Y (NAND3x1_ASAP7_75t_R)
  37.85 1464.80 v _156112_/Y (AOI221x1_ASAP7_75t_R)
  25.93 1490.73 v _156115_/Y (OA21x2_ASAP7_75t_R)
  21.72 1512.45 v _156116_/Y (OR3x1_ASAP7_75t_R)
  38.61 1551.06 v _156123_/Y (AO33x2_ASAP7_75t_R)
  41.48 1592.54 ^ _156140_/Y (NAND2x1_ASAP7_75t_R)
 111.61 1704.15 ^ _156253_/Y (AO221x1_ASAP7_75t_R)
  66.42 1770.57 v _156308_/Y (NAND2x2_ASAP7_75t_R)
  47.11 1817.68 v _156311_/Y (AO21x2_ASAP7_75t_R)
  22.77 1840.45 v _156314_/Y (OA21x2_ASAP7_75t_R)
  27.66 1868.12 v _156388_/Y (AO221x1_ASAP7_75t_R)
  22.59 1890.71 v _156389_/Y (OA21x2_ASAP7_75t_R)
  24.11 1914.83 ^ _156393_/Y (AOI22x1_ASAP7_75t_R)
  54.62 1969.45 v _156410_/Y (NAND2x1_ASAP7_75t_R)
  71.78 2041.23 v _156421_/Y (AO33x2_ASAP7_75t_R)
  31.36 2072.60 ^ _156522_/Y (XNOR2x2_ASAP7_75t_R)
  25.12 2097.72 ^ _156526_/Y (AND4x1_ASAP7_75t_R)
  19.12 2116.83 ^ _156550_/Y (AO21x1_ASAP7_75t_R)
  19.18 2136.01 ^ _156551_/Y (AO21x1_ASAP7_75t_R)
  82.99 2219.01 ^ _156552_/Y (OA211x2_ASAP7_75t_R)
  82.97 2301.97 v _156555_/Y (INVx1_ASAP7_75t_R)
  32.74 2334.71 ^ _156568_/Y (OAI21x1_ASAP7_75t_R)
  34.05 2368.77 v _156616_/Y (AOI221x1_ASAP7_75t_R)
  48.33 2417.09 v _156806_/Y (OA211x2_ASAP7_75t_R)
  13.56 2430.65 ^ _156807_/Y (NAND2x1_ASAP7_75t_R)
  71.41 2502.07 ^ _156882_/Y (AO32x1_ASAP7_75t_R)
  33.66 2535.72 ^ _156995_/Y (OR2x2_ASAP7_75t_R)
  39.31 2575.03 ^ _157002_/Y (AO32x1_ASAP7_75t_R)
  35.10 2610.13 ^ _157004_/Y (XNOR2x2_ASAP7_75t_R)
  14.25 2624.38 v _157005_/Y (NOR3x1_ASAP7_75t_R)
  32.56 2656.94 v _157006_/Y (AND5x2_ASAP7_75t_R)
  28.67 2685.61 v _157078_/Y (OR3x1_ASAP7_75t_R)
  58.66 2744.27 v _157141_/Y (OA33x2_ASAP7_75t_R)
  34.02 2778.29 v _157144_/Y (OR2x2_ASAP7_75t_R)
  24.44 2802.73 v _157145_/Y (AO21x1_ASAP7_75t_R)
  25.92 2828.65 v _157196_/Y (AO32x1_ASAP7_75t_R)
  26.75 2855.41 v _157198_/Y (AO22x1_ASAP7_75t_R)
  22.89 2878.30 v _157222_/Y (AO21x1_ASAP7_75t_R)
  30.77 2909.07 v _157223_/Y (OR3x1_ASAP7_75t_R)
  42.45 2951.52 v _157312_/Y (AO21x1_ASAP7_75t_R)
  57.75 3009.27 ^ _157343_/Y (NAND2x1_ASAP7_75t_R)
  43.30 3052.57 v _157440_/Y (AOI221x1_ASAP7_75t_R)
  30.71 3083.28 v _157456_/Y (OA222x2_ASAP7_75t_R)
  22.22 3105.50 v _157459_/Y (AND5x2_ASAP7_75t_R)
  20.82 3126.32 v _157472_/Y (OA31x2_ASAP7_75t_R)
  42.25 3168.58 v _157475_/Y (OR4x2_ASAP7_75t_R)
  64.50 3233.08 ^ _157478_/Y (NAND2x1_ASAP7_75t_R)
  19.40 3252.47 v _157479_/Y (NOR2x1_ASAP7_75t_R)
  25.13 3277.60 v _157485_/Y (OA21x2_ASAP7_75t_R)
  28.32 3305.92 v _157492_/Y (AO221x1_ASAP7_75t_R)
  26.02 3331.94 v _157649_/Y (OA21x2_ASAP7_75t_R)
  24.30 3356.24 v _157651_/Y (AO21x1_ASAP7_75t_R)
  41.83 3398.07 v _157652_/Y (AO22x1_ASAP7_75t_R)
  64.09 3462.16 ^ _157732_/Y (NAND2x1_ASAP7_75t_R)
  25.46 3487.62 ^ _157764_/Y (AO21x1_ASAP7_75t_R)
  24.35 3511.96 v _157767_/Y (AOI22x1_ASAP7_75t_R)
  35.07 3547.04 v _157790_/Y (OA21x2_ASAP7_75t_R)
  18.74 3565.78 ^ _157827_/Y (AOI211x1_ASAP7_75t_R)
  19.47 3585.25 v _157842_/Y (OAI21x1_ASAP7_75t_R)
  90.29 3675.54 v _157921_/Y (AO221x1_ASAP7_75t_R)
  46.51 3722.05 v _157922_/Y (AO221x1_ASAP7_75t_R)
  27.43 3749.48 v _157925_/Y (AO32x2_ASAP7_75t_R)
  22.56 3772.04 v _157949_/Y (OA211x2_ASAP7_75t_R)
  32.14 3804.17 v _157967_/Y (AO222x2_ASAP7_75t_R)
  38.20 3842.38 v _158020_/Y (AO221x1_ASAP7_75t_R)
  28.44 3870.82 v _158084_/Y (AO211x2_ASAP7_75t_R)
  42.92 3913.75 v _158094_/Y (AND2x2_ASAP7_75t_R)
  47.43 3961.18 v _158173_/Y (OR3x2_ASAP7_75t_R)
  22.66 3983.84 v _158271_/Y (AO221x1_ASAP7_75t_R)
  32.98 4016.82 v _158272_/Y (OR5x1_ASAP7_75t_R)
  46.35 4063.17 v _158273_/Y (OR5x1_ASAP7_75t_R)
  19.78 4082.95 ^ _158274_/Y (NAND2x2_ASAP7_75t_R)
  55.14 4138.09 v _158287_/Y (OAI21x1_ASAP7_75t_R)
  50.89 4188.97 v _158298_/Y (AND2x2_ASAP7_75t_R)
  35.83 4224.80 v _158304_/Y (OA211x2_ASAP7_75t_R)
  29.40 4254.20 v _158330_/Y (XNOR2x2_ASAP7_75t_R)
  29.49 4283.70 v _158388_/Y (OR5x1_ASAP7_75t_R)
  43.07 4326.76 v _158399_/Y (AO33x2_ASAP7_75t_R)
  25.52 4352.29 v _158436_/Y (AND2x2_ASAP7_75t_R)
  79.84 4432.12 v _158437_/Y (OR3x1_ASAP7_75t_R)
  69.36 4501.48 v _158474_/Y (AND2x2_ASAP7_75t_R)
  37.44 4538.93 ^ _158476_/Y (AOI22x1_ASAP7_75t_R)
  22.97 4561.89 ^ _158477_/Y (AND2x2_ASAP7_75t_R)
  15.93 4577.82 v _158496_/Y (AOI221x1_ASAP7_75t_R)
  32.93 4610.75 v _158497_/Y (MAJx2_ASAP7_75t_R)
  24.66 4635.41 v _158571_/Y (AO21x1_ASAP7_75t_R)
  46.94 4682.35 v _158629_/Y (AO221x2_ASAP7_75t_R)
  80.71 4763.07 ^ _158672_/Y (NAND2x1_ASAP7_75t_R)
  34.83 4797.90 ^ _158689_/Y (AND2x2_ASAP7_75t_R)
  22.56 4820.46 ^ _158690_/Y (OA21x2_ASAP7_75t_R)
  19.98 4840.43 ^ _158691_/Y (OR2x2_ASAP7_75t_R)
  22.78 4863.21 ^ _158702_/Y (AND3x1_ASAP7_75t_R)
  21.75 4884.96 ^ _158720_/Y (OA21x2_ASAP7_75t_R)
  24.37 4909.33 ^ _158743_/Y (OA31x2_ASAP7_75t_R)
  15.03 4924.36 ^ _158761_/Y (OR4x1_ASAP7_75t_R)
  47.73 4972.10 ^ _158764_/Y (AND5x2_ASAP7_75t_R)
  35.50 5007.60 ^ _167893_/Y (OA21x2_ASAP7_75t_R)
  88.95 5096.54 ^ _167894_/Y (AND5x1_ASAP7_75t_R)
  91.76 5188.30 ^ _171924_/Y (AND2x2_ASAP7_75t_R)
  51.90 5240.20 ^ _172326_/Y (AO21x1_ASAP7_75t_R)
  23.69 5263.89 ^ output143/Y (BUFx2_ASAP7_75t_R)
   0.29 5264.18 ^ dmem_req_addr[11] (out)
        5264.18   data arrival time

5000.00 5000.00   clock core_clk (rise edge)
   0.00 5000.00   clock network delay (propagated)
 -50.00 4950.00   clock uncertainty
   0.00 4950.00   clock reconvergence pessimism
-1000.00 3950.00   output external delay
        3950.00   data required time
---------------------------------------------------------
        3950.00   data required time
        -5264.18   data arrival time
---------------------------------------------------------
        -1314.18   slack (VIOLATED)


