Startpoint: _308209_ (rising edge-triggered flip-flop clocked by core_clk)
Endpoint: dmem_req_addr[13] (output port clocked by core_clk)
Path Group: reg2out
Path Type: max

  Delay    Time   Description
---------------------------------------------------------
   0.00    0.00   clock core_clk (rise edge)
   0.00    0.00   clock source latency
   0.00    0.00 ^ clk (in)
  46.81   46.81 ^ wire4945/Y (BUFx10_ASAP7_75t_R)
  48.87   95.68 ^ clkbuf_0_clk/Y (BUFx24_ASAP7_75t_R)
  30.20  125.87 ^ clkbuf_1_0_0_clk/Y (BUFx24_ASAP7_75t_R)
  29.09  154.96 ^ clkbuf_2_1_0_clk/Y (BUFx24_ASAP7_75t_R)
  26.47  181.44 ^ clkbuf_3_2_0_clk/Y (BUFx24_ASAP7_75t_R)
  30.84  212.28 ^ clkbuf_4_4_0_clk/Y (BUFx24_ASAP7_75t_R)
  24.84  237.12 ^ clkbuf_6_19_0_clk/Y (BUFx24_ASAP7_75t_R)
  21.77  258.88 ^ clkbuf_7_38__f_clk/Y (BUFx24_ASAP7_75t_R)
  27.65  286.53 ^ clkbuf_leaf_778_clk/Y (BUFx24_ASAP7_75t_R)
   2.33  288.86 ^ _308209_/CLK (DFFHQNx3_ASAP7_75t_R)
  56.18  345.04 ^ _308209_/QN (DFFHQNx3_ASAP7_75t_R)
  27.51  372.55 ^ wire4778/Y (BUFx16f_ASAP7_75t_R)
  66.95  439.50 ^ wire4776/Y (BUFx16f_ASAP7_75t_R)
  33.08  472.58 ^ wire4775/Y (BUFx16f_ASAP7_75t_R)
  73.63  546.21 ^ load_slew4774/Y (BUFx16f_ASAP7_75t_R)
  94.00  640.21 ^ _153629_/Y (AND2x2_ASAP7_75t_R)
 169.02  809.24 v _153630_/Y (NAND2x1_ASAP7_75t_R)
  64.17  873.41 v _153631_/Y (OA21x2_ASAP7_75t_R)
 108.13  981.54 v _153633_/Y (AND3x1_ASAP7_75t_R)
  89.17 1070.71 v _154870_/Y (AO222x2_ASAP7_75t_R)
  47.40 1118.11 v _154873_/Y (OR3x2_ASAP7_75t_R)
  54.24 1172.36 v _154878_/Y (OR5x1_ASAP7_75t_R)
  93.99 1266.34 v _154879_/Y (OR4x1_ASAP7_75t_R)
  74.48 1340.82 v _155829_/Y (OR4x1_ASAP7_75t_R)
  24.56 1365.38 v _155944_/Y (AO221x1_ASAP7_75t_R)
  50.94 1416.32 v _155949_/Y (OR5x1_ASAP7_75t_R)
  34.05 1450.37 v _156013_/Y (AND2x2_ASAP7_75t_R)
  49.97 1500.34 ^ _156016_/Y (NAND3x1_ASAP7_75t_R)
  39.70 1540.04 v _156112_/Y (AOI221x1_ASAP7_75t_R)
  26.08 1566.12 v _156115_/Y (OA21x2_ASAP7_75t_R)
  21.84 1587.97 v _156116_/Y (OR3x1_ASAP7_75t_R)
  38.63 1626.60 v _156123_/Y (AO33x2_ASAP7_75t_R)
  41.76 1668.35 ^ _156140_/Y (NAND2x1_ASAP7_75t_R)
 110.76 1779.11 ^ _156253_/Y (AO221x1_ASAP7_75t_R)
  69.58 1848.70 v _156308_/Y (NAND2x2_ASAP7_75t_R)
  49.02 1897.71 v _156311_/Y (AO21x2_ASAP7_75t_R)
  23.18 1920.89 v _156314_/Y (OA21x2_ASAP7_75t_R)
  27.71 1948.60 v _156388_/Y (AO221x1_ASAP7_75t_R)
  22.62 1971.22 v _156389_/Y (OA21x2_ASAP7_75t_R)
  24.14 1995.36 ^ _156393_/Y (AOI22x1_ASAP7_75t_R)
  53.99 2049.35 v _156410_/Y (NAND2x1_ASAP7_75t_R)
  71.47 2120.82 v _156421_/Y (AO33x2_ASAP7_75t_R)
  32.75 2153.58 ^ _156522_/Y (XNOR2x2_ASAP7_75t_R)
  25.19 2178.76 ^ _156526_/Y (AND4x1_ASAP7_75t_R)
  19.20 2197.96 ^ _156550_/Y (AO21x1_ASAP7_75t_R)
  19.23 2217.19 ^ _156551_/Y (AO21x1_ASAP7_75t_R)
  80.77 2297.96 ^ _156552_/Y (OA211x2_ASAP7_75t_R)
  89.28 2387.25 v _156555_/Y (INVx1_ASAP7_75t_R)
  33.68 2420.92 ^ _156568_/Y (OAI21x1_ASAP7_75t_R)
  34.29 2455.21 v _156616_/Y (AOI221x1_ASAP7_75t_R)
  48.52 2503.73 v _156806_/Y (OA211x2_ASAP7_75t_R)
  13.78 2517.51 ^ _156807_/Y (NAND2x1_ASAP7_75t_R)
  71.16 2588.67 ^ _156882_/Y (AO32x1_ASAP7_75t_R)
  34.48 2623.15 ^ _156995_/Y (OR2x2_ASAP7_75t_R)
  39.01 2662.16 ^ _157002_/Y (AO32x1_ASAP7_75t_R)
  36.29 2698.44 ^ _157004_/Y (XNOR2x2_ASAP7_75t_R)
  14.38 2712.83 v _157005_/Y (NOR3x1_ASAP7_75t_R)
  32.62 2745.45 v _157006_/Y (AND5x2_ASAP7_75t_R)
  28.88 2774.33 v _157078_/Y (OR3x1_ASAP7_75t_R)
  57.37 2831.69 v _157141_/Y (OA33x2_ASAP7_75t_R)
  34.73 2866.43 v _157144_/Y (OR2x2_ASAP7_75t_R)
  24.44 2890.87 v _157145_/Y (AO21x1_ASAP7_75t_R)
  26.35 2917.22 v _157196_/Y (AO32x1_ASAP7_75t_R)
  26.77 2943.99 v _157198_/Y (AO22x1_ASAP7_75t_R)
  23.00 2966.99 v _157222_/Y (AO21x1_ASAP7_75t_R)
  30.83 2997.82 v _157223_/Y (OR3x1_ASAP7_75t_R)
  42.49 3040.31 v _157312_/Y (AO21x1_ASAP7_75t_R)
  58.19 3098.50 ^ _157343_/Y (NAND2x1_ASAP7_75t_R)
  43.82 3142.32 v _157440_/Y (AOI221x1_ASAP7_75t_R)
  30.91 3173.23 v _157456_/Y (OA222x2_ASAP7_75t_R)
  22.24 3195.47 v _157459_/Y (AND5x2_ASAP7_75t_R)
  20.86 3216.33 v _157472_/Y (OA31x2_ASAP7_75t_R)
  42.26 3258.59 v _157475_/Y (OR4x2_ASAP7_75t_R)
  63.75 3322.33 ^ _157478_/Y (NAND2x1_ASAP7_75t_R)
  19.94 3342.27 v _157479_/Y (NOR2x1_ASAP7_75t_R)
  25.21 3367.48 v _157485_/Y (OA21x2_ASAP7_75t_R)
  28.58 3396.06 v _157492_/Y (AO221x1_ASAP7_75t_R)
  26.03 3422.09 v _157649_/Y (OA21x2_ASAP7_75t_R)
  24.74 3446.82 v _157651_/Y (AO21x1_ASAP7_75t_R)
  41.75 3488.58 v _157652_/Y (AO22x1_ASAP7_75t_R)
  64.55 3553.13 ^ _157732_/Y (NAND2x1_ASAP7_75t_R)
  25.99 3579.12 ^ _157764_/Y (AO21x1_ASAP7_75t_R)
  24.20 3603.32 v _157767_/Y (AOI22x1_ASAP7_75t_R)
  37.31 3640.63 v _157790_/Y (OA21x2_ASAP7_75t_R)
  18.85 3659.48 ^ _157827_/Y (AOI211x1_ASAP7_75t_R)
  19.61 3679.09 v _157842_/Y (OAI21x1_ASAP7_75t_R)
  89.64 3768.73 v _157921_/Y (AO221x1_ASAP7_75t_R)
  48.27 3817.00 v _157922_/Y (AO221x1_ASAP7_75t_R)
  27.48 3844.48 v _157925_/Y (AO32x2_ASAP7_75t_R)
  22.59 3867.07 v _157949_/Y (OA211x2_ASAP7_75t_R)
  32.17 3899.24 v _157967_/Y (AO222x2_ASAP7_75t_R)
  38.29 3937.53 v _158020_/Y (AO221x1_ASAP7_75t_R)
  28.61 3966.14 v _158084_/Y (AO211x2_ASAP7_75t_R)
  41.43 4007.57 v _158094_/Y (AND2x2_ASAP7_75t_R)
  49.23 4056.80 v _158173_/Y (OR3x2_ASAP7_75t_R)
  22.73 4079.54 v _158271_/Y (AO221x1_ASAP7_75t_R)
  33.06 4112.59 v _158272_/Y (OR5x1_ASAP7_75t_R)
  46.33 4158.93 v _158273_/Y (OR5x1_ASAP7_75t_R)
  20.14 4179.06 ^ _158274_/Y (NAND2x2_ASAP7_75t_R)
  54.60 4233.66 v _158287_/Y (OAI21x1_ASAP7_75t_R)
  52.70 4286.36 v _158298_/Y (AND2x2_ASAP7_75t_R)
  35.64 4322.00 v _158304_/Y (OA211x2_ASAP7_75t_R)
  30.46 4352.46 v _158330_/Y (XNOR2x2_ASAP7_75t_R)
  29.58 4382.04 v _158388_/Y (OR5x1_ASAP7_75t_R)
  42.94 4424.98 v _158399_/Y (AO33x2_ASAP7_75t_R)
  26.16 4451.15 v _158436_/Y (AND2x2_ASAP7_75t_R)
  78.93 4530.07 v _158437_/Y (OR3x1_ASAP7_75t_R)
  70.98 4601.05 v _158474_/Y (AND2x2_ASAP7_75t_R)
  38.15 4639.21 ^ _158476_/Y (AOI22x1_ASAP7_75t_R)
  23.17 4662.38 ^ _158477_/Y (AND2x2_ASAP7_75t_R)
  16.00 4678.38 v _158496_/Y (AOI221x1_ASAP7_75t_R)
  33.09 4711.47 v _158497_/Y (MAJx2_ASAP7_75t_R)
  24.75 4736.22 v _158571_/Y (AO21x1_ASAP7_75t_R)
  46.55 4782.77 v _158629_/Y (AO221x2_ASAP7_75t_R)
  81.05 4863.83 ^ _158672_/Y (NAND2x1_ASAP7_75t_R)
  35.80 4899.63 ^ _158689_/Y (AND2x2_ASAP7_75t_R)
  22.57 4922.20 ^ _158690_/Y (OA21x2_ASAP7_75t_R)
  20.24 4942.44 ^ _158691_/Y (OR2x2_ASAP7_75t_R)
  22.82 4965.26 ^ _158702_/Y (AND3x1_ASAP7_75t_R)
  21.78 4987.04 ^ _158720_/Y (OA21x2_ASAP7_75t_R)
  24.53 5011.57 ^ _158743_/Y (OA31x2_ASAP7_75t_R)
  15.08 5026.64 ^ _158761_/Y (OR4x1_ASAP7_75t_R)
  48.03 5074.67 ^ _158764_/Y (AND5x2_ASAP7_75t_R)
  37.09 5111.76 ^ _167893_/Y (OA21x2_ASAP7_75t_R)
  83.49 5195.26 ^ _167894_/Y (AND5x1_ASAP7_75t_R)
  95.87 5291.13 ^ _171924_/Y (AND2x2_ASAP7_75t_R)
  64.59 5355.72 ^ _172383_/Y (AO21x1_ASAP7_75t_R)
  30.81 5386.53 ^ output145/Y (BUFx2_ASAP7_75t_R)
   0.47 5387.00 ^ dmem_req_addr[13] (out)
        5387.00   data arrival time

12000.00 12000.00   clock core_clk (rise edge)
   0.00 12000.00   clock network delay (propagated)
 -50.00 11950.00   clock uncertainty
   0.00 11950.00   clock reconvergence pessimism
-2400.00 9550.00   output external delay
        9550.00   data required time
---------------------------------------------------------
        9550.00   data required time
        -5387.00   data arrival time
---------------------------------------------------------
        4162.99   slack (MET)


Startpoint: _308209_ (rising edge-triggered flip-flop clocked by core_clk)
Endpoint: dmem_req_addr[29] (output port clocked by core_clk)
Path Group: reg2out
Path Type: max

  Delay    Time   Description
---------------------------------------------------------
   0.00    0.00   clock core_clk (rise edge)
   0.00    0.00   clock source latency
   0.00    0.00 ^ clk (in)
  46.81   46.81 ^ wire4945/Y (BUFx10_ASAP7_75t_R)
  48.87   95.68 ^ clkbuf_0_clk/Y (BUFx24_ASAP7_75t_R)
  30.20  125.87 ^ clkbuf_1_0_0_clk/Y (BUFx24_ASAP7_75t_R)
  29.09  154.96 ^ clkbuf_2_1_0_clk/Y (BUFx24_ASAP7_75t_R)
  26.47  181.44 ^ clkbuf_3_2_0_clk/Y (BUFx24_ASAP7_75t_R)
  30.84  212.28 ^ clkbuf_4_4_0_clk/Y (BUFx24_ASAP7_75t_R)
  24.84  237.12 ^ clkbuf_6_19_0_clk/Y (BUFx24_ASAP7_75t_R)
  21.77  258.88 ^ clkbuf_7_38__f_clk/Y (BUFx24_ASAP7_75t_R)
  27.65  286.53 ^ clkbuf_leaf_778_clk/Y (BUFx24_ASAP7_75t_R)
   2.33  288.86 ^ _308209_/CLK (DFFHQNx3_ASAP7_75t_R)
  56.18  345.04 ^ _308209_/QN (DFFHQNx3_ASAP7_75t_R)
  27.51  372.55 ^ wire4778/Y (BUFx16f_ASAP7_75t_R)
  66.95  439.50 ^ wire4776/Y (BUFx16f_ASAP7_75t_R)
  33.08  472.58 ^ wire4775/Y (BUFx16f_ASAP7_75t_R)
  73.63  546.21 ^ load_slew4774/Y (BUFx16f_ASAP7_75t_R)
  94.00  640.21 ^ _153629_/Y (AND2x2_ASAP7_75t_R)
 169.02  809.24 v _153630_/Y (NAND2x1_ASAP7_75t_R)
  64.17  873.41 v _153631_/Y (OA21x2_ASAP7_75t_R)
 108.13  981.54 v _153633_/Y (AND3x1_ASAP7_75t_R)
  89.17 1070.71 v _154870_/Y (AO222x2_ASAP7_75t_R)
  47.40 1118.11 v _154873_/Y (OR3x2_ASAP7_75t_R)
  54.24 1172.36 v _154878_/Y (OR5x1_ASAP7_75t_R)
  93.99 1266.34 v _154879_/Y (OR4x1_ASAP7_75t_R)
  74.48 1340.82 v _155829_/Y (OR4x1_ASAP7_75t_R)
  24.56 1365.38 v _155944_/Y (AO221x1_ASAP7_75t_R)
  50.94 1416.32 v _155949_/Y (OR5x1_ASAP7_75t_R)
  34.05 1450.37 v _156013_/Y (AND2x2_ASAP7_75t_R)
  49.97 1500.34 ^ _156016_/Y (NAND3x1_ASAP7_75t_R)
  39.70 1540.04 v _156112_/Y (AOI221x1_ASAP7_75t_R)
  26.08 1566.12 v _156115_/Y (OA21x2_ASAP7_75t_R)
  21.84 1587.97 v _156116_/Y (OR3x1_ASAP7_75t_R)
  38.63 1626.60 v _156123_/Y (AO33x2_ASAP7_75t_R)
  41.76 1668.35 ^ _156140_/Y (NAND2x1_ASAP7_75t_R)
 110.76 1779.11 ^ _156253_/Y (AO221x1_ASAP7_75t_R)
  69.58 1848.70 v _156308_/Y (NAND2x2_ASAP7_75t_R)
  49.02 1897.71 v _156311_/Y (AO21x2_ASAP7_75t_R)
  23.18 1920.89 v _156314_/Y (OA21x2_ASAP7_75t_R)
  27.71 1948.60 v _156388_/Y (AO221x1_ASAP7_75t_R)
  22.62 1971.22 v _156389_/Y (OA21x2_ASAP7_75t_R)
  24.14 1995.36 ^ _156393_/Y (AOI22x1_ASAP7_75t_R)
  53.99 2049.35 v _156410_/Y (NAND2x1_ASAP7_75t_R)
  71.47 2120.82 v _156421_/Y (AO33x2_ASAP7_75t_R)
  32.75 2153.58 ^ _156522_/Y (XNOR2x2_ASAP7_75t_R)
  25.19 2178.76 ^ _156526_/Y (AND4x1_ASAP7_75t_R)
  19.20 2197.96 ^ _156550_/Y (AO21x1_ASAP7_75t_R)
  19.23 2217.19 ^ _156551_/Y (AO21x1_ASAP7_75t_R)
  80.77 2297.96 ^ _156552_/Y (OA211x2_ASAP7_75t_R)
  89.28 2387.25 v _156555_/Y (INVx1_ASAP7_75t_R)
  33.68 2420.92 ^ _156568_/Y (OAI21x1_ASAP7_75t_R)
  34.29 2455.21 v _156616_/Y (AOI221x1_ASAP7_75t_R)
  48.52 2503.73 v _156806_/Y (OA211x2_ASAP7_75t_R)
  13.78 2517.51 ^ _156807_/Y (NAND2x1_ASAP7_75t_R)
  71.16 2588.67 ^ _156882_/Y (AO32x1_ASAP7_75t_R)
  34.48 2623.15 ^ _156995_/Y (OR2x2_ASAP7_75t_R)
  39.01 2662.16 ^ _157002_/Y (AO32x1_ASAP7_75t_R)
  36.29 2698.44 ^ _157004_/Y (XNOR2x2_ASAP7_75t_R)
  14.38 2712.83 v _157005_/Y (NOR3x1_ASAP7_75t_R)
  32.62 2745.45 v _157006_/Y (AND5x2_ASAP7_75t_R)
  28.88 2774.33 v _157078_/Y (OR3x1_ASAP7_75t_R)
  57.37 2831.69 v _157141_/Y (OA33x2_ASAP7_75t_R)
  34.73 2866.43 v _157144_/Y (OR2x2_ASAP7_75t_R)
  24.44 2890.87 v _157145_/Y (AO21x1_ASAP7_75t_R)
  26.35 2917.22 v _157196_/Y (AO32x1_ASAP7_75t_R)
  26.77 2943.99 v _157198_/Y (AO22x1_ASAP7_75t_R)
  23.00 2966.99 v _157222_/Y (AO21x1_ASAP7_75t_R)
  30.83 2997.82 v _157223_/Y (OR3x1_ASAP7_75t_R)
  42.49 3040.31 v _157312_/Y (AO21x1_ASAP7_75t_R)
  58.19 3098.50 ^ _157343_/Y (NAND2x1_ASAP7_75t_R)
  43.82 3142.32 v _157440_/Y (AOI221x1_ASAP7_75t_R)
  30.91 3173.23 v _157456_/Y (OA222x2_ASAP7_75t_R)
  22.24 3195.47 v _157459_/Y (AND5x2_ASAP7_75t_R)
  20.86 3216.33 v _157472_/Y (OA31x2_ASAP7_75t_R)
  42.26 3258.59 v _157475_/Y (OR4x2_ASAP7_75t_R)
  63.75 3322.33 ^ _157478_/Y (NAND2x1_ASAP7_75t_R)
  19.94 3342.27 v _157479_/Y (NOR2x1_ASAP7_75t_R)
  25.21 3367.48 v _157485_/Y (OA21x2_ASAP7_75t_R)
  28.58 3396.06 v _157492_/Y (AO221x1_ASAP7_75t_R)
  26.03 3422.09 v _157649_/Y (OA21x2_ASAP7_75t_R)
  24.74 3446.82 v _157651_/Y (AO21x1_ASAP7_75t_R)
  41.75 3488.58 v _157652_/Y (AO22x1_ASAP7_75t_R)
  64.55 3553.13 ^ _157732_/Y (NAND2x1_ASAP7_75t_R)
  25.99 3579.12 ^ _157764_/Y (AO21x1_ASAP7_75t_R)
  24.20 3603.32 v _157767_/Y (AOI22x1_ASAP7_75t_R)
  37.31 3640.63 v _157790_/Y (OA21x2_ASAP7_75t_R)
  18.85 3659.48 ^ _157827_/Y (AOI211x1_ASAP7_75t_R)
  19.61 3679.09 v _157842_/Y (OAI21x1_ASAP7_75t_R)
  89.64 3768.73 v _157921_/Y (AO221x1_ASAP7_75t_R)
  48.27 3817.00 v _157922_/Y (AO221x1_ASAP7_75t_R)
  27.48 3844.48 v _157925_/Y (AO32x2_ASAP7_75t_R)
  22.59 3867.07 v _157949_/Y (OA211x2_ASAP7_75t_R)
  32.17 3899.24 v _157967_/Y (AO222x2_ASAP7_75t_R)
  38.29 3937.53 v _158020_/Y (AO221x1_ASAP7_75t_R)
  28.61 3966.14 v _158084_/Y (AO211x2_ASAP7_75t_R)
  41.43 4007.57 v _158094_/Y (AND2x2_ASAP7_75t_R)
  49.23 4056.80 v _158173_/Y (OR3x2_ASAP7_75t_R)
  22.73 4079.54 v _158271_/Y (AO221x1_ASAP7_75t_R)
  33.06 4112.59 v _158272_/Y (OR5x1_ASAP7_75t_R)
  46.33 4158.93 v _158273_/Y (OR5x1_ASAP7_75t_R)
  20.14 4179.06 ^ _158274_/Y (NAND2x2_ASAP7_75t_R)
  54.60 4233.66 v _158287_/Y (OAI21x1_ASAP7_75t_R)
  52.70 4286.36 v _158298_/Y (AND2x2_ASAP7_75t_R)
  35.64 4322.00 v _158304_/Y (OA211x2_ASAP7_75t_R)
  30.46 4352.46 v _158330_/Y (XNOR2x2_ASAP7_75t_R)
  29.58 4382.04 v _158388_/Y (OR5x1_ASAP7_75t_R)
  42.94 4424.98 v _158399_/Y (AO33x2_ASAP7_75t_R)
  26.16 4451.15 v _158436_/Y (AND2x2_ASAP7_75t_R)
  78.93 4530.07 v _158437_/Y (OR3x1_ASAP7_75t_R)
  70.98 4601.05 v _158474_/Y (AND2x2_ASAP7_75t_R)
  38.15 4639.21 ^ _158476_/Y (AOI22x1_ASAP7_75t_R)
  23.17 4662.38 ^ _158477_/Y (AND2x2_ASAP7_75t_R)
  16.00 4678.38 v _158496_/Y (AOI221x1_ASAP7_75t_R)
  33.09 4711.47 v _158497_/Y (MAJx2_ASAP7_75t_R)
  24.75 4736.22 v _158571_/Y (AO21x1_ASAP7_75t_R)
  46.55 4782.77 v _158629_/Y (AO221x2_ASAP7_75t_R)
  81.05 4863.83 ^ _158672_/Y (NAND2x1_ASAP7_75t_R)
  35.80 4899.63 ^ _158689_/Y (AND2x2_ASAP7_75t_R)
  22.57 4922.20 ^ _158690_/Y (OA21x2_ASAP7_75t_R)
  20.24 4942.44 ^ _158691_/Y (OR2x2_ASAP7_75t_R)
  22.82 4965.26 ^ _158702_/Y (AND3x1_ASAP7_75t_R)
  21.78 4987.04 ^ _158720_/Y (OA21x2_ASAP7_75t_R)
  24.53 5011.57 ^ _158743_/Y (OA31x2_ASAP7_75t_R)
  15.08 5026.64 ^ _158761_/Y (OR4x1_ASAP7_75t_R)
  48.03 5074.67 ^ _158764_/Y (AND5x2_ASAP7_75t_R)
  37.09 5111.76 ^ _167893_/Y (OA21x2_ASAP7_75t_R)
  83.49 5195.26 ^ _167894_/Y (AND5x1_ASAP7_75t_R)
  95.87 5291.13 ^ _171924_/Y (AND2x2_ASAP7_75t_R)
  57.90 5349.03 ^ _172827_/Y (AO21x1_ASAP7_75t_R)
  29.97 5379.00 ^ output161/Y (BUFx2_ASAP7_75t_R)
   0.38 5379.38 ^ dmem_req_addr[29] (out)
        5379.38   data arrival time

12000.00 12000.00   clock core_clk (rise edge)
   0.00 12000.00   clock network delay (propagated)
 -50.00 11950.00   clock uncertainty
   0.00 11950.00   clock reconvergence pessimism
-2400.00 9550.00   output external delay
        9550.00   data required time
---------------------------------------------------------
        9550.00   data required time
        -5379.38   data arrival time
---------------------------------------------------------
        4170.62   slack (MET)


Startpoint: _308209_ (rising edge-triggered flip-flop clocked by core_clk)
Endpoint: dmem_req_addr[25] (output port clocked by core_clk)
Path Group: reg2out
Path Type: max

  Delay    Time   Description
---------------------------------------------------------
   0.00    0.00   clock core_clk (rise edge)
   0.00    0.00   clock source latency
   0.00    0.00 ^ clk (in)
  46.81   46.81 ^ wire4945/Y (BUFx10_ASAP7_75t_R)
  48.87   95.68 ^ clkbuf_0_clk/Y (BUFx24_ASAP7_75t_R)
  30.20  125.87 ^ clkbuf_1_0_0_clk/Y (BUFx24_ASAP7_75t_R)
  29.09  154.96 ^ clkbuf_2_1_0_clk/Y (BUFx24_ASAP7_75t_R)
  26.47  181.44 ^ clkbuf_3_2_0_clk/Y (BUFx24_ASAP7_75t_R)
  30.84  212.28 ^ clkbuf_4_4_0_clk/Y (BUFx24_ASAP7_75t_R)
  24.84  237.12 ^ clkbuf_6_19_0_clk/Y (BUFx24_ASAP7_75t_R)
  21.77  258.88 ^ clkbuf_7_38__f_clk/Y (BUFx24_ASAP7_75t_R)
  27.65  286.53 ^ clkbuf_leaf_778_clk/Y (BUFx24_ASAP7_75t_R)
   2.33  288.86 ^ _308209_/CLK (DFFHQNx3_ASAP7_75t_R)
  56.18  345.04 ^ _308209_/QN (DFFHQNx3_ASAP7_75t_R)
  27.51  372.55 ^ wire4778/Y (BUFx16f_ASAP7_75t_R)
  66.95  439.50 ^ wire4776/Y (BUFx16f_ASAP7_75t_R)
  33.08  472.58 ^ wire4775/Y (BUFx16f_ASAP7_75t_R)
  73.63  546.21 ^ load_slew4774/Y (BUFx16f_ASAP7_75t_R)
  94.00  640.21 ^ _153629_/Y (AND2x2_ASAP7_75t_R)
 169.02  809.24 v _153630_/Y (NAND2x1_ASAP7_75t_R)
  64.17  873.41 v _153631_/Y (OA21x2_ASAP7_75t_R)
 108.13  981.54 v _153633_/Y (AND3x1_ASAP7_75t_R)
  89.17 1070.71 v _154870_/Y (AO222x2_ASAP7_75t_R)
  47.40 1118.11 v _154873_/Y (OR3x2_ASAP7_75t_R)
  54.24 1172.36 v _154878_/Y (OR5x1_ASAP7_75t_R)
  93.99 1266.34 v _154879_/Y (OR4x1_ASAP7_75t_R)
  74.48 1340.82 v _155829_/Y (OR4x1_ASAP7_75t_R)
  24.56 1365.38 v _155944_/Y (AO221x1_ASAP7_75t_R)
  50.94 1416.32 v _155949_/Y (OR5x1_ASAP7_75t_R)
  34.05 1450.37 v _156013_/Y (AND2x2_ASAP7_75t_R)
  49.97 1500.34 ^ _156016_/Y (NAND3x1_ASAP7_75t_R)
  39.70 1540.04 v _156112_/Y (AOI221x1_ASAP7_75t_R)
  26.08 1566.12 v _156115_/Y (OA21x2_ASAP7_75t_R)
  21.84 1587.97 v _156116_/Y (OR3x1_ASAP7_75t_R)
  38.63 1626.60 v _156123_/Y (AO33x2_ASAP7_75t_R)
  41.76 1668.35 ^ _156140_/Y (NAND2x1_ASAP7_75t_R)
 110.76 1779.11 ^ _156253_/Y (AO221x1_ASAP7_75t_R)
  69.58 1848.70 v _156308_/Y (NAND2x2_ASAP7_75t_R)
  49.02 1897.71 v _156311_/Y (AO21x2_ASAP7_75t_R)
  23.18 1920.89 v _156314_/Y (OA21x2_ASAP7_75t_R)
  27.71 1948.60 v _156388_/Y (AO221x1_ASAP7_75t_R)
  22.62 1971.22 v _156389_/Y (OA21x2_ASAP7_75t_R)
  24.14 1995.36 ^ _156393_/Y (AOI22x1_ASAP7_75t_R)
  53.99 2049.35 v _156410_/Y (NAND2x1_ASAP7_75t_R)
  71.47 2120.82 v _156421_/Y (AO33x2_ASAP7_75t_R)
  32.75 2153.58 ^ _156522_/Y (XNOR2x2_ASAP7_75t_R)
  25.19 2178.76 ^ _156526_/Y (AND4x1_ASAP7_75t_R)
  19.20 2197.96 ^ _156550_/Y (AO21x1_ASAP7_75t_R)
  19.23 2217.19 ^ _156551_/Y (AO21x1_ASAP7_75t_R)
  80.77 2297.96 ^ _156552_/Y (OA211x2_ASAP7_75t_R)
  89.28 2387.25 v _156555_/Y (INVx1_ASAP7_75t_R)
  33.68 2420.92 ^ _156568_/Y (OAI21x1_ASAP7_75t_R)
  34.29 2455.21 v _156616_/Y (AOI221x1_ASAP7_75t_R)
  48.52 2503.73 v _156806_/Y (OA211x2_ASAP7_75t_R)
  13.78 2517.51 ^ _156807_/Y (NAND2x1_ASAP7_75t_R)
  71.16 2588.67 ^ _156882_/Y (AO32x1_ASAP7_75t_R)
  34.48 2623.15 ^ _156995_/Y (OR2x2_ASAP7_75t_R)
  39.01 2662.16 ^ _157002_/Y (AO32x1_ASAP7_75t_R)
  36.29 2698.44 ^ _157004_/Y (XNOR2x2_ASAP7_75t_R)
  14.38 2712.83 v _157005_/Y (NOR3x1_ASAP7_75t_R)
  32.62 2745.45 v _157006_/Y (AND5x2_ASAP7_75t_R)
  28.88 2774.33 v _157078_/Y (OR3x1_ASAP7_75t_R)
  57.37 2831.69 v _157141_/Y (OA33x2_ASAP7_75t_R)
  34.73 2866.43 v _157144_/Y (OR2x2_ASAP7_75t_R)
  24.44 2890.87 v _157145_/Y (AO21x1_ASAP7_75t_R)
  26.35 2917.22 v _157196_/Y (AO32x1_ASAP7_75t_R)
  26.77 2943.99 v _157198_/Y (AO22x1_ASAP7_75t_R)
  23.00 2966.99 v _157222_/Y (AO21x1_ASAP7_75t_R)
  30.83 2997.82 v _157223_/Y (OR3x1_ASAP7_75t_R)
  42.49 3040.31 v _157312_/Y (AO21x1_ASAP7_75t_R)
  58.19 3098.50 ^ _157343_/Y (NAND2x1_ASAP7_75t_R)
  43.82 3142.32 v _157440_/Y (AOI221x1_ASAP7_75t_R)
  30.91 3173.23 v _157456_/Y (OA222x2_ASAP7_75t_R)
  22.24 3195.47 v _157459_/Y (AND5x2_ASAP7_75t_R)
  20.86 3216.33 v _157472_/Y (OA31x2_ASAP7_75t_R)
  42.26 3258.59 v _157475_/Y (OR4x2_ASAP7_75t_R)
  63.75 3322.33 ^ _157478_/Y (NAND2x1_ASAP7_75t_R)
  19.94 3342.27 v _157479_/Y (NOR2x1_ASAP7_75t_R)
  25.21 3367.48 v _157485_/Y (OA21x2_ASAP7_75t_R)
  28.58 3396.06 v _157492_/Y (AO221x1_ASAP7_75t_R)
  26.03 3422.09 v _157649_/Y (OA21x2_ASAP7_75t_R)
  24.74 3446.82 v _157651_/Y (AO21x1_ASAP7_75t_R)
  41.75 3488.58 v _157652_/Y (AO22x1_ASAP7_75t_R)
  64.55 3553.13 ^ _157732_/Y (NAND2x1_ASAP7_75t_R)
  25.99 3579.12 ^ _157764_/Y (AO21x1_ASAP7_75t_R)
  24.20 3603.32 v _157767_/Y (AOI22x1_ASAP7_75t_R)
  37.31 3640.63 v _157790_/Y (OA21x2_ASAP7_75t_R)
  18.85 3659.48 ^ _157827_/Y (AOI211x1_ASAP7_75t_R)
  19.61 3679.09 v _157842_/Y (OAI21x1_ASAP7_75t_R)
  89.64 3768.73 v _157921_/Y (AO221x1_ASAP7_75t_R)
  48.27 3817.00 v _157922_/Y (AO221x1_ASAP7_75t_R)
  27.48 3844.48 v _157925_/Y (AO32x2_ASAP7_75t_R)
  22.59 3867.07 v _157949_/Y (OA211x2_ASAP7_75t_R)
  32.17 3899.24 v _157967_/Y (AO222x2_ASAP7_75t_R)
  38.29 3937.53 v _158020_/Y (AO221x1_ASAP7_75t_R)
  28.61 3966.14 v _158084_/Y (AO211x2_ASAP7_75t_R)
  41.43 4007.57 v _158094_/Y (AND2x2_ASAP7_75t_R)
  49.23 4056.80 v _158173_/Y (OR3x2_ASAP7_75t_R)
  22.73 4079.54 v _158271_/Y (AO221x1_ASAP7_75t_R)
  33.06 4112.59 v _158272_/Y (OR5x1_ASAP7_75t_R)
  46.33 4158.93 v _158273_/Y (OR5x1_ASAP7_75t_R)
  20.14 4179.06 ^ _158274_/Y (NAND2x2_ASAP7_75t_R)
  54.60 4233.66 v _158287_/Y (OAI21x1_ASAP7_75t_R)
  52.70 4286.36 v _158298_/Y (AND2x2_ASAP7_75t_R)
  35.64 4322.00 v _158304_/Y (OA211x2_ASAP7_75t_R)
  30.46 4352.46 v _158330_/Y (XNOR2x2_ASAP7_75t_R)
  29.58 4382.04 v _158388_/Y (OR5x1_ASAP7_75t_R)
  42.94 4424.98 v _158399_/Y (AO33x2_ASAP7_75t_R)
  26.16 4451.15 v _158436_/Y (AND2x2_ASAP7_75t_R)
  78.93 4530.07 v _158437_/Y (OR3x1_ASAP7_75t_R)
  70.98 4601.05 v _158474_/Y (AND2x2_ASAP7_75t_R)
  38.15 4639.21 ^ _158476_/Y (AOI22x1_ASAP7_75t_R)
  23.17 4662.38 ^ _158477_/Y (AND2x2_ASAP7_75t_R)
  16.00 4678.38 v _158496_/Y (AOI221x1_ASAP7_75t_R)
  33.09 4711.47 v _158497_/Y (MAJx2_ASAP7_75t_R)
  24.75 4736.22 v _158571_/Y (AO21x1_ASAP7_75t_R)
  46.55 4782.77 v _158629_/Y (AO221x2_ASAP7_75t_R)
  81.05 4863.83 ^ _158672_/Y (NAND2x1_ASAP7_75t_R)
  35.80 4899.63 ^ _158689_/Y (AND2x2_ASAP7_75t_R)
  22.57 4922.20 ^ _158690_/Y (OA21x2_ASAP7_75t_R)
  20.24 4942.44 ^ _158691_/Y (OR2x2_ASAP7_75t_R)
  22.82 4965.26 ^ _158702_/Y (AND3x1_ASAP7_75t_R)
  21.78 4987.04 ^ _158720_/Y (OA21x2_ASAP7_75t_R)
  24.53 5011.57 ^ _158743_/Y (OA31x2_ASAP7_75t_R)
  15.08 5026.64 ^ _158761_/Y (OR4x1_ASAP7_75t_R)
  48.03 5074.67 ^ _158764_/Y (AND5x2_ASAP7_75t_R)
  37.09 5111.76 ^ _167893_/Y (OA21x2_ASAP7_75t_R)
  83.49 5195.26 ^ _167894_/Y (AND5x1_ASAP7_75t_R)
  95.87 5291.13 ^ _171924_/Y (AND2x2_ASAP7_75t_R)
  55.15 5346.28 ^ _172716_/Y (AO21x1_ASAP7_75t_R)
  32.18 5378.46 ^ output157/Y (BUFx2_ASAP7_75t_R)
   0.36 5378.82 ^ dmem_req_addr[25] (out)
        5378.82   data arrival time

12000.00 12000.00   clock core_clk (rise edge)
   0.00 12000.00   clock network delay (propagated)
 -50.00 11950.00   clock uncertainty
   0.00 11950.00   clock reconvergence pessimism
-2400.00 9550.00   output external delay
        9550.00   data required time
---------------------------------------------------------
        9550.00   data required time
        -5378.82   data arrival time
---------------------------------------------------------
        4171.18   slack (MET)


Startpoint: _308209_ (rising edge-triggered flip-flop clocked by core_clk)
Endpoint: dmem_req_addr[22] (output port clocked by core_clk)
Path Group: reg2out
Path Type: max

  Delay    Time   Description
---------------------------------------------------------
   0.00    0.00   clock core_clk (rise edge)
   0.00    0.00   clock source latency
   0.00    0.00 ^ clk (in)
  46.81   46.81 ^ wire4945/Y (BUFx10_ASAP7_75t_R)
  48.87   95.68 ^ clkbuf_0_clk/Y (BUFx24_ASAP7_75t_R)
  30.20  125.87 ^ clkbuf_1_0_0_clk/Y (BUFx24_ASAP7_75t_R)
  29.09  154.96 ^ clkbuf_2_1_0_clk/Y (BUFx24_ASAP7_75t_R)
  26.47  181.44 ^ clkbuf_3_2_0_clk/Y (BUFx24_ASAP7_75t_R)
  30.84  212.28 ^ clkbuf_4_4_0_clk/Y (BUFx24_ASAP7_75t_R)
  24.84  237.12 ^ clkbuf_6_19_0_clk/Y (BUFx24_ASAP7_75t_R)
  21.77  258.88 ^ clkbuf_7_38__f_clk/Y (BUFx24_ASAP7_75t_R)
  27.65  286.53 ^ clkbuf_leaf_778_clk/Y (BUFx24_ASAP7_75t_R)
   2.33  288.86 ^ _308209_/CLK (DFFHQNx3_ASAP7_75t_R)
  56.18  345.04 ^ _308209_/QN (DFFHQNx3_ASAP7_75t_R)
  27.51  372.55 ^ wire4778/Y (BUFx16f_ASAP7_75t_R)
  66.95  439.50 ^ wire4776/Y (BUFx16f_ASAP7_75t_R)
  33.08  472.58 ^ wire4775/Y (BUFx16f_ASAP7_75t_R)
  73.63  546.21 ^ load_slew4774/Y (BUFx16f_ASAP7_75t_R)
  94.00  640.21 ^ _153629_/Y (AND2x2_ASAP7_75t_R)
 169.02  809.24 v _153630_/Y (NAND2x1_ASAP7_75t_R)
  64.17  873.41 v _153631_/Y (OA21x2_ASAP7_75t_R)
 108.13  981.54 v _153633_/Y (AND3x1_ASAP7_75t_R)
  89.17 1070.71 v _154870_/Y (AO222x2_ASAP7_75t_R)
  47.40 1118.11 v _154873_/Y (OR3x2_ASAP7_75t_R)
  54.24 1172.36 v _154878_/Y (OR5x1_ASAP7_75t_R)
  93.99 1266.34 v _154879_/Y (OR4x1_ASAP7_75t_R)
  74.48 1340.82 v _155829_/Y (OR4x1_ASAP7_75t_R)
  24.56 1365.38 v _155944_/Y (AO221x1_ASAP7_75t_R)
  50.94 1416.32 v _155949_/Y (OR5x1_ASAP7_75t_R)
  34.05 1450.37 v _156013_/Y (AND2x2_ASAP7_75t_R)
  49.97 1500.34 ^ _156016_/Y (NAND3x1_ASAP7_75t_R)
  39.70 1540.04 v _156112_/Y (AOI221x1_ASAP7_75t_R)
  26.08 1566.12 v _156115_/Y (OA21x2_ASAP7_75t_R)
  21.84 1587.97 v _156116_/Y (OR3x1_ASAP7_75t_R)
  38.63 1626.60 v _156123_/Y (AO33x2_ASAP7_75t_R)
  41.76 1668.35 ^ _156140_/Y (NAND2x1_ASAP7_75t_R)
 110.76 1779.11 ^ _156253_/Y (AO221x1_ASAP7_75t_R)
  69.58 1848.70 v _156308_/Y (NAND2x2_ASAP7_75t_R)
  49.02 1897.71 v _156311_/Y (AO21x2_ASAP7_75t_R)
  23.18 1920.89 v _156314_/Y (OA21x2_ASAP7_75t_R)
  27.71 1948.60 v _156388_/Y (AO221x1_ASAP7_75t_R)
  22.62 1971.22 v _156389_/Y (OA21x2_ASAP7_75t_R)
  24.14 1995.36 ^ _156393_/Y (AOI22x1_ASAP7_75t_R)
  53.99 2049.35 v _156410_/Y (NAND2x1_ASAP7_75t_R)
  71.47 2120.82 v _156421_/Y (AO33x2_ASAP7_75t_R)
  32.75 2153.58 ^ _156522_/Y (XNOR2x2_ASAP7_75t_R)
  25.19 2178.76 ^ _156526_/Y (AND4x1_ASAP7_75t_R)
  19.20 2197.96 ^ _156550_/Y (AO21x1_ASAP7_75t_R)
  19.23 2217.19 ^ _156551_/Y (AO21x1_ASAP7_75t_R)
  80.77 2297.96 ^ _156552_/Y (OA211x2_ASAP7_75t_R)
  89.28 2387.25 v _156555_/Y (INVx1_ASAP7_75t_R)
  33.68 2420.92 ^ _156568_/Y (OAI21x1_ASAP7_75t_R)
  34.29 2455.21 v _156616_/Y (AOI221x1_ASAP7_75t_R)
  48.52 2503.73 v _156806_/Y (OA211x2_ASAP7_75t_R)
  13.78 2517.51 ^ _156807_/Y (NAND2x1_ASAP7_75t_R)
  71.16 2588.67 ^ _156882_/Y (AO32x1_ASAP7_75t_R)
  34.48 2623.15 ^ _156995_/Y (OR2x2_ASAP7_75t_R)
  39.01 2662.16 ^ _157002_/Y (AO32x1_ASAP7_75t_R)
  36.29 2698.44 ^ _157004_/Y (XNOR2x2_ASAP7_75t_R)
  14.38 2712.83 v _157005_/Y (NOR3x1_ASAP7_75t_R)
  32.62 2745.45 v _157006_/Y (AND5x2_ASAP7_75t_R)
  28.88 2774.33 v _157078_/Y (OR3x1_ASAP7_75t_R)
  57.37 2831.69 v _157141_/Y (OA33x2_ASAP7_75t_R)
  34.73 2866.43 v _157144_/Y (OR2x2_ASAP7_75t_R)
  24.44 2890.87 v _157145_/Y (AO21x1_ASAP7_75t_R)
  26.35 2917.22 v _157196_/Y (AO32x1_ASAP7_75t_R)
  26.77 2943.99 v _157198_/Y (AO22x1_ASAP7_75t_R)
  23.00 2966.99 v _157222_/Y (AO21x1_ASAP7_75t_R)
  30.83 2997.82 v _157223_/Y (OR3x1_ASAP7_75t_R)
  42.49 3040.31 v _157312_/Y (AO21x1_ASAP7_75t_R)
  58.19 3098.50 ^ _157343_/Y (NAND2x1_ASAP7_75t_R)
  43.82 3142.32 v _157440_/Y (AOI221x1_ASAP7_75t_R)
  30.91 3173.23 v _157456_/Y (OA222x2_ASAP7_75t_R)
  22.24 3195.47 v _157459_/Y (AND5x2_ASAP7_75t_R)
  20.86 3216.33 v _157472_/Y (OA31x2_ASAP7_75t_R)
  42.26 3258.59 v _157475_/Y (OR4x2_ASAP7_75t_R)
  63.75 3322.33 ^ _157478_/Y (NAND2x1_ASAP7_75t_R)
  19.94 3342.27 v _157479_/Y (NOR2x1_ASAP7_75t_R)
  25.21 3367.48 v _157485_/Y (OA21x2_ASAP7_75t_R)
  28.58 3396.06 v _157492_/Y (AO221x1_ASAP7_75t_R)
  26.03 3422.09 v _157649_/Y (OA21x2_ASAP7_75t_R)
  24.74 3446.82 v _157651_/Y (AO21x1_ASAP7_75t_R)
  41.75 3488.58 v _157652_/Y (AO22x1_ASAP7_75t_R)
  64.55 3553.13 ^ _157732_/Y (NAND2x1_ASAP7_75t_R)
  25.99 3579.12 ^ _157764_/Y (AO21x1_ASAP7_75t_R)
  24.20 3603.32 v _157767_/Y (AOI22x1_ASAP7_75t_R)
  37.31 3640.63 v _157790_/Y (OA21x2_ASAP7_75t_R)
  18.85 3659.48 ^ _157827_/Y (AOI211x1_ASAP7_75t_R)
  19.61 3679.09 v _157842_/Y (OAI21x1_ASAP7_75t_R)
  89.64 3768.73 v _157921_/Y (AO221x1_ASAP7_75t_R)
  48.27 3817.00 v _157922_/Y (AO221x1_ASAP7_75t_R)
  27.48 3844.48 v _157925_/Y (AO32x2_ASAP7_75t_R)
  22.59 3867.07 v _157949_/Y (OA211x2_ASAP7_75t_R)
  32.17 3899.24 v _157967_/Y (AO222x2_ASAP7_75t_R)
  38.29 3937.53 v _158020_/Y (AO221x1_ASAP7_75t_R)
  28.61 3966.14 v _158084_/Y (AO211x2_ASAP7_75t_R)
  41.43 4007.57 v _158094_/Y (AND2x2_ASAP7_75t_R)
  49.23 4056.80 v _158173_/Y (OR3x2_ASAP7_75t_R)
  22.73 4079.54 v _158271_/Y (AO221x1_ASAP7_75t_R)
  33.06 4112.59 v _158272_/Y (OR5x1_ASAP7_75t_R)
  46.33 4158.93 v _158273_/Y (OR5x1_ASAP7_75t_R)
  20.14 4179.06 ^ _158274_/Y (NAND2x2_ASAP7_75t_R)
  54.60 4233.66 v _158287_/Y (OAI21x1_ASAP7_75t_R)
  52.70 4286.36 v _158298_/Y (AND2x2_ASAP7_75t_R)
  35.64 4322.00 v _158304_/Y (OA211x2_ASAP7_75t_R)
  30.46 4352.46 v _158330_/Y (XNOR2x2_ASAP7_75t_R)
  29.58 4382.04 v _158388_/Y (OR5x1_ASAP7_75t_R)
  42.94 4424.98 v _158399_/Y (AO33x2_ASAP7_75t_R)
  26.16 4451.15 v _158436_/Y (AND2x2_ASAP7_75t_R)
  78.93 4530.07 v _158437_/Y (OR3x1_ASAP7_75t_R)
  70.98 4601.05 v _158474_/Y (AND2x2_ASAP7_75t_R)
  38.15 4639.21 ^ _158476_/Y (AOI22x1_ASAP7_75t_R)
  23.17 4662.38 ^ _158477_/Y (AND2x2_ASAP7_75t_R)
  16.00 4678.38 v _158496_/Y (AOI221x1_ASAP7_75t_R)
  33.09 4711.47 v _158497_/Y (MAJx2_ASAP7_75t_R)
  24.75 4736.22 v _158571_/Y (AO21x1_ASAP7_75t_R)
  46.55 4782.77 v _158629_/Y (AO221x2_ASAP7_75t_R)
  81.05 4863.83 ^ _158672_/Y (NAND2x1_ASAP7_75t_R)
  35.80 4899.63 ^ _158689_/Y (AND2x2_ASAP7_75t_R)
  22.57 4922.20 ^ _158690_/Y (OA21x2_ASAP7_75t_R)
  20.24 4942.44 ^ _158691_/Y (OR2x2_ASAP7_75t_R)
  22.82 4965.26 ^ _158702_/Y (AND3x1_ASAP7_75t_R)
  21.78 4987.04 ^ _158720_/Y (OA21x2_ASAP7_75t_R)
  24.53 5011.57 ^ _158743_/Y (OA31x2_ASAP7_75t_R)
  15.08 5026.64 ^ _158761_/Y (OR4x1_ASAP7_75t_R)
  48.03 5074.67 ^ _158764_/Y (AND5x2_ASAP7_75t_R)
  37.09 5111.76 ^ _167893_/Y (OA21x2_ASAP7_75t_R)
  83.49 5195.26 ^ _167894_/Y (AND5x1_ASAP7_75t_R)
  95.87 5291.13 ^ _171924_/Y (AND2x2_ASAP7_75t_R)
  56.10 5347.23 ^ _172634_/Y (AO21x1_ASAP7_75t_R)
  30.20 5377.43 ^ output154/Y (BUFx2_ASAP7_75t_R)
   0.44 5377.87 ^ dmem_req_addr[22] (out)
        5377.87   data arrival time

12000.00 12000.00   clock core_clk (rise edge)
   0.00 12000.00   clock network delay (propagated)
 -50.00 11950.00   clock uncertainty
   0.00 11950.00   clock reconvergence pessimism
-2400.00 9550.00   output external delay
        9550.00   data required time
---------------------------------------------------------
        9550.00   data required time
        -5377.87   data arrival time
---------------------------------------------------------
        4172.13   slack (MET)


Startpoint: _308209_ (rising edge-triggered flip-flop clocked by core_clk)
Endpoint: dmem_req_addr[28] (output port clocked by core_clk)
Path Group: reg2out
Path Type: max

  Delay    Time   Description
---------------------------------------------------------
   0.00    0.00   clock core_clk (rise edge)
   0.00    0.00   clock source latency
   0.00    0.00 ^ clk (in)
  46.81   46.81 ^ wire4945/Y (BUFx10_ASAP7_75t_R)
  48.87   95.68 ^ clkbuf_0_clk/Y (BUFx24_ASAP7_75t_R)
  30.20  125.87 ^ clkbuf_1_0_0_clk/Y (BUFx24_ASAP7_75t_R)
  29.09  154.96 ^ clkbuf_2_1_0_clk/Y (BUFx24_ASAP7_75t_R)
  26.47  181.44 ^ clkbuf_3_2_0_clk/Y (BUFx24_ASAP7_75t_R)
  30.84  212.28 ^ clkbuf_4_4_0_clk/Y (BUFx24_ASAP7_75t_R)
  24.84  237.12 ^ clkbuf_6_19_0_clk/Y (BUFx24_ASAP7_75t_R)
  21.77  258.88 ^ clkbuf_7_38__f_clk/Y (BUFx24_ASAP7_75t_R)
  27.65  286.53 ^ clkbuf_leaf_778_clk/Y (BUFx24_ASAP7_75t_R)
   2.33  288.86 ^ _308209_/CLK (DFFHQNx3_ASAP7_75t_R)
  56.18  345.04 ^ _308209_/QN (DFFHQNx3_ASAP7_75t_R)
  27.51  372.55 ^ wire4778/Y (BUFx16f_ASAP7_75t_R)
  66.95  439.50 ^ wire4776/Y (BUFx16f_ASAP7_75t_R)
  33.08  472.58 ^ wire4775/Y (BUFx16f_ASAP7_75t_R)
  73.63  546.21 ^ load_slew4774/Y (BUFx16f_ASAP7_75t_R)
  94.00  640.21 ^ _153629_/Y (AND2x2_ASAP7_75t_R)
 169.02  809.24 v _153630_/Y (NAND2x1_ASAP7_75t_R)
  64.17  873.41 v _153631_/Y (OA21x2_ASAP7_75t_R)
 108.13  981.54 v _153633_/Y (AND3x1_ASAP7_75t_R)
  89.17 1070.71 v _154870_/Y (AO222x2_ASAP7_75t_R)
  47.40 1118.11 v _154873_/Y (OR3x2_ASAP7_75t_R)
  54.24 1172.36 v _154878_/Y (OR5x1_ASAP7_75t_R)
  93.99 1266.34 v _154879_/Y (OR4x1_ASAP7_75t_R)
  74.48 1340.82 v _155829_/Y (OR4x1_ASAP7_75t_R)
  24.56 1365.38 v _155944_/Y (AO221x1_ASAP7_75t_R)
  50.94 1416.32 v _155949_/Y (OR5x1_ASAP7_75t_R)
  34.05 1450.37 v _156013_/Y (AND2x2_ASAP7_75t_R)
  49.97 1500.34 ^ _156016_/Y (NAND3x1_ASAP7_75t_R)
  39.70 1540.04 v _156112_/Y (AOI221x1_ASAP7_75t_R)
  26.08 1566.12 v _156115_/Y (OA21x2_ASAP7_75t_R)
  21.84 1587.97 v _156116_/Y (OR3x1_ASAP7_75t_R)
  38.63 1626.60 v _156123_/Y (AO33x2_ASAP7_75t_R)
  41.76 1668.35 ^ _156140_/Y (NAND2x1_ASAP7_75t_R)
 110.76 1779.11 ^ _156253_/Y (AO221x1_ASAP7_75t_R)
  69.58 1848.70 v _156308_/Y (NAND2x2_ASAP7_75t_R)
  49.02 1897.71 v _156311_/Y (AO21x2_ASAP7_75t_R)
  23.18 1920.89 v _156314_/Y (OA21x2_ASAP7_75t_R)
  27.71 1948.60 v _156388_/Y (AO221x1_ASAP7_75t_R)
  22.62 1971.22 v _156389_/Y (OA21x2_ASAP7_75t_R)
  24.14 1995.36 ^ _156393_/Y (AOI22x1_ASAP7_75t_R)
  53.99 2049.35 v _156410_/Y (NAND2x1_ASAP7_75t_R)
  71.47 2120.82 v _156421_/Y (AO33x2_ASAP7_75t_R)
  32.75 2153.58 ^ _156522_/Y (XNOR2x2_ASAP7_75t_R)
  25.19 2178.76 ^ _156526_/Y (AND4x1_ASAP7_75t_R)
  19.20 2197.96 ^ _156550_/Y (AO21x1_ASAP7_75t_R)
  19.23 2217.19 ^ _156551_/Y (AO21x1_ASAP7_75t_R)
  80.77 2297.96 ^ _156552_/Y (OA211x2_ASAP7_75t_R)
  89.28 2387.25 v _156555_/Y (INVx1_ASAP7_75t_R)
  33.68 2420.92 ^ _156568_/Y (OAI21x1_ASAP7_75t_R)
  34.29 2455.21 v _156616_/Y (AOI221x1_ASAP7_75t_R)
  48.52 2503.73 v _156806_/Y (OA211x2_ASAP7_75t_R)
  13.78 2517.51 ^ _156807_/Y (NAND2x1_ASAP7_75t_R)
  71.16 2588.67 ^ _156882_/Y (AO32x1_ASAP7_75t_R)
  34.48 2623.15 ^ _156995_/Y (OR2x2_ASAP7_75t_R)
  39.01 2662.16 ^ _157002_/Y (AO32x1_ASAP7_75t_R)
  36.29 2698.44 ^ _157004_/Y (XNOR2x2_ASAP7_75t_R)
  14.38 2712.83 v _157005_/Y (NOR3x1_ASAP7_75t_R)
  32.62 2745.45 v _157006_/Y (AND5x2_ASAP7_75t_R)
  28.88 2774.33 v _157078_/Y (OR3x1_ASAP7_75t_R)
  57.37 2831.69 v _157141_/Y (OA33x2_ASAP7_75t_R)
  34.73 2866.43 v _157144_/Y (OR2x2_ASAP7_75t_R)
  24.44 2890.87 v _157145_/Y (AO21x1_ASAP7_75t_R)
  26.35 2917.22 v _157196_/Y (AO32x1_ASAP7_75t_R)
  26.77 2943.99 v _157198_/Y (AO22x1_ASAP7_75t_R)
  23.00 2966.99 v _157222_/Y (AO21x1_ASAP7_75t_R)
  30.83 2997.82 v _157223_/Y (OR3x1_ASAP7_75t_R)
  42.49 3040.31 v _157312_/Y (AO21x1_ASAP7_75t_R)
  58.19 3098.50 ^ _157343_/Y (NAND2x1_ASAP7_75t_R)
  43.82 3142.32 v _157440_/Y (AOI221x1_ASAP7_75t_R)
  30.91 3173.23 v _157456_/Y (OA222x2_ASAP7_75t_R)
  22.24 3195.47 v _157459_/Y (AND5x2_ASAP7_75t_R)
  20.86 3216.33 v _157472_/Y (OA31x2_ASAP7_75t_R)
  42.26 3258.59 v _157475_/Y (OR4x2_ASAP7_75t_R)
  63.75 3322.33 ^ _157478_/Y (NAND2x1_ASAP7_75t_R)
  19.94 3342.27 v _157479_/Y (NOR2x1_ASAP7_75t_R)
  25.21 3367.48 v _157485_/Y (OA21x2_ASAP7_75t_R)
  28.58 3396.06 v _157492_/Y (AO221x1_ASAP7_75t_R)
  26.03 3422.09 v _157649_/Y (OA21x2_ASAP7_75t_R)
  24.74 3446.82 v _157651_/Y (AO21x1_ASAP7_75t_R)
  41.75 3488.58 v _157652_/Y (AO22x1_ASAP7_75t_R)
  64.55 3553.13 ^ _157732_/Y (NAND2x1_ASAP7_75t_R)
  25.99 3579.12 ^ _157764_/Y (AO21x1_ASAP7_75t_R)
  24.20 3603.32 v _157767_/Y (AOI22x1_ASAP7_75t_R)
  37.31 3640.63 v _157790_/Y (OA21x2_ASAP7_75t_R)
  18.85 3659.48 ^ _157827_/Y (AOI211x1_ASAP7_75t_R)
  19.61 3679.09 v _157842_/Y (OAI21x1_ASAP7_75t_R)
  89.64 3768.73 v _157921_/Y (AO221x1_ASAP7_75t_R)
  48.27 3817.00 v _157922_/Y (AO221x1_ASAP7_75t_R)
  27.48 3844.48 v _157925_/Y (AO32x2_ASAP7_75t_R)
  22.59 3867.07 v _157949_/Y (OA211x2_ASAP7_75t_R)
  32.17 3899.24 v _157967_/Y (AO222x2_ASAP7_75t_R)
  38.29 3937.53 v _158020_/Y (AO221x1_ASAP7_75t_R)
  28.61 3966.14 v _158084_/Y (AO211x2_ASAP7_75t_R)
  41.43 4007.57 v _158094_/Y (AND2x2_ASAP7_75t_R)
  49.23 4056.80 v _158173_/Y (OR3x2_ASAP7_75t_R)
  22.73 4079.54 v _158271_/Y (AO221x1_ASAP7_75t_R)
  33.06 4112.59 v _158272_/Y (OR5x1_ASAP7_75t_R)
  46.33 4158.93 v _158273_/Y (OR5x1_ASAP7_75t_R)
  20.14 4179.06 ^ _158274_/Y (NAND2x2_ASAP7_75t_R)
  54.60 4233.66 v _158287_/Y (OAI21x1_ASAP7_75t_R)
  52.70 4286.36 v _158298_/Y (AND2x2_ASAP7_75t_R)
  35.64 4322.00 v _158304_/Y (OA211x2_ASAP7_75t_R)
  30.46 4352.46 v _158330_/Y (XNOR2x2_ASAP7_75t_R)
  29.58 4382.04 v _158388_/Y (OR5x1_ASAP7_75t_R)
  42.94 4424.98 v _158399_/Y (AO33x2_ASAP7_75t_R)
  26.16 4451.15 v _158436_/Y (AND2x2_ASAP7_75t_R)
  78.93 4530.07 v _158437_/Y (OR3x1_ASAP7_75t_R)
  70.98 4601.05 v _158474_/Y (AND2x2_ASAP7_75t_R)
  38.15 4639.21 ^ _158476_/Y (AOI22x1_ASAP7_75t_R)
  23.17 4662.38 ^ _158477_/Y (AND2x2_ASAP7_75t_R)
  16.00 4678.38 v _158496_/Y (AOI221x1_ASAP7_75t_R)
  33.09 4711.47 v _158497_/Y (MAJx2_ASAP7_75t_R)
  24.75 4736.22 v _158571_/Y (AO21x1_ASAP7_75t_R)
  46.55 4782.77 v _158629_/Y (AO221x2_ASAP7_75t_R)
  81.05 4863.83 ^ _158672_/Y (NAND2x1_ASAP7_75t_R)
  35.80 4899.63 ^ _158689_/Y (AND2x2_ASAP7_75t_R)
  22.57 4922.20 ^ _158690_/Y (OA21x2_ASAP7_75t_R)
  20.24 4942.44 ^ _158691_/Y (OR2x2_ASAP7_75t_R)
  22.82 4965.26 ^ _158702_/Y (AND3x1_ASAP7_75t_R)
  21.78 4987.04 ^ _158720_/Y (OA21x2_ASAP7_75t_R)
  24.53 5011.57 ^ _158743_/Y (OA31x2_ASAP7_75t_R)
  15.08 5026.64 ^ _158761_/Y (OR4x1_ASAP7_75t_R)
  48.03 5074.67 ^ _158764_/Y (AND5x2_ASAP7_75t_R)
  37.09 5111.76 ^ _167893_/Y (OA21x2_ASAP7_75t_R)
  83.49 5195.26 ^ _167894_/Y (AND5x1_ASAP7_75t_R)
  95.87 5291.13 ^ _171924_/Y (AND2x2_ASAP7_75t_R)
  58.02 5349.15 ^ _172799_/Y (AO21x1_ASAP7_75t_R)
  28.35 5377.50 ^ output160/Y (BUFx2_ASAP7_75t_R)
   0.36 5377.85 ^ dmem_req_addr[28] (out)
        5377.85   data arrival time

12000.00 12000.00   clock core_clk (rise edge)
   0.00 12000.00   clock network delay (propagated)
 -50.00 11950.00   clock uncertainty
   0.00 11950.00   clock reconvergence pessimism
-2400.00 9550.00   output external delay
        9550.00   data required time
---------------------------------------------------------
        9550.00   data required time
        -5377.85   data arrival time
---------------------------------------------------------
        4172.15   slack (MET)


Startpoint: _308209_ (rising edge-triggered flip-flop clocked by core_clk)
Endpoint: dmem_req_addr[20] (output port clocked by core_clk)
Path Group: reg2out
Path Type: max

  Delay    Time   Description
---------------------------------------------------------
   0.00    0.00   clock core_clk (rise edge)
   0.00    0.00   clock source latency
   0.00    0.00 ^ clk (in)
  46.81   46.81 ^ wire4945/Y (BUFx10_ASAP7_75t_R)
  48.87   95.68 ^ clkbuf_0_clk/Y (BUFx24_ASAP7_75t_R)
  30.20  125.87 ^ clkbuf_1_0_0_clk/Y (BUFx24_ASAP7_75t_R)
  29.09  154.96 ^ clkbuf_2_1_0_clk/Y (BUFx24_ASAP7_75t_R)
  26.47  181.44 ^ clkbuf_3_2_0_clk/Y (BUFx24_ASAP7_75t_R)
  30.84  212.28 ^ clkbuf_4_4_0_clk/Y (BUFx24_ASAP7_75t_R)
  24.84  237.12 ^ clkbuf_6_19_0_clk/Y (BUFx24_ASAP7_75t_R)
  21.77  258.88 ^ clkbuf_7_38__f_clk/Y (BUFx24_ASAP7_75t_R)
  27.65  286.53 ^ clkbuf_leaf_778_clk/Y (BUFx24_ASAP7_75t_R)
   2.33  288.86 ^ _308209_/CLK (DFFHQNx3_ASAP7_75t_R)
  56.18  345.04 ^ _308209_/QN (DFFHQNx3_ASAP7_75t_R)
  27.51  372.55 ^ wire4778/Y (BUFx16f_ASAP7_75t_R)
  66.95  439.50 ^ wire4776/Y (BUFx16f_ASAP7_75t_R)
  33.08  472.58 ^ wire4775/Y (BUFx16f_ASAP7_75t_R)
  73.63  546.21 ^ load_slew4774/Y (BUFx16f_ASAP7_75t_R)
  94.00  640.21 ^ _153629_/Y (AND2x2_ASAP7_75t_R)
 169.02  809.24 v _153630_/Y (NAND2x1_ASAP7_75t_R)
  64.17  873.41 v _153631_/Y (OA21x2_ASAP7_75t_R)
 108.13  981.54 v _153633_/Y (AND3x1_ASAP7_75t_R)
  89.17 1070.71 v _154870_/Y (AO222x2_ASAP7_75t_R)
  47.40 1118.11 v _154873_/Y (OR3x2_ASAP7_75t_R)
  54.24 1172.36 v _154878_/Y (OR5x1_ASAP7_75t_R)
  93.99 1266.34 v _154879_/Y (OR4x1_ASAP7_75t_R)
  74.48 1340.82 v _155829_/Y (OR4x1_ASAP7_75t_R)
  24.56 1365.38 v _155944_/Y (AO221x1_ASAP7_75t_R)
  50.94 1416.32 v _155949_/Y (OR5x1_ASAP7_75t_R)
  34.05 1450.37 v _156013_/Y (AND2x2_ASAP7_75t_R)
  49.97 1500.34 ^ _156016_/Y (NAND3x1_ASAP7_75t_R)
  39.70 1540.04 v _156112_/Y (AOI221x1_ASAP7_75t_R)
  26.08 1566.12 v _156115_/Y (OA21x2_ASAP7_75t_R)
  21.84 1587.97 v _156116_/Y (OR3x1_ASAP7_75t_R)
  38.63 1626.60 v _156123_/Y (AO33x2_ASAP7_75t_R)
  41.76 1668.35 ^ _156140_/Y (NAND2x1_ASAP7_75t_R)
 110.76 1779.11 ^ _156253_/Y (AO221x1_ASAP7_75t_R)
  69.58 1848.70 v _156308_/Y (NAND2x2_ASAP7_75t_R)
  49.02 1897.71 v _156311_/Y (AO21x2_ASAP7_75t_R)
  23.18 1920.89 v _156314_/Y (OA21x2_ASAP7_75t_R)
  27.71 1948.60 v _156388_/Y (AO221x1_ASAP7_75t_R)
  22.62 1971.22 v _156389_/Y (OA21x2_ASAP7_75t_R)
  24.14 1995.36 ^ _156393_/Y (AOI22x1_ASAP7_75t_R)
  53.99 2049.35 v _156410_/Y (NAND2x1_ASAP7_75t_R)
  71.47 2120.82 v _156421_/Y (AO33x2_ASAP7_75t_R)
  32.75 2153.58 ^ _156522_/Y (XNOR2x2_ASAP7_75t_R)
  25.19 2178.76 ^ _156526_/Y (AND4x1_ASAP7_75t_R)
  19.20 2197.96 ^ _156550_/Y (AO21x1_ASAP7_75t_R)
  19.23 2217.19 ^ _156551_/Y (AO21x1_ASAP7_75t_R)
  80.77 2297.96 ^ _156552_/Y (OA211x2_ASAP7_75t_R)
  89.28 2387.25 v _156555_/Y (INVx1_ASAP7_75t_R)
  33.68 2420.92 ^ _156568_/Y (OAI21x1_ASAP7_75t_R)
  34.29 2455.21 v _156616_/Y (AOI221x1_ASAP7_75t_R)
  48.52 2503.73 v _156806_/Y (OA211x2_ASAP7_75t_R)
  13.78 2517.51 ^ _156807_/Y (NAND2x1_ASAP7_75t_R)
  71.16 2588.67 ^ _156882_/Y (AO32x1_ASAP7_75t_R)
  34.48 2623.15 ^ _156995_/Y (OR2x2_ASAP7_75t_R)
  39.01 2662.16 ^ _157002_/Y (AO32x1_ASAP7_75t_R)
  36.29 2698.44 ^ _157004_/Y (XNOR2x2_ASAP7_75t_R)
  14.38 2712.83 v _157005_/Y (NOR3x1_ASAP7_75t_R)
  32.62 2745.45 v _157006_/Y (AND5x2_ASAP7_75t_R)
  28.88 2774.33 v _157078_/Y (OR3x1_ASAP7_75t_R)
  57.37 2831.69 v _157141_/Y (OA33x2_ASAP7_75t_R)
  34.73 2866.43 v _157144_/Y (OR2x2_ASAP7_75t_R)
  24.44 2890.87 v _157145_/Y (AO21x1_ASAP7_75t_R)
  26.35 2917.22 v _157196_/Y (AO32x1_ASAP7_75t_R)
  26.77 2943.99 v _157198_/Y (AO22x1_ASAP7_75t_R)
  23.00 2966.99 v _157222_/Y (AO21x1_ASAP7_75t_R)
  30.83 2997.82 v _157223_/Y (OR3x1_ASAP7_75t_R)
  42.49 3040.31 v _157312_/Y (AO21x1_ASAP7_75t_R)
  58.19 3098.50 ^ _157343_/Y (NAND2x1_ASAP7_75t_R)
  43.82 3142.32 v _157440_/Y (AOI221x1_ASAP7_75t_R)
  30.91 3173.23 v _157456_/Y (OA222x2_ASAP7_75t_R)
  22.24 3195.47 v _157459_/Y (AND5x2_ASAP7_75t_R)
  20.86 3216.33 v _157472_/Y (OA31x2_ASAP7_75t_R)
  42.26 3258.59 v _157475_/Y (OR4x2_ASAP7_75t_R)
  63.75 3322.33 ^ _157478_/Y (NAND2x1_ASAP7_75t_R)
  19.94 3342.27 v _157479_/Y (NOR2x1_ASAP7_75t_R)
  25.21 3367.48 v _157485_/Y (OA21x2_ASAP7_75t_R)
  28.58 3396.06 v _157492_/Y (AO221x1_ASAP7_75t_R)
  26.03 3422.09 v _157649_/Y (OA21x2_ASAP7_75t_R)
  24.74 3446.82 v _157651_/Y (AO21x1_ASAP7_75t_R)
  41.75 3488.58 v _157652_/Y (AO22x1_ASAP7_75t_R)
  64.55 3553.13 ^ _157732_/Y (NAND2x1_ASAP7_75t_R)
  25.99 3579.12 ^ _157764_/Y (AO21x1_ASAP7_75t_R)
  24.20 3603.32 v _157767_/Y (AOI22x1_ASAP7_75t_R)
  37.31 3640.63 v _157790_/Y (OA21x2_ASAP7_75t_R)
  18.85 3659.48 ^ _157827_/Y (AOI211x1_ASAP7_75t_R)
  19.61 3679.09 v _157842_/Y (OAI21x1_ASAP7_75t_R)
  89.64 3768.73 v _157921_/Y (AO221x1_ASAP7_75t_R)
  48.27 3817.00 v _157922_/Y (AO221x1_ASAP7_75t_R)
  27.48 3844.48 v _157925_/Y (AO32x2_ASAP7_75t_R)
  22.59 3867.07 v _157949_/Y (OA211x2_ASAP7_75t_R)
  32.17 3899.24 v _157967_/Y (AO222x2_ASAP7_75t_R)
  38.29 3937.53 v _158020_/Y (AO221x1_ASAP7_75t_R)
  28.61 3966.14 v _158084_/Y (AO211x2_ASAP7_75t_R)
  41.43 4007.57 v _158094_/Y (AND2x2_ASAP7_75t_R)
  49.23 4056.80 v _158173_/Y (OR3x2_ASAP7_75t_R)
  22.73 4079.54 v _158271_/Y (AO221x1_ASAP7_75t_R)
  33.06 4112.59 v _158272_/Y (OR5x1_ASAP7_75t_R)
  46.33 4158.93 v _158273_/Y (OR5x1_ASAP7_75t_R)
  20.14 4179.06 ^ _158274_/Y (NAND2x2_ASAP7_75t_R)
  54.60 4233.66 v _158287_/Y (OAI21x1_ASAP7_75t_R)
  52.70 4286.36 v _158298_/Y (AND2x2_ASAP7_75t_R)
  35.64 4322.00 v _158304_/Y (OA211x2_ASAP7_75t_R)
  30.46 4352.46 v _158330_/Y (XNOR2x2_ASAP7_75t_R)
  29.58 4382.04 v _158388_/Y (OR5x1_ASAP7_75t_R)
  42.94 4424.98 v _158399_/Y (AO33x2_ASAP7_75t_R)
  26.16 4451.15 v _158436_/Y (AND2x2_ASAP7_75t_R)
  78.93 4530.07 v _158437_/Y (OR3x1_ASAP7_75t_R)
  70.98 4601.05 v _158474_/Y (AND2x2_ASAP7_75t_R)
  38.15 4639.21 ^ _158476_/Y (AOI22x1_ASAP7_75t_R)
  23.17 4662.38 ^ _158477_/Y (AND2x2_ASAP7_75t_R)
  16.00 4678.38 v _158496_/Y (AOI221x1_ASAP7_75t_R)
  33.09 4711.47 v _158497_/Y (MAJx2_ASAP7_75t_R)
  24.75 4736.22 v _158571_/Y (AO21x1_ASAP7_75t_R)
  46.55 4782.77 v _158629_/Y (AO221x2_ASAP7_75t_R)
  81.05 4863.83 ^ _158672_/Y (NAND2x1_ASAP7_75t_R)
  35.80 4899.63 ^ _158689_/Y (AND2x2_ASAP7_75t_R)
  22.57 4922.20 ^ _158690_/Y (OA21x2_ASAP7_75t_R)
  20.24 4942.44 ^ _158691_/Y (OR2x2_ASAP7_75t_R)
  22.82 4965.26 ^ _158702_/Y (AND3x1_ASAP7_75t_R)
  21.78 4987.04 ^ _158720_/Y (OA21x2_ASAP7_75t_R)
  24.53 5011.57 ^ _158743_/Y (OA31x2_ASAP7_75t_R)
  15.08 5026.64 ^ _158761_/Y (OR4x1_ASAP7_75t_R)
  48.03 5074.67 ^ _158764_/Y (AND5x2_ASAP7_75t_R)
  37.09 5111.76 ^ _167893_/Y (OA21x2_ASAP7_75t_R)
  83.49 5195.26 ^ _167894_/Y (AND5x1_ASAP7_75t_R)
  95.87 5291.13 ^ _171924_/Y (AND2x2_ASAP7_75t_R)
  59.31 5350.44 ^ _172580_/Y (AO21x1_ASAP7_75t_R)
  26.75 5377.19 ^ output152/Y (BUFx2_ASAP7_75t_R)
   0.32 5377.51 ^ dmem_req_addr[20] (out)
        5377.51   data arrival time

12000.00 12000.00   clock core_clk (rise edge)
   0.00 12000.00   clock network delay (propagated)
 -50.00 11950.00   clock uncertainty
   0.00 11950.00   clock reconvergence pessimism
-2400.00 9550.00   output external delay
        9550.00   data required time
---------------------------------------------------------
        9550.00   data required time
        -5377.51   data arrival time
---------------------------------------------------------
        4172.49   slack (MET)


Startpoint: _308209_ (rising edge-triggered flip-flop clocked by core_clk)
Endpoint: dmem_req_addr[3] (output port clocked by core_clk)
Path Group: reg2out
Path Type: max

  Delay    Time   Description
---------------------------------------------------------
   0.00    0.00   clock core_clk (rise edge)
   0.00    0.00   clock source latency
   0.00    0.00 ^ clk (in)
  46.81   46.81 ^ wire4945/Y (BUFx10_ASAP7_75t_R)
  48.87   95.68 ^ clkbuf_0_clk/Y (BUFx24_ASAP7_75t_R)
  30.20  125.87 ^ clkbuf_1_0_0_clk/Y (BUFx24_ASAP7_75t_R)
  29.09  154.96 ^ clkbuf_2_1_0_clk/Y (BUFx24_ASAP7_75t_R)
  26.47  181.44 ^ clkbuf_3_2_0_clk/Y (BUFx24_ASAP7_75t_R)
  30.84  212.28 ^ clkbuf_4_4_0_clk/Y (BUFx24_ASAP7_75t_R)
  24.84  237.12 ^ clkbuf_6_19_0_clk/Y (BUFx24_ASAP7_75t_R)
  21.77  258.88 ^ clkbuf_7_38__f_clk/Y (BUFx24_ASAP7_75t_R)
  27.65  286.53 ^ clkbuf_leaf_778_clk/Y (BUFx24_ASAP7_75t_R)
   2.33  288.86 ^ _308209_/CLK (DFFHQNx3_ASAP7_75t_R)
  56.18  345.04 ^ _308209_/QN (DFFHQNx3_ASAP7_75t_R)
  27.51  372.55 ^ wire4778/Y (BUFx16f_ASAP7_75t_R)
  66.95  439.50 ^ wire4776/Y (BUFx16f_ASAP7_75t_R)
  33.08  472.58 ^ wire4775/Y (BUFx16f_ASAP7_75t_R)
  73.63  546.21 ^ load_slew4774/Y (BUFx16f_ASAP7_75t_R)
  94.00  640.21 ^ _153629_/Y (AND2x2_ASAP7_75t_R)
 169.02  809.24 v _153630_/Y (NAND2x1_ASAP7_75t_R)
  64.17  873.41 v _153631_/Y (OA21x2_ASAP7_75t_R)
 108.13  981.54 v _153633_/Y (AND3x1_ASAP7_75t_R)
  89.17 1070.71 v _154870_/Y (AO222x2_ASAP7_75t_R)
  47.40 1118.11 v _154873_/Y (OR3x2_ASAP7_75t_R)
  54.24 1172.36 v _154878_/Y (OR5x1_ASAP7_75t_R)
  93.99 1266.34 v _154879_/Y (OR4x1_ASAP7_75t_R)
  74.48 1340.82 v _155829_/Y (OR4x1_ASAP7_75t_R)
  24.56 1365.38 v _155944_/Y (AO221x1_ASAP7_75t_R)
  50.94 1416.32 v _155949_/Y (OR5x1_ASAP7_75t_R)
  34.05 1450.37 v _156013_/Y (AND2x2_ASAP7_75t_R)
  49.97 1500.34 ^ _156016_/Y (NAND3x1_ASAP7_75t_R)
  39.70 1540.04 v _156112_/Y (AOI221x1_ASAP7_75t_R)
  26.08 1566.12 v _156115_/Y (OA21x2_ASAP7_75t_R)
  21.84 1587.97 v _156116_/Y (OR3x1_ASAP7_75t_R)
  38.63 1626.60 v _156123_/Y (AO33x2_ASAP7_75t_R)
  41.76 1668.35 ^ _156140_/Y (NAND2x1_ASAP7_75t_R)
 110.76 1779.11 ^ _156253_/Y (AO221x1_ASAP7_75t_R)
  69.58 1848.70 v _156308_/Y (NAND2x2_ASAP7_75t_R)
  49.02 1897.71 v _156311_/Y (AO21x2_ASAP7_75t_R)
  23.18 1920.89 v _156314_/Y (OA21x2_ASAP7_75t_R)
  27.71 1948.60 v _156388_/Y (AO221x1_ASAP7_75t_R)
  22.62 1971.22 v _156389_/Y (OA21x2_ASAP7_75t_R)
  24.14 1995.36 ^ _156393_/Y (AOI22x1_ASAP7_75t_R)
  53.99 2049.35 v _156410_/Y (NAND2x1_ASAP7_75t_R)
  71.47 2120.82 v _156421_/Y (AO33x2_ASAP7_75t_R)
  32.75 2153.58 ^ _156522_/Y (XNOR2x2_ASAP7_75t_R)
  25.19 2178.76 ^ _156526_/Y (AND4x1_ASAP7_75t_R)
  19.20 2197.96 ^ _156550_/Y (AO21x1_ASAP7_75t_R)
  19.23 2217.19 ^ _156551_/Y (AO21x1_ASAP7_75t_R)
  80.77 2297.96 ^ _156552_/Y (OA211x2_ASAP7_75t_R)
  89.28 2387.25 v _156555_/Y (INVx1_ASAP7_75t_R)
  33.68 2420.92 ^ _156568_/Y (OAI21x1_ASAP7_75t_R)
  34.29 2455.21 v _156616_/Y (AOI221x1_ASAP7_75t_R)
  48.52 2503.73 v _156806_/Y (OA211x2_ASAP7_75t_R)
  13.78 2517.51 ^ _156807_/Y (NAND2x1_ASAP7_75t_R)
  71.16 2588.67 ^ _156882_/Y (AO32x1_ASAP7_75t_R)
  34.48 2623.15 ^ _156995_/Y (OR2x2_ASAP7_75t_R)
  39.01 2662.16 ^ _157002_/Y (AO32x1_ASAP7_75t_R)
  36.29 2698.44 ^ _157004_/Y (XNOR2x2_ASAP7_75t_R)
  14.38 2712.83 v _157005_/Y (NOR3x1_ASAP7_75t_R)
  32.62 2745.45 v _157006_/Y (AND5x2_ASAP7_75t_R)
  28.88 2774.33 v _157078_/Y (OR3x1_ASAP7_75t_R)
  57.37 2831.69 v _157141_/Y (OA33x2_ASAP7_75t_R)
  34.73 2866.43 v _157144_/Y (OR2x2_ASAP7_75t_R)
  24.44 2890.87 v _157145_/Y (AO21x1_ASAP7_75t_R)
  26.35 2917.22 v _157196_/Y (AO32x1_ASAP7_75t_R)
  26.77 2943.99 v _157198_/Y (AO22x1_ASAP7_75t_R)
  23.00 2966.99 v _157222_/Y (AO21x1_ASAP7_75t_R)
  30.83 2997.82 v _157223_/Y (OR3x1_ASAP7_75t_R)
  42.49 3040.31 v _157312_/Y (AO21x1_ASAP7_75t_R)
  58.19 3098.50 ^ _157343_/Y (NAND2x1_ASAP7_75t_R)
  43.82 3142.32 v _157440_/Y (AOI221x1_ASAP7_75t_R)
  30.91 3173.23 v _157456_/Y (OA222x2_ASAP7_75t_R)
  22.24 3195.47 v _157459_/Y (AND5x2_ASAP7_75t_R)
  20.86 3216.33 v _157472_/Y (OA31x2_ASAP7_75t_R)
  42.26 3258.59 v _157475_/Y (OR4x2_ASAP7_75t_R)
  63.75 3322.33 ^ _157478_/Y (NAND2x1_ASAP7_75t_R)
  19.94 3342.27 v _157479_/Y (NOR2x1_ASAP7_75t_R)
  25.21 3367.48 v _157485_/Y (OA21x2_ASAP7_75t_R)
  28.58 3396.06 v _157492_/Y (AO221x1_ASAP7_75t_R)
  26.03 3422.09 v _157649_/Y (OA21x2_ASAP7_75t_R)
  24.74 3446.82 v _157651_/Y (AO21x1_ASAP7_75t_R)
  41.75 3488.58 v _157652_/Y (AO22x1_ASAP7_75t_R)
  64.55 3553.13 ^ _157732_/Y (NAND2x1_ASAP7_75t_R)
  25.99 3579.12 ^ _157764_/Y (AO21x1_ASAP7_75t_R)
  24.20 3603.32 v _157767_/Y (AOI22x1_ASAP7_75t_R)
  37.31 3640.63 v _157790_/Y (OA21x2_ASAP7_75t_R)
  18.85 3659.48 ^ _157827_/Y (AOI211x1_ASAP7_75t_R)
  19.61 3679.09 v _157842_/Y (OAI21x1_ASAP7_75t_R)
  89.64 3768.73 v _157921_/Y (AO221x1_ASAP7_75t_R)
  48.27 3817.00 v _157922_/Y (AO221x1_ASAP7_75t_R)
  27.48 3844.48 v _157925_/Y (AO32x2_ASAP7_75t_R)
  22.59 3867.07 v _157949_/Y (OA211x2_ASAP7_75t_R)
  32.17 3899.24 v _157967_/Y (AO222x2_ASAP7_75t_R)
  38.29 3937.53 v _158020_/Y (AO221x1_ASAP7_75t_R)
  28.61 3966.14 v _158084_/Y (AO211x2_ASAP7_75t_R)
  41.43 4007.57 v _158094_/Y (AND2x2_ASAP7_75t_R)
  49.23 4056.80 v _158173_/Y (OR3x2_ASAP7_75t_R)
  22.73 4079.54 v _158271_/Y (AO221x1_ASAP7_75t_R)
  33.06 4112.59 v _158272_/Y (OR5x1_ASAP7_75t_R)
  46.33 4158.93 v _158273_/Y (OR5x1_ASAP7_75t_R)
  20.14 4179.06 ^ _158274_/Y (NAND2x2_ASAP7_75t_R)
  54.60 4233.66 v _158287_/Y (OAI21x1_ASAP7_75t_R)
  52.70 4286.36 v _158298_/Y (AND2x2_ASAP7_75t_R)
  35.64 4322.00 v _158304_/Y (OA211x2_ASAP7_75t_R)
  30.46 4352.46 v _158330_/Y (XNOR2x2_ASAP7_75t_R)
  29.58 4382.04 v _158388_/Y (OR5x1_ASAP7_75t_R)
  42.94 4424.98 v _158399_/Y (AO33x2_ASAP7_75t_R)
  26.16 4451.15 v _158436_/Y (AND2x2_ASAP7_75t_R)
  78.93 4530.07 v _158437_/Y (OR3x1_ASAP7_75t_R)
  70.98 4601.05 v _158474_/Y (AND2x2_ASAP7_75t_R)
  38.15 4639.21 ^ _158476_/Y (AOI22x1_ASAP7_75t_R)
  23.17 4662.38 ^ _158477_/Y (AND2x2_ASAP7_75t_R)
  16.00 4678.38 v _158496_/Y (AOI221x1_ASAP7_75t_R)
  33.09 4711.47 v _158497_/Y (MAJx2_ASAP7_75t_R)
  24.75 4736.22 v _158571_/Y (AO21x1_ASAP7_75t_R)
  46.55 4782.77 v _158629_/Y (AO221x2_ASAP7_75t_R)
  81.05 4863.83 ^ _158672_/Y (NAND2x1_ASAP7_75t_R)
  35.80 4899.63 ^ _158689_/Y (AND2x2_ASAP7_75t_R)
  22.57 4922.20 ^ _158690_/Y (OA21x2_ASAP7_75t_R)
  20.24 4942.44 ^ _158691_/Y (OR2x2_ASAP7_75t_R)
  22.82 4965.26 ^ _158702_/Y (AND3x1_ASAP7_75t_R)
  21.78 4987.04 ^ _158720_/Y (OA21x2_ASAP7_75t_R)
  24.53 5011.57 ^ _158743_/Y (OA31x2_ASAP7_75t_R)
  15.08 5026.64 ^ _158761_/Y (OR4x1_ASAP7_75t_R)
  48.03 5074.67 ^ _158764_/Y (AND5x2_ASAP7_75t_R)
  37.09 5111.76 ^ _167893_/Y (OA21x2_ASAP7_75t_R)
  83.49 5195.26 ^ _167894_/Y (AND5x1_ASAP7_75t_R)
  95.87 5291.13 ^ _171924_/Y (AND2x2_ASAP7_75t_R)
  60.08 5351.22 ^ _172077_/Y (AO21x1_ASAP7_75t_R)
  25.77 5376.98 ^ output165/Y (BUFx2_ASAP7_75t_R)
   0.43 5377.41 ^ dmem_req_addr[3] (out)
        5377.41   data arrival time

12000.00 12000.00   clock core_clk (rise edge)
   0.00 12000.00   clock network delay (propagated)
 -50.00 11950.00   clock uncertainty
   0.00 11950.00   clock reconvergence pessimism
-2400.00 9550.00   output external delay
        9550.00   data required time
---------------------------------------------------------
        9550.00   data required time
        -5377.41   data arrival time
---------------------------------------------------------
        4172.59   slack (MET)


Startpoint: _308209_ (rising edge-triggered flip-flop clocked by core_clk)
Endpoint: dmem_req_addr[26] (output port clocked by core_clk)
Path Group: reg2out
Path Type: max

  Delay    Time   Description
---------------------------------------------------------
   0.00    0.00   clock core_clk (rise edge)
   0.00    0.00   clock source latency
   0.00    0.00 ^ clk (in)
  46.81   46.81 ^ wire4945/Y (BUFx10_ASAP7_75t_R)
  48.87   95.68 ^ clkbuf_0_clk/Y (BUFx24_ASAP7_75t_R)
  30.20  125.87 ^ clkbuf_1_0_0_clk/Y (BUFx24_ASAP7_75t_R)
  29.09  154.96 ^ clkbuf_2_1_0_clk/Y (BUFx24_ASAP7_75t_R)
  26.47  181.44 ^ clkbuf_3_2_0_clk/Y (BUFx24_ASAP7_75t_R)
  30.84  212.28 ^ clkbuf_4_4_0_clk/Y (BUFx24_ASAP7_75t_R)
  24.84  237.12 ^ clkbuf_6_19_0_clk/Y (BUFx24_ASAP7_75t_R)
  21.77  258.88 ^ clkbuf_7_38__f_clk/Y (BUFx24_ASAP7_75t_R)
  27.65  286.53 ^ clkbuf_leaf_778_clk/Y (BUFx24_ASAP7_75t_R)
   2.33  288.86 ^ _308209_/CLK (DFFHQNx3_ASAP7_75t_R)
  56.18  345.04 ^ _308209_/QN (DFFHQNx3_ASAP7_75t_R)
  27.51  372.55 ^ wire4778/Y (BUFx16f_ASAP7_75t_R)
  66.95  439.50 ^ wire4776/Y (BUFx16f_ASAP7_75t_R)
  33.08  472.58 ^ wire4775/Y (BUFx16f_ASAP7_75t_R)
  73.63  546.21 ^ load_slew4774/Y (BUFx16f_ASAP7_75t_R)
  94.00  640.21 ^ _153629_/Y (AND2x2_ASAP7_75t_R)
 169.02  809.24 v _153630_/Y (NAND2x1_ASAP7_75t_R)
  64.17  873.41 v _153631_/Y (OA21x2_ASAP7_75t_R)
 108.13  981.54 v _153633_/Y (AND3x1_ASAP7_75t_R)
  89.17 1070.71 v _154870_/Y (AO222x2_ASAP7_75t_R)
  47.40 1118.11 v _154873_/Y (OR3x2_ASAP7_75t_R)
  54.24 1172.36 v _154878_/Y (OR5x1_ASAP7_75t_R)
  93.99 1266.34 v _154879_/Y (OR4x1_ASAP7_75t_R)
  74.48 1340.82 v _155829_/Y (OR4x1_ASAP7_75t_R)
  24.56 1365.38 v _155944_/Y (AO221x1_ASAP7_75t_R)
  50.94 1416.32 v _155949_/Y (OR5x1_ASAP7_75t_R)
  34.05 1450.37 v _156013_/Y (AND2x2_ASAP7_75t_R)
  49.97 1500.34 ^ _156016_/Y (NAND3x1_ASAP7_75t_R)
  39.70 1540.04 v _156112_/Y (AOI221x1_ASAP7_75t_R)
  26.08 1566.12 v _156115_/Y (OA21x2_ASAP7_75t_R)
  21.84 1587.97 v _156116_/Y (OR3x1_ASAP7_75t_R)
  38.63 1626.60 v _156123_/Y (AO33x2_ASAP7_75t_R)
  41.76 1668.35 ^ _156140_/Y (NAND2x1_ASAP7_75t_R)
 110.76 1779.11 ^ _156253_/Y (AO221x1_ASAP7_75t_R)
  69.58 1848.70 v _156308_/Y (NAND2x2_ASAP7_75t_R)
  49.02 1897.71 v _156311_/Y (AO21x2_ASAP7_75t_R)
  23.18 1920.89 v _156314_/Y (OA21x2_ASAP7_75t_R)
  27.71 1948.60 v _156388_/Y (AO221x1_ASAP7_75t_R)
  22.62 1971.22 v _156389_/Y (OA21x2_ASAP7_75t_R)
  24.14 1995.36 ^ _156393_/Y (AOI22x1_ASAP7_75t_R)
  53.99 2049.35 v _156410_/Y (NAND2x1_ASAP7_75t_R)
  71.47 2120.82 v _156421_/Y (AO33x2_ASAP7_75t_R)
  32.75 2153.58 ^ _156522_/Y (XNOR2x2_ASAP7_75t_R)
  25.19 2178.76 ^ _156526_/Y (AND4x1_ASAP7_75t_R)
  19.20 2197.96 ^ _156550_/Y (AO21x1_ASAP7_75t_R)
  19.23 2217.19 ^ _156551_/Y (AO21x1_ASAP7_75t_R)
  80.77 2297.96 ^ _156552_/Y (OA211x2_ASAP7_75t_R)
  89.28 2387.25 v _156555_/Y (INVx1_ASAP7_75t_R)
  33.68 2420.92 ^ _156568_/Y (OAI21x1_ASAP7_75t_R)
  34.29 2455.21 v _156616_/Y (AOI221x1_ASAP7_75t_R)
  48.52 2503.73 v _156806_/Y (OA211x2_ASAP7_75t_R)
  13.78 2517.51 ^ _156807_/Y (NAND2x1_ASAP7_75t_R)
  71.16 2588.67 ^ _156882_/Y (AO32x1_ASAP7_75t_R)
  34.48 2623.15 ^ _156995_/Y (OR2x2_ASAP7_75t_R)
  39.01 2662.16 ^ _157002_/Y (AO32x1_ASAP7_75t_R)
  36.29 2698.44 ^ _157004_/Y (XNOR2x2_ASAP7_75t_R)
  14.38 2712.83 v _157005_/Y (NOR3x1_ASAP7_75t_R)
  32.62 2745.45 v _157006_/Y (AND5x2_ASAP7_75t_R)
  28.88 2774.33 v _157078_/Y (OR3x1_ASAP7_75t_R)
  57.37 2831.69 v _157141_/Y (OA33x2_ASAP7_75t_R)
  34.73 2866.43 v _157144_/Y (OR2x2_ASAP7_75t_R)
  24.44 2890.87 v _157145_/Y (AO21x1_ASAP7_75t_R)
  26.35 2917.22 v _157196_/Y (AO32x1_ASAP7_75t_R)
  26.77 2943.99 v _157198_/Y (AO22x1_ASAP7_75t_R)
  23.00 2966.99 v _157222_/Y (AO21x1_ASAP7_75t_R)
  30.83 2997.82 v _157223_/Y (OR3x1_ASAP7_75t_R)
  42.49 3040.31 v _157312_/Y (AO21x1_ASAP7_75t_R)
  58.19 3098.50 ^ _157343_/Y (NAND2x1_ASAP7_75t_R)
  43.82 3142.32 v _157440_/Y (AOI221x1_ASAP7_75t_R)
  30.91 3173.23 v _157456_/Y (OA222x2_ASAP7_75t_R)
  22.24 3195.47 v _157459_/Y (AND5x2_ASAP7_75t_R)
  20.86 3216.33 v _157472_/Y (OA31x2_ASAP7_75t_R)
  42.26 3258.59 v _157475_/Y (OR4x2_ASAP7_75t_R)
  63.75 3322.33 ^ _157478_/Y (NAND2x1_ASAP7_75t_R)
  19.94 3342.27 v _157479_/Y (NOR2x1_ASAP7_75t_R)
  25.21 3367.48 v _157485_/Y (OA21x2_ASAP7_75t_R)
  28.58 3396.06 v _157492_/Y (AO221x1_ASAP7_75t_R)
  26.03 3422.09 v _157649_/Y (OA21x2_ASAP7_75t_R)
  24.74 3446.82 v _157651_/Y (AO21x1_ASAP7_75t_R)
  41.75 3488.58 v _157652_/Y (AO22x1_ASAP7_75t_R)
  64.55 3553.13 ^ _157732_/Y (NAND2x1_ASAP7_75t_R)
  25.99 3579.12 ^ _157764_/Y (AO21x1_ASAP7_75t_R)
  24.20 3603.32 v _157767_/Y (AOI22x1_ASAP7_75t_R)
  37.31 3640.63 v _157790_/Y (OA21x2_ASAP7_75t_R)
  18.85 3659.48 ^ _157827_/Y (AOI211x1_ASAP7_75t_R)
  19.61 3679.09 v _157842_/Y (OAI21x1_ASAP7_75t_R)
  89.64 3768.73 v _157921_/Y (AO221x1_ASAP7_75t_R)
  48.27 3817.00 v _157922_/Y (AO221x1_ASAP7_75t_R)
  27.48 3844.48 v _157925_/Y (AO32x2_ASAP7_75t_R)
  22.59 3867.07 v _157949_/Y (OA211x2_ASAP7_75t_R)
  32.17 3899.24 v _157967_/Y (AO222x2_ASAP7_75t_R)
  38.29 3937.53 v _158020_/Y (AO221x1_ASAP7_75t_R)
  28.61 3966.14 v _158084_/Y (AO211x2_ASAP7_75t_R)
  41.43 4007.57 v _158094_/Y (AND2x2_ASAP7_75t_R)
  49.23 4056.80 v _158173_/Y (OR3x2_ASAP7_75t_R)
  22.73 4079.54 v _158271_/Y (AO221x1_ASAP7_75t_R)
  33.06 4112.59 v _158272_/Y (OR5x1_ASAP7_75t_R)
  46.33 4158.93 v _158273_/Y (OR5x1_ASAP7_75t_R)
  20.14 4179.06 ^ _158274_/Y (NAND2x2_ASAP7_75t_R)
  54.60 4233.66 v _158287_/Y (OAI21x1_ASAP7_75t_R)
  52.70 4286.36 v _158298_/Y (AND2x2_ASAP7_75t_R)
  35.64 4322.00 v _158304_/Y (OA211x2_ASAP7_75t_R)
  30.46 4352.46 v _158330_/Y (XNOR2x2_ASAP7_75t_R)
  29.58 4382.04 v _158388_/Y (OR5x1_ASAP7_75t_R)
  42.94 4424.98 v _158399_/Y (AO33x2_ASAP7_75t_R)
  26.16 4451.15 v _158436_/Y (AND2x2_ASAP7_75t_R)
  78.93 4530.07 v _158437_/Y (OR3x1_ASAP7_75t_R)
  70.98 4601.05 v _158474_/Y (AND2x2_ASAP7_75t_R)
  38.15 4639.21 ^ _158476_/Y (AOI22x1_ASAP7_75t_R)
  23.17 4662.38 ^ _158477_/Y (AND2x2_ASAP7_75t_R)
  16.00 4678.38 v _158496_/Y (AOI221x1_ASAP7_75t_R)
  33.09 4711.47 v _158497_/Y (MAJx2_ASAP7_75t_R)
  24.75 4736.22 v _158571_/Y (AO21x1_ASAP7_75t_R)
  46.55 4782.77 v _158629_/Y (AO221x2_ASAP7_75t_R)
  81.05 4863.83 ^ _158672_/Y (NAND2x1_ASAP7_75t_R)
  35.80 4899.63 ^ _158689_/Y (AND2x2_ASAP7_75t_R)
  22.57 4922.20 ^ _158690_/Y (OA21x2_ASAP7_75t_R)
  20.24 4942.44 ^ _158691_/Y (OR2x2_ASAP7_75t_R)
  22.82 4965.26 ^ _158702_/Y (AND3x1_ASAP7_75t_R)
  21.78 4987.04 ^ _158720_/Y (OA21x2_ASAP7_75t_R)
  24.53 5011.57 ^ _158743_/Y (OA31x2_ASAP7_75t_R)
  15.08 5026.64 ^ _158761_/Y (OR4x1_ASAP7_75t_R)
  48.03 5074.67 ^ _158764_/Y (AND5x2_ASAP7_75t_R)
  37.09 5111.76 ^ _167893_/Y (OA21x2_ASAP7_75t_R)
  83.49 5195.26 ^ _167894_/Y (AND5x1_ASAP7_75t_R)
  95.87 5291.13 ^ _171924_/Y (AND2x2_ASAP7_75t_R)
  53.80 5344.93 ^ _172744_/Y (AO21x1_ASAP7_75t_R)
  31.94 5376.87 ^ output158/Y (BUFx2_ASAP7_75t_R)
   0.44 5377.31 ^ dmem_req_addr[26] (out)
        5377.31   data arrival time

12000.00 12000.00   clock core_clk (rise edge)
   0.00 12000.00   clock network delay (propagated)
 -50.00 11950.00   clock uncertainty
   0.00 11950.00   clock reconvergence pessimism
-2400.00 9550.00   output external delay
        9550.00   data required time
---------------------------------------------------------
        9550.00   data required time
        -5377.31   data arrival time
---------------------------------------------------------
        4172.69   slack (MET)


Startpoint: _308209_ (rising edge-triggered flip-flop clocked by core_clk)
Endpoint: dmem_req_addr[27] (output port clocked by core_clk)
Path Group: reg2out
Path Type: max

  Delay    Time   Description
---------------------------------------------------------
   0.00    0.00   clock core_clk (rise edge)
   0.00    0.00   clock source latency
   0.00    0.00 ^ clk (in)
  46.81   46.81 ^ wire4945/Y (BUFx10_ASAP7_75t_R)
  48.87   95.68 ^ clkbuf_0_clk/Y (BUFx24_ASAP7_75t_R)
  30.20  125.87 ^ clkbuf_1_0_0_clk/Y (BUFx24_ASAP7_75t_R)
  29.09  154.96 ^ clkbuf_2_1_0_clk/Y (BUFx24_ASAP7_75t_R)
  26.47  181.44 ^ clkbuf_3_2_0_clk/Y (BUFx24_ASAP7_75t_R)
  30.84  212.28 ^ clkbuf_4_4_0_clk/Y (BUFx24_ASAP7_75t_R)
  24.84  237.12 ^ clkbuf_6_19_0_clk/Y (BUFx24_ASAP7_75t_R)
  21.77  258.88 ^ clkbuf_7_38__f_clk/Y (BUFx24_ASAP7_75t_R)
  27.65  286.53 ^ clkbuf_leaf_778_clk/Y (BUFx24_ASAP7_75t_R)
   2.33  288.86 ^ _308209_/CLK (DFFHQNx3_ASAP7_75t_R)
  56.18  345.04 ^ _308209_/QN (DFFHQNx3_ASAP7_75t_R)
  27.51  372.55 ^ wire4778/Y (BUFx16f_ASAP7_75t_R)
  66.95  439.50 ^ wire4776/Y (BUFx16f_ASAP7_75t_R)
  33.08  472.58 ^ wire4775/Y (BUFx16f_ASAP7_75t_R)
  73.63  546.21 ^ load_slew4774/Y (BUFx16f_ASAP7_75t_R)
  94.00  640.21 ^ _153629_/Y (AND2x2_ASAP7_75t_R)
 169.02  809.24 v _153630_/Y (NAND2x1_ASAP7_75t_R)
  64.17  873.41 v _153631_/Y (OA21x2_ASAP7_75t_R)
 108.13  981.54 v _153633_/Y (AND3x1_ASAP7_75t_R)
  89.17 1070.71 v _154870_/Y (AO222x2_ASAP7_75t_R)
  47.40 1118.11 v _154873_/Y (OR3x2_ASAP7_75t_R)
  54.24 1172.36 v _154878_/Y (OR5x1_ASAP7_75t_R)
  93.99 1266.34 v _154879_/Y (OR4x1_ASAP7_75t_R)
  74.48 1340.82 v _155829_/Y (OR4x1_ASAP7_75t_R)
  24.56 1365.38 v _155944_/Y (AO221x1_ASAP7_75t_R)
  50.94 1416.32 v _155949_/Y (OR5x1_ASAP7_75t_R)
  34.05 1450.37 v _156013_/Y (AND2x2_ASAP7_75t_R)
  49.97 1500.34 ^ _156016_/Y (NAND3x1_ASAP7_75t_R)
  39.70 1540.04 v _156112_/Y (AOI221x1_ASAP7_75t_R)
  26.08 1566.12 v _156115_/Y (OA21x2_ASAP7_75t_R)
  21.84 1587.97 v _156116_/Y (OR3x1_ASAP7_75t_R)
  38.63 1626.60 v _156123_/Y (AO33x2_ASAP7_75t_R)
  41.76 1668.35 ^ _156140_/Y (NAND2x1_ASAP7_75t_R)
 110.76 1779.11 ^ _156253_/Y (AO221x1_ASAP7_75t_R)
  69.58 1848.70 v _156308_/Y (NAND2x2_ASAP7_75t_R)
  49.02 1897.71 v _156311_/Y (AO21x2_ASAP7_75t_R)
  23.18 1920.89 v _156314_/Y (OA21x2_ASAP7_75t_R)
  27.71 1948.60 v _156388_/Y (AO221x1_ASAP7_75t_R)
  22.62 1971.22 v _156389_/Y (OA21x2_ASAP7_75t_R)
  24.14 1995.36 ^ _156393_/Y (AOI22x1_ASAP7_75t_R)
  53.99 2049.35 v _156410_/Y (NAND2x1_ASAP7_75t_R)
  71.47 2120.82 v _156421_/Y (AO33x2_ASAP7_75t_R)
  32.75 2153.58 ^ _156522_/Y (XNOR2x2_ASAP7_75t_R)
  25.19 2178.76 ^ _156526_/Y (AND4x1_ASAP7_75t_R)
  19.20 2197.96 ^ _156550_/Y (AO21x1_ASAP7_75t_R)
  19.23 2217.19 ^ _156551_/Y (AO21x1_ASAP7_75t_R)
  80.77 2297.96 ^ _156552_/Y (OA211x2_ASAP7_75t_R)
  89.28 2387.25 v _156555_/Y (INVx1_ASAP7_75t_R)
  33.68 2420.92 ^ _156568_/Y (OAI21x1_ASAP7_75t_R)
  34.29 2455.21 v _156616_/Y (AOI221x1_ASAP7_75t_R)
  48.52 2503.73 v _156806_/Y (OA211x2_ASAP7_75t_R)
  13.78 2517.51 ^ _156807_/Y (NAND2x1_ASAP7_75t_R)
  71.16 2588.67 ^ _156882_/Y (AO32x1_ASAP7_75t_R)
  34.48 2623.15 ^ _156995_/Y (OR2x2_ASAP7_75t_R)
  39.01 2662.16 ^ _157002_/Y (AO32x1_ASAP7_75t_R)
  36.29 2698.44 ^ _157004_/Y (XNOR2x2_ASAP7_75t_R)
  14.38 2712.83 v _157005_/Y (NOR3x1_ASAP7_75t_R)
  32.62 2745.45 v _157006_/Y (AND5x2_ASAP7_75t_R)
  28.88 2774.33 v _157078_/Y (OR3x1_ASAP7_75t_R)
  57.37 2831.69 v _157141_/Y (OA33x2_ASAP7_75t_R)
  34.73 2866.43 v _157144_/Y (OR2x2_ASAP7_75t_R)
  24.44 2890.87 v _157145_/Y (AO21x1_ASAP7_75t_R)
  26.35 2917.22 v _157196_/Y (AO32x1_ASAP7_75t_R)
  26.77 2943.99 v _157198_/Y (AO22x1_ASAP7_75t_R)
  23.00 2966.99 v _157222_/Y (AO21x1_ASAP7_75t_R)
  30.83 2997.82 v _157223_/Y (OR3x1_ASAP7_75t_R)
  42.49 3040.31 v _157312_/Y (AO21x1_ASAP7_75t_R)
  58.19 3098.50 ^ _157343_/Y (NAND2x1_ASAP7_75t_R)
  43.82 3142.32 v _157440_/Y (AOI221x1_ASAP7_75t_R)
  30.91 3173.23 v _157456_/Y (OA222x2_ASAP7_75t_R)
  22.24 3195.47 v _157459_/Y (AND5x2_ASAP7_75t_R)
  20.86 3216.33 v _157472_/Y (OA31x2_ASAP7_75t_R)
  42.26 3258.59 v _157475_/Y (OR4x2_ASAP7_75t_R)
  63.75 3322.33 ^ _157478_/Y (NAND2x1_ASAP7_75t_R)
  19.94 3342.27 v _157479_/Y (NOR2x1_ASAP7_75t_R)
  25.21 3367.48 v _157485_/Y (OA21x2_ASAP7_75t_R)
  28.58 3396.06 v _157492_/Y (AO221x1_ASAP7_75t_R)
  26.03 3422.09 v _157649_/Y (OA21x2_ASAP7_75t_R)
  24.74 3446.82 v _157651_/Y (AO21x1_ASAP7_75t_R)
  41.75 3488.58 v _157652_/Y (AO22x1_ASAP7_75t_R)
  64.55 3553.13 ^ _157732_/Y (NAND2x1_ASAP7_75t_R)
  25.99 3579.12 ^ _157764_/Y (AO21x1_ASAP7_75t_R)
  24.20 3603.32 v _157767_/Y (AOI22x1_ASAP7_75t_R)
  37.31 3640.63 v _157790_/Y (OA21x2_ASAP7_75t_R)
  18.85 3659.48 ^ _157827_/Y (AOI211x1_ASAP7_75t_R)
  19.61 3679.09 v _157842_/Y (OAI21x1_ASAP7_75t_R)
  89.64 3768.73 v _157921_/Y (AO221x1_ASAP7_75t_R)
  48.27 3817.00 v _157922_/Y (AO221x1_ASAP7_75t_R)
  27.48 3844.48 v _157925_/Y (AO32x2_ASAP7_75t_R)
  22.59 3867.07 v _157949_/Y (OA211x2_ASAP7_75t_R)
  32.17 3899.24 v _157967_/Y (AO222x2_ASAP7_75t_R)
  38.29 3937.53 v _158020_/Y (AO221x1_ASAP7_75t_R)
  28.61 3966.14 v _158084_/Y (AO211x2_ASAP7_75t_R)
  41.43 4007.57 v _158094_/Y (AND2x2_ASAP7_75t_R)
  49.23 4056.80 v _158173_/Y (OR3x2_ASAP7_75t_R)
  22.73 4079.54 v _158271_/Y (AO221x1_ASAP7_75t_R)
  33.06 4112.59 v _158272_/Y (OR5x1_ASAP7_75t_R)
  46.33 4158.93 v _158273_/Y (OR5x1_ASAP7_75t_R)
  20.14 4179.06 ^ _158274_/Y (NAND2x2_ASAP7_75t_R)
  54.60 4233.66 v _158287_/Y (OAI21x1_ASAP7_75t_R)
  52.70 4286.36 v _158298_/Y (AND2x2_ASAP7_75t_R)
  35.64 4322.00 v _158304_/Y (OA211x2_ASAP7_75t_R)
  30.46 4352.46 v _158330_/Y (XNOR2x2_ASAP7_75t_R)
  29.58 4382.04 v _158388_/Y (OR5x1_ASAP7_75t_R)
  42.94 4424.98 v _158399_/Y (AO33x2_ASAP7_75t_R)
  26.16 4451.15 v _158436_/Y (AND2x2_ASAP7_75t_R)
  78.93 4530.07 v _158437_/Y (OR3x1_ASAP7_75t_R)
  70.98 4601.05 v _158474_/Y (AND2x2_ASAP7_75t_R)
  38.15 4639.21 ^ _158476_/Y (AOI22x1_ASAP7_75t_R)
  23.17 4662.38 ^ _158477_/Y (AND2x2_ASAP7_75t_R)
  16.00 4678.38 v _158496_/Y (AOI221x1_ASAP7_75t_R)
  33.09 4711.47 v _158497_/Y (MAJx2_ASAP7_75t_R)
  24.75 4736.22 v _158571_/Y (AO21x1_ASAP7_75t_R)
  46.55 4782.77 v _158629_/Y (AO221x2_ASAP7_75t_R)
  81.05 4863.83 ^ _158672_/Y (NAND2x1_ASAP7_75t_R)
  35.80 4899.63 ^ _158689_/Y (AND2x2_ASAP7_75t_R)
  22.57 4922.20 ^ _158690_/Y (OA21x2_ASAP7_75t_R)
  20.24 4942.44 ^ _158691_/Y (OR2x2_ASAP7_75t_R)
  22.82 4965.26 ^ _158702_/Y (AND3x1_ASAP7_75t_R)
  21.78 4987.04 ^ _158720_/Y (OA21x2_ASAP7_75t_R)
  24.53 5011.57 ^ _158743_/Y (OA31x2_ASAP7_75t_R)
  15.08 5026.64 ^ _158761_/Y (OR4x1_ASAP7_75t_R)
  48.03 5074.67 ^ _158764_/Y (AND5x2_ASAP7_75t_R)
  37.09 5111.76 ^ _167893_/Y (OA21x2_ASAP7_75t_R)
  83.49 5195.26 ^ _167894_/Y (AND5x1_ASAP7_75t_R)
  95.87 5291.13 ^ _171924_/Y (AND2x2_ASAP7_75t_R)
  54.30 5345.43 ^ _172771_/Y (AO21x1_ASAP7_75t_R)
  27.82 5373.25 ^ output159/Y (BUFx2_ASAP7_75t_R)
   0.38 5373.63 ^ dmem_req_addr[27] (out)
        5373.63   data arrival time

12000.00 12000.00   clock core_clk (rise edge)
   0.00 12000.00   clock network delay (propagated)
 -50.00 11950.00   clock uncertainty
   0.00 11950.00   clock reconvergence pessimism
-2400.00 9550.00   output external delay
        9550.00   data required time
---------------------------------------------------------
        9550.00   data required time
        -5373.63   data arrival time
---------------------------------------------------------
        4176.37   slack (MET)


Startpoint: _308209_ (rising edge-triggered flip-flop clocked by core_clk)
Endpoint: dmem_req_addr[11] (output port clocked by core_clk)
Path Group: reg2out
Path Type: max

  Delay    Time   Description
---------------------------------------------------------
   0.00    0.00   clock core_clk (rise edge)
   0.00    0.00   clock source latency
   0.00    0.00 ^ clk (in)
  46.81   46.81 ^ wire4945/Y (BUFx10_ASAP7_75t_R)
  48.87   95.68 ^ clkbuf_0_clk/Y (BUFx24_ASAP7_75t_R)
  30.20  125.87 ^ clkbuf_1_0_0_clk/Y (BUFx24_ASAP7_75t_R)
  29.09  154.96 ^ clkbuf_2_1_0_clk/Y (BUFx24_ASAP7_75t_R)
  26.47  181.44 ^ clkbuf_3_2_0_clk/Y (BUFx24_ASAP7_75t_R)
  30.84  212.28 ^ clkbuf_4_4_0_clk/Y (BUFx24_ASAP7_75t_R)
  24.84  237.12 ^ clkbuf_6_19_0_clk/Y (BUFx24_ASAP7_75t_R)
  21.77  258.88 ^ clkbuf_7_38__f_clk/Y (BUFx24_ASAP7_75t_R)
  27.65  286.53 ^ clkbuf_leaf_778_clk/Y (BUFx24_ASAP7_75t_R)
   2.33  288.86 ^ _308209_/CLK (DFFHQNx3_ASAP7_75t_R)
  56.18  345.04 ^ _308209_/QN (DFFHQNx3_ASAP7_75t_R)
  27.51  372.55 ^ wire4778/Y (BUFx16f_ASAP7_75t_R)
  66.95  439.50 ^ wire4776/Y (BUFx16f_ASAP7_75t_R)
  33.08  472.58 ^ wire4775/Y (BUFx16f_ASAP7_75t_R)
  73.63  546.21 ^ load_slew4774/Y (BUFx16f_ASAP7_75t_R)
  94.00  640.21 ^ _153629_/Y (AND2x2_ASAP7_75t_R)
 169.02  809.24 v _153630_/Y (NAND2x1_ASAP7_75t_R)
  64.17  873.41 v _153631_/Y (OA21x2_ASAP7_75t_R)
 108.13  981.54 v _153633_/Y (AND3x1_ASAP7_75t_R)
  89.17 1070.71 v _154870_/Y (AO222x2_ASAP7_75t_R)
  47.40 1118.11 v _154873_/Y (OR3x2_ASAP7_75t_R)
  54.24 1172.36 v _154878_/Y (OR5x1_ASAP7_75t_R)
  93.99 1266.34 v _154879_/Y (OR4x1_ASAP7_75t_R)
  74.48 1340.82 v _155829_/Y (OR4x1_ASAP7_75t_R)
  24.56 1365.38 v _155944_/Y (AO221x1_ASAP7_75t_R)
  50.94 1416.32 v _155949_/Y (OR5x1_ASAP7_75t_R)
  34.05 1450.37 v _156013_/Y (AND2x2_ASAP7_75t_R)
  49.97 1500.34 ^ _156016_/Y (NAND3x1_ASAP7_75t_R)
  39.70 1540.04 v _156112_/Y (AOI221x1_ASAP7_75t_R)
  26.08 1566.12 v _156115_/Y (OA21x2_ASAP7_75t_R)
  21.84 1587.97 v _156116_/Y (OR3x1_ASAP7_75t_R)
  38.63 1626.60 v _156123_/Y (AO33x2_ASAP7_75t_R)
  41.76 1668.35 ^ _156140_/Y (NAND2x1_ASAP7_75t_R)
 110.76 1779.11 ^ _156253_/Y (AO221x1_ASAP7_75t_R)
  69.58 1848.70 v _156308_/Y (NAND2x2_ASAP7_75t_R)
  49.02 1897.71 v _156311_/Y (AO21x2_ASAP7_75t_R)
  23.18 1920.89 v _156314_/Y (OA21x2_ASAP7_75t_R)
  27.71 1948.60 v _156388_/Y (AO221x1_ASAP7_75t_R)
  22.62 1971.22 v _156389_/Y (OA21x2_ASAP7_75t_R)
  24.14 1995.36 ^ _156393_/Y (AOI22x1_ASAP7_75t_R)
  53.99 2049.35 v _156410_/Y (NAND2x1_ASAP7_75t_R)
  71.47 2120.82 v _156421_/Y (AO33x2_ASAP7_75t_R)
  32.75 2153.58 ^ _156522_/Y (XNOR2x2_ASAP7_75t_R)
  25.19 2178.76 ^ _156526_/Y (AND4x1_ASAP7_75t_R)
  19.20 2197.96 ^ _156550_/Y (AO21x1_ASAP7_75t_R)
  19.23 2217.19 ^ _156551_/Y (AO21x1_ASAP7_75t_R)
  80.77 2297.96 ^ _156552_/Y (OA211x2_ASAP7_75t_R)
  89.28 2387.25 v _156555_/Y (INVx1_ASAP7_75t_R)
  33.68 2420.92 ^ _156568_/Y (OAI21x1_ASAP7_75t_R)
  34.29 2455.21 v _156616_/Y (AOI221x1_ASAP7_75t_R)
  48.52 2503.73 v _156806_/Y (OA211x2_ASAP7_75t_R)
  13.78 2517.51 ^ _156807_/Y (NAND2x1_ASAP7_75t_R)
  71.16 2588.67 ^ _156882_/Y (AO32x1_ASAP7_75t_R)
  34.48 2623.15 ^ _156995_/Y (OR2x2_ASAP7_75t_R)
  39.01 2662.16 ^ _157002_/Y (AO32x1_ASAP7_75t_R)
  36.29 2698.44 ^ _157004_/Y (XNOR2x2_ASAP7_75t_R)
  14.38 2712.83 v _157005_/Y (NOR3x1_ASAP7_75t_R)
  32.62 2745.45 v _157006_/Y (AND5x2_ASAP7_75t_R)
  28.88 2774.33 v _157078_/Y (OR3x1_ASAP7_75t_R)
  57.37 2831.69 v _157141_/Y (OA33x2_ASAP7_75t_R)
  34.73 2866.43 v _157144_/Y (OR2x2_ASAP7_75t_R)
  24.44 2890.87 v _157145_/Y (AO21x1_ASAP7_75t_R)
  26.35 2917.22 v _157196_/Y (AO32x1_ASAP7_75t_R)
  26.77 2943.99 v _157198_/Y (AO22x1_ASAP7_75t_R)
  23.00 2966.99 v _157222_/Y (AO21x1_ASAP7_75t_R)
  30.83 2997.82 v _157223_/Y (OR3x1_ASAP7_75t_R)
  42.49 3040.31 v _157312_/Y (AO21x1_ASAP7_75t_R)
  58.19 3098.50 ^ _157343_/Y (NAND2x1_ASAP7_75t_R)
  43.82 3142.32 v _157440_/Y (AOI221x1_ASAP7_75t_R)
  30.91 3173.23 v _157456_/Y (OA222x2_ASAP7_75t_R)
  22.24 3195.47 v _157459_/Y (AND5x2_ASAP7_75t_R)
  20.86 3216.33 v _157472_/Y (OA31x2_ASAP7_75t_R)
  42.26 3258.59 v _157475_/Y (OR4x2_ASAP7_75t_R)
  63.75 3322.33 ^ _157478_/Y (NAND2x1_ASAP7_75t_R)
  19.94 3342.27 v _157479_/Y (NOR2x1_ASAP7_75t_R)
  25.21 3367.48 v _157485_/Y (OA21x2_ASAP7_75t_R)
  28.58 3396.06 v _157492_/Y (AO221x1_ASAP7_75t_R)
  26.03 3422.09 v _157649_/Y (OA21x2_ASAP7_75t_R)
  24.74 3446.82 v _157651_/Y (AO21x1_ASAP7_75t_R)
  41.75 3488.58 v _157652_/Y (AO22x1_ASAP7_75t_R)
  64.55 3553.13 ^ _157732_/Y (NAND2x1_ASAP7_75t_R)
  25.99 3579.12 ^ _157764_/Y (AO21x1_ASAP7_75t_R)
  24.20 3603.32 v _157767_/Y (AOI22x1_ASAP7_75t_R)
  37.31 3640.63 v _157790_/Y (OA21x2_ASAP7_75t_R)
  18.85 3659.48 ^ _157827_/Y (AOI211x1_ASAP7_75t_R)
  19.61 3679.09 v _157842_/Y (OAI21x1_ASAP7_75t_R)
  89.64 3768.73 v _157921_/Y (AO221x1_ASAP7_75t_R)
  48.27 3817.00 v _157922_/Y (AO221x1_ASAP7_75t_R)
  27.48 3844.48 v _157925_/Y (AO32x2_ASAP7_75t_R)
  22.59 3867.07 v _157949_/Y (OA211x2_ASAP7_75t_R)
  32.17 3899.24 v _157967_/Y (AO222x2_ASAP7_75t_R)
  38.29 3937.53 v _158020_/Y (AO221x1_ASAP7_75t_R)
  28.61 3966.14 v _158084_/Y (AO211x2_ASAP7_75t_R)
  41.43 4007.57 v _158094_/Y (AND2x2_ASAP7_75t_R)
  49.23 4056.80 v _158173_/Y (OR3x2_ASAP7_75t_R)
  22.73 4079.54 v _158271_/Y (AO221x1_ASAP7_75t_R)
  33.06 4112.59 v _158272_/Y (OR5x1_ASAP7_75t_R)
  46.33 4158.93 v _158273_/Y (OR5x1_ASAP7_75t_R)
  20.14 4179.06 ^ _158274_/Y (NAND2x2_ASAP7_75t_R)
  54.60 4233.66 v _158287_/Y (OAI21x1_ASAP7_75t_R)
  52.70 4286.36 v _158298_/Y (AND2x2_ASAP7_75t_R)
  35.64 4322.00 v _158304_/Y (OA211x2_ASAP7_75t_R)
  30.46 4352.46 v _158330_/Y (XNOR2x2_ASAP7_75t_R)
  29.58 4382.04 v _158388_/Y (OR5x1_ASAP7_75t_R)
  42.94 4424.98 v _158399_/Y (AO33x2_ASAP7_75t_R)
  26.16 4451.15 v _158436_/Y (AND2x2_ASAP7_75t_R)
  78.93 4530.07 v _158437_/Y (OR3x1_ASAP7_75t_R)
  70.98 4601.05 v _158474_/Y (AND2x2_ASAP7_75t_R)
  38.15 4639.21 ^ _158476_/Y (AOI22x1_ASAP7_75t_R)
  23.17 4662.38 ^ _158477_/Y (AND2x2_ASAP7_75t_R)
  16.00 4678.38 v _158496_/Y (AOI221x1_ASAP7_75t_R)
  33.09 4711.47 v _158497_/Y (MAJx2_ASAP7_75t_R)
  24.75 4736.22 v _158571_/Y (AO21x1_ASAP7_75t_R)
  46.55 4782.77 v _158629_/Y (AO221x2_ASAP7_75t_R)
  81.05 4863.83 ^ _158672_/Y (NAND2x1_ASAP7_75t_R)
  35.80 4899.63 ^ _158689_/Y (AND2x2_ASAP7_75t_R)
  22.57 4922.20 ^ _158690_/Y (OA21x2_ASAP7_75t_R)
  20.24 4942.44 ^ _158691_/Y (OR2x2_ASAP7_75t_R)
  22.82 4965.26 ^ _158702_/Y (AND3x1_ASAP7_75t_R)
  21.78 4987.04 ^ _158720_/Y (OA21x2_ASAP7_75t_R)
  24.53 5011.57 ^ _158743_/Y (OA31x2_ASAP7_75t_R)
  15.08 5026.64 ^ _158761_/Y (OR4x1_ASAP7_75t_R)
  48.03 5074.67 ^ _158764_/Y (AND5x2_ASAP7_75t_R)
  37.09 5111.76 ^ _167893_/Y (OA21x2_ASAP7_75t_R)
  83.49 5195.26 ^ _167894_/Y (AND5x1_ASAP7_75t_R)
  95.87 5291.13 ^ _171924_/Y (AND2x2_ASAP7_75t_R)
  56.34 5347.47 ^ _172326_/Y (AO21x1_ASAP7_75t_R)
  23.82 5371.29 ^ output143/Y (BUFx2_ASAP7_75t_R)
   0.32 5371.61 ^ dmem_req_addr[11] (out)
        5371.61   data arrival time

12000.00 12000.00   clock core_clk (rise edge)
   0.00 12000.00   clock network delay (propagated)
 -50.00 11950.00   clock uncertainty
   0.00 11950.00   clock reconvergence pessimism
-2400.00 9550.00   output external delay
        9550.00   data required time
---------------------------------------------------------
        9550.00   data required time
        -5371.61   data arrival time
---------------------------------------------------------
        4178.39   slack (MET)


