
==========================================================================
global place report_tns
--------------------------------------------------------------------------
tns max -3253201664.00

==========================================================================
global place report_wns
--------------------------------------------------------------------------
wns max -200824.03

==========================================================================
global place report_worst_slack
--------------------------------------------------------------------------
worst slack max -200824.03

==========================================================================
global place report_clock_min_period
--------------------------------------------------------------------------
core_clk period_min = 206824.03 fmax = 4.84

==========================================================================
global place report_checks -path_delay min
--------------------------------------------------------------------------
Startpoint: rst (input port clocked by core_clk)
Endpoint: dmem_req_addr[18] (output port clocked by core_clk)
Path Group: in2out
Path Type: min

Fanout     Cap    Slew   Delay    Time   Description
-----------------------------------------------------------------------------
                  0.00    0.00    0.00   clock core_clk (rise edge)
                          0.00    0.00   clock network delay (ideal)
                       1200.00 1200.00 v input external delay
     1    0.87   20.00    0.00 1200.00 v rst (in)
                                         rst (net)
                 20.15    0.05 1200.05 v input106/A (BUFx2_ASAP7_75t_R)
  1904 2156.90 6261.07 1561.39 2761.44 v input106/Y (BUFx2_ASAP7_75t_R)
                                         net106 (net)
               10051.29 2820.44 5581.88 v _167892_/A (NOR2x1_ASAP7_75t_R)
    88   91.17  590.88 3596.52 9178.41 ^ _167892_/Y (NOR2x1_ASAP7_75t_R)
                                         net108 (net)
                592.73   19.66 9198.07 ^ _172909_/B2 (AO32x1_ASAP7_75t_R)
     1    0.61    7.96   38.07 9236.14 ^ _172909_/Y (AO32x1_ASAP7_75t_R)
                                         u_lsu.dmem_req_addr[18] (net)
                  7.96    0.03 9236.17 ^ output150/A (BUFx2_ASAP7_75t_R)
     1    6.60   24.31   19.93 9256.10 ^ output150/Y (BUFx2_ASAP7_75t_R)
                                         dmem_req_addr[18] (net)
                 26.26    3.64 9259.73 ^ dmem_req_addr[18] (out)
                               9259.73   data arrival time

                  0.00    0.00    0.00   clock core_clk (rise edge)
                          0.00    0.00   clock network delay (ideal)
                         25.00   25.00   clock uncertainty
                          0.00   25.00   clock reconvergence pessimism
                       -1200.00 -1175.00   output external delay
                               -1175.00   data required time
-----------------------------------------------------------------------------
                               -1175.00   data required time
                               -9259.73   data arrival time
-----------------------------------------------------------------------------
                               10434.73   slack (MET)


Startpoint: imem_rsp_rdata[7] (input port clocked by core_clk)
Endpoint: _300560_ (rising edge-triggered flip-flop clocked by core_clk)
Path Group: in2reg
Path Type: min

Fanout     Cap    Slew   Delay    Time   Description
-----------------------------------------------------------------------------
                  0.00    0.00    0.00   clock core_clk (rise edge)
                          0.00    0.00   clock network delay (ideal)
                       1200.00 1200.00 v input external delay
     1    1.25   20.00    0.00 1200.00 v imem_rsp_rdata[7] (in)
                                         imem_rsp_rdata[7] (net)
                 20.33    0.10 1200.10 v input102/A (BUFx2_ASAP7_75t_R)
     5    3.06   11.35   20.59 1220.69 v input102/Y (BUFx2_ASAP7_75t_R)
                                         net102 (net)
                 11.38    0.29 1220.98 v _231908_/A1 (OA21x2_ASAP7_75t_R)
     1    0.60    4.31   16.90 1237.89 v _231908_/Y (OA21x2_ASAP7_75t_R)
                                         u_frontend._395414_ (net)
                  4.31    0.02 1237.91 v _300560_/D (DFFHQNx1_ASAP7_75t_R)
                               1237.91   data arrival time

                  0.00    0.00    0.00   clock core_clk (rise edge)
                          0.00    0.00   clock network delay (ideal)
                         25.00   25.00   clock uncertainty
                          0.00   25.00   clock reconvergence pessimism
                                 25.00 ^ _300560_/CLK (DFFHQNx1_ASAP7_75t_R)
                          8.80   33.80   library hold time
                                 33.80   data required time
-----------------------------------------------------------------------------
                                 33.80   data required time
                               -1237.91   data arrival time
-----------------------------------------------------------------------------
                               1204.10   slack (MET)


Startpoint: _318613_ (rising edge-triggered flip-flop clocked by core_clk)
Endpoint: commit_trace[12] (output port clocked by core_clk)
Path Group: reg2out
Path Type: min

Fanout     Cap    Slew   Delay    Time   Description
-----------------------------------------------------------------------------
                  0.00    0.00    0.00   clock core_clk (rise edge)
                          0.00    0.00   clock network delay (ideal)
                  0.00    0.00    0.00 ^ _318613_/CLK (DFFHQNx1_ASAP7_75t_R)
     1    0.54   11.49   29.81   29.81 v _318613_/QN (DFFHQNx1_ASAP7_75t_R)
                                         _000682_ (net)
                 11.49    0.02   29.82 v _152840_/A (INVx1_ASAP7_75t_R)
     1    0.50    6.62    6.21   36.04 ^ _152840_/Y (INVx1_ASAP7_75t_R)
                                         u_rob.commit_trace[12] (net)
                  6.62    0.02   36.05 ^ output241/A (BUFx2_ASAP7_75t_R)
     1    2.48   10.70   14.89   50.94 ^ output241/Y (BUFx2_ASAP7_75t_R)
                                         commit_trace[12] (net)
                 10.72    0.26   51.20 ^ commit_trace[12] (out)
                                 51.20   data arrival time

                  0.00    0.00    0.00   clock core_clk (rise edge)
                          0.00    0.00   clock network delay (ideal)
                         25.00   25.00   clock uncertainty
                          0.00   25.00   clock reconvergence pessimism
                       -1200.00 -1175.00   output external delay
                               -1175.00   data required time
-----------------------------------------------------------------------------
                               -1175.00   data required time
                                -51.20   data arrival time
-----------------------------------------------------------------------------
                               1226.20   slack (MET)


Startpoint: _307758_ (rising edge-triggered flip-flop clocked by core_clk)
Endpoint: _307758_ (rising edge-triggered flip-flop clocked by core_clk)
Path Group: reg2reg
Path Type: min

Fanout     Cap    Slew   Delay    Time   Description
-----------------------------------------------------------------------------
                  0.00    0.00    0.00   clock core_clk (rise edge)
                          0.00    0.00   clock network delay (ideal)
                  0.00    0.00    0.00 ^ _307758_/CLK (DFFHQNx1_ASAP7_75t_R)
     2    1.08   14.76   33.87   33.87 ^ _307758_/QN (DFFHQNx1_ASAP7_75t_R)
                                         _017285_ (net)
                 14.76    0.03   33.90 ^ _282701_/B (NOR2x1_ASAP7_75t_R)
     1    0.61    7.49    7.56   41.46 v _282701_/Y (NOR2x1_ASAP7_75t_R)
                                         u_csr._0005_[17] (net)
                  7.49    0.02   41.49 v _307758_/D (DFFHQNx1_ASAP7_75t_R)
                                 41.49   data arrival time

                  0.00    0.00    0.00   clock core_clk (rise edge)
                          0.00    0.00   clock network delay (ideal)
                         25.00   25.00   clock uncertainty
                          0.00   25.00   clock reconvergence pessimism
                                 25.00 ^ _307758_/CLK (DFFHQNx1_ASAP7_75t_R)
                          8.51   33.51   library hold time
                                 33.51   data required time
-----------------------------------------------------------------------------
                                 33.51   data required time
                                -41.49   data arrival time
-----------------------------------------------------------------------------
                                  7.97   slack (MET)



==========================================================================
global place report_checks -path_delay max
--------------------------------------------------------------------------
Startpoint: rst (input port clocked by core_clk)
Endpoint: dmem_req_addr[13] (output port clocked by core_clk)
Path Group: in2out
Path Type: max

Fanout     Cap    Slew   Delay    Time   Description
-----------------------------------------------------------------------------
                  0.00    0.00    0.00   clock core_clk (rise edge)
                          0.00    0.00   clock network delay (ideal)
                       1200.00 1200.00 ^ input external delay
     1    1.01   20.00    0.00 1200.00 ^ rst (in)
                                         rst (net)
                 20.19    0.06 1200.06 ^ input106/A (BUFx2_ASAP7_75t_R)
  1904 2761.69 9347.97 2510.85 3710.91 ^ input106/Y (BUFx2_ASAP7_75t_R)
                                         net106 (net)
               9349.11   74.86 3785.77 ^ _151342_/A (INVx1_ASAP7_75t_R)
  4764 3963.14 3121.60 164935.48 168721.27 v _151342_/Y (INVx1_ASAP7_75t_R)
                                         _096745_ (net)
               3121.60 7932.81 176654.06 v _167894_/A (AND5x1_ASAP7_75t_R)
    21   30.25  185.07  307.10 176961.17 v _167894_/Y (AND5x1_ASAP7_75t_R)
                                         _111900_ (net)
                191.18   18.72 176979.88 v _171924_/B (AND2x2_ASAP7_75t_R)
    17   29.80   86.84   75.56 177055.44 v _171924_/Y (AND2x2_ASAP7_75t_R)
                                         _115788_ (net)
                 89.30    8.01 177063.45 v _172383_/A2 (AO21x1_ASAP7_75t_R)
     2   11.20   63.33   52.52 177115.98 v _172383_/Y (AO21x1_ASAP7_75t_R)
                                         u_lsu.dmem_req_addr[13] (net)
                 63.67    2.67 177118.66 v output145/A (BUFx2_ASAP7_75t_R)
     1    2.53   11.68   28.58 177147.23 v output145/Y (BUFx2_ASAP7_75t_R)
                                         dmem_req_addr[13] (net)
                 11.70    0.28 177147.52 v dmem_req_addr[13] (out)
                               177147.52   data arrival time

                  0.00 6000.00 6000.00   clock core_clk (rise edge)
                          0.00 6000.00   clock network delay (ideal)
                        -50.00 5950.00   clock uncertainty
                          0.00 5950.00   clock reconvergence pessimism
                       -1200.00 4750.00   output external delay
                               4750.00   data required time
-----------------------------------------------------------------------------
                               4750.00   data required time
                               -177147.52   data arrival time
-----------------------------------------------------------------------------
                               -172397.50   slack (VIOLATED)


Startpoint: rst (input port clocked by core_clk)
Endpoint: _310296_ (rising edge-triggered flip-flop clocked by core_clk)
Path Group: in2reg
Path Type: max

Fanout     Cap    Slew   Delay    Time   Description
-----------------------------------------------------------------------------
                  0.00    0.00    0.00   clock core_clk (rise edge)
                          0.00    0.00   clock network delay (ideal)
                       1200.00 1200.00 ^ input external delay
     1    1.01   20.00    0.00 1200.00 ^ rst (in)
                                         rst (net)
                 20.19    0.06 1200.06 ^ input106/A (BUFx2_ASAP7_75t_R)
  1904 2761.69 9347.97 2510.85 3710.91 ^ input106/Y (BUFx2_ASAP7_75t_R)
                                         net106 (net)
               9349.11   74.86 3785.77 ^ _151342_/A (INVx1_ASAP7_75t_R)
  4764 3963.14 3121.60 164935.48 168721.27 v _151342_/Y (INVx1_ASAP7_75t_R)
                                         _096745_ (net)
               3121.60 2699.59 171420.84 v _151458_/A (AND2x2_ASAP7_75t_R)
   695  703.26 2025.28  408.02 171828.88 v _151458_/Y (AND2x2_ASAP7_75t_R)
                                         _096860_ (net)
               5178.24 1606.82 173435.69 v _159520_/B (NAND2x1_ASAP7_75t_R)
  1057 1405.82    0.00 30433.21 203868.91 ^ _159520_/Y (NAND2x1_ASAP7_75t_R)
                                         _104483_ (net)
                  0.00 2043.14 205912.05 ^ _210689_/A (NOR3x1_ASAP7_75t_R)
   123  156.65 1862.05  192.33 206104.38 v _210689_/Y (NOR3x1_ASAP7_75t_R)
                                         _149370_ (net)
               2098.41  412.95 206517.33 v _211158_/B1 (AO32x1_ASAP7_75t_R)
     1    0.65  145.51  235.32 206752.64 v _211158_/Y (AO32x1_ASAP7_75t_R)
                                         u_int_iq._00013_[280] (net)
                145.51    0.01 206752.66 v _310296_/D (DFFHQNx1_ASAP7_75t_R)
                               206752.66   data arrival time

                  0.00 6000.00 6000.00   clock core_clk (rise edge)
                          0.00 6000.00   clock network delay (ideal)
                        -50.00 5950.00   clock uncertainty
                          0.00 5950.00   clock reconvergence pessimism
                               5950.00 ^ _310296_/CLK (DFFHQNx1_ASAP7_75t_R)
                        -21.38 5928.62   library setup time
                               5928.62   data required time
-----------------------------------------------------------------------------
                               5928.62   data required time
                               -206752.66   data arrival time
-----------------------------------------------------------------------------
                               -200824.03   slack (VIOLATED)


Startpoint: _308209_ (rising edge-triggered flip-flop clocked by core_clk)
Endpoint: dmem_req_addr[13] (output port clocked by core_clk)
Path Group: reg2out
Path Type: max

Fanout     Cap    Slew   Delay    Time   Description
-----------------------------------------------------------------------------
                  0.00    0.00    0.00   clock core_clk (rise edge)
                          0.00    0.00   clock network delay (ideal)
                  0.00    0.00    0.00 ^ _308209_/CLK (DFFHQNx1_ASAP7_75t_R)
   266  319.79 2173.14  472.92  472.92 ^ _308209_/QN (DFFHQNx1_ASAP7_75t_R)
                                         u_lsu._004001_[1] (net)
               2472.25  427.53  900.45 ^ _153613_/A (INVx1_ASAP7_75t_R)
    96  127.65 1044.01 1848.41 2748.87 v _153613_/Y (INVx1_ASAP7_75t_R)
                                         _098578_ (net)
               1044.01    7.03 2755.90 v _153614_/B (OA21x2_ASAP7_75t_R)
     2    1.58   39.18  106.44 2862.34 v _153614_/Y (OA21x2_ASAP7_75t_R)
                                         _098579_ (net)
                 39.18    0.04 2862.37 v _153616_/B1 (AOI22x1_ASAP7_75t_R)
   107  124.02 1038.55  296.15 3158.52 ^ _153616_/Y (AOI22x1_ASAP7_75t_R)
                                         _098581_ (net)
               1047.25   57.03 3215.55 ^ _153658_/A (NAND2x1_ASAP7_75t_R)
   116  142.90 1589.64  535.11 3750.66 v _153658_/Y (NAND2x1_ASAP7_75t_R)
                                         _098623_ (net)
               1628.39  142.96 3893.62 v _154873_/A (OR3x2_ASAP7_75t_R)
     8   13.61   63.96  248.08 4141.70 v _154873_/Y (OR3x2_ASAP7_75t_R)
                                         _099838_ (net)
                 64.44    3.38 4145.08 v _154878_/C (OR5x1_ASAP7_75t_R)
     3    5.05   36.66   52.98 4198.06 v _154878_/Y (OR5x1_ASAP7_75t_R)
                                         _099843_ (net)
                 36.89    1.63 4199.68 v _154879_/D (OR4x1_ASAP7_75t_R)
    31   35.95  198.30  109.95 4309.63 v _154879_/Y (OR4x1_ASAP7_75t_R)
                                         _099844_ (net)
                199.03    7.11 4316.74 v _155829_/C (OR4x1_ASAP7_75t_R)
     2    1.58   17.29   50.80 4367.55 v _155829_/Y (OR4x1_ASAP7_75t_R)
                                         _100794_ (net)
                 17.29    0.05 4367.60 v _155944_/B2 (AO221x1_ASAP7_75t_R)
     1    0.93   10.25   23.66 4391.26 v _155944_/Y (AO221x1_ASAP7_75t_R)
                                         _100909_ (net)
                 10.26    0.07 4391.33 v _155949_/A (OR5x1_ASAP7_75t_R)
    11    8.40   52.29   48.67 4440.00 v _155949_/Y (OR5x1_ASAP7_75t_R)
                                         _100914_ (net)
                 52.45    1.67 4441.67 v _156013_/A (AND2x2_ASAP7_75t_R)
     2    2.69   11.60   29.47 4471.14 v _156013_/Y (AND2x2_ASAP7_75t_R)
                                         _100978_ (net)
                 11.60    0.06 4471.20 v _156016_/A (NAND3x1_ASAP7_75t_R)
    12   17.72  125.57   49.12 4520.32 ^ _156016_/Y (NAND3x1_ASAP7_75t_R)
                                         _100981_ (net)
                125.69    2.34 4522.67 ^ _156112_/A1 (AOI221x1_ASAP7_75t_R)
     1    0.74   37.97   33.83 4556.50 v _156112_/Y (AOI221x1_ASAP7_75t_R)
                                         _101077_ (net)
                 37.97    0.03 4556.53 v _156115_/A2 (OA21x2_ASAP7_75t_R)
     1    1.29    8.55   25.20 4581.73 v _156115_/Y (OA21x2_ASAP7_75t_R)
                                         _101080_ (net)
                  8.57    0.14 4581.87 v _156116_/A (OR3x1_ASAP7_75t_R)
     2    1.24   11.15   20.71 4602.59 v _156116_/Y (OR3x1_ASAP7_75t_R)
                                         _101081_ (net)
                 11.15    0.03 4602.62 v _156123_/A3 (AO33x2_ASAP7_75t_R)
     5    4.63   20.04   37.79 4640.41 v _156123_/Y (AO33x2_ASAP7_75t_R)
                                         _101088_ (net)
                 20.08    0.49 4640.90 v _156140_/A (NAND2x1_ASAP7_75t_R)
    12   10.73   71.67   39.40 4680.29 ^ _156140_/Y (NAND2x1_ASAP7_75t_R)
                                         _101105_ (net)
                 71.69    0.57 4680.86 ^ _156253_/B2 (AO221x1_ASAP7_75t_R)
    33   33.93  220.11  109.42 4790.28 ^ _156253_/Y (AO221x1_ASAP7_75t_R)
                                         _101218_ (net)
                221.80   11.09 4801.37 ^ _156308_/A (NAND2x2_ASAP7_75t_R)
    15   23.19   88.63   52.30 4853.66 v _156308_/Y (NAND2x2_ASAP7_75t_R)
                                         _101273_ (net)
                 89.20    4.01 4857.67 v _156311_/A2 (AO21x2_ASAP7_75t_R)
     6    6.79   23.71   41.55 4899.22 v _156311_/Y (AO21x2_ASAP7_75t_R)
                                         _101276_ (net)
                 23.82    0.91 4900.13 v _156314_/A1 (OA21x2_ASAP7_75t_R)
     2    1.55    8.56   21.09 4921.22 v _156314_/Y (OA21x2_ASAP7_75t_R)
                                         _101279_ (net)
                  8.56    0.03 4921.26 v _156388_/C (AO221x1_ASAP7_75t_R)
     2    2.31   16.98   26.85 4948.10 v _156388_/Y (AO221x1_ASAP7_75t_R)
                                         _101353_ (net)
                 16.99    0.14 4948.24 v _156389_/A2 (OA21x2_ASAP7_75t_R)
     3    2.36   10.59   21.89 4970.13 v _156389_/Y (OA21x2_ASAP7_75t_R)
                                         _101354_ (net)
                 10.60    0.12 4970.25 v _156393_/A1 (AOI22x1_ASAP7_75t_R)
     6    5.85   43.88   23.66 4993.91 ^ _156393_/Y (AOI22x1_ASAP7_75t_R)
                                         _101358_ (net)
                 43.88    0.18 4994.09 ^ _156410_/B (NAND2x1_ASAP7_75t_R)
    21   21.91  115.77   53.20 5047.29 v _156410_/Y (NAND2x1_ASAP7_75t_R)
                                         _101375_ (net)
                115.78    0.31 5047.61 v _156421_/A3 (AO33x2_ASAP7_75t_R)
    13   14.41   60.97   70.35 5117.95 v _156421_/Y (AO33x2_ASAP7_75t_R)
                                         _101386_ (net)
                 61.20    2.14 5120.09 v _156522_/B (XNOR2x2_ASAP7_75t_R)
     1    0.67    8.11   29.53 5149.62 ^ _156522_/Y (XNOR2x2_ASAP7_75t_R)
                                         _101487_ (net)
                  8.11    0.02 5149.64 ^ _156526_/B (AND4x1_ASAP7_75t_R)
     2    1.70   16.41   24.63 5174.28 ^ _156526_/Y (AND4x1_ASAP7_75t_R)
                                         _101491_ (net)
                 16.41    0.07 5174.34 ^ _156550_/A2 (AO21x1_ASAP7_75t_R)
     2    1.82   14.42   18.48 5192.82 ^ _156550_/Y (AO21x1_ASAP7_75t_R)
                                         _101515_ (net)
                 14.42    0.15 5192.97 ^ _156551_/B (AO21x1_ASAP7_75t_R)
     3    2.85   21.03   18.65 5211.62 ^ _156551_/Y (AO21x1_ASAP7_75t_R)
                                         _101516_ (net)
                 21.03    0.05 5211.67 ^ _156552_/C (OA211x2_ASAP7_75t_R)
    52   49.15  164.45   80.69 5292.36 ^ _156552_/Y (OA211x2_ASAP7_75t_R)
                                         _101517_ (net)
                171.65   18.60 5310.96 ^ _156555_/A (INVx1_ASAP7_75t_R)
     6    9.59   92.12   61.00 5371.97 v _156555_/Y (INVx1_ASAP7_75t_R)
                                         _101520_ (net)
                 92.81    4.54 5376.51 v _156568_/A1 (OAI21x1_ASAP7_75t_R)
     2    1.82   31.83   26.99 5403.50 ^ _156568_/Y (OAI21x1_ASAP7_75t_R)
                                         _101533_ (net)
                 31.83    0.14 5403.64 ^ _156616_/A2 (AOI221x1_ASAP7_75t_R)
     5    4.32   51.63   32.32 5435.96 v _156616_/Y (AOI221x1_ASAP7_75t_R)
                                         _101581_ (net)
                 51.65    0.50 5436.46 v _156806_/B (OA211x2_ASAP7_75t_R)
     5    4.72   20.53   46.32 5482.78 v _156806_/Y (OA211x2_ASAP7_75t_R)
                                         _101771_ (net)
                 20.55    0.28 5483.05 v _156807_/B (NAND2x1_ASAP7_75t_R)
     2    1.30   14.13   12.38 5495.43 ^ _156807_/Y (NAND2x1_ASAP7_75t_R)
                                         _101772_ (net)
                 14.13    0.03 5495.47 ^ _156882_/A3 (AO32x1_ASAP7_75t_R)
    21   20.50  133.44   69.79 5565.26 ^ _156882_/Y (AO32x1_ASAP7_75t_R)
                                         _101847_ (net)
                133.65    3.08 5568.34 ^ _156995_/B (OR2x2_ASAP7_75t_R)
     1    0.51    8.96   29.39 5597.73 ^ _156995_/Y (OR2x2_ASAP7_75t_R)
                                         _101960_ (net)
                  8.96    0.02 5597.75 ^ _157002_/A2 (AO32x1_ASAP7_75t_R)
     5    8.46   57.32   38.84 5636.59 ^ _157002_/Y (AO32x1_ASAP7_75t_R)
                                         _101967_ (net)
                 57.57    2.24 5638.83 ^ _157004_/B (XNOR2x2_ASAP7_75t_R)
     2    2.76   13.93   32.18 5671.01 ^ _157004_/Y (XNOR2x2_ASAP7_75t_R)
                                         _101969_ (net)
                 13.98    0.43 5671.44 ^ _157005_/C (NOR3x1_ASAP7_75t_R)
     1    1.14   15.00   13.24 5684.68 v _157005_/Y (NOR3x1_ASAP7_75t_R)
                                         _101970_ (net)
                 15.00    0.06 5684.73 v _157006_/E (AND5x2_ASAP7_75t_R)
     7    7.43   23.82   31.87 5716.60 v _157006_/Y (AND5x2_ASAP7_75t_R)
                                         _101971_ (net)
                 23.82    0.37 5716.97 v _157078_/C (OR3x1_ASAP7_75t_R)
     3    2.33   17.07   28.00 5744.97 v _157078_/Y (OR3x1_ASAP7_75t_R)
                                         _102043_ (net)
                 17.07    0.07 5745.03 v _157141_/B3 (OA33x2_ASAP7_75t_R)
    29   27.29   84.96   58.73 5803.76 v _157141_/Y (OA33x2_ASAP7_75t_R)
                                         _102106_ (net)
                 85.02    1.53 5805.29 v _157144_/B (OR2x2_ASAP7_75t_R)
     1    0.69    8.74   30.89 5836.18 v _157144_/Y (OR2x2_ASAP7_75t_R)
                                         _102109_ (net)
                  8.74    0.02 5836.21 v _157145_/A2 (AO21x1_ASAP7_75t_R)
     5    4.25   26.02   23.46 5859.66 v _157145_/Y (AO21x1_ASAP7_75t_R)
                                         _102110_ (net)
                 26.04    0.51 5860.18 v _157196_/A2 (AO32x1_ASAP7_75t_R)
     1    0.53    8.24   24.24 5884.42 v _157196_/Y (AO32x1_ASAP7_75t_R)
                                         _102161_ (net)
                  8.24    0.02 5884.44 v _157198_/B1 (AO22x1_ASAP7_75t_R)
     3    3.45   22.38   26.37 5910.81 v _157198_/Y (AO22x1_ASAP7_75t_R)
                                         _102163_ (net)
                 22.41    0.44 5911.25 v _157222_/A2 (AO21x1_ASAP7_75t_R)
     3    2.13   14.89   21.92 5933.16 v _157222_/Y (AO21x1_ASAP7_75t_R)
                                         _102187_ (net)
                 14.89    0.09 5933.25 v _157223_/C (OR3x1_ASAP7_75t_R)
     4    3.49   22.61   29.78 5963.03 v _157223_/Y (OR3x1_ASAP7_75t_R)
                                         _102188_ (net)
                 22.61    0.14 5963.17 v _157312_/A2 (AO21x1_ASAP7_75t_R)
    11   10.68   58.48   41.83 6005.00 v _157312_/Y (AO21x1_ASAP7_75t_R)
                                         _102277_ (net)
                 58.51    0.74 6005.74 v _157343_/B (NAND2x1_ASAP7_75t_R)
    11   12.98   89.14   56.44 6062.19 ^ _157343_/Y (NAND2x1_ASAP7_75t_R)
                                         _102308_ (net)
                 89.16    0.86 6063.04 ^ _157440_/A1 (AOI221x1_ASAP7_75t_R)
     3    2.38   47.64   40.04 6103.08 v _157440_/Y (AOI221x1_ASAP7_75t_R)
                                         _102405_ (net)
                 47.64    0.20 6103.28 v _157456_/B2 (OA222x2_ASAP7_75t_R)
     1    1.13    9.59   29.71 6132.99 v _157456_/Y (OA222x2_ASAP7_75t_R)
                                         _102421_ (net)
                  9.59    0.05 6133.04 v _157459_/C (AND5x2_ASAP7_75t_R)
     3    2.71   11.32   21.86 6154.89 v _157459_/Y (AND5x2_ASAP7_75t_R)
                                         _102424_ (net)
                 11.32    0.12 6155.01 v _157472_/A1 (OA31x2_ASAP7_75t_R)
     3    2.78   13.37   20.55 6175.56 v _157472_/Y (OA31x2_ASAP7_75t_R)
                                         _102437_ (net)
                 13.42    0.41 6175.98 v _157475_/B (OR4x2_ASAP7_75t_R)
     6    7.08   28.37   41.43 6217.40 v _157475_/Y (OR4x2_ASAP7_75t_R)
                                         _102440_ (net)
                 28.43    0.79 6218.19 v _157478_/A (NAND2x1_ASAP7_75t_R)
    20   20.04  135.73   61.83 6280.02 ^ _157478_/Y (NAND2x1_ASAP7_75t_R)
                                         _102443_ (net)
                135.73    0.36 6280.38 ^ _157479_/B (NOR2x1_ASAP7_75t_R)
     1    0.69   22.79   16.80 6297.18 v _157479_/Y (NOR2x1_ASAP7_75t_R)
                                         _102444_ (net)
                 22.79    0.02 6297.21 v _157485_/A2 (OA21x2_ASAP7_75t_R)
     3    2.91   12.18   24.29 6321.50 v _157485_/Y (OA21x2_ASAP7_75t_R)
                                         _102450_ (net)
                 12.21    0.35 6321.85 v _157491_/A1 (OAI21x1_ASAP7_75t_R)
     2    1.82  110.72   12.65 6334.50 ^ _157491_/Y (OAI21x1_ASAP7_75t_R)
                                         _102456_ (net)
                110.72    0.06 6334.56 ^ _157649_/A2 (OA21x2_ASAP7_75t_R)
    10    8.64   32.23   41.21 6375.77 ^ _157649_/Y (OA21x2_ASAP7_75t_R)
                                         _102614_ (net)
                 32.28    0.72 6376.49 ^ _157651_/B (AO21x1_ASAP7_75t_R)
     2    1.64   14.11   18.37 6394.86 ^ _157651_/Y (AO21x1_ASAP7_75t_R)
                                         _102616_ (net)
                 14.11    0.05 6394.91 ^ _157652_/B1 (AO22x1_ASAP7_75t_R)
    10    9.01   60.55   39.11 6434.02 ^ _157652_/Y (AO22x1_ASAP7_75t_R)
                                         _102617_ (net)
                 60.59    0.90 6434.92 ^ _157732_/B (NAND2x1_ASAP7_75t_R)
    15   15.39   82.65   50.20 6485.12 v _157732_/Y (NAND2x1_ASAP7_75t_R)
                                         _102697_ (net)
                 82.70    1.18 6486.30 v _157764_/A1 (AO21x1_ASAP7_75t_R)
     1    1.38   11.91   31.35 6517.65 v _157764_/Y (AO21x1_ASAP7_75t_R)
                                         _102729_ (net)
                 11.91    0.05 6517.70 v _157767_/A2 (AOI22x1_ASAP7_75t_R)
     8    8.43  213.66   29.62 6547.32 ^ _157767_/Y (AOI22x1_ASAP7_75t_R)
                                         _102732_ (net)
                213.66    0.71 6548.02 ^ _157790_/A2 (OA21x2_ASAP7_75t_R)
     1    1.05   12.23   35.78 6583.81 ^ _157790_/Y (OA21x2_ASAP7_75t_R)
                                         _102755_ (net)
                 12.23    0.04 6583.85 ^ _157827_/A2 (AOI211x1_ASAP7_75t_R)
     3    2.73   33.92   21.84 6605.69 v _157827_/Y (AOI211x1_ASAP7_75t_R)
                                         _102792_ (net)
                 33.92    0.24 6605.93 v _157903_/A1 (OA21x2_ASAP7_75t_R)
     4    3.62   14.26   26.19 6632.12 v _157903_/Y (OA21x2_ASAP7_75t_R)
                                         _102868_ (net)
                 14.27    0.11 6632.23 v _157921_/C (AO221x1_ASAP7_75t_R)
    29   28.47  152.76   88.91 6721.14 v _157921_/Y (AO221x1_ASAP7_75t_R)
                                         _102886_ (net)
                152.82    1.79 6722.92 v _157997_/B (NAND2x1_ASAP7_75t_R)
     1    0.70   27.29   24.98 6747.90 ^ _157997_/Y (NAND2x1_ASAP7_75t_R)
                                         _102962_ (net)
                 27.29    0.03 6747.93 ^ _157998_/A2 (AO21x1_ASAP7_75t_R)
     2    2.29   17.32   21.65 6769.57 ^ _157998_/Y (AO21x1_ASAP7_75t_R)
                                         _102963_ (net)
                 17.33    0.07 6769.64 ^ _158031_/B1 (AOI221x1_ASAP7_75t_R)
     8    8.30  381.61   43.72 6813.36 v _158031_/Y (AOI221x1_ASAP7_75t_R)
                                         _102996_ (net)
                381.61    0.80 6814.17 v _158038_/B (MAJx2_ASAP7_75t_R)
     3    2.56   18.81   73.44 6887.60 v _158038_/Y (MAJx2_ASAP7_75t_R)
                                         _103003_ (net)
                 18.81    0.08 6887.69 v _158039_/B (OA21x2_ASAP7_75t_R)
     3    2.72   12.64   18.76 6906.44 v _158039_/Y (OA21x2_ASAP7_75t_R)
                                         _103004_ (net)
                 12.64    0.08 6906.53 v _158084_/A2 (AO211x2_ASAP7_75t_R)
     7    5.73   19.22   25.01 6931.53 v _158084_/Y (AO211x2_ASAP7_75t_R)
                                         _103049_ (net)
                 19.27    0.54 6932.08 v _158094_/A (AND2x2_ASAP7_75t_R)
    25   28.02   81.39   45.92 6978.00 v _158094_/Y (AND2x2_ASAP7_75t_R)
                                         _103059_ (net)
                 81.51    2.03 6980.03 v _158173_/A (OR3x2_ASAP7_75t_R)
     2    1.11   10.99   39.80 7019.83 v _158173_/Y (OR3x2_ASAP7_75t_R)
                                         _103138_ (net)
                 10.99    0.04 7019.88 v _158271_/A2 (AO221x1_ASAP7_75t_R)
     1    0.86    9.73   22.78 7042.66 v _158271_/Y (AO221x1_ASAP7_75t_R)
                                         _103236_ (net)
                  9.73    0.06 7042.72 v _158272_/E (OR5x1_ASAP7_75t_R)
     1    0.84   11.78   32.81 7075.52 v _158272_/Y (OR5x1_ASAP7_75t_R)
                                         _103237_ (net)
                 11.78    0.06 7075.58 v _158273_/E (OR5x1_ASAP7_75t_R)
     3    4.48   32.14   45.37 7120.95 v _158273_/Y (OR5x1_ASAP7_75t_R)
                                         _103238_ (net)
                 32.16    0.48 7121.43 v _158274_/B (NAND2x2_ASAP7_75t_R)
     5    4.21   21.66   17.78 7139.21 ^ _158274_/Y (NAND2x2_ASAP7_75t_R)
                                         _103239_ (net)
                 21.68    0.42 7139.63 ^ _158287_/A2 (OAI21x1_ASAP7_75t_R)
    21   26.11  129.04   57.25 7196.88 v _158287_/Y (OAI21x1_ASAP7_75t_R)
                                         _103252_ (net)
                129.34    3.62 7200.51 v _158298_/A (AND2x2_ASAP7_75t_R)
     2    5.80   21.46   45.58 7246.09 v _158298_/Y (AND2x2_ASAP7_75t_R)
                                         _103263_ (net)
                 21.46    0.09 7246.18 v _158304_/A2 (OA211x2_ASAP7_75t_R)
     5    7.86   29.62   35.77 7281.95 v _158304_/Y (OA211x2_ASAP7_75t_R)
                                         _103269_ (net)
                 30.75    3.14 7285.09 v _158330_/B (XNOR2x2_ASAP7_75t_R)
     3    2.50   12.19   25.55 7310.64 v _158330_/Y (XNOR2x2_ASAP7_75t_R)
                                         _103295_ (net)
                 12.19    0.11 7310.75 v _158388_/B (OR5x1_ASAP7_75t_R)
     1    0.79   11.78   29.34 7340.09 v _158388_/Y (OR5x1_ASAP7_75t_R)
                                         _103353_ (net)
                 11.78    0.05 7340.14 v _158399_/A3 (AO33x2_ASAP7_75t_R)
     7    7.93   28.35   42.58 7382.72 v _158399_/Y (AO33x2_ASAP7_75t_R)
                                         _103364_ (net)
                 28.43    0.80 7383.51 v _158436_/A (AND2x2_ASAP7_75t_R)
     3    2.60   10.58   23.85 7407.36 v _158436_/Y (AND2x2_ASAP7_75t_R)
                                         _103401_ (net)
                 10.59    0.06 7407.43 v _158437_/C (OR3x1_ASAP7_75t_R)
    27   26.72  146.89   79.27 7486.70 v _158437_/Y (OR3x1_ASAP7_75t_R)
                                         _103402_ (net)
                147.93    7.13 7493.83 v _158474_/B (AND2x2_ASAP7_75t_R)
    21   22.13   67.93   59.58 7553.41 v _158474_/Y (AND2x2_ASAP7_75t_R)
                                         _103439_ (net)
                 67.97    1.14 7554.55 v _158476_/A2 (AOI22x1_ASAP7_75t_R)
     4    4.33   44.06   33.99 7588.55 ^ _158476_/Y (AOI22x1_ASAP7_75t_R)
                                         _103441_ (net)
                 44.08    0.54 7589.09 ^ _158477_/B (AND2x2_ASAP7_75t_R)
     1    0.93    7.79   21.77 7610.85 ^ _158477_/Y (AND2x2_ASAP7_75t_R)
                                         _103442_ (net)
                  7.79    0.03 7610.88 ^ _158496_/B2 (AOI221x1_ASAP7_75t_R)
     1    1.89   34.35   15.43 7626.31 v _158496_/Y (AOI221x1_ASAP7_75t_R)
                                         _103461_ (net)
                 34.36    0.26 7626.57 v _158497_/C (MAJx2_ASAP7_75t_R)
     6    5.25   20.04   32.01 7658.58 v _158497_/Y (MAJx2_ASAP7_75t_R)
                                         _103462_ (net)
                 20.06    0.33 7658.91 v _158571_/A1 (AO21x1_ASAP7_75t_R)
     3    2.75   17.91   24.20 7683.12 v _158571_/Y (AO21x1_ASAP7_75t_R)
                                         _103536_ (net)
                 17.92    0.16 7683.27 v _158629_/B2 (AO221x2_ASAP7_75t_R)
    15   16.31   51.62   47.49 7730.76 v _158629_/Y (AO221x2_ASAP7_75t_R)
                                         _103594_ (net)
                 51.65    0.72 7731.49 v _158672_/A (NAND2x1_ASAP7_75t_R)
    23   22.52  151.91   77.34 7808.83 ^ _158672_/Y (NAND2x1_ASAP7_75t_R)
                                         _103637_ (net)
                151.92    0.50 7809.33 ^ _158713_/A2 (OA21x2_ASAP7_75t_R)
     1    1.23   11.50   33.08 7842.41 ^ _158713_/Y (OA21x2_ASAP7_75t_R)
                                         _103678_ (net)
                 11.50    0.06 7842.47 ^ _158714_/B (NOR2x1_ASAP7_75t_R)
     6    6.14  268.48   20.29 7862.76 v _158714_/Y (NOR2x1_ASAP7_75t_R)
                                         _103679_ (net)
                268.48    0.38 7863.14 v _158750_/B (XNOR2x2_ASAP7_75t_R)
     1    0.67   11.84   46.85 7909.99 ^ _158750_/Y (XNOR2x2_ASAP7_75t_R)
                                         _103715_ (net)
                 11.84    0.02 7910.02 ^ _158751_/D (AND4x1_ASAP7_75t_R)
     1    1.72   16.46   26.10 7936.11 ^ _158751_/Y (AND4x1_ASAP7_75t_R)
                                         _103716_ (net)
                 16.47    0.14 7936.25 ^ _158756_/B (NAND3x1_ASAP7_75t_R)
     2    2.64   18.49   12.53 7948.78 v _158756_/Y (NAND3x1_ASAP7_75t_R)
                                         _103721_ (net)
                 18.50    0.19 7948.97 v _158757_/C (NAND3x1_ASAP7_75t_R)
     1    0.68   26.37   15.25 7964.22 ^ _158757_/Y (NAND3x1_ASAP7_75t_R)
                                         _103722_ (net)
                 26.37    0.02 7964.25 ^ _158758_/D (OR4x1_ASAP7_75t_R)
     2    1.86   14.12   19.63 7983.88 ^ _158758_/Y (OR4x1_ASAP7_75t_R)
                                         _103723_ (net)
                 14.13    0.09 7983.97 ^ _158764_/C (AND5x2_ASAP7_75t_R)
     4   13.93   52.21   46.12 8030.09 ^ _158764_/Y (AND5x2_ASAP7_75t_R)
                                         _103729_ (net)
                 58.73    9.57 8039.66 ^ _167893_/A1 (OA21x2_ASAP7_75t_R)
     3    2.46   12.73   28.63 8068.29 ^ _167893_/Y (OA21x2_ASAP7_75t_R)
                                         _111899_ (net)
                 12.74    0.05 8068.34 ^ _167894_/E (AND5x1_ASAP7_75t_R)
    21   30.33  207.22   90.64 8158.99 ^ _167894_/Y (AND5x1_ASAP7_75t_R)
                                         _111900_ (net)
                212.63   18.79 8177.78 ^ _171924_/B (AND2x2_ASAP7_75t_R)
    17   29.82  101.34   70.68 8248.46 ^ _171924_/Y (AND2x2_ASAP7_75t_R)
                                         _115788_ (net)
                103.43    8.06 8256.52 ^ _172383_/A2 (AO21x1_ASAP7_75t_R)
     2   11.20   74.90   51.33 8307.85 ^ _172383_/Y (AO21x1_ASAP7_75t_R)
                                         u_lsu.dmem_req_addr[13] (net)
                 75.20    2.68 8310.54 ^ output145/A (BUFx2_ASAP7_75t_R)
     1    2.53   12.62   26.81 8337.34 ^ output145/Y (BUFx2_ASAP7_75t_R)
                                         dmem_req_addr[13] (net)
                 12.64    0.28 8337.63 ^ dmem_req_addr[13] (out)
                               8337.63   data arrival time

                  0.00 6000.00 6000.00   clock core_clk (rise edge)
                          0.00 6000.00   clock network delay (ideal)
                        -50.00 5950.00   clock uncertainty
                          0.00 5950.00   clock reconvergence pessimism
                       -1200.00 4750.00   output external delay
                               4750.00   data required time
-----------------------------------------------------------------------------
                               4750.00   data required time
                               -8337.63   data arrival time
-----------------------------------------------------------------------------
                               -3587.63   slack (VIOLATED)


Startpoint: _318947_ (rising edge-triggered flip-flop clocked by core_clk)
Endpoint: _310296_ (rising edge-triggered flip-flop clocked by core_clk)
Path Group: reg2reg
Path Type: max

Fanout     Cap    Slew   Delay    Time   Description
-----------------------------------------------------------------------------
                  0.00    0.00    0.00   clock core_clk (rise edge)
                          0.00    0.00   clock network delay (ideal)
                  0.00    0.00    0.00 ^ _318947_/CLK (DFFHQNx1_ASAP7_75t_R)
     8    6.54   47.43   52.17   52.17 ^ _318947_/QN (DFFHQNx1_ASAP7_75t_R)
                                         u_rob._01352_[2] (net)
                 47.43    0.18   52.36 ^ _149585_/A (NOR2x1_ASAP7_75t_R)
    17   16.86   95.44   57.86  110.22 v _149585_/Y (NOR2x1_ASAP7_75t_R)
                                         _095105_ (net)
                 95.46    0.75  110.97 v _149586_/B (NAND2x1_ASAP7_75t_R)
   206  426.90 2833.46  770.22  881.19 ^ _149586_/Y (NAND2x1_ASAP7_75t_R)
                                         _095106_ (net)
               2895.88  234.04 1115.23 ^ _150516_/A2 (OA22x2_ASAP7_75t_R)
     1    2.78   67.12  181.58 1296.81 ^ _150516_/Y (OA22x2_ASAP7_75t_R)
                                         _096036_ (net)
                 67.13    0.73 1297.54 ^ _150517_/D (AND4x1_ASAP7_75t_R)
     2    2.31   20.78   31.95 1329.49 ^ _150517_/Y (AND4x1_ASAP7_75t_R)
                                         _096037_ (net)
                 20.79    0.25 1329.74 ^ _150594_/A (NAND2x1_ASAP7_75t_R)
     5   22.73  118.02   40.73 1370.47 v _150594_/Y (NAND2x1_ASAP7_75t_R)
                                         _096114_ (net)
                120.22    9.22 1379.69 v _151457_/A (NAND2x1_ASAP7_75t_R)
    88  131.43  897.47  218.23 1597.92 ^ _151457_/Y (NAND2x1_ASAP7_75t_R)
                                         _096859_ (net)
               1399.70  382.83 1980.75 ^ _151458_/B (AND2x2_ASAP7_75t_R)
   695  710.85 2383.66  129.81 2110.56 ^ _151458_/Y (AND2x2_ASAP7_75t_R)
                                         _096860_ (net)
               5418.34 1677.89 3788.45 ^ _159520_/B (NAND2x1_ASAP7_75t_R)
  1057 1425.44 11683.50 34724.93 38513.38 v _159520_/Y (NAND2x1_ASAP7_75t_R)
                                         _104483_ (net)
               11683.50 2063.98 40577.36 v _210689_/A (NOR3x1_ASAP7_75t_R)
   123  156.55 2803.25 8694.23 49271.59 ^ _210689_/Y (NOR3x1_ASAP7_75t_R)
                                         _149370_ (net)
               2803.25  386.06 49657.66 ^ _211158_/B1 (AO32x1_ASAP7_75t_R)
     1    0.65  180.49  173.24 49830.90 ^ _211158_/Y (AO32x1_ASAP7_75t_R)
                                         u_int_iq._00013_[280] (net)
                180.49    0.02 49830.92 ^ _310296_/D (DFFHQNx1_ASAP7_75t_R)
                               49830.92   data arrival time

                  0.00 6000.00 6000.00   clock core_clk (rise edge)
                          0.00 6000.00   clock network delay (ideal)
                        -50.00 5950.00   clock uncertainty
                          0.00 5950.00   clock reconvergence pessimism
                               5950.00 ^ _310296_/CLK (DFFHQNx1_ASAP7_75t_R)
                        -18.20 5931.79   library setup time
                               5931.79   data required time
-----------------------------------------------------------------------------
                               5931.79   data required time
                               -49830.92   data arrival time
-----------------------------------------------------------------------------
                               -43899.13   slack (VIOLATED)



==========================================================================
global place report_checks -unconstrained
--------------------------------------------------------------------------
Startpoint: rst (input port clocked by core_clk)
Endpoint: dmem_req_addr[13] (output port clocked by core_clk)
Path Group: in2out
Path Type: max

Fanout     Cap    Slew   Delay    Time   Description
-----------------------------------------------------------------------------
                  0.00    0.00    0.00   clock core_clk (rise edge)
                          0.00    0.00   clock network delay (ideal)
                       1200.00 1200.00 ^ input external delay
     1    1.01   20.00    0.00 1200.00 ^ rst (in)
                                         rst (net)
                 20.19    0.06 1200.06 ^ input106/A (BUFx2_ASAP7_75t_R)
  1904 2761.69 9347.97 2510.85 3710.91 ^ input106/Y (BUFx2_ASAP7_75t_R)
                                         net106 (net)
               9349.11   74.86 3785.77 ^ _151342_/A (INVx1_ASAP7_75t_R)
  4764 3963.14 3121.60 164935.48 168721.27 v _151342_/Y (INVx1_ASAP7_75t_R)
                                         _096745_ (net)
               3121.60 7932.81 176654.06 v _167894_/A (AND5x1_ASAP7_75t_R)
    21   30.25  185.07  307.10 176961.17 v _167894_/Y (AND5x1_ASAP7_75t_R)
                                         _111900_ (net)
                191.18   18.72 176979.88 v _171924_/B (AND2x2_ASAP7_75t_R)
    17   29.80   86.84   75.56 177055.44 v _171924_/Y (AND2x2_ASAP7_75t_R)
                                         _115788_ (net)
                 89.30    8.01 177063.45 v _172383_/A2 (AO21x1_ASAP7_75t_R)
     2   11.20   63.33   52.52 177115.98 v _172383_/Y (AO21x1_ASAP7_75t_R)
                                         u_lsu.dmem_req_addr[13] (net)
                 63.67    2.67 177118.66 v output145/A (BUFx2_ASAP7_75t_R)
     1    2.53   11.68   28.58 177147.23 v output145/Y (BUFx2_ASAP7_75t_R)
                                         dmem_req_addr[13] (net)
                 11.70    0.28 177147.52 v dmem_req_addr[13] (out)
                               177147.52   data arrival time

                  0.00 6000.00 6000.00   clock core_clk (rise edge)
                          0.00 6000.00   clock network delay (ideal)
                        -50.00 5950.00   clock uncertainty
                          0.00 5950.00   clock reconvergence pessimism
                       -1200.00 4750.00   output external delay
                               4750.00   data required time
-----------------------------------------------------------------------------
                               4750.00   data required time
                               -177147.52   data arrival time
-----------------------------------------------------------------------------
                               -172397.50   slack (VIOLATED)


Startpoint: rst (input port clocked by core_clk)
Endpoint: _310296_ (rising edge-triggered flip-flop clocked by core_clk)
Path Group: in2reg
Path Type: max

Fanout     Cap    Slew   Delay    Time   Description
-----------------------------------------------------------------------------
                  0.00    0.00    0.00   clock core_clk (rise edge)
                          0.00    0.00   clock network delay (ideal)
                       1200.00 1200.00 ^ input external delay
     1    1.01   20.00    0.00 1200.00 ^ rst (in)
                                         rst (net)
                 20.19    0.06 1200.06 ^ input106/A (BUFx2_ASAP7_75t_R)
  1904 2761.69 9347.97 2510.85 3710.91 ^ input106/Y (BUFx2_ASAP7_75t_R)
                                         net106 (net)
               9349.11   74.86 3785.77 ^ _151342_/A (INVx1_ASAP7_75t_R)
  4764 3963.14 3121.60 164935.48 168721.27 v _151342_/Y (INVx1_ASAP7_75t_R)
                                         _096745_ (net)
               3121.60 2699.59 171420.84 v _151458_/A (AND2x2_ASAP7_75t_R)
   695  703.26 2025.28  408.02 171828.88 v _151458_/Y (AND2x2_ASAP7_75t_R)
                                         _096860_ (net)
               5178.24 1606.82 173435.69 v _159520_/B (NAND2x1_ASAP7_75t_R)
  1057 1405.82    0.00 30433.21 203868.91 ^ _159520_/Y (NAND2x1_ASAP7_75t_R)
                                         _104483_ (net)
                  0.00 2043.14 205912.05 ^ _210689_/A (NOR3x1_ASAP7_75t_R)
   123  156.65 1862.05  192.33 206104.38 v _210689_/Y (NOR3x1_ASAP7_75t_R)
                                         _149370_ (net)
               2098.41  412.95 206517.33 v _211158_/B1 (AO32x1_ASAP7_75t_R)
     1    0.65  145.51  235.32 206752.64 v _211158_/Y (AO32x1_ASAP7_75t_R)
                                         u_int_iq._00013_[280] (net)
                145.51    0.01 206752.66 v _310296_/D (DFFHQNx1_ASAP7_75t_R)
                               206752.66   data arrival time

                  0.00 6000.00 6000.00   clock core_clk (rise edge)
                          0.00 6000.00   clock network delay (ideal)
                        -50.00 5950.00   clock uncertainty
                          0.00 5950.00   clock reconvergence pessimism
                               5950.00 ^ _310296_/CLK (DFFHQNx1_ASAP7_75t_R)
                        -21.38 5928.62   library setup time
                               5928.62   data required time
-----------------------------------------------------------------------------
                               5928.62   data required time
                               -206752.66   data arrival time
-----------------------------------------------------------------------------
                               -200824.03   slack (VIOLATED)


Startpoint: _308209_ (rising edge-triggered flip-flop clocked by core_clk)
Endpoint: dmem_req_addr[13] (output port clocked by core_clk)
Path Group: reg2out
Path Type: max

Fanout     Cap    Slew   Delay    Time   Description
-----------------------------------------------------------------------------
                  0.00    0.00    0.00   clock core_clk (rise edge)
                          0.00    0.00   clock network delay (ideal)
                  0.00    0.00    0.00 ^ _308209_/CLK (DFFHQNx1_ASAP7_75t_R)
   266  319.79 2173.14  472.92  472.92 ^ _308209_/QN (DFFHQNx1_ASAP7_75t_R)
                                         u_lsu._004001_[1] (net)
               2472.25  427.53  900.45 ^ _153613_/A (INVx1_ASAP7_75t_R)
    96  127.65 1044.01 1848.41 2748.87 v _153613_/Y (INVx1_ASAP7_75t_R)
                                         _098578_ (net)
               1044.01    7.03 2755.90 v _153614_/B (OA21x2_ASAP7_75t_R)
     2    1.58   39.18  106.44 2862.34 v _153614_/Y (OA21x2_ASAP7_75t_R)
                                         _098579_ (net)
                 39.18    0.04 2862.37 v _153616_/B1 (AOI22x1_ASAP7_75t_R)
   107  124.02 1038.55  296.15 3158.52 ^ _153616_/Y (AOI22x1_ASAP7_75t_R)
                                         _098581_ (net)
               1047.25   57.03 3215.55 ^ _153658_/A (NAND2x1_ASAP7_75t_R)
   116  142.90 1589.64  535.11 3750.66 v _153658_/Y (NAND2x1_ASAP7_75t_R)
                                         _098623_ (net)
               1628.39  142.96 3893.62 v _154873_/A (OR3x2_ASAP7_75t_R)
     8   13.61   63.96  248.08 4141.70 v _154873_/Y (OR3x2_ASAP7_75t_R)
                                         _099838_ (net)
                 64.44    3.38 4145.08 v _154878_/C (OR5x1_ASAP7_75t_R)
     3    5.05   36.66   52.98 4198.06 v _154878_/Y (OR5x1_ASAP7_75t_R)
                                         _099843_ (net)
                 36.89    1.63 4199.68 v _154879_/D (OR4x1_ASAP7_75t_R)
    31   35.95  198.30  109.95 4309.63 v _154879_/Y (OR4x1_ASAP7_75t_R)
                                         _099844_ (net)
                199.03    7.11 4316.74 v _155829_/C (OR4x1_ASAP7_75t_R)
     2    1.58   17.29   50.80 4367.55 v _155829_/Y (OR4x1_ASAP7_75t_R)
                                         _100794_ (net)
                 17.29    0.05 4367.60 v _155944_/B2 (AO221x1_ASAP7_75t_R)
     1    0.93   10.25   23.66 4391.26 v _155944_/Y (AO221x1_ASAP7_75t_R)
                                         _100909_ (net)
                 10.26    0.07 4391.33 v _155949_/A (OR5x1_ASAP7_75t_R)
    11    8.40   52.29   48.67 4440.00 v _155949_/Y (OR5x1_ASAP7_75t_R)
                                         _100914_ (net)
                 52.45    1.67 4441.67 v _156013_/A (AND2x2_ASAP7_75t_R)
     2    2.69   11.60   29.47 4471.14 v _156013_/Y (AND2x2_ASAP7_75t_R)
                                         _100978_ (net)
                 11.60    0.06 4471.20 v _156016_/A (NAND3x1_ASAP7_75t_R)
    12   17.72  125.57   49.12 4520.32 ^ _156016_/Y (NAND3x1_ASAP7_75t_R)
                                         _100981_ (net)
                125.69    2.34 4522.67 ^ _156112_/A1 (AOI221x1_ASAP7_75t_R)
     1    0.74   37.97   33.83 4556.50 v _156112_/Y (AOI221x1_ASAP7_75t_R)
                                         _101077_ (net)
                 37.97    0.03 4556.53 v _156115_/A2 (OA21x2_ASAP7_75t_R)
     1    1.29    8.55   25.20 4581.73 v _156115_/Y (OA21x2_ASAP7_75t_R)
                                         _101080_ (net)
                  8.57    0.14 4581.87 v _156116_/A (OR3x1_ASAP7_75t_R)
     2    1.24   11.15   20.71 4602.59 v _156116_/Y (OR3x1_ASAP7_75t_R)
                                         _101081_ (net)
                 11.15    0.03 4602.62 v _156123_/A3 (AO33x2_ASAP7_75t_R)
     5    4.63   20.04   37.79 4640.41 v _156123_/Y (AO33x2_ASAP7_75t_R)
                                         _101088_ (net)
                 20.08    0.49 4640.90 v _156140_/A (NAND2x1_ASAP7_75t_R)
    12   10.73   71.67   39.40 4680.29 ^ _156140_/Y (NAND2x1_ASAP7_75t_R)
                                         _101105_ (net)
                 71.69    0.57 4680.86 ^ _156253_/B2 (AO221x1_ASAP7_75t_R)
    33   33.93  220.11  109.42 4790.28 ^ _156253_/Y (AO221x1_ASAP7_75t_R)
                                         _101218_ (net)
                221.80   11.09 4801.37 ^ _156308_/A (NAND2x2_ASAP7_75t_R)
    15   23.19   88.63   52.30 4853.66 v _156308_/Y (NAND2x2_ASAP7_75t_R)
                                         _101273_ (net)
                 89.20    4.01 4857.67 v _156311_/A2 (AO21x2_ASAP7_75t_R)
     6    6.79   23.71   41.55 4899.22 v _156311_/Y (AO21x2_ASAP7_75t_R)
                                         _101276_ (net)
                 23.82    0.91 4900.13 v _156314_/A1 (OA21x2_ASAP7_75t_R)
     2    1.55    8.56   21.09 4921.22 v _156314_/Y (OA21x2_ASAP7_75t_R)
                                         _101279_ (net)
                  8.56    0.03 4921.26 v _156388_/C (AO221x1_ASAP7_75t_R)
     2    2.31   16.98   26.85 4948.10 v _156388_/Y (AO221x1_ASAP7_75t_R)
                                         _101353_ (net)
                 16.99    0.14 4948.24 v _156389_/A2 (OA21x2_ASAP7_75t_R)
     3    2.36   10.59   21.89 4970.13 v _156389_/Y (OA21x2_ASAP7_75t_R)
                                         _101354_ (net)
                 10.60    0.12 4970.25 v _156393_/A1 (AOI22x1_ASAP7_75t_R)
     6    5.85   43.88   23.66 4993.91 ^ _156393_/Y (AOI22x1_ASAP7_75t_R)
                                         _101358_ (net)
                 43.88    0.18 4994.09 ^ _156410_/B (NAND2x1_ASAP7_75t_R)
    21   21.91  115.77   53.20 5047.29 v _156410_/Y (NAND2x1_ASAP7_75t_R)
                                         _101375_ (net)
                115.78    0.31 5047.61 v _156421_/A3 (AO33x2_ASAP7_75t_R)
    13   14.41   60.97   70.35 5117.95 v _156421_/Y (AO33x2_ASAP7_75t_R)
                                         _101386_ (net)
                 61.20    2.14 5120.09 v _156522_/B (XNOR2x2_ASAP7_75t_R)
     1    0.67    8.11   29.53 5149.62 ^ _156522_/Y (XNOR2x2_ASAP7_75t_R)
                                         _101487_ (net)
                  8.11    0.02 5149.64 ^ _156526_/B (AND4x1_ASAP7_75t_R)
     2    1.70   16.41   24.63 5174.28 ^ _156526_/Y (AND4x1_ASAP7_75t_R)
                                         _101491_ (net)
                 16.41    0.07 5174.34 ^ _156550_/A2 (AO21x1_ASAP7_75t_R)
     2    1.82   14.42   18.48 5192.82 ^ _156550_/Y (AO21x1_ASAP7_75t_R)
                                         _101515_ (net)
                 14.42    0.15 5192.97 ^ _156551_/B (AO21x1_ASAP7_75t_R)
     3    2.85   21.03   18.65 5211.62 ^ _156551_/Y (AO21x1_ASAP7_75t_R)
                                         _101516_ (net)
                 21.03    0.05 5211.67 ^ _156552_/C (OA211x2_ASAP7_75t_R)
    52   49.15  164.45   80.69 5292.36 ^ _156552_/Y (OA211x2_ASAP7_75t_R)
                                         _101517_ (net)
                171.65   18.60 5310.96 ^ _156555_/A (INVx1_ASAP7_75t_R)
     6    9.59   92.12   61.00 5371.97 v _156555_/Y (INVx1_ASAP7_75t_R)
                                         _101520_ (net)
                 92.81    4.54 5376.51 v _156568_/A1 (OAI21x1_ASAP7_75t_R)
     2    1.82   31.83   26.99 5403.50 ^ _156568_/Y (OAI21x1_ASAP7_75t_R)
                                         _101533_ (net)
                 31.83    0.14 5403.64 ^ _156616_/A2 (AOI221x1_ASAP7_75t_R)
     5    4.32   51.63   32.32 5435.96 v _156616_/Y (AOI221x1_ASAP7_75t_R)
                                         _101581_ (net)
                 51.65    0.50 5436.46 v _156806_/B (OA211x2_ASAP7_75t_R)
     5    4.72   20.53   46.32 5482.78 v _156806_/Y (OA211x2_ASAP7_75t_R)
                                         _101771_ (net)
                 20.55    0.28 5483.05 v _156807_/B (NAND2x1_ASAP7_75t_R)
     2    1.30   14.13   12.38 5495.43 ^ _156807_/Y (NAND2x1_ASAP7_75t_R)
                                         _101772_ (net)
                 14.13    0.03 5495.47 ^ _156882_/A3 (AO32x1_ASAP7_75t_R)
    21   20.50  133.44   69.79 5565.26 ^ _156882_/Y (AO32x1_ASAP7_75t_R)
                                         _101847_ (net)
                133.65    3.08 5568.34 ^ _156995_/B (OR2x2_ASAP7_75t_R)
     1    0.51    8.96   29.39 5597.73 ^ _156995_/Y (OR2x2_ASAP7_75t_R)
                                         _101960_ (net)
                  8.96    0.02 5597.75 ^ _157002_/A2 (AO32x1_ASAP7_75t_R)
     5    8.46   57.32   38.84 5636.59 ^ _157002_/Y (AO32x1_ASAP7_75t_R)
                                         _101967_ (net)
                 57.57    2.24 5638.83 ^ _157004_/B (XNOR2x2_ASAP7_75t_R)
     2    2.76   13.93   32.18 5671.01 ^ _157004_/Y (XNOR2x2_ASAP7_75t_R)
                                         _101969_ (net)
                 13.98    0.43 5671.44 ^ _157005_/C (NOR3x1_ASAP7_75t_R)
     1    1.14   15.00   13.24 5684.68 v _157005_/Y (NOR3x1_ASAP7_75t_R)
                                         _101970_ (net)
                 15.00    0.06 5684.73 v _157006_/E (AND5x2_ASAP7_75t_R)
     7    7.43   23.82   31.87 5716.60 v _157006_/Y (AND5x2_ASAP7_75t_R)
                                         _101971_ (net)
                 23.82    0.37 5716.97 v _157078_/C (OR3x1_ASAP7_75t_R)
     3    2.33   17.07   28.00 5744.97 v _157078_/Y (OR3x1_ASAP7_75t_R)
                                         _102043_ (net)
                 17.07    0.07 5745.03 v _157141_/B3 (OA33x2_ASAP7_75t_R)
    29   27.29   84.96   58.73 5803.76 v _157141_/Y (OA33x2_ASAP7_75t_R)
                                         _102106_ (net)
                 85.02    1.53 5805.29 v _157144_/B (OR2x2_ASAP7_75t_R)
     1    0.69    8.74   30.89 5836.18 v _157144_/Y (OR2x2_ASAP7_75t_R)
                                         _102109_ (net)
                  8.74    0.02 5836.21 v _157145_/A2 (AO21x1_ASAP7_75t_R)
     5    4.25   26.02   23.46 5859.66 v _157145_/Y (AO21x1_ASAP7_75t_R)
                                         _102110_ (net)
                 26.04    0.51 5860.18 v _157196_/A2 (AO32x1_ASAP7_75t_R)
     1    0.53    8.24   24.24 5884.42 v _157196_/Y (AO32x1_ASAP7_75t_R)
                                         _102161_ (net)
                  8.24    0.02 5884.44 v _157198_/B1 (AO22x1_ASAP7_75t_R)
     3    3.45   22.38   26.37 5910.81 v _157198_/Y (AO22x1_ASAP7_75t_R)
                                         _102163_ (net)
                 22.41    0.44 5911.25 v _157222_/A2 (AO21x1_ASAP7_75t_R)
     3    2.13   14.89   21.92 5933.16 v _157222_/Y (AO21x1_ASAP7_75t_R)
                                         _102187_ (net)
                 14.89    0.09 5933.25 v _157223_/C (OR3x1_ASAP7_75t_R)
     4    3.49   22.61   29.78 5963.03 v _157223_/Y (OR3x1_ASAP7_75t_R)
                                         _102188_ (net)
                 22.61    0.14 5963.17 v _157312_/A2 (AO21x1_ASAP7_75t_R)
    11   10.68   58.48   41.83 6005.00 v _157312_/Y (AO21x1_ASAP7_75t_R)
                                         _102277_ (net)
                 58.51    0.74 6005.74 v _157343_/B (NAND2x1_ASAP7_75t_R)
    11   12.98   89.14   56.44 6062.19 ^ _157343_/Y (NAND2x1_ASAP7_75t_R)
                                         _102308_ (net)
                 89.16    0.86 6063.04 ^ _157440_/A1 (AOI221x1_ASAP7_75t_R)
     3    2.38   47.64   40.04 6103.08 v _157440_/Y (AOI221x1_ASAP7_75t_R)
                                         _102405_ (net)
                 47.64    0.20 6103.28 v _157456_/B2 (OA222x2_ASAP7_75t_R)
     1    1.13    9.59   29.71 6132.99 v _157456_/Y (OA222x2_ASAP7_75t_R)
                                         _102421_ (net)
                  9.59    0.05 6133.04 v _157459_/C (AND5x2_ASAP7_75t_R)
     3    2.71   11.32   21.86 6154.89 v _157459_/Y (AND5x2_ASAP7_75t_R)
                                         _102424_ (net)
                 11.32    0.12 6155.01 v _157472_/A1 (OA31x2_ASAP7_75t_R)
     3    2.78   13.37   20.55 6175.56 v _157472_/Y (OA31x2_ASAP7_75t_R)
                                         _102437_ (net)
                 13.42    0.41 6175.98 v _157475_/B (OR4x2_ASAP7_75t_R)
     6    7.08   28.37   41.43 6217.40 v _157475_/Y (OR4x2_ASAP7_75t_R)
                                         _102440_ (net)
                 28.43    0.79 6218.19 v _157478_/A (NAND2x1_ASAP7_75t_R)
    20   20.04  135.73   61.83 6280.02 ^ _157478_/Y (NAND2x1_ASAP7_75t_R)
                                         _102443_ (net)
                135.73    0.36 6280.38 ^ _157479_/B (NOR2x1_ASAP7_75t_R)
     1    0.69   22.79   16.80 6297.18 v _157479_/Y (NOR2x1_ASAP7_75t_R)
                                         _102444_ (net)
                 22.79    0.02 6297.21 v _157485_/A2 (OA21x2_ASAP7_75t_R)
     3    2.91   12.18   24.29 6321.50 v _157485_/Y (OA21x2_ASAP7_75t_R)
                                         _102450_ (net)
                 12.21    0.35 6321.85 v _157491_/A1 (OAI21x1_ASAP7_75t_R)
     2    1.82  110.72   12.65 6334.50 ^ _157491_/Y (OAI21x1_ASAP7_75t_R)
                                         _102456_ (net)
                110.72    0.06 6334.56 ^ _157649_/A2 (OA21x2_ASAP7_75t_R)
    10    8.64   32.23   41.21 6375.77 ^ _157649_/Y (OA21x2_ASAP7_75t_R)
                                         _102614_ (net)
                 32.28    0.72 6376.49 ^ _157651_/B (AO21x1_ASAP7_75t_R)
     2    1.64   14.11   18.37 6394.86 ^ _157651_/Y (AO21x1_ASAP7_75t_R)
                                         _102616_ (net)
                 14.11    0.05 6394.91 ^ _157652_/B1 (AO22x1_ASAP7_75t_R)
    10    9.01   60.55   39.11 6434.02 ^ _157652_/Y (AO22x1_ASAP7_75t_R)
                                         _102617_ (net)
                 60.59    0.90 6434.92 ^ _157732_/B (NAND2x1_ASAP7_75t_R)
    15   15.39   82.65   50.20 6485.12 v _157732_/Y (NAND2x1_ASAP7_75t_R)
                                         _102697_ (net)
                 82.70    1.18 6486.30 v _157764_/A1 (AO21x1_ASAP7_75t_R)
     1    1.38   11.91   31.35 6517.65 v _157764_/Y (AO21x1_ASAP7_75t_R)
                                         _102729_ (net)
                 11.91    0.05 6517.70 v _157767_/A2 (AOI22x1_ASAP7_75t_R)
     8    8.43  213.66   29.62 6547.32 ^ _157767_/Y (AOI22x1_ASAP7_75t_R)
                                         _102732_ (net)
                213.66    0.71 6548.02 ^ _157790_/A2 (OA21x2_ASAP7_75t_R)
     1    1.05   12.23   35.78 6583.81 ^ _157790_/Y (OA21x2_ASAP7_75t_R)
                                         _102755_ (net)
                 12.23    0.04 6583.85 ^ _157827_/A2 (AOI211x1_ASAP7_75t_R)
     3    2.73   33.92   21.84 6605.69 v _157827_/Y (AOI211x1_ASAP7_75t_R)
                                         _102792_ (net)
                 33.92    0.24 6605.93 v _157903_/A1 (OA21x2_ASAP7_75t_R)
     4    3.62   14.26   26.19 6632.12 v _157903_/Y (OA21x2_ASAP7_75t_R)
                                         _102868_ (net)
                 14.27    0.11 6632.23 v _157921_/C (AO221x1_ASAP7_75t_R)
    29   28.47  152.76   88.91 6721.14 v _157921_/Y (AO221x1_ASAP7_75t_R)
                                         _102886_ (net)
                152.82    1.79 6722.92 v _157997_/B (NAND2x1_ASAP7_75t_R)
     1    0.70   27.29   24.98 6747.90 ^ _157997_/Y (NAND2x1_ASAP7_75t_R)
                                         _102962_ (net)
                 27.29    0.03 6747.93 ^ _157998_/A2 (AO21x1_ASAP7_75t_R)
     2    2.29   17.32   21.65 6769.57 ^ _157998_/Y (AO21x1_ASAP7_75t_R)
                                         _102963_ (net)
                 17.33    0.07 6769.64 ^ _158031_/B1 (AOI221x1_ASAP7_75t_R)
     8    8.30  381.61   43.72 6813.36 v _158031_/Y (AOI221x1_ASAP7_75t_R)
                                         _102996_ (net)
                381.61    0.80 6814.17 v _158038_/B (MAJx2_ASAP7_75t_R)
     3    2.56   18.81   73.44 6887.60 v _158038_/Y (MAJx2_ASAP7_75t_R)
                                         _103003_ (net)
                 18.81    0.08 6887.69 v _158039_/B (OA21x2_ASAP7_75t_R)
     3    2.72   12.64   18.76 6906.44 v _158039_/Y (OA21x2_ASAP7_75t_R)
                                         _103004_ (net)
                 12.64    0.08 6906.53 v _158084_/A2 (AO211x2_ASAP7_75t_R)
     7    5.73   19.22   25.01 6931.53 v _158084_/Y (AO211x2_ASAP7_75t_R)
                                         _103049_ (net)
                 19.27    0.54 6932.08 v _158094_/A (AND2x2_ASAP7_75t_R)
    25   28.02   81.39   45.92 6978.00 v _158094_/Y (AND2x2_ASAP7_75t_R)
                                         _103059_ (net)
                 81.51    2.03 6980.03 v _158173_/A (OR3x2_ASAP7_75t_R)
     2    1.11   10.99   39.80 7019.83 v _158173_/Y (OR3x2_ASAP7_75t_R)
                                         _103138_ (net)
                 10.99    0.04 7019.88 v _158271_/A2 (AO221x1_ASAP7_75t_R)
     1    0.86    9.73   22.78 7042.66 v _158271_/Y (AO221x1_ASAP7_75t_R)
                                         _103236_ (net)
                  9.73    0.06 7042.72 v _158272_/E (OR5x1_ASAP7_75t_R)
     1    0.84   11.78   32.81 7075.52 v _158272_/Y (OR5x1_ASAP7_75t_R)
                                         _103237_ (net)
                 11.78    0.06 7075.58 v _158273_/E (OR5x1_ASAP7_75t_R)
     3    4.48   32.14   45.37 7120.95 v _158273_/Y (OR5x1_ASAP7_75t_R)
                                         _103238_ (net)
                 32.16    0.48 7121.43 v _158274_/B (NAND2x2_ASAP7_75t_R)
     5    4.21   21.66   17.78 7139.21 ^ _158274_/Y (NAND2x2_ASAP7_75t_R)
                                         _103239_ (net)
                 21.68    0.42 7139.63 ^ _158287_/A2 (OAI21x1_ASAP7_75t_R)
    21   26.11  129.04   57.25 7196.88 v _158287_/Y (OAI21x1_ASAP7_75t_R)
                                         _103252_ (net)
                129.34    3.62 7200.51 v _158298_/A (AND2x2_ASAP7_75t_R)
     2    5.80   21.46   45.58 7246.09 v _158298_/Y (AND2x2_ASAP7_75t_R)
                                         _103263_ (net)
                 21.46    0.09 7246.18 v _158304_/A2 (OA211x2_ASAP7_75t_R)
     5    7.86   29.62   35.77 7281.95 v _158304_/Y (OA211x2_ASAP7_75t_R)
                                         _103269_ (net)
                 30.75    3.14 7285.09 v _158330_/B (XNOR2x2_ASAP7_75t_R)
     3    2.50   12.19   25.55 7310.64 v _158330_/Y (XNOR2x2_ASAP7_75t_R)
                                         _103295_ (net)
                 12.19    0.11 7310.75 v _158388_/B (OR5x1_ASAP7_75t_R)
     1    0.79   11.78   29.34 7340.09 v _158388_/Y (OR5x1_ASAP7_75t_R)
                                         _103353_ (net)
                 11.78    0.05 7340.14 v _158399_/A3 (AO33x2_ASAP7_75t_R)
     7    7.93   28.35   42.58 7382.72 v _158399_/Y (AO33x2_ASAP7_75t_R)
                                         _103364_ (net)
                 28.43    0.80 7383.51 v _158436_/A (AND2x2_ASAP7_75t_R)
     3    2.60   10.58   23.85 7407.36 v _158436_/Y (AND2x2_ASAP7_75t_R)
                                         _103401_ (net)
                 10.59    0.06 7407.43 v _158437_/C (OR3x1_ASAP7_75t_R)
    27   26.72  146.89   79.27 7486.70 v _158437_/Y (OR3x1_ASAP7_75t_R)
                                         _103402_ (net)
                147.93    7.13 7493.83 v _158474_/B (AND2x2_ASAP7_75t_R)
    21   22.13   67.93   59.58 7553.41 v _158474_/Y (AND2x2_ASAP7_75t_R)
                                         _103439_ (net)
                 67.97    1.14 7554.55 v _158476_/A2 (AOI22x1_ASAP7_75t_R)
     4    4.33   44.06   33.99 7588.55 ^ _158476_/Y (AOI22x1_ASAP7_75t_R)
                                         _103441_ (net)
                 44.08    0.54 7589.09 ^ _158477_/B (AND2x2_ASAP7_75t_R)
     1    0.93    7.79   21.77 7610.85 ^ _158477_/Y (AND2x2_ASAP7_75t_R)
                                         _103442_ (net)
                  7.79    0.03 7610.88 ^ _158496_/B2 (AOI221x1_ASAP7_75t_R)
     1    1.89   34.35   15.43 7626.31 v _158496_/Y (AOI221x1_ASAP7_75t_R)
                                         _103461_ (net)
                 34.36    0.26 7626.57 v _158497_/C (MAJx2_ASAP7_75t_R)
     6    5.25   20.04   32.01 7658.58 v _158497_/Y (MAJx2_ASAP7_75t_R)
                                         _103462_ (net)
                 20.06    0.33 7658.91 v _158571_/A1 (AO21x1_ASAP7_75t_R)
     3    2.75   17.91   24.20 7683.12 v _158571_/Y (AO21x1_ASAP7_75t_R)
                                         _103536_ (net)
                 17.92    0.16 7683.27 v _158629_/B2 (AO221x2_ASAP7_75t_R)
    15   16.31   51.62   47.49 7730.76 v _158629_/Y (AO221x2_ASAP7_75t_R)
                                         _103594_ (net)
                 51.65    0.72 7731.49 v _158672_/A (NAND2x1_ASAP7_75t_R)
    23   22.52  151.91   77.34 7808.83 ^ _158672_/Y (NAND2x1_ASAP7_75t_R)
                                         _103637_ (net)
                151.92    0.50 7809.33 ^ _158713_/A2 (OA21x2_ASAP7_75t_R)
     1    1.23   11.50   33.08 7842.41 ^ _158713_/Y (OA21x2_ASAP7_75t_R)
                                         _103678_ (net)
                 11.50    0.06 7842.47 ^ _158714_/B (NOR2x1_ASAP7_75t_R)
     6    6.14  268.48   20.29 7862.76 v _158714_/Y (NOR2x1_ASAP7_75t_R)
                                         _103679_ (net)
                268.48    0.38 7863.14 v _158750_/B (XNOR2x2_ASAP7_75t_R)
     1    0.67   11.84   46.85 7909.99 ^ _158750_/Y (XNOR2x2_ASAP7_75t_R)
                                         _103715_ (net)
                 11.84    0.02 7910.02 ^ _158751_/D (AND4x1_ASAP7_75t_R)
     1    1.72   16.46   26.10 7936.11 ^ _158751_/Y (AND4x1_ASAP7_75t_R)
                                         _103716_ (net)
                 16.47    0.14 7936.25 ^ _158756_/B (NAND3x1_ASAP7_75t_R)
     2    2.64   18.49   12.53 7948.78 v _158756_/Y (NAND3x1_ASAP7_75t_R)
                                         _103721_ (net)
                 18.50    0.19 7948.97 v _158757_/C (NAND3x1_ASAP7_75t_R)
     1    0.68   26.37   15.25 7964.22 ^ _158757_/Y (NAND3x1_ASAP7_75t_R)
                                         _103722_ (net)
                 26.37    0.02 7964.25 ^ _158758_/D (OR4x1_ASAP7_75t_R)
     2    1.86   14.12   19.63 7983.88 ^ _158758_/Y (OR4x1_ASAP7_75t_R)
                                         _103723_ (net)
                 14.13    0.09 7983.97 ^ _158764_/C (AND5x2_ASAP7_75t_R)
     4   13.93   52.21   46.12 8030.09 ^ _158764_/Y (AND5x2_ASAP7_75t_R)
                                         _103729_ (net)
                 58.73    9.57 8039.66 ^ _167893_/A1 (OA21x2_ASAP7_75t_R)
     3    2.46   12.73   28.63 8068.29 ^ _167893_/Y (OA21x2_ASAP7_75t_R)
                                         _111899_ (net)
                 12.74    0.05 8068.34 ^ _167894_/E (AND5x1_ASAP7_75t_R)
    21   30.33  207.22   90.64 8158.99 ^ _167894_/Y (AND5x1_ASAP7_75t_R)
                                         _111900_ (net)
                212.63   18.79 8177.78 ^ _171924_/B (AND2x2_ASAP7_75t_R)
    17   29.82  101.34   70.68 8248.46 ^ _171924_/Y (AND2x2_ASAP7_75t_R)
                                         _115788_ (net)
                103.43    8.06 8256.52 ^ _172383_/A2 (AO21x1_ASAP7_75t_R)
     2   11.20   74.90   51.33 8307.85 ^ _172383_/Y (AO21x1_ASAP7_75t_R)
                                         u_lsu.dmem_req_addr[13] (net)
                 75.20    2.68 8310.54 ^ output145/A (BUFx2_ASAP7_75t_R)
     1    2.53   12.62   26.81 8337.34 ^ output145/Y (BUFx2_ASAP7_75t_R)
                                         dmem_req_addr[13] (net)
                 12.64    0.28 8337.63 ^ dmem_req_addr[13] (out)
                               8337.63   data arrival time

                  0.00 6000.00 6000.00   clock core_clk (rise edge)
                          0.00 6000.00   clock network delay (ideal)
                        -50.00 5950.00   clock uncertainty
                          0.00 5950.00   clock reconvergence pessimism
                       -1200.00 4750.00   output external delay
                               4750.00   data required time
-----------------------------------------------------------------------------
                               4750.00   data required time
                               -8337.63   data arrival time
-----------------------------------------------------------------------------
                               -3587.63   slack (VIOLATED)


Startpoint: _318947_ (rising edge-triggered flip-flop clocked by core_clk)
Endpoint: _310296_ (rising edge-triggered flip-flop clocked by core_clk)
Path Group: reg2reg
Path Type: max

Fanout     Cap    Slew   Delay    Time   Description
-----------------------------------------------------------------------------
                  0.00    0.00    0.00   clock core_clk (rise edge)
                          0.00    0.00   clock network delay (ideal)
                  0.00    0.00    0.00 ^ _318947_/CLK (DFFHQNx1_ASAP7_75t_R)
     8    6.54   47.43   52.17   52.17 ^ _318947_/QN (DFFHQNx1_ASAP7_75t_R)
                                         u_rob._01352_[2] (net)
                 47.43    0.18   52.36 ^ _149585_/A (NOR2x1_ASAP7_75t_R)
    17   16.86   95.44   57.86  110.22 v _149585_/Y (NOR2x1_ASAP7_75t_R)
                                         _095105_ (net)
                 95.46    0.75  110.97 v _149586_/B (NAND2x1_ASAP7_75t_R)
   206  426.90 2833.46  770.22  881.19 ^ _149586_/Y (NAND2x1_ASAP7_75t_R)
                                         _095106_ (net)
               2895.88  234.04 1115.23 ^ _150516_/A2 (OA22x2_ASAP7_75t_R)
     1    2.78   67.12  181.58 1296.81 ^ _150516_/Y (OA22x2_ASAP7_75t_R)
                                         _096036_ (net)
                 67.13    0.73 1297.54 ^ _150517_/D (AND4x1_ASAP7_75t_R)
     2    2.31   20.78   31.95 1329.49 ^ _150517_/Y (AND4x1_ASAP7_75t_R)
                                         _096037_ (net)
                 20.79    0.25 1329.74 ^ _150594_/A (NAND2x1_ASAP7_75t_R)
     5   22.73  118.02   40.73 1370.47 v _150594_/Y (NAND2x1_ASAP7_75t_R)
                                         _096114_ (net)
                120.22    9.22 1379.69 v _151457_/A (NAND2x1_ASAP7_75t_R)
    88  131.43  897.47  218.23 1597.92 ^ _151457_/Y (NAND2x1_ASAP7_75t_R)
                                         _096859_ (net)
               1399.70  382.83 1980.75 ^ _151458_/B (AND2x2_ASAP7_75t_R)
   695  710.85 2383.66  129.81 2110.56 ^ _151458_/Y (AND2x2_ASAP7_75t_R)
                                         _096860_ (net)
               5418.34 1677.89 3788.45 ^ _159520_/B (NAND2x1_ASAP7_75t_R)
  1057 1425.44 11683.50 34724.93 38513.38 v _159520_/Y (NAND2x1_ASAP7_75t_R)
                                         _104483_ (net)
               11683.50 2063.98 40577.36 v _210689_/A (NOR3x1_ASAP7_75t_R)
   123  156.55 2803.25 8694.23 49271.59 ^ _210689_/Y (NOR3x1_ASAP7_75t_R)
                                         _149370_ (net)
               2803.25  386.06 49657.66 ^ _211158_/B1 (AO32x1_ASAP7_75t_R)
     1    0.65  180.49  173.24 49830.90 ^ _211158_/Y (AO32x1_ASAP7_75t_R)
                                         u_int_iq._00013_[280] (net)
                180.49    0.02 49830.92 ^ _310296_/D (DFFHQNx1_ASAP7_75t_R)
                               49830.92   data arrival time

                  0.00 6000.00 6000.00   clock core_clk (rise edge)
                          0.00 6000.00   clock network delay (ideal)
                        -50.00 5950.00   clock uncertainty
                          0.00 5950.00   clock reconvergence pessimism
                               5950.00 ^ _310296_/CLK (DFFHQNx1_ASAP7_75t_R)
                        -18.20 5931.79   library setup time
                               5931.79   data required time
-----------------------------------------------------------------------------
                               5931.79   data required time
                               -49830.92   data arrival time
-----------------------------------------------------------------------------
                               -43899.13   slack (VIOLATED)



==========================================================================
global place report_power
--------------------------------------------------------------------------
Group                  Internal  Switching    Leakage      Total
                          Power      Power      Power      Power (Watts)
----------------------------------------------------------------
Sequential             5.03e-03   1.43e-04   3.03e-06   5.18e-03  62.4%
Combinational          1.92e-03   1.18e-03   1.14e-05   3.12e-03  37.6%
Clock                  0.00e+00   0.00e+00   0.00e+00   0.00e+00   0.0%
Macro                  0.00e+00   0.00e+00   0.00e+00   0.00e+00   0.0%
Pad                    0.00e+00   0.00e+00   0.00e+00   0.00e+00   0.0%
----------------------------------------------------------------
Total                  6.95e-03   1.33e-03   1.45e-05   8.29e-03 100.0%
                          83.8%      16.0%       0.2%
