[WARNING STA-0502] report_checks -endpoint_count is deprecated. Use -endpoint_path_count instead.
Startpoint: rst (input port clocked by core_clk)
Endpoint: imem_req_valid (output port clocked by core_clk)
Path Group: in2out
Path Type: max

  Delay    Time   Description
---------------------------------------------------------
   0.00    0.00   clock core_clk (rise edge)
   0.00    0.00   clock network delay (propagated)
2400.00 2400.00 v input external delay
   0.00 2400.00 v rst (in)
  24.59 2424.59 v input102/Y (BUFx8_ASAP7_75t_R)
 106.16 2530.74 v wire5056/Y (BUFx16f_ASAP7_75t_R)
  82.55 2613.29 v wire5055/Y (BUFx24_ASAP7_75t_R)
 118.50 2731.79 v load_slew5054/Y (BUFx24_ASAP7_75t_R)
  82.53 2814.32 v load_slew5051/Y (BUFx16f_ASAP7_75t_R)
 108.07 2922.39 v wire5050/Y (BUFx24_ASAP7_75t_R)
 109.04 3031.43 v wire5049/Y (BUFx16f_ASAP7_75t_R)
 104.08 3135.51 v load_slew5048/Y (BUFx16f_ASAP7_75t_R)
 127.94 3263.45 v wire5047/Y (BUFx16f_ASAP7_75t_R)
 132.76 3396.21 v wire5046/Y (BUFx16f_ASAP7_75t_R)
  66.61 3462.81 ^ _163646_/Y (INVx3_ASAP7_75t_R)
  64.66 3527.48 ^ wire4981/Y (BUFx16f_ASAP7_75t_R)
  28.38 3555.85 ^ wire4979/Y (BUFx16f_ASAP7_75t_R)
  96.68 3652.54 ^ load_slew4978/Y (BUFx16f_ASAP7_75t_R)
  61.50 3714.03 ^ wire4975/Y (BUFx16f_ASAP7_75t_R)
  68.60 3782.64 ^ load_slew4969/Y (BUFx16f_ASAP7_75t_R)
  64.94 3847.58 ^ _238219_/Y (OA211x2_ASAP7_75t_R)
  31.99 3879.57 ^ _238220_/Y (OA211x2_ASAP7_75t_R)
  37.49 3917.05 ^ output105/Y (BUFx2_ASAP7_75t_R)
   0.41 3917.46 ^ imem_req_valid (out)
        3917.46   data arrival time

12000.00 12000.00   clock core_clk (rise edge)
   0.00 12000.00   clock network delay (propagated)
 -50.00 11950.00   clock uncertainty
   0.00 11950.00   clock reconvergence pessimism
-2400.00 9550.00   output external delay
        9550.00   data required time
---------------------------------------------------------
        9550.00   data required time
        -3917.46   data arrival time
---------------------------------------------------------
        5632.54   slack (MET)


Startpoint: rst (input port clocked by core_clk)
Endpoint: imem_req_valid (output port clocked by core_clk)
Path Group: in2out
Path Type: max

  Delay    Time   Description
---------------------------------------------------------
   0.00    0.00   clock core_clk (rise edge)
   0.00    0.00   clock network delay (propagated)
2400.00 2400.00 v input external delay
   0.00 2400.00 v rst (in)
  24.59 2424.59 v input102/Y (BUFx8_ASAP7_75t_R)
 106.16 2530.74 v wire5056/Y (BUFx16f_ASAP7_75t_R)
  82.55 2613.29 v wire5055/Y (BUFx24_ASAP7_75t_R)
 118.50 2731.79 v load_slew5054/Y (BUFx24_ASAP7_75t_R)
  82.53 2814.32 v load_slew5051/Y (BUFx16f_ASAP7_75t_R)
 108.07 2922.39 v wire5050/Y (BUFx24_ASAP7_75t_R)
 109.04 3031.43 v wire5049/Y (BUFx16f_ASAP7_75t_R)
 104.08 3135.51 v load_slew5048/Y (BUFx16f_ASAP7_75t_R)
 127.94 3263.45 v wire5047/Y (BUFx16f_ASAP7_75t_R)
 132.76 3396.21 v wire5046/Y (BUFx16f_ASAP7_75t_R)
  66.61 3462.81 ^ _163646_/Y (INVx3_ASAP7_75t_R)
  64.66 3527.48 ^ wire4981/Y (BUFx16f_ASAP7_75t_R)
  28.38 3555.85 ^ wire4979/Y (BUFx16f_ASAP7_75t_R)
  96.68 3652.54 ^ load_slew4978/Y (BUFx16f_ASAP7_75t_R)
  61.50 3714.03 ^ wire4975/Y (BUFx16f_ASAP7_75t_R)
  68.60 3782.64 ^ load_slew4969/Y (BUFx16f_ASAP7_75t_R)
  64.94 3847.58 ^ _238219_/Y (OA211x2_ASAP7_75t_R)
  31.99 3879.57 ^ _238220_/Y (OA211x2_ASAP7_75t_R)
  37.49 3917.05 ^ output105/Y (BUFx2_ASAP7_75t_R)
   0.41 3917.46 ^ imem_req_valid (out)
        3917.46   data arrival time

12000.00 12000.00   clock core_clk (rise edge)
   0.00 12000.00   clock network delay (propagated)
 -50.00 11950.00   clock uncertainty
   0.00 11950.00   clock reconvergence pessimism
-2400.00 9550.00   output external delay
        9550.00   data required time
---------------------------------------------------------
        9550.00   data required time
        -3917.46   data arrival time
---------------------------------------------------------
        5632.54   slack (MET)


Startpoint: rst (input port clocked by core_clk)
Endpoint: imem_req_valid (output port clocked by core_clk)
Path Group: in2out
Path Type: max

  Delay    Time   Description
---------------------------------------------------------
   0.00    0.00   clock core_clk (rise edge)
   0.00    0.00   clock network delay (propagated)
2400.00 2400.00 v input external delay
   0.00 2400.00 v rst (in)
  24.59 2424.59 v input102/Y (BUFx8_ASAP7_75t_R)
 106.16 2530.74 v wire5056/Y (BUFx16f_ASAP7_75t_R)
  82.55 2613.29 v wire5055/Y (BUFx24_ASAP7_75t_R)
 118.50 2731.79 v load_slew5054/Y (BUFx24_ASAP7_75t_R)
  82.53 2814.32 v load_slew5051/Y (BUFx16f_ASAP7_75t_R)
 108.07 2922.39 v wire5050/Y (BUFx24_ASAP7_75t_R)
 109.04 3031.43 v wire5049/Y (BUFx16f_ASAP7_75t_R)
 104.08 3135.51 v load_slew5048/Y (BUFx16f_ASAP7_75t_R)
 127.94 3263.45 v wire5047/Y (BUFx16f_ASAP7_75t_R)
 132.76 3396.21 v wire5046/Y (BUFx16f_ASAP7_75t_R)
  66.61 3462.81 ^ _163646_/Y (INVx3_ASAP7_75t_R)
  64.66 3527.48 ^ wire4981/Y (BUFx16f_ASAP7_75t_R)
  28.38 3555.85 ^ wire4979/Y (BUFx16f_ASAP7_75t_R)
  96.68 3652.54 ^ load_slew4978/Y (BUFx16f_ASAP7_75t_R)
  61.50 3714.03 ^ wire4975/Y (BUFx16f_ASAP7_75t_R)
  68.60 3782.64 ^ load_slew4969/Y (BUFx16f_ASAP7_75t_R)
  64.94 3847.58 ^ _238219_/Y (OA211x2_ASAP7_75t_R)
  31.99 3879.57 ^ _238220_/Y (OA211x2_ASAP7_75t_R)
  37.49 3917.05 ^ output105/Y (BUFx2_ASAP7_75t_R)
   0.41 3917.46 ^ imem_req_valid (out)
        3917.46   data arrival time

12000.00 12000.00   clock core_clk (rise edge)
   0.00 12000.00   clock network delay (propagated)
 -50.00 11950.00   clock uncertainty
   0.00 11950.00   clock reconvergence pessimism
-2400.00 9550.00   output external delay
        9550.00   data required time
---------------------------------------------------------
        9550.00   data required time
        -3917.46   data arrival time
---------------------------------------------------------
        5632.54   slack (MET)


Startpoint: rst (input port clocked by core_clk)
Endpoint: imem_req_valid (output port clocked by core_clk)
Path Group: in2out
Path Type: max

  Delay    Time   Description
---------------------------------------------------------
   0.00    0.00   clock core_clk (rise edge)
   0.00    0.00   clock network delay (propagated)
2400.00 2400.00 v input external delay
   0.00 2400.00 v rst (in)
  24.59 2424.59 v input102/Y (BUFx8_ASAP7_75t_R)
 106.16 2530.74 v wire5056/Y (BUFx16f_ASAP7_75t_R)
  82.55 2613.29 v wire5055/Y (BUFx24_ASAP7_75t_R)
 118.50 2731.79 v load_slew5054/Y (BUFx24_ASAP7_75t_R)
  82.53 2814.32 v load_slew5051/Y (BUFx16f_ASAP7_75t_R)
 108.07 2922.39 v wire5050/Y (BUFx24_ASAP7_75t_R)
 109.04 3031.43 v wire5049/Y (BUFx16f_ASAP7_75t_R)
 104.08 3135.51 v load_slew5048/Y (BUFx16f_ASAP7_75t_R)
 127.94 3263.45 v wire5047/Y (BUFx16f_ASAP7_75t_R)
 132.76 3396.21 v wire5046/Y (BUFx16f_ASAP7_75t_R)
  66.61 3462.81 ^ _163646_/Y (INVx3_ASAP7_75t_R)
  64.66 3527.48 ^ wire4981/Y (BUFx16f_ASAP7_75t_R)
  28.38 3555.85 ^ wire4979/Y (BUFx16f_ASAP7_75t_R)
  96.68 3652.54 ^ load_slew4978/Y (BUFx16f_ASAP7_75t_R)
  61.50 3714.03 ^ wire4975/Y (BUFx16f_ASAP7_75t_R)
  68.60 3782.64 ^ load_slew4969/Y (BUFx16f_ASAP7_75t_R)
  64.94 3847.58 ^ _238219_/Y (OA211x2_ASAP7_75t_R)
  31.99 3879.57 ^ _238220_/Y (OA211x2_ASAP7_75t_R)
  37.49 3917.05 ^ output105/Y (BUFx2_ASAP7_75t_R)
   0.41 3917.46 ^ imem_req_valid (out)
        3917.46   data arrival time

12000.00 12000.00   clock core_clk (rise edge)
   0.00 12000.00   clock network delay (propagated)
 -50.00 11950.00   clock uncertainty
   0.00 11950.00   clock reconvergence pessimism
-2400.00 9550.00   output external delay
        9550.00   data required time
---------------------------------------------------------
        9550.00   data required time
        -3917.46   data arrival time
---------------------------------------------------------
        5632.54   slack (MET)


Startpoint: rst (input port clocked by core_clk)
Endpoint: imem_req_valid (output port clocked by core_clk)
Path Group: in2out
Path Type: max

  Delay    Time   Description
---------------------------------------------------------
   0.00    0.00   clock core_clk (rise edge)
   0.00    0.00   clock network delay (propagated)
2400.00 2400.00 v input external delay
   0.00 2400.00 v rst (in)
  24.59 2424.59 v input102/Y (BUFx8_ASAP7_75t_R)
 106.16 2530.74 v wire5056/Y (BUFx16f_ASAP7_75t_R)
  82.55 2613.29 v wire5055/Y (BUFx24_ASAP7_75t_R)
 118.50 2731.79 v load_slew5054/Y (BUFx24_ASAP7_75t_R)
  82.53 2814.32 v load_slew5051/Y (BUFx16f_ASAP7_75t_R)
 108.07 2922.39 v wire5050/Y (BUFx24_ASAP7_75t_R)
 109.04 3031.43 v wire5049/Y (BUFx16f_ASAP7_75t_R)
 104.08 3135.51 v load_slew5048/Y (BUFx16f_ASAP7_75t_R)
 127.94 3263.45 v wire5047/Y (BUFx16f_ASAP7_75t_R)
 132.76 3396.21 v wire5046/Y (BUFx16f_ASAP7_75t_R)
  66.61 3462.81 ^ _163646_/Y (INVx3_ASAP7_75t_R)
  64.66 3527.48 ^ wire4981/Y (BUFx16f_ASAP7_75t_R)
  28.38 3555.85 ^ wire4979/Y (BUFx16f_ASAP7_75t_R)
  96.68 3652.54 ^ load_slew4978/Y (BUFx16f_ASAP7_75t_R)
  61.50 3714.03 ^ wire4975/Y (BUFx16f_ASAP7_75t_R)
  68.60 3782.64 ^ load_slew4969/Y (BUFx16f_ASAP7_75t_R)
  64.94 3847.58 ^ _238219_/Y (OA211x2_ASAP7_75t_R)
  30.97 3878.55 ^ _238220_/Y (OA211x2_ASAP7_75t_R)
  37.49 3916.03 ^ output105/Y (BUFx2_ASAP7_75t_R)
   0.41 3916.44 ^ imem_req_valid (out)
        3916.44   data arrival time

12000.00 12000.00   clock core_clk (rise edge)
   0.00 12000.00   clock network delay (propagated)
 -50.00 11950.00   clock uncertainty
   0.00 11950.00   clock reconvergence pessimism
-2400.00 9550.00   output external delay
        9550.00   data required time
---------------------------------------------------------
        9550.00   data required time
        -3916.44   data arrival time
---------------------------------------------------------
        5633.56   slack (MET)


Startpoint: rst (input port clocked by core_clk)
Endpoint: imem_req_valid (output port clocked by core_clk)
Path Group: in2out
Path Type: max

  Delay    Time   Description
---------------------------------------------------------
   0.00    0.00   clock core_clk (rise edge)
   0.00    0.00   clock network delay (propagated)
2400.00 2400.00 v input external delay
   0.00 2400.00 v rst (in)
  24.59 2424.59 v input102/Y (BUFx8_ASAP7_75t_R)
 106.16 2530.74 v wire5056/Y (BUFx16f_ASAP7_75t_R)
  82.55 2613.29 v wire5055/Y (BUFx24_ASAP7_75t_R)
 118.50 2731.79 v load_slew5054/Y (BUFx24_ASAP7_75t_R)
  82.53 2814.32 v load_slew5051/Y (BUFx16f_ASAP7_75t_R)
 108.07 2922.39 v wire5050/Y (BUFx24_ASAP7_75t_R)
 109.04 3031.43 v wire5049/Y (BUFx16f_ASAP7_75t_R)
 104.08 3135.51 v load_slew5048/Y (BUFx16f_ASAP7_75t_R)
 127.94 3263.45 v wire5047/Y (BUFx16f_ASAP7_75t_R)
 132.76 3396.21 v wire5046/Y (BUFx16f_ASAP7_75t_R)
  66.61 3462.81 ^ _163646_/Y (INVx3_ASAP7_75t_R)
  64.66 3527.48 ^ wire4981/Y (BUFx16f_ASAP7_75t_R)
  28.38 3555.85 ^ wire4979/Y (BUFx16f_ASAP7_75t_R)
  96.68 3652.54 ^ load_slew4978/Y (BUFx16f_ASAP7_75t_R)
  61.50 3714.03 ^ wire4975/Y (BUFx16f_ASAP7_75t_R)
  68.60 3782.64 ^ load_slew4969/Y (BUFx16f_ASAP7_75t_R)
  64.94 3847.58 ^ _238219_/Y (OA211x2_ASAP7_75t_R)
  30.97 3878.55 ^ _238220_/Y (OA211x2_ASAP7_75t_R)
  37.49 3916.03 ^ output105/Y (BUFx2_ASAP7_75t_R)
   0.41 3916.44 ^ imem_req_valid (out)
        3916.44   data arrival time

12000.00 12000.00   clock core_clk (rise edge)
   0.00 12000.00   clock network delay (propagated)
 -50.00 11950.00   clock uncertainty
   0.00 11950.00   clock reconvergence pessimism
-2400.00 9550.00   output external delay
        9550.00   data required time
---------------------------------------------------------
        9550.00   data required time
        -3916.44   data arrival time
---------------------------------------------------------
        5633.56   slack (MET)


Startpoint: rst (input port clocked by core_clk)
Endpoint: imem_req_valid (output port clocked by core_clk)
Path Group: in2out
Path Type: max

  Delay    Time   Description
---------------------------------------------------------
   0.00    0.00   clock core_clk (rise edge)
   0.00    0.00   clock network delay (propagated)
2400.00 2400.00 v input external delay
   0.00 2400.00 v rst (in)
  24.59 2424.59 v input102/Y (BUFx8_ASAP7_75t_R)
 106.16 2530.74 v wire5056/Y (BUFx16f_ASAP7_75t_R)
  82.55 2613.29 v wire5055/Y (BUFx24_ASAP7_75t_R)
 118.50 2731.79 v load_slew5054/Y (BUFx24_ASAP7_75t_R)
  82.53 2814.32 v load_slew5051/Y (BUFx16f_ASAP7_75t_R)
 108.07 2922.39 v wire5050/Y (BUFx24_ASAP7_75t_R)
 109.04 3031.43 v wire5049/Y (BUFx16f_ASAP7_75t_R)
 104.08 3135.51 v load_slew5048/Y (BUFx16f_ASAP7_75t_R)
 127.94 3263.45 v wire5047/Y (BUFx16f_ASAP7_75t_R)
 132.76 3396.21 v wire5046/Y (BUFx16f_ASAP7_75t_R)
  66.61 3462.81 ^ _163646_/Y (INVx3_ASAP7_75t_R)
  64.66 3527.48 ^ wire4981/Y (BUFx16f_ASAP7_75t_R)
  28.38 3555.85 ^ wire4979/Y (BUFx16f_ASAP7_75t_R)
  96.68 3652.54 ^ load_slew4978/Y (BUFx16f_ASAP7_75t_R)
  61.50 3714.03 ^ wire4975/Y (BUFx16f_ASAP7_75t_R)
  68.60 3782.64 ^ load_slew4969/Y (BUFx16f_ASAP7_75t_R)
  63.52 3846.16 ^ _238219_/Y (OA211x2_ASAP7_75t_R)
  31.99 3878.15 ^ _238220_/Y (OA211x2_ASAP7_75t_R)
  37.49 3915.64 ^ output105/Y (BUFx2_ASAP7_75t_R)
   0.41 3916.05 ^ imem_req_valid (out)
        3916.05   data arrival time

12000.00 12000.00   clock core_clk (rise edge)
   0.00 12000.00   clock network delay (propagated)
 -50.00 11950.00   clock uncertainty
   0.00 11950.00   clock reconvergence pessimism
-2400.00 9550.00   output external delay
        9550.00   data required time
---------------------------------------------------------
        9550.00   data required time
        -3916.05   data arrival time
---------------------------------------------------------
        5633.95   slack (MET)


Startpoint: rst (input port clocked by core_clk)
Endpoint: imem_req_valid (output port clocked by core_clk)
Path Group: in2out
Path Type: max

  Delay    Time   Description
---------------------------------------------------------
   0.00    0.00   clock core_clk (rise edge)
   0.00    0.00   clock network delay (propagated)
2400.00 2400.00 v input external delay
   0.00 2400.00 v rst (in)
  24.59 2424.59 v input102/Y (BUFx8_ASAP7_75t_R)
 106.16 2530.74 v wire5056/Y (BUFx16f_ASAP7_75t_R)
  82.55 2613.29 v wire5055/Y (BUFx24_ASAP7_75t_R)
 118.50 2731.79 v load_slew5054/Y (BUFx24_ASAP7_75t_R)
  82.53 2814.32 v load_slew5051/Y (BUFx16f_ASAP7_75t_R)
 108.07 2922.39 v wire5050/Y (BUFx24_ASAP7_75t_R)
 109.04 3031.43 v wire5049/Y (BUFx16f_ASAP7_75t_R)
 104.08 3135.51 v load_slew5048/Y (BUFx16f_ASAP7_75t_R)
 127.94 3263.45 v wire5047/Y (BUFx16f_ASAP7_75t_R)
 132.76 3396.21 v wire5046/Y (BUFx16f_ASAP7_75t_R)
  66.61 3462.81 ^ _163646_/Y (INVx3_ASAP7_75t_R)
  64.66 3527.48 ^ wire4981/Y (BUFx16f_ASAP7_75t_R)
  28.38 3555.85 ^ wire4979/Y (BUFx16f_ASAP7_75t_R)
  96.68 3652.54 ^ load_slew4978/Y (BUFx16f_ASAP7_75t_R)
  61.50 3714.03 ^ wire4975/Y (BUFx16f_ASAP7_75t_R)
  68.60 3782.64 ^ load_slew4969/Y (BUFx16f_ASAP7_75t_R)
  63.52 3846.16 ^ _238219_/Y (OA211x2_ASAP7_75t_R)
  31.99 3878.15 ^ _238220_/Y (OA211x2_ASAP7_75t_R)
  37.49 3915.64 ^ output105/Y (BUFx2_ASAP7_75t_R)
   0.41 3916.05 ^ imem_req_valid (out)
        3916.05   data arrival time

12000.00 12000.00   clock core_clk (rise edge)
   0.00 12000.00   clock network delay (propagated)
 -50.00 11950.00   clock uncertainty
   0.00 11950.00   clock reconvergence pessimism
-2400.00 9550.00   output external delay
        9550.00   data required time
---------------------------------------------------------
        9550.00   data required time
        -3916.05   data arrival time
---------------------------------------------------------
        5633.95   slack (MET)


Startpoint: rst (input port clocked by core_clk)
Endpoint: imem_req_valid (output port clocked by core_clk)
Path Group: in2out
Path Type: max

  Delay    Time   Description
---------------------------------------------------------
   0.00    0.00   clock core_clk (rise edge)
   0.00    0.00   clock network delay (propagated)
2400.00 2400.00 v input external delay
   0.00 2400.00 v rst (in)
  24.59 2424.59 v input102/Y (BUFx8_ASAP7_75t_R)
 106.16 2530.74 v wire5056/Y (BUFx16f_ASAP7_75t_R)
  82.55 2613.29 v wire5055/Y (BUFx24_ASAP7_75t_R)
 118.50 2731.79 v load_slew5054/Y (BUFx24_ASAP7_75t_R)
  82.53 2814.32 v load_slew5051/Y (BUFx16f_ASAP7_75t_R)
 108.07 2922.39 v wire5050/Y (BUFx24_ASAP7_75t_R)
 109.04 3031.43 v wire5049/Y (BUFx16f_ASAP7_75t_R)
 104.08 3135.51 v load_slew5048/Y (BUFx16f_ASAP7_75t_R)
 127.94 3263.45 v wire5047/Y (BUFx16f_ASAP7_75t_R)
 132.76 3396.21 v wire5046/Y (BUFx16f_ASAP7_75t_R)
  66.61 3462.81 ^ _163646_/Y (INVx3_ASAP7_75t_R)
  64.66 3527.48 ^ wire4981/Y (BUFx16f_ASAP7_75t_R)
  28.38 3555.85 ^ wire4979/Y (BUFx16f_ASAP7_75t_R)
  96.68 3652.54 ^ load_slew4978/Y (BUFx16f_ASAP7_75t_R)
  61.50 3714.03 ^ wire4975/Y (BUFx16f_ASAP7_75t_R)
  68.60 3782.64 ^ load_slew4969/Y (BUFx16f_ASAP7_75t_R)
  63.24 3845.88 ^ _238219_/Y (OA211x2_ASAP7_75t_R)
  31.99 3877.87 ^ _238220_/Y (OA211x2_ASAP7_75t_R)
  37.49 3915.36 ^ output105/Y (BUFx2_ASAP7_75t_R)
   0.41 3915.77 ^ imem_req_valid (out)
        3915.77   data arrival time

12000.00 12000.00   clock core_clk (rise edge)
   0.00 12000.00   clock network delay (propagated)
 -50.00 11950.00   clock uncertainty
   0.00 11950.00   clock reconvergence pessimism
-2400.00 9550.00   output external delay
        9550.00   data required time
---------------------------------------------------------
        9550.00   data required time
        -3915.77   data arrival time
---------------------------------------------------------
        5634.23   slack (MET)


Startpoint: rst (input port clocked by core_clk)
Endpoint: imem_req_valid (output port clocked by core_clk)
Path Group: in2out
Path Type: max

  Delay    Time   Description
---------------------------------------------------------
   0.00    0.00   clock core_clk (rise edge)
   0.00    0.00   clock network delay (propagated)
2400.00 2400.00 v input external delay
   0.00 2400.00 v rst (in)
  24.59 2424.59 v input102/Y (BUFx8_ASAP7_75t_R)
 106.16 2530.74 v wire5056/Y (BUFx16f_ASAP7_75t_R)
  82.55 2613.29 v wire5055/Y (BUFx24_ASAP7_75t_R)
 118.50 2731.79 v load_slew5054/Y (BUFx24_ASAP7_75t_R)
  82.53 2814.32 v load_slew5051/Y (BUFx16f_ASAP7_75t_R)
 108.07 2922.39 v wire5050/Y (BUFx24_ASAP7_75t_R)
 109.04 3031.43 v wire5049/Y (BUFx16f_ASAP7_75t_R)
 104.08 3135.51 v load_slew5048/Y (BUFx16f_ASAP7_75t_R)
 127.94 3263.45 v wire5047/Y (BUFx16f_ASAP7_75t_R)
 132.76 3396.21 v wire5046/Y (BUFx16f_ASAP7_75t_R)
  66.61 3462.81 ^ _163646_/Y (INVx3_ASAP7_75t_R)
  64.66 3527.48 ^ wire4981/Y (BUFx16f_ASAP7_75t_R)
  28.38 3555.85 ^ wire4979/Y (BUFx16f_ASAP7_75t_R)
  96.68 3652.54 ^ load_slew4978/Y (BUFx16f_ASAP7_75t_R)
  61.50 3714.03 ^ wire4975/Y (BUFx16f_ASAP7_75t_R)
  68.60 3782.64 ^ load_slew4969/Y (BUFx16f_ASAP7_75t_R)
  63.24 3845.88 ^ _238219_/Y (OA211x2_ASAP7_75t_R)
  31.99 3877.87 ^ _238220_/Y (OA211x2_ASAP7_75t_R)
  37.49 3915.36 ^ output105/Y (BUFx2_ASAP7_75t_R)
   0.41 3915.77 ^ imem_req_valid (out)
        3915.77   data arrival time

12000.00 12000.00   clock core_clk (rise edge)
   0.00 12000.00   clock network delay (propagated)
 -50.00 11950.00   clock uncertainty
   0.00 11950.00   clock reconvergence pessimism
-2400.00 9550.00   output external delay
        9550.00   data required time
---------------------------------------------------------
        9550.00   data required time
        -3915.77   data arrival time
---------------------------------------------------------
        5634.23   slack (MET)


