[WARNING STA-0502] report_checks -endpoint_count is deprecated. Use -endpoint_path_count instead.
Startpoint: _334048_ (rising edge-triggered flip-flop clocked by core_clk)
Endpoint: _334177_ (rising edge-triggered flip-flop clocked by core_clk)
Path Group: reg2reg
Path Type: min

  Delay    Time   Description
---------------------------------------------------------
   0.00    0.00   clock core_clk (rise edge)
   0.00    0.00   clock source latency
   0.00    0.00 ^ clk (in)
  49.14   49.14 ^ wire5542/Y (BUFx12_ASAP7_75t_R)
  49.15   98.29 ^ clkbuf_0_clk/Y (BUFx24_ASAP7_75t_R)
  27.58  125.88 ^ clkbuf_1_0_0_clk/Y (BUFx24_ASAP7_75t_R)
  20.85  146.73 ^ clkbuf_2_0_0_clk/Y (BUFx24_ASAP7_75t_R)
  26.56  173.30 ^ clkbuf_3_1_0_clk/Y (BUFx24_ASAP7_75t_R)
  21.61  194.91 ^ clkbuf_4_2_0_clk/Y (BUFx24_ASAP7_75t_R)
  25.89  220.80 ^ clkbuf_6_8_0_clk/Y (BUFx24_ASAP7_75t_R)
  19.18  239.98 ^ clkbuf_7_17__f_clk/Y (BUFx24_ASAP7_75t_R)
  22.31  262.29 ^ clkbuf_leaf_315_clk/Y (BUFx24_ASAP7_75t_R)
   1.40  263.69 ^ _334048_/CLK (DFFHQNx1_ASAP7_75t_R)
  41.06  304.75 ^ _334048_/QN (DFFHQNx1_ASAP7_75t_R)
   7.38  312.13 v _237382_/Y (NAND2x1_ASAP7_75t_R)
  23.74  335.87 v _237383_/Y (OA211x2_ASAP7_75t_R)
   0.07  335.94 v _334177_/D (DFFHQNx1_ASAP7_75t_R)
         335.94   data arrival time

   0.00    0.00   clock core_clk (rise edge)
   0.00    0.00   clock source latency
   0.00    0.00 ^ clk (in)
  49.90   49.90 ^ wire5542/Y (BUFx12_ASAP7_75t_R)
  50.72  100.63 ^ clkbuf_0_clk/Y (BUFx24_ASAP7_75t_R)
  27.42  128.05 ^ clkbuf_1_1_0_clk/Y (BUFx24_ASAP7_75t_R)
  29.74  157.79 ^ clkbuf_2_3_0_clk/Y (BUFx24_ASAP7_75t_R)
  30.96  188.75 ^ clkbuf_3_6_0_clk/Y (BUFx24_ASAP7_75t_R)
  24.36  213.10 ^ clkbuf_4_12_0_clk/Y (BUFx24_ASAP7_75t_R)
  28.42  241.53 ^ clkbuf_6_48_0_clk/Y (BUFx24_ASAP7_75t_R)
  24.08  265.61 ^ clkbuf_7_96__f_clk/Y (BUFx24_ASAP7_75t_R)
  33.80  299.41 ^ clkbuf_leaf_316_clk/Y (BUFx24_ASAP7_75t_R)
   1.69  301.10 ^ _334177_/CLK (DFFHQNx1_ASAP7_75t_R)
  25.00  326.10   clock uncertainty
  -2.33  323.77   clock reconvergence pessimism
  12.02  335.78   library hold time
         335.78   data required time
---------------------------------------------------------
         335.78   data required time
        -335.94   data arrival time
---------------------------------------------------------
           0.16   slack (MET)


Startpoint: _334048_ (rising edge-triggered flip-flop clocked by core_clk)
Endpoint: _334177_ (rising edge-triggered flip-flop clocked by core_clk)
Path Group: reg2reg
Path Type: min

  Delay    Time   Description
---------------------------------------------------------
   0.00    0.00   clock core_clk (rise edge)
   0.00    0.00   clock source latency
   0.00    0.00 ^ clk (in)
  49.14   49.14 ^ wire5542/Y (BUFx12_ASAP7_75t_R)
  49.15   98.29 ^ clkbuf_0_clk/Y (BUFx24_ASAP7_75t_R)
  27.58  125.88 ^ clkbuf_1_0_0_clk/Y (BUFx24_ASAP7_75t_R)
  20.85  146.73 ^ clkbuf_2_0_0_clk/Y (BUFx24_ASAP7_75t_R)
  26.56  173.30 ^ clkbuf_3_1_0_clk/Y (BUFx24_ASAP7_75t_R)
  21.61  194.91 ^ clkbuf_4_2_0_clk/Y (BUFx24_ASAP7_75t_R)
  25.89  220.80 ^ clkbuf_6_8_0_clk/Y (BUFx24_ASAP7_75t_R)
  19.18  239.98 ^ clkbuf_7_17__f_clk/Y (BUFx24_ASAP7_75t_R)
  22.31  262.29 ^ clkbuf_leaf_315_clk/Y (BUFx24_ASAP7_75t_R)
   1.40  263.69 ^ _334048_/CLK (DFFHQNx1_ASAP7_75t_R)
  41.06  304.75 ^ _334048_/QN (DFFHQNx1_ASAP7_75t_R)
   7.38  312.13 v _237382_/Y (NAND2x1_ASAP7_75t_R)
  24.41  336.54 v _237383_/Y (OA211x2_ASAP7_75t_R)
   0.07  336.61 v _334177_/D (DFFHQNx1_ASAP7_75t_R)
         336.61   data arrival time

   0.00    0.00   clock core_clk (rise edge)
   0.00    0.00   clock source latency
   0.00    0.00 ^ clk (in)
  49.90   49.90 ^ wire5542/Y (BUFx12_ASAP7_75t_R)
  50.72  100.63 ^ clkbuf_0_clk/Y (BUFx24_ASAP7_75t_R)
  27.42  128.05 ^ clkbuf_1_1_0_clk/Y (BUFx24_ASAP7_75t_R)
  29.74  157.79 ^ clkbuf_2_3_0_clk/Y (BUFx24_ASAP7_75t_R)
  30.96  188.75 ^ clkbuf_3_6_0_clk/Y (BUFx24_ASAP7_75t_R)
  24.36  213.10 ^ clkbuf_4_12_0_clk/Y (BUFx24_ASAP7_75t_R)
  28.42  241.53 ^ clkbuf_6_48_0_clk/Y (BUFx24_ASAP7_75t_R)
  24.08  265.61 ^ clkbuf_7_96__f_clk/Y (BUFx24_ASAP7_75t_R)
  33.80  299.41 ^ clkbuf_leaf_316_clk/Y (BUFx24_ASAP7_75t_R)
   1.69  301.10 ^ _334177_/CLK (DFFHQNx1_ASAP7_75t_R)
  25.00  326.10   clock uncertainty
  -2.33  323.77   clock reconvergence pessimism
  12.02  335.78   library hold time
         335.78   data required time
---------------------------------------------------------
         335.78   data required time
        -336.61   data arrival time
---------------------------------------------------------
           0.83   slack (MET)


Startpoint: _334048_ (rising edge-triggered flip-flop clocked by core_clk)
Endpoint: _334177_ (rising edge-triggered flip-flop clocked by core_clk)
Path Group: reg2reg
Path Type: min

  Delay    Time   Description
---------------------------------------------------------
   0.00    0.00   clock core_clk (rise edge)
   0.00    0.00   clock source latency
   0.00    0.00 ^ clk (in)
  49.14   49.14 ^ wire5542/Y (BUFx12_ASAP7_75t_R)
  49.15   98.29 ^ clkbuf_0_clk/Y (BUFx24_ASAP7_75t_R)
  27.58  125.88 ^ clkbuf_1_0_0_clk/Y (BUFx24_ASAP7_75t_R)
  20.85  146.73 ^ clkbuf_2_0_0_clk/Y (BUFx24_ASAP7_75t_R)
  26.56  173.30 ^ clkbuf_3_1_0_clk/Y (BUFx24_ASAP7_75t_R)
  21.61  194.91 ^ clkbuf_4_2_0_clk/Y (BUFx24_ASAP7_75t_R)
  25.89  220.80 ^ clkbuf_6_8_0_clk/Y (BUFx24_ASAP7_75t_R)
  19.18  239.98 ^ clkbuf_7_17__f_clk/Y (BUFx24_ASAP7_75t_R)
  22.31  262.29 ^ clkbuf_leaf_315_clk/Y (BUFx24_ASAP7_75t_R)
   1.40  263.69 ^ _334048_/CLK (DFFHQNx1_ASAP7_75t_R)
  41.06  304.75 ^ _334048_/QN (DFFHQNx1_ASAP7_75t_R)
   7.38  312.13 v _237382_/Y (NAND2x1_ASAP7_75t_R)
  25.13  337.26 v _237383_/Y (OA211x2_ASAP7_75t_R)
   0.07  337.33 v _334177_/D (DFFHQNx1_ASAP7_75t_R)
         337.33   data arrival time

   0.00    0.00   clock core_clk (rise edge)
   0.00    0.00   clock source latency
   0.00    0.00 ^ clk (in)
  49.90   49.90 ^ wire5542/Y (BUFx12_ASAP7_75t_R)
  50.72  100.63 ^ clkbuf_0_clk/Y (BUFx24_ASAP7_75t_R)
  27.42  128.05 ^ clkbuf_1_1_0_clk/Y (BUFx24_ASAP7_75t_R)
  29.74  157.79 ^ clkbuf_2_3_0_clk/Y (BUFx24_ASAP7_75t_R)
  30.96  188.75 ^ clkbuf_3_6_0_clk/Y (BUFx24_ASAP7_75t_R)
  24.36  213.10 ^ clkbuf_4_12_0_clk/Y (BUFx24_ASAP7_75t_R)
  28.42  241.53 ^ clkbuf_6_48_0_clk/Y (BUFx24_ASAP7_75t_R)
  24.08  265.61 ^ clkbuf_7_96__f_clk/Y (BUFx24_ASAP7_75t_R)
  33.80  299.41 ^ clkbuf_leaf_316_clk/Y (BUFx24_ASAP7_75t_R)
   1.69  301.10 ^ _334177_/CLK (DFFHQNx1_ASAP7_75t_R)
  25.00  326.10   clock uncertainty
  -2.33  323.77   clock reconvergence pessimism
  12.02  335.78   library hold time
         335.78   data required time
---------------------------------------------------------
         335.78   data required time
        -337.33   data arrival time
---------------------------------------------------------
           1.54   slack (MET)


Startpoint: _334048_ (rising edge-triggered flip-flop clocked by core_clk)
Endpoint: _334177_ (rising edge-triggered flip-flop clocked by core_clk)
Path Group: reg2reg
Path Type: min

  Delay    Time   Description
---------------------------------------------------------
   0.00    0.00   clock core_clk (rise edge)
   0.00    0.00   clock source latency
   0.00    0.00 ^ clk (in)
  49.14   49.14 ^ wire5542/Y (BUFx12_ASAP7_75t_R)
  49.15   98.29 ^ clkbuf_0_clk/Y (BUFx24_ASAP7_75t_R)
  27.58  125.88 ^ clkbuf_1_0_0_clk/Y (BUFx24_ASAP7_75t_R)
  20.85  146.73 ^ clkbuf_2_0_0_clk/Y (BUFx24_ASAP7_75t_R)
  26.56  173.30 ^ clkbuf_3_1_0_clk/Y (BUFx24_ASAP7_75t_R)
  21.61  194.91 ^ clkbuf_4_2_0_clk/Y (BUFx24_ASAP7_75t_R)
  25.89  220.80 ^ clkbuf_6_8_0_clk/Y (BUFx24_ASAP7_75t_R)
  19.18  239.98 ^ clkbuf_7_17__f_clk/Y (BUFx24_ASAP7_75t_R)
  22.31  262.29 ^ clkbuf_leaf_315_clk/Y (BUFx24_ASAP7_75t_R)
   1.40  263.69 ^ _334048_/CLK (DFFHQNx1_ASAP7_75t_R)
  41.06  304.75 ^ _334048_/QN (DFFHQNx1_ASAP7_75t_R)
   7.38  312.13 v _237382_/Y (NAND2x1_ASAP7_75t_R)
  25.13  337.26 v _237383_/Y (OA211x2_ASAP7_75t_R)
   0.07  337.33 v _334177_/D (DFFHQNx1_ASAP7_75t_R)
         337.33   data arrival time

   0.00    0.00   clock core_clk (rise edge)
   0.00    0.00   clock source latency
   0.00    0.00 ^ clk (in)
  49.90   49.90 ^ wire5542/Y (BUFx12_ASAP7_75t_R)
  50.72  100.63 ^ clkbuf_0_clk/Y (BUFx24_ASAP7_75t_R)
  27.42  128.05 ^ clkbuf_1_1_0_clk/Y (BUFx24_ASAP7_75t_R)
  29.74  157.79 ^ clkbuf_2_3_0_clk/Y (BUFx24_ASAP7_75t_R)
  30.96  188.75 ^ clkbuf_3_6_0_clk/Y (BUFx24_ASAP7_75t_R)
  24.36  213.10 ^ clkbuf_4_12_0_clk/Y (BUFx24_ASAP7_75t_R)
  28.42  241.53 ^ clkbuf_6_48_0_clk/Y (BUFx24_ASAP7_75t_R)
  24.08  265.61 ^ clkbuf_7_96__f_clk/Y (BUFx24_ASAP7_75t_R)
  33.80  299.41 ^ clkbuf_leaf_316_clk/Y (BUFx24_ASAP7_75t_R)
   1.69  301.10 ^ _334177_/CLK (DFFHQNx1_ASAP7_75t_R)
  25.00  326.10   clock uncertainty
  -2.33  323.77   clock reconvergence pessimism
  12.02  335.78   library hold time
         335.78   data required time
---------------------------------------------------------
         335.78   data required time
        -337.33   data arrival time
---------------------------------------------------------
           1.54   slack (MET)


Startpoint: _333507_ (rising edge-triggered flip-flop clocked by core_clk)
Endpoint: _334770_ (rising edge-triggered flip-flop clocked by core_clk)
Path Group: reg2reg
Path Type: min

  Delay    Time   Description
---------------------------------------------------------
   0.00    0.00   clock core_clk (rise edge)
   0.00    0.00   clock source latency
   0.00    0.00 ^ clk (in)
  49.14   49.14 ^ wire5542/Y (BUFx12_ASAP7_75t_R)
  49.15   98.29 ^ clkbuf_0_clk/Y (BUFx24_ASAP7_75t_R)
  27.58  125.88 ^ clkbuf_1_0_0_clk/Y (BUFx24_ASAP7_75t_R)
  20.85  146.73 ^ clkbuf_2_0_0_clk/Y (BUFx24_ASAP7_75t_R)
  26.56  173.30 ^ clkbuf_3_1_0_clk/Y (BUFx24_ASAP7_75t_R)
  21.61  194.91 ^ clkbuf_4_2_0_clk/Y (BUFx24_ASAP7_75t_R)
  25.89  220.80 ^ clkbuf_6_8_0_clk/Y (BUFx24_ASAP7_75t_R)
  19.18  239.98 ^ clkbuf_7_17__f_clk/Y (BUFx24_ASAP7_75t_R)
  22.31  262.29 ^ clkbuf_leaf_315_clk/Y (BUFx24_ASAP7_75t_R)
   1.61  263.90 ^ _333507_/CLK (DFFHQNx1_ASAP7_75t_R)
  63.39  327.28 ^ _333507_/QN (DFFHQNx1_ASAP7_75t_R)
  11.90  339.18 v _229220_/Y (OAI22x1_ASAP7_75t_R)
   0.12  339.30 v _334770_/D (DFFHQNx1_ASAP7_75t_R)
         339.30   data arrival time

   0.00    0.00   clock core_clk (rise edge)
   0.00    0.00   clock source latency
   0.00    0.00 ^ clk (in)
  49.90   49.90 ^ wire5542/Y (BUFx12_ASAP7_75t_R)
  50.72  100.63 ^ clkbuf_0_clk/Y (BUFx24_ASAP7_75t_R)
  27.42  128.05 ^ clkbuf_1_1_0_clk/Y (BUFx24_ASAP7_75t_R)
  29.74  157.79 ^ clkbuf_2_3_0_clk/Y (BUFx24_ASAP7_75t_R)
  30.96  188.75 ^ clkbuf_3_6_0_clk/Y (BUFx24_ASAP7_75t_R)
  24.36  213.10 ^ clkbuf_4_12_0_clk/Y (BUFx24_ASAP7_75t_R)
  28.42  241.53 ^ clkbuf_6_48_0_clk/Y (BUFx24_ASAP7_75t_R)
  24.08  265.61 ^ clkbuf_7_96__f_clk/Y (BUFx24_ASAP7_75t_R)
  33.80  299.41 ^ clkbuf_leaf_316_clk/Y (BUFx24_ASAP7_75t_R)
   1.36  300.77 ^ _334770_/CLK (DFFHQNx1_ASAP7_75t_R)
  25.00  325.77   clock uncertainty
  -2.33  323.44   clock reconvergence pessimism
  11.84  335.28   library hold time
         335.28   data required time
---------------------------------------------------------
         335.28   data required time
        -339.30   data arrival time
---------------------------------------------------------
           4.03   slack (MET)


Startpoint: _333507_ (rising edge-triggered flip-flop clocked by core_clk)
Endpoint: _334770_ (rising edge-triggered flip-flop clocked by core_clk)
Path Group: reg2reg
Path Type: min

  Delay    Time   Description
---------------------------------------------------------
   0.00    0.00   clock core_clk (rise edge)
   0.00    0.00   clock source latency
   0.00    0.00 ^ clk (in)
  49.14   49.14 ^ wire5542/Y (BUFx12_ASAP7_75t_R)
  49.15   98.29 ^ clkbuf_0_clk/Y (BUFx24_ASAP7_75t_R)
  27.58  125.88 ^ clkbuf_1_0_0_clk/Y (BUFx24_ASAP7_75t_R)
  20.85  146.73 ^ clkbuf_2_0_0_clk/Y (BUFx24_ASAP7_75t_R)
  26.56  173.30 ^ clkbuf_3_1_0_clk/Y (BUFx24_ASAP7_75t_R)
  21.61  194.91 ^ clkbuf_4_2_0_clk/Y (BUFx24_ASAP7_75t_R)
  25.89  220.80 ^ clkbuf_6_8_0_clk/Y (BUFx24_ASAP7_75t_R)
  19.18  239.98 ^ clkbuf_7_17__f_clk/Y (BUFx24_ASAP7_75t_R)
  22.31  262.29 ^ clkbuf_leaf_315_clk/Y (BUFx24_ASAP7_75t_R)
   1.61  263.90 ^ _333507_/CLK (DFFHQNx1_ASAP7_75t_R)
  63.39  327.28 ^ _333507_/QN (DFFHQNx1_ASAP7_75t_R)
  12.06  339.34 v _229220_/Y (OAI22x1_ASAP7_75t_R)
   0.12  339.46 v _334770_/D (DFFHQNx1_ASAP7_75t_R)
         339.46   data arrival time

   0.00    0.00   clock core_clk (rise edge)
   0.00    0.00   clock source latency
   0.00    0.00 ^ clk (in)
  49.90   49.90 ^ wire5542/Y (BUFx12_ASAP7_75t_R)
  50.72  100.63 ^ clkbuf_0_clk/Y (BUFx24_ASAP7_75t_R)
  27.42  128.05 ^ clkbuf_1_1_0_clk/Y (BUFx24_ASAP7_75t_R)
  29.74  157.79 ^ clkbuf_2_3_0_clk/Y (BUFx24_ASAP7_75t_R)
  30.96  188.75 ^ clkbuf_3_6_0_clk/Y (BUFx24_ASAP7_75t_R)
  24.36  213.10 ^ clkbuf_4_12_0_clk/Y (BUFx24_ASAP7_75t_R)
  28.42  241.53 ^ clkbuf_6_48_0_clk/Y (BUFx24_ASAP7_75t_R)
  24.08  265.61 ^ clkbuf_7_96__f_clk/Y (BUFx24_ASAP7_75t_R)
  33.80  299.41 ^ clkbuf_leaf_316_clk/Y (BUFx24_ASAP7_75t_R)
   1.36  300.77 ^ _334770_/CLK (DFFHQNx1_ASAP7_75t_R)
  25.00  325.77   clock uncertainty
  -2.33  323.44   clock reconvergence pessimism
  11.84  335.28   library hold time
         335.28   data required time
---------------------------------------------------------
         335.28   data required time
        -339.46   data arrival time
---------------------------------------------------------
           4.18   slack (MET)


Startpoint: _344508_ (rising edge-triggered flip-flop clocked by core_clk)
Endpoint: _344414_ (rising edge-triggered flip-flop clocked by core_clk)
Path Group: reg2reg
Path Type: min

  Delay    Time   Description
---------------------------------------------------------
   0.00    0.00   clock core_clk (rise edge)
   0.00    0.00   clock source latency
   0.00    0.00 ^ clk (in)
  49.14   49.14 ^ wire5542/Y (BUFx12_ASAP7_75t_R)
  49.15   98.29 ^ clkbuf_0_clk/Y (BUFx24_ASAP7_75t_R)
  26.58  124.87 ^ clkbuf_1_1_0_clk/Y (BUFx24_ASAP7_75t_R)
  28.08  152.95 ^ clkbuf_2_2_0_clk/Y (BUFx24_ASAP7_75t_R)
  28.78  181.73 ^ clkbuf_3_4_0_clk/Y (BUFx24_ASAP7_75t_R)
  26.76  208.49 ^ clkbuf_4_8_0_clk/Y (BUFx24_ASAP7_75t_R)
  27.01  235.50 ^ clkbuf_6_34_0_clk/Y (BUFx24_ASAP7_75t_R)
  20.89  256.39 ^ clkbuf_7_69__f_clk/Y (BUFx24_ASAP7_75t_R)
  24.19  280.58 ^ clkbuf_leaf_804_clk/Y (BUFx24_ASAP7_75t_R)
   0.79  281.37 ^ _344508_/CLK (DFFHQNx1_ASAP7_75t_R)
  42.10  323.47 ^ _344508_/QN (DFFHQNx1_ASAP7_75t_R)
  11.41  334.89 v _168135_/Y (NOR2x1_ASAP7_75t_R)
   0.08  334.97 v _344414_/D (DFFHQNx1_ASAP7_75t_R)
         334.97   data arrival time

   0.00    0.00   clock core_clk (rise edge)
   0.00    0.00   clock source latency
   0.00    0.00 ^ clk (in)
  49.90   49.90 ^ wire5542/Y (BUFx12_ASAP7_75t_R)
  50.72  100.63 ^ clkbuf_0_clk/Y (BUFx24_ASAP7_75t_R)
  27.42  128.05 ^ clkbuf_1_1_0_clk/Y (BUFx24_ASAP7_75t_R)
  29.21  157.25 ^ clkbuf_2_2_0_clk/Y (BUFx24_ASAP7_75t_R)
  30.10  187.36 ^ clkbuf_3_5_0_clk/Y (BUFx24_ASAP7_75t_R)
  26.00  213.36 ^ clkbuf_4_10_0_clk/Y (BUFx24_ASAP7_75t_R)
  25.86  239.23 ^ clkbuf_6_40_0_clk/Y (BUFx24_ASAP7_75t_R)
  22.56  261.78 ^ clkbuf_7_80__f_clk/Y (BUFx24_ASAP7_75t_R)
  31.91  293.70 ^ clkbuf_leaf_803_clk/Y (BUFx24_ASAP7_75t_R)
   2.96  296.66 ^ _344414_/CLK (DFFHQNx1_ASAP7_75t_R)
  25.00  321.66   clock uncertainty
  -4.30  317.35   clock reconvergence pessimism
  11.98  329.33   library hold time
         329.33   data required time
---------------------------------------------------------
         329.33   data required time
        -334.97   data arrival time
---------------------------------------------------------
           5.64   slack (MET)


Startpoint: _333507_ (rising edge-triggered flip-flop clocked by core_clk)
Endpoint: _334770_ (rising edge-triggered flip-flop clocked by core_clk)
Path Group: reg2reg
Path Type: min

  Delay    Time   Description
---------------------------------------------------------
   0.00    0.00   clock core_clk (rise edge)
   0.00    0.00   clock source latency
   0.00    0.00 ^ clk (in)
  49.14   49.14 ^ wire5542/Y (BUFx12_ASAP7_75t_R)
  49.15   98.29 ^ clkbuf_0_clk/Y (BUFx24_ASAP7_75t_R)
  27.58  125.88 ^ clkbuf_1_0_0_clk/Y (BUFx24_ASAP7_75t_R)
  20.85  146.73 ^ clkbuf_2_0_0_clk/Y (BUFx24_ASAP7_75t_R)
  26.56  173.30 ^ clkbuf_3_1_0_clk/Y (BUFx24_ASAP7_75t_R)
  21.61  194.91 ^ clkbuf_4_2_0_clk/Y (BUFx24_ASAP7_75t_R)
  25.89  220.80 ^ clkbuf_6_8_0_clk/Y (BUFx24_ASAP7_75t_R)
  19.18  239.98 ^ clkbuf_7_17__f_clk/Y (BUFx24_ASAP7_75t_R)
  22.31  262.29 ^ clkbuf_leaf_315_clk/Y (BUFx24_ASAP7_75t_R)
   1.61  263.90 ^ _333507_/CLK (DFFHQNx1_ASAP7_75t_R)
  63.39  327.28 ^ _333507_/QN (DFFHQNx1_ASAP7_75t_R)
  13.72  341.01 v _229220_/Y (OAI22x1_ASAP7_75t_R)
   0.12  341.13 v _334770_/D (DFFHQNx1_ASAP7_75t_R)
         341.13   data arrival time

   0.00    0.00   clock core_clk (rise edge)
   0.00    0.00   clock source latency
   0.00    0.00 ^ clk (in)
  49.90   49.90 ^ wire5542/Y (BUFx12_ASAP7_75t_R)
  50.72  100.63 ^ clkbuf_0_clk/Y (BUFx24_ASAP7_75t_R)
  27.42  128.05 ^ clkbuf_1_1_0_clk/Y (BUFx24_ASAP7_75t_R)
  29.74  157.79 ^ clkbuf_2_3_0_clk/Y (BUFx24_ASAP7_75t_R)
  30.96  188.75 ^ clkbuf_3_6_0_clk/Y (BUFx24_ASAP7_75t_R)
  24.36  213.10 ^ clkbuf_4_12_0_clk/Y (BUFx24_ASAP7_75t_R)
  28.42  241.53 ^ clkbuf_6_48_0_clk/Y (BUFx24_ASAP7_75t_R)
  24.08  265.61 ^ clkbuf_7_96__f_clk/Y (BUFx24_ASAP7_75t_R)
  33.80  299.41 ^ clkbuf_leaf_316_clk/Y (BUFx24_ASAP7_75t_R)
   1.36  300.77 ^ _334770_/CLK (DFFHQNx1_ASAP7_75t_R)
  25.00  325.77   clock uncertainty
  -2.33  323.44   clock reconvergence pessimism
  11.84  335.28   library hold time
         335.28   data required time
---------------------------------------------------------
         335.28   data required time
        -341.13   data arrival time
---------------------------------------------------------
           5.85   slack (MET)


Startpoint: _333507_ (rising edge-triggered flip-flop clocked by core_clk)
Endpoint: _334770_ (rising edge-triggered flip-flop clocked by core_clk)
Path Group: reg2reg
Path Type: min

  Delay    Time   Description
---------------------------------------------------------
   0.00    0.00   clock core_clk (rise edge)
   0.00    0.00   clock source latency
   0.00    0.00 ^ clk (in)
  49.14   49.14 ^ wire5542/Y (BUFx12_ASAP7_75t_R)
  49.15   98.29 ^ clkbuf_0_clk/Y (BUFx24_ASAP7_75t_R)
  27.58  125.88 ^ clkbuf_1_0_0_clk/Y (BUFx24_ASAP7_75t_R)
  20.85  146.73 ^ clkbuf_2_0_0_clk/Y (BUFx24_ASAP7_75t_R)
  26.56  173.30 ^ clkbuf_3_1_0_clk/Y (BUFx24_ASAP7_75t_R)
  21.61  194.91 ^ clkbuf_4_2_0_clk/Y (BUFx24_ASAP7_75t_R)
  25.89  220.80 ^ clkbuf_6_8_0_clk/Y (BUFx24_ASAP7_75t_R)
  19.18  239.98 ^ clkbuf_7_17__f_clk/Y (BUFx24_ASAP7_75t_R)
  22.31  262.29 ^ clkbuf_leaf_315_clk/Y (BUFx24_ASAP7_75t_R)
   1.61  263.90 ^ _333507_/CLK (DFFHQNx1_ASAP7_75t_R)
  63.39  327.28 ^ _333507_/QN (DFFHQNx1_ASAP7_75t_R)
  13.72  341.01 v _229220_/Y (OAI22x1_ASAP7_75t_R)
   0.12  341.13 v _334770_/D (DFFHQNx1_ASAP7_75t_R)
         341.13   data arrival time

   0.00    0.00   clock core_clk (rise edge)
   0.00    0.00   clock source latency
   0.00    0.00 ^ clk (in)
  49.90   49.90 ^ wire5542/Y (BUFx12_ASAP7_75t_R)
  50.72  100.63 ^ clkbuf_0_clk/Y (BUFx24_ASAP7_75t_R)
  27.42  128.05 ^ clkbuf_1_1_0_clk/Y (BUFx24_ASAP7_75t_R)
  29.74  157.79 ^ clkbuf_2_3_0_clk/Y (BUFx24_ASAP7_75t_R)
  30.96  188.75 ^ clkbuf_3_6_0_clk/Y (BUFx24_ASAP7_75t_R)
  24.36  213.10 ^ clkbuf_4_12_0_clk/Y (BUFx24_ASAP7_75t_R)
  28.42  241.53 ^ clkbuf_6_48_0_clk/Y (BUFx24_ASAP7_75t_R)
  24.08  265.61 ^ clkbuf_7_96__f_clk/Y (BUFx24_ASAP7_75t_R)
  33.80  299.41 ^ clkbuf_leaf_316_clk/Y (BUFx24_ASAP7_75t_R)
   1.36  300.77 ^ _334770_/CLK (DFFHQNx1_ASAP7_75t_R)
  25.00  325.77   clock uncertainty
  -2.33  323.44   clock reconvergence pessimism
  11.84  335.28   library hold time
         335.28   data required time
---------------------------------------------------------
         335.28   data required time
        -341.13   data arrival time
---------------------------------------------------------
           5.85   slack (MET)


Startpoint: _333599_ (rising edge-triggered flip-flop clocked by core_clk)
Endpoint: _334416_ (rising edge-triggered flip-flop clocked by core_clk)
Path Group: reg2reg
Path Type: min

  Delay    Time   Description
---------------------------------------------------------
   0.00    0.00   clock core_clk (rise edge)
   0.00    0.00   clock source latency
   0.00    0.00 ^ clk (in)
  49.14   49.14 ^ wire5542/Y (BUFx12_ASAP7_75t_R)
  49.15   98.29 ^ clkbuf_0_clk/Y (BUFx24_ASAP7_75t_R)
  27.58  125.88 ^ clkbuf_1_0_0_clk/Y (BUFx24_ASAP7_75t_R)
  20.85  146.73 ^ clkbuf_2_0_0_clk/Y (BUFx24_ASAP7_75t_R)
  26.56  173.30 ^ clkbuf_3_1_0_clk/Y (BUFx24_ASAP7_75t_R)
  21.61  194.91 ^ clkbuf_4_2_0_clk/Y (BUFx24_ASAP7_75t_R)
  25.89  220.80 ^ clkbuf_6_8_0_clk/Y (BUFx24_ASAP7_75t_R)
  19.18  239.98 ^ clkbuf_7_17__f_clk/Y (BUFx24_ASAP7_75t_R)
  23.51  263.49 ^ clkbuf_leaf_317_clk/Y (BUFx24_ASAP7_75t_R)
   1.19  264.69 ^ _333599_/CLK (DFFHQNx1_ASAP7_75t_R)
  38.42  303.11 ^ _333599_/QN (DFFHQNx1_ASAP7_75t_R)
  14.92  318.03 v _170282_/Y (INVx1_ASAP7_75t_R)
  24.57  342.60 v _229866_/Y (OA211x2_ASAP7_75t_R)
   0.03  342.63 v _334416_/D (DFFHQNx1_ASAP7_75t_R)
         342.63   data arrival time

   0.00    0.00   clock core_clk (rise edge)
   0.00    0.00   clock source latency
   0.00    0.00 ^ clk (in)
  49.90   49.90 ^ wire5542/Y (BUFx12_ASAP7_75t_R)
  50.72  100.63 ^ clkbuf_0_clk/Y (BUFx24_ASAP7_75t_R)
  27.42  128.05 ^ clkbuf_1_1_0_clk/Y (BUFx24_ASAP7_75t_R)
  29.74  157.79 ^ clkbuf_2_3_0_clk/Y (BUFx24_ASAP7_75t_R)
  30.96  188.75 ^ clkbuf_3_6_0_clk/Y (BUFx24_ASAP7_75t_R)
  24.36  213.10 ^ clkbuf_4_12_0_clk/Y (BUFx24_ASAP7_75t_R)
  28.42  241.53 ^ clkbuf_6_48_0_clk/Y (BUFx24_ASAP7_75t_R)
  24.08  265.61 ^ clkbuf_7_96__f_clk/Y (BUFx24_ASAP7_75t_R)
  33.80  299.41 ^ clkbuf_leaf_316_clk/Y (BUFx24_ASAP7_75t_R)
   1.29  300.70 ^ _334416_/CLK (DFFHQNx1_ASAP7_75t_R)
  25.00  325.70   clock uncertainty
  -2.33  323.37   clock reconvergence pessimism
  11.97  335.35   library hold time
         335.35   data required time
---------------------------------------------------------
         335.35   data required time
        -342.63   data arrival time
---------------------------------------------------------
           7.28   slack (MET)


